06 agent eval	UNKNOWN STEP	∩╗┐2026-09-17T11:18:34.0701750Z Current runner version: '2.337.0'
06 agent eval	UNKNOWN STEP	2026-09-17T11:18:34.0726926Z ##[group]Runner Image Provisioner
06 agent eval	UNKNOWN STEP	2026-09-17T11:18:34.0728021Z Hosted Compute Agent
06 agent eval	UNKNOWN STEP	2026-09-17T11:18:34.0728702Z Version: 20260828.587
06 agent eval	UNKNOWN STEP	2026-09-17T11:18:34.0729361Z Commit: abac92662cab4cc7352de4f9f9d2e2419aad9c29
06 agent eval	UNKNOWN STEP	2026-09-17T11:18:34.0730087Z Build Date: 2026-08-28T16:44:25Z
06 agent eval	UNKNOWN STEP	2026-09-17T11:18:34.0730881Z Worker ID: {4b27ee8b-e1e4-4b40-b651-49fafdf56cf0}
06 agent eval	UNKNOWN STEP	2026-09-17T11:18:34.0731651Z Azure Region: westus
06 agent eval	UNKNOWN STEP	2026-09-17T11:18:34.0732262Z ##[endgroup]
06 agent eval	UNKNOWN STEP	2026-09-17T11:18:34.0733898Z ##[group]Operating System
06 agent eval	UNKNOWN STEP	2026-09-17T11:18:34.0734567Z Ubuntu
06 agent eval	UNKNOWN STEP	2026-09-17T11:18:34.0735213Z 24.04.5
06 agent eval	UNKNOWN STEP	2026-09-17T11:18:34.0735728Z LTS
06 agent eval	UNKNOWN STEP	2026-09-17T11:18:34.0736269Z ##[endgroup]
06 agent eval	UNKNOWN STEP	2026-09-17T11:18:34.0736882Z ##[group]Runner Image
06 agent eval	UNKNOWN STEP	2026-09-17T11:18:34.0737778Z Image: ubuntu-24.04
06 agent eval	UNKNOWN STEP	2026-09-17T11:18:34.0738490Z Version: 20260907.300.1
06 agent eval	UNKNOWN STEP	2026-09-17T11:18:34.0739736Z Included Software: https://github.com/actions/runner-images/blob/ubuntu24/20260907.300/images/ubuntu/Ubuntu2404-Readme.md
06 agent eval	UNKNOWN STEP	2026-09-17T11:18:34.0741359Z Image Release: https://github.com/actions/runner-images/releases/tag/ubuntu24%2F20260907.300
06 agent eval	UNKNOWN STEP	2026-09-17T11:18:34.0742346Z ##[endgroup]
06 agent eval	UNKNOWN STEP	2026-09-17T11:18:34.0743652Z ##[group]GITHUB_TOKEN Permissions
06 agent eval	UNKNOWN STEP	2026-09-17T11:18:34.0745793Z Contents: read
06 agent eval	UNKNOWN STEP	2026-09-17T11:18:34.0746508Z Metadata: read
06 agent eval	UNKNOWN STEP	2026-09-17T11:18:34.0747075Z Packages: read
06 agent eval	UNKNOWN STEP	2026-09-17T11:18:34.0748506Z ##[endgroup]
06 agent eval	UNKNOWN STEP	2026-09-17T11:18:34.0750688Z Secret source: Actions
06 agent eval	UNKNOWN STEP	2026-09-17T11:18:34.0751708Z Cache mode: write
06 agent eval	UNKNOWN STEP	2026-09-17T11:18:34.0752634Z Prepare workflow directory
06 agent eval	UNKNOWN STEP	2026-09-17T11:18:34.1148580Z Prepare all required actions
06 agent eval	UNKNOWN STEP	2026-09-17T11:18:34.1195702Z Getting action download info
06 agent eval	UNKNOWN STEP	2026-09-17T11:18:34.4840960Z Download action repository 'actions/checkout@v4' (SHA:11d5960a326750d5838078e36cf38b85af677262)
06 agent eval	UNKNOWN STEP	2026-09-17T11:18:34.5945551Z Download action repository 'actions/setup-python@v5' (SHA:a26af69be951a213d495a4c3e4e4022e16d87065)
06 agent eval	UNKNOWN STEP	2026-09-17T11:18:34.7739556Z Complete job name: 06 agent eval
06 agent eval	UNKNOWN STEP	2026-09-17T11:18:34.8499338Z Node 20 is being deprecated. This workflow is running with Node 24 by default. If you need to temporarily use Node 20, you can set the ACTIONS_ALLOW_USE_UNSECURE_NODE_VERSION=true environment variable. For more information see: https://github.blog/changelog/2025-09-19-deprecation-of-node-20-on-github-actions-runners/
06 agent eval	UNKNOWN STEP	2026-09-17T11:18:34.8508387Z ##[group]Run actions/checkout@v4
06 agent eval	UNKNOWN STEP	2026-09-17T11:18:34.8509149Z with:
06 agent eval	UNKNOWN STEP	2026-09-17T11:18:34.8509640Z   repository: KanTrun/Crew-Operations
06 agent eval	UNKNOWN STEP	2026-09-17T11:18:34.8513306Z   token: ***
06 agent eval	UNKNOWN STEP	2026-09-17T11:18:34.8513773Z   ssh-strict: true
06 agent eval	UNKNOWN STEP	2026-09-17T11:18:34.8514247Z   ssh-user: git
06 agent eval	UNKNOWN STEP	2026-09-17T11:18:34.8514739Z   persist-credentials: true
06 agent eval	UNKNOWN STEP	2026-09-17T11:18:34.8515269Z   clean: true
06 agent eval	UNKNOWN STEP	2026-09-17T11:18:34.8515797Z   sparse-checkout-cone-mode: true
06 agent eval	UNKNOWN STEP	2026-09-17T11:18:34.8516342Z   fetch-depth: 1
06 agent eval	UNKNOWN STEP	2026-09-17T11:18:34.8516803Z   fetch-tags: false
06 agent eval	UNKNOWN STEP	2026-09-17T11:18:34.8517449Z   show-progress: true
06 agent eval	UNKNOWN STEP	2026-09-17T11:18:34.8517930Z   lfs: false
06 agent eval	UNKNOWN STEP	2026-09-17T11:18:34.8518411Z   submodules: false
06 agent eval	UNKNOWN STEP	2026-09-17T11:18:34.8518903Z   set-safe-directory: true
06 agent eval	UNKNOWN STEP	2026-09-17T11:18:34.8519433Z   allow-unsafe-pr-checkout: false
06 agent eval	UNKNOWN STEP	2026-09-17T11:18:34.8520222Z env:
06 agent eval	UNKNOWN STEP	2026-09-17T11:18:34.8520662Z   CA_AGENT_MODE: replay
06 agent eval	UNKNOWN STEP	2026-09-17T11:18:34.8521149Z ##[endgroup]
06 agent eval	UNKNOWN STEP	2026-09-17T11:18:34.9529534Z Syncing repository: KanTrun/Crew-Operations
06 agent eval	UNKNOWN STEP	2026-09-17T11:18:34.9532210Z ##[group]Getting Git version info
06 agent eval	UNKNOWN STEP	2026-09-17T11:18:34.9533506Z Working directory is '/home/runner/work/Crew-Operations/Crew-Operations'
06 agent eval	UNKNOWN STEP	2026-09-17T11:18:34.9535345Z [command]/usr/bin/git version
06 agent eval	UNKNOWN STEP	2026-09-17T11:18:34.9595676Z git version 2.55.0
06 agent eval	UNKNOWN STEP	2026-09-17T11:18:34.9626231Z ##[endgroup]
06 agent eval	UNKNOWN STEP	2026-09-17T11:18:34.9635242Z Temporarily overriding HOME='/home/runner/work/_temp/d2c565a9-fccb-47b3-a4e4-8c2a7ee208e0' before making global git config changes
06 agent eval	UNKNOWN STEP	2026-09-17T11:18:34.9638005Z Adding repository directory to the temporary git global config as a safe directory
06 agent eval	UNKNOWN STEP	2026-09-17T11:18:34.9640072Z [command]/usr/bin/git config --global --add safe.directory /home/runner/work/Crew-Operations/Crew-Operations
06 agent eval	UNKNOWN STEP	2026-09-17T11:18:34.9742785Z Deleting the contents of '/home/runner/work/Crew-Operations/Crew-Operations'
06 agent eval	UNKNOWN STEP	2026-09-17T11:18:34.9747394Z ##[group]Initializing the repository
06 agent eval	UNKNOWN STEP	2026-09-17T11:18:34.9752848Z [command]/usr/bin/git init /home/runner/work/Crew-Operations/Crew-Operations
06 agent eval	UNKNOWN STEP	2026-09-17T11:18:34.9882374Z hint: Using 'master' as the name for the initial branch. This default branch name
06 agent eval	UNKNOWN STEP	2026-09-17T11:18:34.9884137Z hint: will change to "main" in Git 3.0. To configure the initial branch name
06 agent eval	UNKNOWN STEP	2026-09-17T11:18:34.9886994Z hint: to use in all of your new repositories, which will suppress this warning,
06 agent eval	UNKNOWN STEP	2026-09-17T11:18:34.9888494Z hint: call:
06 agent eval	UNKNOWN STEP	2026-09-17T11:18:34.9889135Z hint:
06 agent eval	UNKNOWN STEP	2026-09-17T11:18:34.9889937Z hint: 	git config --global init.defaultBranch <name>
06 agent eval	UNKNOWN STEP	2026-09-17T11:18:34.9890958Z hint:
06 agent eval	UNKNOWN STEP	2026-09-17T11:18:34.9891982Z hint: Names commonly chosen instead of 'master' are 'main', 'trunk' and
06 agent eval	UNKNOWN STEP	2026-09-17T11:18:34.9893581Z hint: 'development'. The just-created branch can be renamed via this command:
06 agent eval	UNKNOWN STEP	2026-09-17T11:18:34.9894789Z hint:
06 agent eval	UNKNOWN STEP	2026-09-17T11:18:34.9895429Z hint: 	git branch -m <name>
06 agent eval	UNKNOWN STEP	2026-09-17T11:18:34.9896169Z hint:
06 agent eval	UNKNOWN STEP	2026-09-17T11:18:34.9897501Z hint: Disable this message with "git config set advice.defaultBranchName false"
06 agent eval	UNKNOWN STEP	2026-09-17T11:18:34.9899343Z Initialized empty Git repository in /home/runner/work/Crew-Operations/Crew-Operations/.git/
06 agent eval	UNKNOWN STEP	2026-09-17T11:18:34.9902179Z [command]/usr/bin/git remote add origin https://github.com/KanTrun/Crew-Operations
06 agent eval	UNKNOWN STEP	2026-09-17T11:18:34.9952169Z ##[endgroup]
06 agent eval	UNKNOWN STEP	2026-09-17T11:18:34.9953651Z ##[group]Disabling automatic garbage collection
06 agent eval	UNKNOWN STEP	2026-09-17T11:18:34.9955126Z [command]/usr/bin/git config --local gc.auto 0
06 agent eval	UNKNOWN STEP	2026-09-17T11:18:34.9987431Z ##[endgroup]
06 agent eval	UNKNOWN STEP	2026-09-17T11:18:34.9988888Z ##[group]Setting up auth
06 agent eval	UNKNOWN STEP	2026-09-17T11:18:34.9995189Z [command]/usr/bin/git config --local --name-only --get-regexp core\.sshCommand
06 agent eval	UNKNOWN STEP	2026-09-17T11:18:35.0069373Z [command]/usr/bin/git submodule foreach --recursive sh -c "git config --local --name-only --get-regexp 'core\.sshCommand' && git config --local --unset-all 'core.sshCommand' || :"
06 agent eval	UNKNOWN STEP	2026-09-17T11:18:35.0440585Z [command]/usr/bin/git config --local --name-only --get-regexp http\.https\:\/\/github\.com\/\.extraheader
06 agent eval	UNKNOWN STEP	2026-09-17T11:18:35.0493621Z [command]/usr/bin/git submodule foreach --recursive sh -c "git config --local --name-only --get-regexp 'http\.https\:\/\/github\.com\/\.extraheader' && git config --local --unset-all 'http.https://github.com/.extraheader' || :"
06 agent eval	UNKNOWN STEP	2026-09-17T11:18:35.0725344Z [command]/usr/bin/git config --local --name-only --get-regexp ^includeIf\.gitdir:
06 agent eval	UNKNOWN STEP	2026-09-17T11:18:35.0765587Z [command]/usr/bin/git submodule foreach --recursive git config --local --show-origin --name-only --get-regexp remote.origin.url
06 agent eval	UNKNOWN STEP	2026-09-17T11:18:35.0991934Z [command]/usr/bin/git config --local http.https://github.com/.extraheader AUTHORIZATION: basic ***
06 agent eval	UNKNOWN STEP	2026-09-17T11:18:35.1030868Z ##[endgroup]
06 agent eval	UNKNOWN STEP	2026-09-17T11:18:35.1031752Z ##[group]Fetching the repository
06 agent eval	UNKNOWN STEP	2026-09-17T11:18:35.1041093Z [command]/usr/bin/git -c protocol.version=2 fetch --no-tags --prune --no-recurse-submodules --depth=1 origin +a6ee707a664b71558e72eff4ac334b63193b03a2:refs/remotes/origin/main
06 agent eval	UNKNOWN STEP	2026-09-17T11:18:36.0779733Z From https://github.com/KanTrun/Crew-Operations
06 agent eval	UNKNOWN STEP	2026-09-17T11:18:36.0782037Z  * [new ref]         a6ee707a664b71558e72eff4ac334b63193b03a2 -> origin/main
06 agent eval	UNKNOWN STEP	2026-09-17T11:18:36.0786529Z ##[endgroup]
06 agent eval	UNKNOWN STEP	2026-09-17T11:18:36.0788744Z ##[group]Determining the checkout info
06 agent eval	UNKNOWN STEP	2026-09-17T11:18:36.0790513Z ##[endgroup]
06 agent eval	UNKNOWN STEP	2026-09-17T11:18:36.0791855Z [command]/usr/bin/git sparse-checkout disable
06 agent eval	UNKNOWN STEP	2026-09-17T11:18:36.0849400Z [command]/usr/bin/git config --local --unset-all extensions.worktreeConfig
06 agent eval	UNKNOWN STEP	2026-09-17T11:18:36.0886900Z ##[group]Checking out the ref
06 agent eval	UNKNOWN STEP	2026-09-17T11:18:36.0890028Z [command]/usr/bin/git checkout --progress --force -B main refs/remotes/origin/main
06 agent eval	UNKNOWN STEP	2026-09-17T11:18:36.1893855Z Switched to a new branch 'main'
06 agent eval	UNKNOWN STEP	2026-09-17T11:18:36.1920919Z branch 'main' set up to track 'origin/main'.
06 agent eval	UNKNOWN STEP	2026-09-17T11:18:36.1931124Z ##[endgroup]
06 agent eval	UNKNOWN STEP	2026-09-17T11:18:36.1976370Z [command]/usr/bin/git log -1 --format=%H
06 agent eval	UNKNOWN STEP	2026-09-17T11:18:36.2003675Z a6ee707a664b71558e72eff4ac334b63193b03a2
06 agent eval	UNKNOWN STEP	2026-09-17T11:18:36.2385248Z Node 20 is being deprecated. This workflow is running with Node 24 by default. If you need to temporarily use Node 20, you can set the ACTIONS_ALLOW_USE_UNSECURE_NODE_VERSION=true environment variable. For more information see: https://github.blog/changelog/2025-09-19-deprecation-of-node-20-on-github-actions-runners/
06 agent eval	UNKNOWN STEP	2026-09-17T11:18:36.2391489Z ##[group]Run actions/setup-python@v5
06 agent eval	UNKNOWN STEP	2026-09-17T11:18:36.2392696Z with:
06 agent eval	UNKNOWN STEP	2026-09-17T11:18:36.2393592Z   python-version: 3.12
06 agent eval	UNKNOWN STEP	2026-09-17T11:18:36.2394639Z   check-latest: false
06 agent eval	UNKNOWN STEP	2026-09-17T11:18:36.2404707Z   token: ***
06 agent eval	UNKNOWN STEP	2026-09-17T11:18:36.2405688Z   update-environment: true
06 agent eval	UNKNOWN STEP	2026-09-17T11:18:36.2406812Z   allow-prereleases: false
06 agent eval	UNKNOWN STEP	2026-09-17T11:18:36.2408069Z   freethreaded: false
06 agent eval	UNKNOWN STEP	2026-09-17T11:18:36.2409053Z env:
06 agent eval	UNKNOWN STEP	2026-09-17T11:18:36.2409916Z   CA_AGENT_MODE: replay
06 agent eval	UNKNOWN STEP	2026-09-17T11:18:36.2410927Z ##[endgroup]
06 agent eval	UNKNOWN STEP	2026-09-17T11:18:36.3735440Z ##[group]Installed versions
06 agent eval	UNKNOWN STEP	2026-09-17T11:18:36.3834268Z (node:2252) [DEP0040] DeprecationWarning: The `punycode` module is deprecated. Please use a userland alternative instead.
06 agent eval	UNKNOWN STEP	2026-09-17T11:18:36.3839535Z (Use `node --trace-deprecation ...` to show where the warning was created)
06 agent eval	UNKNOWN STEP	2026-09-17T11:18:36.3842443Z Successfully set up CPython (3.12.14)
06 agent eval	UNKNOWN STEP	2026-09-17T11:18:36.3858568Z ##[endgroup]
06 agent eval	UNKNOWN STEP	2026-09-17T11:18:36.4055412Z ##[group]Run test "$CA_AGENT_MODE" = "replay"
06 agent eval	UNKNOWN STEP	2026-09-17T11:18:36.4056813Z [36;1mtest "$CA_AGENT_MODE" = "replay"[0m
06 agent eval	UNKNOWN STEP	2026-09-17T11:18:36.4112017Z shell: /usr/bin/bash -e {0}
06 agent eval	UNKNOWN STEP	2026-09-17T11:18:36.4113072Z env:
06 agent eval	UNKNOWN STEP	2026-09-17T11:18:36.4113919Z   CA_AGENT_MODE: replay
06 agent eval	UNKNOWN STEP	2026-09-17T11:18:36.4115118Z   pythonLocation: /opt/hostedtoolcache/Python/3.12.14/x64
06 agent eval	UNKNOWN STEP	2026-09-17T11:18:36.4116807Z   PKG_CONFIG_PATH: /opt/hostedtoolcache/Python/3.12.14/x64/lib/pkgconfig
06 agent eval	UNKNOWN STEP	2026-09-17T11:18:36.4118809Z   Python_ROOT_DIR: /opt/hostedtoolcache/Python/3.12.14/x64
06 agent eval	UNKNOWN STEP	2026-09-17T11:18:36.4120356Z   Python2_ROOT_DIR: /opt/hostedtoolcache/Python/3.12.14/x64
06 agent eval	UNKNOWN STEP	2026-09-17T11:18:36.4121927Z   Python3_ROOT_DIR: /opt/hostedtoolcache/Python/3.12.14/x64
06 agent eval	UNKNOWN STEP	2026-09-17T11:18:36.4123480Z   LD_LIBRARY_PATH: /opt/hostedtoolcache/Python/3.12.14/x64/lib
06 agent eval	UNKNOWN STEP	2026-09-17T11:18:36.4124789Z ##[endgroup]
06 agent eval	UNKNOWN STEP	2026-09-17T11:18:36.4412483Z ##[group]Run python -m pip install -e ./packages/agents -e ./packages/contracts
06 agent eval	UNKNOWN STEP	2026-09-17T11:18:36.4414535Z [36;1mpython -m pip install -e ./packages/agents -e ./packages/contracts[0m
06 agent eval	UNKNOWN STEP	2026-09-17T11:18:36.4416233Z [36;1mCA_AGENT_MODE=replay python scripts/eval_ag_tkb.py[0m
06 agent eval	UNKNOWN STEP	2026-09-17T11:18:36.4418048Z [36;1mCA_AGENT_MODE=replay python scripts/eval_ag_msg.py[0m
06 agent eval	UNKNOWN STEP	2026-09-17T11:18:36.4457688Z shell: /usr/bin/bash -e {0}
06 agent eval	UNKNOWN STEP	2026-09-17T11:18:36.4458678Z env:
06 agent eval	UNKNOWN STEP	2026-09-17T11:18:36.4459480Z   CA_AGENT_MODE: replay
06 agent eval	UNKNOWN STEP	2026-09-17T11:18:36.4460628Z   pythonLocation: /opt/hostedtoolcache/Python/3.12.14/x64
06 agent eval	UNKNOWN STEP	2026-09-17T11:18:36.4462234Z   PKG_CONFIG_PATH: /opt/hostedtoolcache/Python/3.12.14/x64/lib/pkgconfig
06 agent eval	UNKNOWN STEP	2026-09-17T11:18:36.4463850Z   Python_ROOT_DIR: /opt/hostedtoolcache/Python/3.12.14/x64
06 agent eval	UNKNOWN STEP	2026-09-17T11:18:36.4465328Z   Python2_ROOT_DIR: /opt/hostedtoolcache/Python/3.12.14/x64
06 agent eval	UNKNOWN STEP	2026-09-17T11:18:36.4466811Z   Python3_ROOT_DIR: /opt/hostedtoolcache/Python/3.12.14/x64
06 agent eval	UNKNOWN STEP	2026-09-17T11:18:36.4468463Z   LD_LIBRARY_PATH: /opt/hostedtoolcache/Python/3.12.14/x64/lib
06 agent eval	UNKNOWN STEP	2026-09-17T11:18:36.4469736Z ##[endgroup]
06 agent eval	UNKNOWN STEP	2026-09-17T11:18:37.2968289Z Obtaining file:///home/runner/work/Crew-Operations/Crew-Operations/packages/agents
06 agent eval	UNKNOWN STEP	2026-09-17T11:18:37.2986314Z   Installing build dependencies: started
06 agent eval	UNKNOWN STEP	2026-09-17T11:18:39.0416093Z   Installing build dependencies: finished with status 'done'
06 agent eval	UNKNOWN STEP	2026-09-17T11:18:39.0422648Z   Checking if build backend supports build_editable: started
06 agent eval	UNKNOWN STEP	2026-09-17T11:18:39.0987915Z   Checking if build backend supports build_editable: finished with status 'done'
06 agent eval	UNKNOWN STEP	2026-09-17T11:18:39.0996731Z   Getting requirements to build editable: started
06 agent eval	UNKNOWN STEP	2026-09-17T11:18:39.2492900Z   Getting requirements to build editable: finished with status 'done'
06 agent eval	UNKNOWN STEP	2026-09-17T11:18:39.2505554Z   Installing backend dependencies: started
06 agent eval	UNKNOWN STEP	2026-09-17T11:18:39.7593597Z   Installing backend dependencies: finished with status 'done'
06 agent eval	UNKNOWN STEP	2026-09-17T11:18:39.7601463Z   Preparing editable metadata (pyproject.toml): started
06 agent eval	UNKNOWN STEP	2026-09-17T11:18:39.9586431Z   Preparing editable metadata (pyproject.toml): finished with status 'done'
06 agent eval	UNKNOWN STEP	2026-09-17T11:18:39.9613786Z Obtaining file:///home/runner/work/Crew-Operations/Crew-Operations/packages/contracts
06 agent eval	UNKNOWN STEP	2026-09-17T11:18:39.9627475Z   Installing build dependencies: started
06 agent eval	UNKNOWN STEP	2026-09-17T11:18:40.4991133Z   Installing build dependencies: finished with status 'done'
06 agent eval	UNKNOWN STEP	2026-09-17T11:18:40.4997732Z   Checking if build backend supports build_editable: started
06 agent eval	UNKNOWN STEP	2026-09-17T11:18:40.5391539Z   Checking if build backend supports build_editable: finished with status 'done'
06 agent eval	UNKNOWN STEP	2026-09-17T11:18:40.5399748Z   Getting requirements to build editable: started
06 agent eval	UNKNOWN STEP	2026-09-17T11:18:40.6930888Z   Getting requirements to build editable: finished with status 'done'
06 agent eval	UNKNOWN STEP	2026-09-17T11:18:40.6944403Z   Installing backend dependencies: started
06 agent eval	UNKNOWN STEP	2026-09-17T11:18:41.0812340Z   Installing backend dependencies: finished with status 'done'
06 agent eval	UNKNOWN STEP	2026-09-17T11:18:41.0819515Z   Preparing editable metadata (pyproject.toml): started
06 agent eval	UNKNOWN STEP	2026-09-17T11:18:41.2502899Z   Preparing editable metadata (pyproject.toml): finished with status 'done'
06 agent eval	UNKNOWN STEP	2026-09-17T11:18:41.5195675Z Collecting numpy>=2.0 (from ca-agents==0.1.0)
06 agent eval	UNKNOWN STEP	2026-09-17T11:18:41.6189794Z   Downloading numpy-2.5.3-cp312-cp312-manylinux_2_27_x86_64.manylinux_2_28_x86_64.whl.metadata (6.6 kB)
06 agent eval	UNKNOWN STEP	2026-09-17T11:18:41.6537657Z Collecting pyyaml>=6.0 (from ca-agents==0.1.0)
06 agent eval	UNKNOWN STEP	2026-09-17T11:18:41.6754795Z   Downloading pyyaml-6.0.3-cp312-cp312-manylinux2014_x86_64.manylinux_2_17_x86_64.manylinux_2_28_x86_64.whl.metadata (2.4 kB)
06 agent eval	UNKNOWN STEP	2026-09-17T11:18:41.7731977Z Collecting websockets>=15.0 (from ca-agents==0.1.0)
06 agent eval	UNKNOWN STEP	2026-09-17T11:18:41.7948480Z   Downloading websockets-17.1-cp312-cp312-manylinux1_x86_64.manylinux_2_28_x86_64.manylinux_2_5_x86_64.whl.metadata (6.3 kB)
06 agent eval	UNKNOWN STEP	2026-09-17T11:18:41.8913019Z Collecting pydantic>=2.9.0 (from ca-contracts==0.1.0)
06 agent eval	UNKNOWN STEP	2026-09-17T11:18:41.9130020Z   Downloading pydantic-2.13.5-py3-none-any.whl.metadata (110 kB)
06 agent eval	UNKNOWN STEP	2026-09-17T11:18:41.9610728Z Collecting annotated-types>=0.6.0 (from pydantic>=2.9.0->ca-contracts==0.1.0)
06 agent eval	UNKNOWN STEP	2026-09-17T11:18:41.9823076Z   Downloading annotated_types-0.8.0-py3-none-any.whl.metadata (15 kB)
06 agent eval	UNKNOWN STEP	2026-09-17T11:18:42.6142159Z Collecting pydantic-core==2.46.5 (from pydantic>=2.9.0->ca-contracts==0.1.0)
06 agent eval	UNKNOWN STEP	2026-09-17T11:18:42.6356869Z   Downloading pydantic_core-2.46.5-cp312-cp312-manylinux_2_17_x86_64.manylinux2014_x86_64.whl.metadata (6.6 kB)
06 agent eval	UNKNOWN STEP	2026-09-17T11:18:42.6502857Z Collecting typing-extensions>=4.14.1 (from pydantic>=2.9.0->ca-contracts==0.1.0)
06 agent eval	UNKNOWN STEP	2026-09-17T11:18:42.6715148Z   Downloading typing_extensions-4.16.0-py3-none-any.whl.metadata (3.3 kB)
06 agent eval	UNKNOWN STEP	2026-09-17T11:18:42.6819519Z Collecting typing-inspection>=0.4.2 (from pydantic>=2.9.0->ca-contracts==0.1.0)
06 agent eval	UNKNOWN STEP	2026-09-17T11:18:42.7036339Z   Downloading typing_inspection-0.4.4-py3-none-any.whl.metadata (2.6 kB)
06 agent eval	UNKNOWN STEP	2026-09-17T11:18:42.7311747Z Downloading numpy-2.5.3-cp312-cp312-manylinux_2_27_x86_64.manylinux_2_28_x86_64.whl (16.7 MB)
06 agent eval	UNKNOWN STEP	2026-09-17T11:18:42.9884542Z    ΓöüΓöüΓöüΓöüΓöüΓöüΓöüΓöüΓöüΓöüΓöüΓöüΓöüΓöüΓöüΓöüΓöüΓöüΓöüΓöüΓöüΓöüΓöüΓöüΓöüΓöüΓöüΓöüΓöüΓöüΓöüΓöüΓöüΓöüΓöüΓöüΓöüΓöüΓöüΓöü 16.7/16.7 MB 76.5 MB/s  0:00:00
06 agent eval	UNKNOWN STEP	2026-09-17T11:18:43.0104785Z Downloading pydantic-2.13.5-py3-none-any.whl (472 kB)
06 agent eval	UNKNOWN STEP	2026-09-17T11:18:43.0363308Z Downloading pydantic_core-2.46.5-cp312-cp312-manylinux_2_17_x86_64.manylinux2014_x86_64.whl (2.1 MB)
06 agent eval	UNKNOWN STEP	2026-09-17T11:18:43.0469946Z    ΓöüΓöüΓöüΓöüΓöüΓöüΓöüΓöüΓöüΓöüΓöüΓöüΓöüΓöüΓöüΓöüΓöüΓöüΓöüΓöüΓöüΓöüΓöüΓöüΓöüΓöüΓöüΓöüΓöüΓöüΓöüΓöüΓöüΓöüΓöüΓöüΓöüΓöüΓöüΓöü 2.1/2.1 MB 221.5 MB/s  0:00:00
06 agent eval	UNKNOWN STEP	2026-09-17T11:18:43.0688119Z Downloading annotated_types-0.8.0-py3-none-any.whl (13 kB)
06 agent eval	UNKNOWN STEP	2026-09-17T11:18:43.0928763Z Downloading pyyaml-6.0.3-cp312-cp312-manylinux2014_x86_64.manylinux_2_17_x86_64.manylinux_2_28_x86_64.whl (807 kB)
06 agent eval	UNKNOWN STEP	2026-09-17T11:18:43.0989708Z    ΓöüΓöüΓöüΓöüΓöüΓöüΓöüΓöüΓöüΓöüΓöüΓöüΓöüΓöüΓöüΓöüΓöüΓöüΓöüΓöüΓöüΓöüΓöüΓöüΓöüΓöüΓöüΓöüΓöüΓöüΓöüΓöüΓöüΓöüΓöüΓöüΓöüΓöüΓöüΓöü 807.9/807.9 kB 150.3 MB/s  0:00:00
06 agent eval	UNKNOWN STEP	2026-09-17T11:18:43.1204605Z Downloading typing_extensions-4.16.0-py3-none-any.whl (45 kB)
06 agent eval	UNKNOWN STEP	2026-09-17T11:18:43.1444555Z Downloading typing_inspection-0.4.4-py3-none-any.whl (14 kB)
06 agent eval	UNKNOWN STEP	2026-09-17T11:18:43.1687647Z Downloading websockets-17.1-cp312-cp312-manylinux1_x86_64.manylinux_2_28_x86_64.manylinux_2_5_x86_64.whl (224 kB)
06 agent eval	UNKNOWN STEP	2026-09-17T11:18:43.2159324Z Building wheels for collected packages: ca-agents, ca-contracts
06 agent eval	UNKNOWN STEP	2026-09-17T11:18:43.2167771Z   Building editable for ca-agents (pyproject.toml): started
06 agent eval	UNKNOWN STEP	2026-09-17T11:18:43.2572548Z   Building editable for ca-agents (pyproject.toml): finished with status 'done'
06 agent eval	UNKNOWN STEP	2026-09-17T11:18:43.2577968Z   Created wheel for ca-agents: filename=ca_agents-0.1.0-py3-none-any.whl size=1079 sha256=97cbb170c64ab31351a09aa939ccc03921d023c3734d4b21044db463523bf5eb
06 agent eval	UNKNOWN STEP	2026-09-17T11:18:43.2580194Z   Stored in directory: /tmp/pip-ephem-wheel-cache-kck4lme0/wheels/7d/74/45/097989308b6b90c0a1b2ac54580ddccf77df0c68c4c591fb75
06 agent eval	UNKNOWN STEP	2026-09-17T11:18:43.2600377Z   Building editable for ca-contracts (pyproject.toml): started
06 agent eval	UNKNOWN STEP	2026-09-17T11:18:43.2969061Z   Building editable for ca-contracts (pyproject.toml): finished with status 'done'
06 agent eval	UNKNOWN STEP	2026-09-17T11:18:43.2974984Z   Created wheel for ca-contracts: filename=ca_contracts-0.1.0-py3-none-any.whl size=1048 sha256=e6985992e702156008d0c255ae928f11468c702f4bc10010ab62b937bbae49f2
06 agent eval	UNKNOWN STEP	2026-09-17T11:18:43.2976879Z   Stored in directory: /tmp/pip-ephem-wheel-cache-kck4lme0/wheels/ae/31/3e/c90099f82aa608ba604815fec62068d75bab82b240dc2a2cd6
06 agent eval	UNKNOWN STEP	2026-09-17T11:18:43.2990392Z Successfully built ca-agents ca-contracts
06 agent eval	UNKNOWN STEP	2026-09-17T11:18:43.3306252Z Installing collected packages: websockets, typing-extensions, pyyaml, numpy, annotated-types, typing-inspection, pydantic-core, ca-agents, pydantic, ca-contracts
06 agent eval	UNKNOWN STEP	2026-09-17T11:18:45.9592323Z 
06 agent eval	UNKNOWN STEP	2026-09-17T11:18:45.9617770Z Successfully installed annotated-types-0.8.0 ca-agents-0.1.0 ca-contracts-0.1.0 numpy-2.5.3 pydantic-2.13.5 pydantic-core-2.46.5 pyyaml-6.0.3 typing-extensions-4.16.0 typing-inspection-0.4.4 websockets-17.1
06 agent eval	UNKNOWN STEP	2026-09-17T11:18:46.1447340Z AG-TKB eval: 51/53 correct  accuracy=96.23%  blur_items=2  escalate=3.8%  hard_acc=33.3% (1/3)
06 agent eval	UNKNOWN STEP	2026-09-17T11:18:46.1448315Z Wrote metrics-18-2.md
06 agent eval	UNKNOWN STEP	2026-09-17T11:18:46.2366251Z AG-MSG: 197/200 accuracy=98.50% hard=74/77 (96.10%)
06 agent eval	UNKNOWN STEP	2026-09-17T11:18:46.2573240Z Node 20 is being deprecated. This workflow is running with Node 24 by default. If you need to temporarily use Node 20, you can set the ACTIONS_ALLOW_USE_UNSECURE_NODE_VERSION=true environment variable. For more information see: https://github.blog/changelog/2025-09-19-deprecation-of-node-20-on-github-actions-runners/
06 agent eval	UNKNOWN STEP	2026-09-17T11:18:46.2574498Z Post job cleanup.
06 agent eval	UNKNOWN STEP	2026-09-17T11:18:46.3790312Z (node:2395) [DEP0040] DeprecationWarning: The `punycode` module is deprecated. Please use a userland alternative instead.
06 agent eval	UNKNOWN STEP	2026-09-17T11:18:46.3791289Z (Use `node --trace-deprecation ...` to show where the warning was created)
06 agent eval	UNKNOWN STEP	2026-09-17T11:18:46.4027860Z Node 20 is being deprecated. This workflow is running with Node 24 by default. If you need to temporarily use Node 20, you can set the ACTIONS_ALLOW_USE_UNSECURE_NODE_VERSION=true environment variable. For more information see: https://github.blog/changelog/2025-09-19-deprecation-of-node-20-on-github-actions-runners/
06 agent eval	UNKNOWN STEP	2026-09-17T11:18:46.4029160Z Post job cleanup.
06 agent eval	UNKNOWN STEP	2026-09-17T11:18:46.4897383Z [command]/usr/bin/git version
06 agent eval	UNKNOWN STEP	2026-09-17T11:18:46.4941235Z git version 2.55.0
06 agent eval	UNKNOWN STEP	2026-09-17T11:18:46.4981039Z Temporarily overriding HOME='/home/runner/work/_temp/057c996b-80da-47e8-b82f-b0ba5d6f4346' before making global git config changes
06 agent eval	UNKNOWN STEP	2026-09-17T11:18:46.4982971Z Adding repository directory to the temporary git global config as a safe directory
06 agent eval	UNKNOWN STEP	2026-09-17T11:18:46.4986746Z [command]/usr/bin/git config --global --add safe.directory /home/runner/work/Crew-Operations/Crew-Operations
06 agent eval	UNKNOWN STEP	2026-09-17T11:18:46.5029439Z [command]/usr/bin/git config --local --name-only --get-regexp core\.sshCommand
06 agent eval	UNKNOWN STEP	2026-09-17T11:18:46.5066092Z [command]/usr/bin/git submodule foreach --recursive sh -c "git config --local --name-only --get-regexp 'core\.sshCommand' && git config --local --unset-all 'core.sshCommand' || :"
06 agent eval	UNKNOWN STEP	2026-09-17T11:18:46.5326779Z [command]/usr/bin/git config --local --name-only --get-regexp http\.https\:\/\/github\.com\/\.extraheader
06 agent eval	UNKNOWN STEP	2026-09-17T11:18:46.5356173Z http.https://github.com/.extraheader
06 agent eval	UNKNOWN STEP	2026-09-17T11:18:46.5370122Z [command]/usr/bin/git config --local --unset-all http.https://github.com/.extraheader
06 agent eval	UNKNOWN STEP	2026-09-17T11:18:46.5415813Z [command]/usr/bin/git submodule foreach --recursive sh -c "git config --local --name-only --get-regexp 'http\.https\:\/\/github\.com\/\.extraheader' && git config --local --unset-all 'http.https://github.com/.extraheader' || :"
06 agent eval	UNKNOWN STEP	2026-09-17T11:18:46.5672261Z [command]/usr/bin/git config --local --name-only --get-regexp ^includeIf\.gitdir:
06 agent eval	UNKNOWN STEP	2026-09-17T11:18:46.5719075Z [command]/usr/bin/git submodule foreach --recursive git config --local --show-origin --name-only --get-regexp remote.origin.url
06 agent eval	UNKNOWN STEP	2026-09-17T11:18:46.6156899Z Cleaning up orphan processes
06 agent eval	UNKNOWN STEP	2026-09-17T11:18:46.6460899Z ##[warning]Node.js 20 is deprecated. The following actions target Node.js 20 but are being forced to run on Node.js 24: actions/checkout@v4, actions/setup-python@v5. For more information see: https://github.blog/changelog/2025-09-19-deprecation-of-node-20-on-github-actions-runners/
11 yaml templates	UNKNOWN STEP	∩╗┐2026-09-17T11:18:32.6849601Z Current runner version: '2.337.0'
11 yaml templates	UNKNOWN STEP	2026-09-17T11:18:32.6875754Z ##[group]Runner Image Provisioner
11 yaml templates	UNKNOWN STEP	2026-09-17T11:18:32.6876792Z Hosted Compute Agent
11 yaml templates	UNKNOWN STEP	2026-09-17T11:18:32.6877457Z Version: 20260828.587
11 yaml templates	UNKNOWN STEP	2026-09-17T11:18:32.6878165Z Commit: abac92662cab4cc7352de4f9f9d2e2419aad9c29
11 yaml templates	UNKNOWN STEP	2026-09-17T11:18:32.6878938Z Build Date: 2026-08-28T16:44:25Z
11 yaml templates	UNKNOWN STEP	2026-09-17T11:18:32.6879656Z Worker ID: {5332ed20-bd09-447d-a7d0-67cb189eaa41}
11 yaml templates	UNKNOWN STEP	2026-09-17T11:18:32.6880464Z Azure Region: westcentralus
11 yaml templates	UNKNOWN STEP	2026-09-17T11:18:32.6881140Z ##[endgroup]
11 yaml templates	UNKNOWN STEP	2026-09-17T11:18:32.6882702Z ##[group]Operating System
11 yaml templates	UNKNOWN STEP	2026-09-17T11:18:32.6883493Z Ubuntu
11 yaml templates	UNKNOWN STEP	2026-09-17T11:18:32.6884096Z 24.04.5
11 yaml templates	UNKNOWN STEP	2026-09-17T11:18:32.6884689Z LTS
11 yaml templates	UNKNOWN STEP	2026-09-17T11:18:32.6885568Z ##[endgroup]
11 yaml templates	UNKNOWN STEP	2026-09-17T11:18:32.6886143Z ##[group]Runner Image
11 yaml templates	UNKNOWN STEP	2026-09-17T11:18:32.6886841Z Image: ubuntu-24.04
11 yaml templates	UNKNOWN STEP	2026-09-17T11:18:32.6887437Z Version: 20260907.300.1
11 yaml templates	UNKNOWN STEP	2026-09-17T11:18:32.6888849Z Included Software: https://github.com/actions/runner-images/blob/ubuntu24/20260907.300/images/ubuntu/Ubuntu2404-Readme.md
11 yaml templates	UNKNOWN STEP	2026-09-17T11:18:32.6890442Z Image Release: https://github.com/actions/runner-images/releases/tag/ubuntu24%2F20260907.300
11 yaml templates	UNKNOWN STEP	2026-09-17T11:18:32.6891539Z ##[endgroup]
11 yaml templates	UNKNOWN STEP	2026-09-17T11:18:32.6892784Z ##[group]GITHUB_TOKEN Permissions
11 yaml templates	UNKNOWN STEP	2026-09-17T11:18:32.6895265Z Contents: read
11 yaml templates	UNKNOWN STEP	2026-09-17T11:18:32.6895907Z Metadata: read
11 yaml templates	UNKNOWN STEP	2026-09-17T11:18:32.6896564Z Packages: read
11 yaml templates	UNKNOWN STEP	2026-09-17T11:18:32.6897185Z ##[endgroup]
11 yaml templates	UNKNOWN STEP	2026-09-17T11:18:32.6899329Z Secret source: Actions
11 yaml templates	UNKNOWN STEP	2026-09-17T11:18:32.6900850Z Cache mode: write
11 yaml templates	UNKNOWN STEP	2026-09-17T11:18:32.6901702Z Prepare workflow directory
11 yaml templates	UNKNOWN STEP	2026-09-17T11:18:32.7300960Z Prepare all required actions
11 yaml templates	UNKNOWN STEP	2026-09-17T11:18:32.7349963Z Getting action download info
11 yaml templates	UNKNOWN STEP	2026-09-17T11:18:33.0314340Z Download action repository 'actions/checkout@v4' (SHA:11d5960a326750d5838078e36cf38b85af677262)
11 yaml templates	UNKNOWN STEP	2026-09-17T11:18:33.1245015Z Download action repository 'actions/setup-python@v5' (SHA:a26af69be951a213d495a4c3e4e4022e16d87065)
11 yaml templates	UNKNOWN STEP	2026-09-17T11:18:33.3061577Z Complete job name: 11 yaml templates
11 yaml templates	UNKNOWN STEP	2026-09-17T11:18:33.3800339Z Node 20 is being deprecated. This workflow is running with Node 24 by default. If you need to temporarily use Node 20, you can set the ACTIONS_ALLOW_USE_UNSECURE_NODE_VERSION=true environment variable. For more information see: https://github.blog/changelog/2025-09-19-deprecation-of-node-20-on-github-actions-runners/
11 yaml templates	UNKNOWN STEP	2026-09-17T11:18:33.3809044Z ##[group]Run actions/checkout@v4
11 yaml templates	UNKNOWN STEP	2026-09-17T11:18:33.3809744Z with:
11 yaml templates	UNKNOWN STEP	2026-09-17T11:18:33.3810208Z   repository: KanTrun/Crew-Operations
11 yaml templates	UNKNOWN STEP	2026-09-17T11:18:33.3814404Z   token: ***
11 yaml templates	UNKNOWN STEP	2026-09-17T11:18:33.3815137Z   ssh-strict: true
11 yaml templates	UNKNOWN STEP	2026-09-17T11:18:33.3815629Z   ssh-user: git
11 yaml templates	UNKNOWN STEP	2026-09-17T11:18:33.3816091Z   persist-credentials: true
11 yaml templates	UNKNOWN STEP	2026-09-17T11:18:33.3816586Z   clean: true
11 yaml templates	UNKNOWN STEP	2026-09-17T11:18:33.3817049Z   sparse-checkout-cone-mode: true
11 yaml templates	UNKNOWN STEP	2026-09-17T11:18:33.3817594Z   fetch-depth: 1
11 yaml templates	UNKNOWN STEP	2026-09-17T11:18:33.3818043Z   fetch-tags: false
11 yaml templates	UNKNOWN STEP	2026-09-17T11:18:33.3818505Z   show-progress: true
11 yaml templates	UNKNOWN STEP	2026-09-17T11:18:33.3818949Z   lfs: false
11 yaml templates	UNKNOWN STEP	2026-09-17T11:18:33.3819414Z   submodules: false
11 yaml templates	UNKNOWN STEP	2026-09-17T11:18:33.3819893Z   set-safe-directory: true
11 yaml templates	UNKNOWN STEP	2026-09-17T11:18:33.3820407Z   allow-unsafe-pr-checkout: false
11 yaml templates	UNKNOWN STEP	2026-09-17T11:18:33.3821162Z env:
11 yaml templates	UNKNOWN STEP	2026-09-17T11:18:33.3821584Z   CA_AGENT_MODE: replay
11 yaml templates	UNKNOWN STEP	2026-09-17T11:18:33.3822061Z ##[endgroup]
11 yaml templates	UNKNOWN STEP	2026-09-17T11:18:33.4851254Z Syncing repository: KanTrun/Crew-Operations
11 yaml templates	UNKNOWN STEP	2026-09-17T11:18:33.4853219Z ##[group]Getting Git version info
11 yaml templates	UNKNOWN STEP	2026-09-17T11:18:33.4854010Z Working directory is '/home/runner/work/Crew-Operations/Crew-Operations'
11 yaml templates	UNKNOWN STEP	2026-09-17T11:18:33.4855365Z [command]/usr/bin/git version
11 yaml templates	UNKNOWN STEP	2026-09-17T11:18:33.4935371Z git version 2.55.0
11 yaml templates	UNKNOWN STEP	2026-09-17T11:18:33.4956133Z ##[endgroup]
11 yaml templates	UNKNOWN STEP	2026-09-17T11:18:33.4971857Z Temporarily overriding HOME='/home/runner/work/_temp/f3f32c9c-bf30-4b71-a129-554c313359a5' before making global git config changes
11 yaml templates	UNKNOWN STEP	2026-09-17T11:18:33.4974132Z Adding repository directory to the temporary git global config as a safe directory
11 yaml templates	UNKNOWN STEP	2026-09-17T11:18:33.4976652Z [command]/usr/bin/git config --global --add safe.directory /home/runner/work/Crew-Operations/Crew-Operations
11 yaml templates	UNKNOWN STEP	2026-09-17T11:18:33.5030561Z Deleting the contents of '/home/runner/work/Crew-Operations/Crew-Operations'
11 yaml templates	UNKNOWN STEP	2026-09-17T11:18:33.5035124Z ##[group]Initializing the repository
11 yaml templates	UNKNOWN STEP	2026-09-17T11:18:33.5039152Z [command]/usr/bin/git init /home/runner/work/Crew-Operations/Crew-Operations
11 yaml templates	UNKNOWN STEP	2026-09-17T11:18:33.5132627Z hint: Using 'master' as the name for the initial branch. This default branch name
11 yaml templates	UNKNOWN STEP	2026-09-17T11:18:33.5134263Z hint: will change to "main" in Git 3.0. To configure the initial branch name
11 yaml templates	UNKNOWN STEP	2026-09-17T11:18:33.5137641Z hint: to use in all of your new repositories, which will suppress this warning,
11 yaml templates	UNKNOWN STEP	2026-09-17T11:18:33.5138817Z hint: call:
11 yaml templates	UNKNOWN STEP	2026-09-17T11:18:33.5139417Z hint:
11 yaml templates	UNKNOWN STEP	2026-09-17T11:18:33.5140199Z hint: 	git config --global init.defaultBranch <name>
11 yaml templates	UNKNOWN STEP	2026-09-17T11:18:33.5141144Z hint:
11 yaml templates	UNKNOWN STEP	2026-09-17T11:18:33.5142034Z hint: Names commonly chosen instead of 'master' are 'main', 'trunk' and
11 yaml templates	UNKNOWN STEP	2026-09-17T11:18:33.5143540Z hint: 'development'. The just-created branch can be renamed via this command:
11 yaml templates	UNKNOWN STEP	2026-09-17T11:18:33.5145147Z hint:
11 yaml templates	UNKNOWN STEP	2026-09-17T11:18:33.5145796Z hint: 	git branch -m <name>
11 yaml templates	UNKNOWN STEP	2026-09-17T11:18:33.5146525Z hint:
11 yaml templates	UNKNOWN STEP	2026-09-17T11:18:33.5147524Z hint: Disable this message with "git config set advice.defaultBranchName false"
11 yaml templates	UNKNOWN STEP	2026-09-17T11:18:33.5149188Z Initialized empty Git repository in /home/runner/work/Crew-Operations/Crew-Operations/.git/
11 yaml templates	UNKNOWN STEP	2026-09-17T11:18:33.5151893Z [command]/usr/bin/git remote add origin https://github.com/KanTrun/Crew-Operations
11 yaml templates	UNKNOWN STEP	2026-09-17T11:18:33.5196429Z ##[endgroup]
11 yaml templates	UNKNOWN STEP	2026-09-17T11:18:33.5197744Z ##[group]Disabling automatic garbage collection
11 yaml templates	UNKNOWN STEP	2026-09-17T11:18:33.5201324Z [command]/usr/bin/git config --local gc.auto 0
11 yaml templates	UNKNOWN STEP	2026-09-17T11:18:33.5238469Z ##[endgroup]
11 yaml templates	UNKNOWN STEP	2026-09-17T11:18:33.5239580Z ##[group]Setting up auth
11 yaml templates	UNKNOWN STEP	2026-09-17T11:18:33.5243016Z [command]/usr/bin/git config --local --name-only --get-regexp core\.sshCommand
11 yaml templates	UNKNOWN STEP	2026-09-17T11:18:33.5281100Z [command]/usr/bin/git submodule foreach --recursive sh -c "git config --local --name-only --get-regexp 'core\.sshCommand' && git config --local --unset-all 'core.sshCommand' || :"
11 yaml templates	UNKNOWN STEP	2026-09-17T11:18:33.5671136Z [command]/usr/bin/git config --local --name-only --get-regexp http\.https\:\/\/github\.com\/\.extraheader
11 yaml templates	UNKNOWN STEP	2026-09-17T11:18:33.5712507Z [command]/usr/bin/git submodule foreach --recursive sh -c "git config --local --name-only --get-regexp 'http\.https\:\/\/github\.com\/\.extraheader' && git config --local --unset-all 'http.https://github.com/.extraheader' || :"
11 yaml templates	UNKNOWN STEP	2026-09-17T11:18:33.5968162Z [command]/usr/bin/git config --local --name-only --get-regexp ^includeIf\.gitdir:
11 yaml templates	UNKNOWN STEP	2026-09-17T11:18:33.6006521Z [command]/usr/bin/git submodule foreach --recursive git config --local --show-origin --name-only --get-regexp remote.origin.url
11 yaml templates	UNKNOWN STEP	2026-09-17T11:18:33.6248273Z [command]/usr/bin/git config --local http.https://github.com/.extraheader AUTHORIZATION: basic ***
11 yaml templates	UNKNOWN STEP	2026-09-17T11:18:33.6291028Z ##[endgroup]
11 yaml templates	UNKNOWN STEP	2026-09-17T11:18:33.6291850Z ##[group]Fetching the repository
11 yaml templates	UNKNOWN STEP	2026-09-17T11:18:33.6301226Z [command]/usr/bin/git -c protocol.version=2 fetch --no-tags --prune --no-recurse-submodules --depth=1 origin +a6ee707a664b71558e72eff4ac334b63193b03a2:refs/remotes/origin/main
11 yaml templates	UNKNOWN STEP	2026-09-17T11:18:34.9505325Z From https://github.com/KanTrun/Crew-Operations
11 yaml templates	UNKNOWN STEP	2026-09-17T11:18:34.9507233Z  * [new ref]         a6ee707a664b71558e72eff4ac334b63193b03a2 -> origin/main
11 yaml templates	UNKNOWN STEP	2026-09-17T11:18:34.9527845Z ##[endgroup]
11 yaml templates	UNKNOWN STEP	2026-09-17T11:18:34.9529439Z ##[group]Determining the checkout info
11 yaml templates	UNKNOWN STEP	2026-09-17T11:18:34.9532429Z ##[endgroup]
11 yaml templates	UNKNOWN STEP	2026-09-17T11:18:34.9533233Z [command]/usr/bin/git sparse-checkout disable
11 yaml templates	UNKNOWN STEP	2026-09-17T11:18:34.9580690Z [command]/usr/bin/git config --local --unset-all extensions.worktreeConfig
11 yaml templates	UNKNOWN STEP	2026-09-17T11:18:34.9619639Z ##[group]Checking out the ref
11 yaml templates	UNKNOWN STEP	2026-09-17T11:18:34.9627183Z [command]/usr/bin/git checkout --progress --force -B main refs/remotes/origin/main
11 yaml templates	UNKNOWN STEP	2026-09-17T11:18:35.0677597Z Switched to a new branch 'main'
11 yaml templates	UNKNOWN STEP	2026-09-17T11:18:35.0680552Z branch 'main' set up to track 'origin/main'.
11 yaml templates	UNKNOWN STEP	2026-09-17T11:18:35.0689933Z ##[endgroup]
11 yaml templates	UNKNOWN STEP	2026-09-17T11:18:35.0738363Z [command]/usr/bin/git log -1 --format=%H
11 yaml templates	UNKNOWN STEP	2026-09-17T11:18:35.0768174Z a6ee707a664b71558e72eff4ac334b63193b03a2
11 yaml templates	UNKNOWN STEP	2026-09-17T11:18:35.1141237Z Node 20 is being deprecated. This workflow is running with Node 24 by default. If you need to temporarily use Node 20, you can set the ACTIONS_ALLOW_USE_UNSECURE_NODE_VERSION=true environment variable. For more information see: https://github.blog/changelog/2025-09-19-deprecation-of-node-20-on-github-actions-runners/
11 yaml templates	UNKNOWN STEP	2026-09-17T11:18:35.1147150Z ##[group]Run actions/setup-python@v5
11 yaml templates	UNKNOWN STEP	2026-09-17T11:18:35.1148268Z with:
11 yaml templates	UNKNOWN STEP	2026-09-17T11:18:35.1149098Z   python-version: 3.12
11 yaml templates	UNKNOWN STEP	2026-09-17T11:18:35.1150046Z   check-latest: false
11 yaml templates	UNKNOWN STEP	2026-09-17T11:18:35.1160361Z   token: ***
11 yaml templates	UNKNOWN STEP	2026-09-17T11:18:35.1161270Z   update-environment: true
11 yaml templates	UNKNOWN STEP	2026-09-17T11:18:35.1162323Z   allow-prereleases: false
11 yaml templates	UNKNOWN STEP	2026-09-17T11:18:35.1163345Z   freethreaded: false
11 yaml templates	UNKNOWN STEP	2026-09-17T11:18:35.1164240Z env:
11 yaml templates	UNKNOWN STEP	2026-09-17T11:18:35.1165116Z   CA_AGENT_MODE: replay
11 yaml templates	UNKNOWN STEP	2026-09-17T11:18:35.1166043Z ##[endgroup]
11 yaml templates	UNKNOWN STEP	2026-09-17T11:18:35.2531955Z ##[group]Installed versions
11 yaml templates	UNKNOWN STEP	2026-09-17T11:18:35.2633095Z (node:2299) [DEP0040] DeprecationWarning: The `punycode` module is deprecated. Please use a userland alternative instead.
11 yaml templates	UNKNOWN STEP	2026-09-17T11:18:35.2636686Z (Use `node --trace-deprecation ...` to show where the warning was created)
11 yaml templates	UNKNOWN STEP	2026-09-17T11:18:35.2638689Z Successfully set up CPython (3.12.14)
11 yaml templates	UNKNOWN STEP	2026-09-17T11:18:35.2640823Z ##[endgroup]
11 yaml templates	UNKNOWN STEP	2026-09-17T11:18:35.2827799Z ##[group]Run pip install pyyaml
11 yaml templates	UNKNOWN STEP	2026-09-17T11:18:35.2829010Z [36;1mpip install pyyaml[0m
11 yaml templates	UNKNOWN STEP	2026-09-17T11:18:35.2891362Z shell: /usr/bin/bash -e {0}
11 yaml templates	UNKNOWN STEP	2026-09-17T11:18:35.2892384Z env:
11 yaml templates	UNKNOWN STEP	2026-09-17T11:18:35.2893160Z   CA_AGENT_MODE: replay
11 yaml templates	UNKNOWN STEP	2026-09-17T11:18:35.2894316Z   pythonLocation: /opt/hostedtoolcache/Python/3.12.14/x64
11 yaml templates	UNKNOWN STEP	2026-09-17T11:18:35.2896560Z   PKG_CONFIG_PATH: /opt/hostedtoolcache/Python/3.12.14/x64/lib/pkgconfig
11 yaml templates	UNKNOWN STEP	2026-09-17T11:18:35.2898315Z   Python_ROOT_DIR: /opt/hostedtoolcache/Python/3.12.14/x64
11 yaml templates	UNKNOWN STEP	2026-09-17T11:18:35.2899873Z   Python2_ROOT_DIR: /opt/hostedtoolcache/Python/3.12.14/x64
11 yaml templates	UNKNOWN STEP	2026-09-17T11:18:35.2902563Z   Python3_ROOT_DIR: /opt/hostedtoolcache/Python/3.12.14/x64
11 yaml templates	UNKNOWN STEP	2026-09-17T11:18:35.2906174Z   LD_LIBRARY_PATH: /opt/hostedtoolcache/Python/3.12.14/x64/lib
11 yaml templates	UNKNOWN STEP	2026-09-17T11:18:35.2908178Z ##[endgroup]
11 yaml templates	UNKNOWN STEP	2026-09-17T11:18:36.2066529Z Collecting pyyaml
11 yaml templates	UNKNOWN STEP	2026-09-17T11:18:36.3021618Z   Downloading pyyaml-6.0.3-cp312-cp312-manylinux2014_x86_64.manylinux_2_17_x86_64.manylinux_2_28_x86_64.whl.metadata (2.4 kB)
11 yaml templates	UNKNOWN STEP	2026-09-17T11:18:36.3254547Z Downloading pyyaml-6.0.3-cp312-cp312-manylinux2014_x86_64.manylinux_2_17_x86_64.manylinux_2_28_x86_64.whl (807 kB)
11 yaml templates	UNKNOWN STEP	2026-09-17T11:18:36.4235351Z    ΓöüΓöüΓöüΓöüΓöüΓöüΓöüΓöüΓöüΓöüΓöüΓöüΓöüΓöüΓöüΓöüΓöüΓöüΓöüΓöüΓöüΓöüΓöüΓöüΓöüΓöüΓöüΓöüΓöüΓöüΓöüΓöüΓöüΓöüΓöüΓöüΓöüΓöüΓöüΓöü 807.9/807.9 kB 13.5 MB/s  0:00:00
11 yaml templates	UNKNOWN STEP	2026-09-17T11:18:36.4588236Z Installing collected packages: pyyaml
11 yaml templates	UNKNOWN STEP	2026-09-17T11:18:36.5264316Z Successfully installed pyyaml-6.0.3
11 yaml templates	UNKNOWN STEP	2026-09-17T11:18:36.5810060Z ##[group]Run python scripts/validate_templates.py
11 yaml templates	UNKNOWN STEP	2026-09-17T11:18:36.5810814Z [36;1mpython scripts/validate_templates.py[0m
11 yaml templates	UNKNOWN STEP	2026-09-17T11:18:36.5856818Z shell: /usr/bin/bash -e {0}
11 yaml templates	UNKNOWN STEP	2026-09-17T11:18:36.5857189Z env:
11 yaml templates	UNKNOWN STEP	2026-09-17T11:18:36.5857458Z   CA_AGENT_MODE: replay
11 yaml templates	UNKNOWN STEP	2026-09-17T11:18:36.5857836Z   pythonLocation: /opt/hostedtoolcache/Python/3.12.14/x64
11 yaml templates	UNKNOWN STEP	2026-09-17T11:18:36.5858358Z   PKG_CONFIG_PATH: /opt/hostedtoolcache/Python/3.12.14/x64/lib/pkgconfig
11 yaml templates	UNKNOWN STEP	2026-09-17T11:18:36.5858854Z   Python_ROOT_DIR: /opt/hostedtoolcache/Python/3.12.14/x64
11 yaml templates	UNKNOWN STEP	2026-09-17T11:18:36.5859318Z   Python2_ROOT_DIR: /opt/hostedtoolcache/Python/3.12.14/x64
11 yaml templates	UNKNOWN STEP	2026-09-17T11:18:36.5859789Z   Python3_ROOT_DIR: /opt/hostedtoolcache/Python/3.12.14/x64
11 yaml templates	UNKNOWN STEP	2026-09-17T11:18:36.5860234Z   LD_LIBRARY_PATH: /opt/hostedtoolcache/Python/3.12.14/x64/lib
11 yaml templates	UNKNOWN STEP	2026-09-17T11:18:36.5860609Z ##[endgroup]
11 yaml templates	UNKNOWN STEP	2026-09-17T11:18:36.6414578Z ok: 3 templates
11 yaml templates	UNKNOWN STEP	2026-09-17T11:18:36.6590630Z Node 20 is being deprecated. This workflow is running with Node 24 by default. If you need to temporarily use Node 20, you can set the ACTIONS_ALLOW_USE_UNSECURE_NODE_VERSION=true environment variable. For more information see: https://github.blog/changelog/2025-09-19-deprecation-of-node-20-on-github-actions-runners/
11 yaml templates	UNKNOWN STEP	2026-09-17T11:18:36.6592122Z Post job cleanup.
11 yaml templates	UNKNOWN STEP	2026-09-17T11:18:36.7855862Z (node:2334) [DEP0040] DeprecationWarning: The `punycode` module is deprecated. Please use a userland alternative instead.
11 yaml templates	UNKNOWN STEP	2026-09-17T11:18:36.7857589Z (Use `node --trace-deprecation ...` to show where the warning was created)
11 yaml templates	UNKNOWN STEP	2026-09-17T11:18:36.8072631Z Node 20 is being deprecated. This workflow is running with Node 24 by default. If you need to temporarily use Node 20, you can set the ACTIONS_ALLOW_USE_UNSECURE_NODE_VERSION=true environment variable. For more information see: https://github.blog/changelog/2025-09-19-deprecation-of-node-20-on-github-actions-runners/
11 yaml templates	UNKNOWN STEP	2026-09-17T11:18:36.8074987Z Post job cleanup.
11 yaml templates	UNKNOWN STEP	2026-09-17T11:18:36.9025641Z [command]/usr/bin/git version
11 yaml templates	UNKNOWN STEP	2026-09-17T11:18:36.9071769Z git version 2.55.0
11 yaml templates	UNKNOWN STEP	2026-09-17T11:18:36.9112589Z Temporarily overriding HOME='/home/runner/work/_temp/4a47533e-1f8a-41ed-a121-4d00cb2d0353' before making global git config changes
11 yaml templates	UNKNOWN STEP	2026-09-17T11:18:36.9114401Z Adding repository directory to the temporary git global config as a safe directory
11 yaml templates	UNKNOWN STEP	2026-09-17T11:18:36.9120516Z [command]/usr/bin/git config --global --add safe.directory /home/runner/work/Crew-Operations/Crew-Operations
11 yaml templates	UNKNOWN STEP	2026-09-17T11:18:36.9168503Z [command]/usr/bin/git config --local --name-only --get-regexp core\.sshCommand
11 yaml templates	UNKNOWN STEP	2026-09-17T11:18:36.9213049Z [command]/usr/bin/git submodule foreach --recursive sh -c "git config --local --name-only --get-regexp 'core\.sshCommand' && git config --local --unset-all 'core.sshCommand' || :"
11 yaml templates	UNKNOWN STEP	2026-09-17T11:18:36.9498381Z [command]/usr/bin/git config --local --name-only --get-regexp http\.https\:\/\/github\.com\/\.extraheader
11 yaml templates	UNKNOWN STEP	2026-09-17T11:18:36.9531648Z http.https://github.com/.extraheader
11 yaml templates	UNKNOWN STEP	2026-09-17T11:18:36.9544306Z [command]/usr/bin/git config --local --unset-all http.https://github.com/.extraheader
11 yaml templates	UNKNOWN STEP	2026-09-17T11:18:36.9582890Z [command]/usr/bin/git submodule foreach --recursive sh -c "git config --local --name-only --get-regexp 'http\.https\:\/\/github\.com\/\.extraheader' && git config --local --unset-all 'http.https://github.com/.extraheader' || :"
11 yaml templates	UNKNOWN STEP	2026-09-17T11:18:36.9863534Z [command]/usr/bin/git config --local --name-only --get-regexp ^includeIf\.gitdir:
11 yaml templates	UNKNOWN STEP	2026-09-17T11:18:36.9917407Z [command]/usr/bin/git submodule foreach --recursive git config --local --show-origin --name-only --get-regexp remote.origin.url
11 yaml templates	UNKNOWN STEP	2026-09-17T11:18:37.0359050Z Cleaning up orphan processes
11 yaml templates	UNKNOWN STEP	2026-09-17T11:18:37.0662646Z ##[warning]Node.js 20 is deprecated. The following actions target Node.js 20 but are being forced to run on Node.js 24: actions/checkout@v4, actions/setup-python@v5. For more information see: https://github.blog/changelog/2025-09-19-deprecation-of-node-20-on-github-actions-runners/
08 e2e	UNKNOWN STEP	∩╗┐2026-09-17T11:18:32.1562489Z Current runner version: '2.337.0'
08 e2e	UNKNOWN STEP	2026-09-17T11:18:32.1597494Z ##[group]Runner Image Provisioner
08 e2e	UNKNOWN STEP	2026-09-17T11:18:32.1599649Z Hosted Compute Agent
08 e2e	UNKNOWN STEP	2026-09-17T11:18:32.1600707Z Version: 20260828.587
08 e2e	UNKNOWN STEP	2026-09-17T11:18:32.1601788Z Commit: abac92662cab4cc7352de4f9f9d2e2419aad9c29
08 e2e	UNKNOWN STEP	2026-09-17T11:18:32.1603081Z Build Date: 2026-08-28T16:44:25Z
08 e2e	UNKNOWN STEP	2026-09-17T11:18:32.1604274Z Worker ID: {81b9d631-e714-4b94-97ae-031bc53fb4b5}
08 e2e	UNKNOWN STEP	2026-09-17T11:18:32.1605432Z Azure Region: eastus
08 e2e	UNKNOWN STEP	2026-09-17T11:18:32.1606426Z ##[endgroup]
08 e2e	UNKNOWN STEP	2026-09-17T11:18:32.1608715Z ##[group]Operating System
08 e2e	UNKNOWN STEP	2026-09-17T11:18:32.1610138Z Ubuntu
08 e2e	UNKNOWN STEP	2026-09-17T11:18:32.1611069Z 24.04.5
08 e2e	UNKNOWN STEP	2026-09-17T11:18:32.1612088Z LTS
08 e2e	UNKNOWN STEP	2026-09-17T11:18:32.1612923Z ##[endgroup]
08 e2e	UNKNOWN STEP	2026-09-17T11:18:32.1613807Z ##[group]Runner Image
08 e2e	UNKNOWN STEP	2026-09-17T11:18:32.1614927Z Image: ubuntu-24.04
08 e2e	UNKNOWN STEP	2026-09-17T11:18:32.1615891Z Version: 20260907.300.1
08 e2e	UNKNOWN STEP	2026-09-17T11:18:32.1618063Z Included Software: https://github.com/actions/runner-images/blob/ubuntu24/20260907.300/images/ubuntu/Ubuntu2404-Readme.md
08 e2e	UNKNOWN STEP	2026-09-17T11:18:32.1620997Z Image Release: https://github.com/actions/runner-images/releases/tag/ubuntu24%2F20260907.300
08 e2e	UNKNOWN STEP	2026-09-17T11:18:32.1622759Z ##[endgroup]
08 e2e	UNKNOWN STEP	2026-09-17T11:18:32.1624871Z ##[group]GITHUB_TOKEN Permissions
08 e2e	UNKNOWN STEP	2026-09-17T11:18:32.1627770Z Contents: read
08 e2e	UNKNOWN STEP	2026-09-17T11:18:32.1628753Z Metadata: read
08 e2e	UNKNOWN STEP	2026-09-17T11:18:32.1630024Z Packages: read
08 e2e	UNKNOWN STEP	2026-09-17T11:18:32.1630977Z ##[endgroup]
08 e2e	UNKNOWN STEP	2026-09-17T11:18:32.1633895Z Secret source: Actions
08 e2e	UNKNOWN STEP	2026-09-17T11:18:32.1635562Z Cache mode: write
08 e2e	UNKNOWN STEP	2026-09-17T11:18:32.1637043Z Prepare workflow directory
08 e2e	UNKNOWN STEP	2026-09-17T11:18:32.2192747Z Prepare all required actions
08 e2e	UNKNOWN STEP	2026-09-17T11:18:32.2241319Z Getting action download info
08 e2e	UNKNOWN STEP	2026-09-17T11:18:32.4802279Z Download action repository 'actions/checkout@v4' (SHA:11d5960a326750d5838078e36cf38b85af677262)
08 e2e	UNKNOWN STEP	2026-09-17T11:18:32.6061526Z Download action repository 'actions/setup-python@v5' (SHA:a26af69be951a213d495a4c3e4e4022e16d87065)
08 e2e	UNKNOWN STEP	2026-09-17T11:18:32.6881370Z Download action repository 'actions/setup-node@v4' (SHA:49933ea5288caeca8642d1e84afbd3f7d6820020)
08 e2e	UNKNOWN STEP	2026-09-17T11:18:32.8199017Z Download action repository 'actions/cache@v4' (SHA:0057852bfaa89a56745cba8c7296529d2fc39830)
08 e2e	UNKNOWN STEP	2026-09-17T11:18:33.0572049Z Complete job name: 08 e2e
08 e2e	UNKNOWN STEP	2026-09-17T11:18:33.1461337Z Node 20 is being deprecated. This workflow is running with Node 24 by default. If you need to temporarily use Node 20, you can set the ACTIONS_ALLOW_USE_UNSECURE_NODE_VERSION=true environment variable. For more information see: https://github.blog/changelog/2025-09-19-deprecation-of-node-20-on-github-actions-runners/
08 e2e	UNKNOWN STEP	2026-09-17T11:18:33.1472910Z ##[group]Run actions/checkout@v4
08 e2e	UNKNOWN STEP	2026-09-17T11:18:33.1473825Z with:
08 e2e	UNKNOWN STEP	2026-09-17T11:18:33.1474358Z   repository: KanTrun/Crew-Operations
08 e2e	UNKNOWN STEP	2026-09-17T11:18:33.1482749Z   token: ***
08 e2e	UNKNOWN STEP	2026-09-17T11:18:33.1483244Z   ssh-strict: true
08 e2e	UNKNOWN STEP	2026-09-17T11:18:33.1483748Z   ssh-user: git
08 e2e	UNKNOWN STEP	2026-09-17T11:18:33.1484272Z   persist-credentials: true
08 e2e	UNKNOWN STEP	2026-09-17T11:18:33.1484869Z   clean: true
08 e2e	UNKNOWN STEP	2026-09-17T11:18:33.1485405Z   sparse-checkout-cone-mode: true
08 e2e	UNKNOWN STEP	2026-09-17T11:18:33.1486115Z   fetch-depth: 1
08 e2e	UNKNOWN STEP	2026-09-17T11:18:33.1486621Z   fetch-tags: false
08 e2e	UNKNOWN STEP	2026-09-17T11:18:33.1487172Z   show-progress: true
08 e2e	UNKNOWN STEP	2026-09-17T11:18:33.1487717Z   lfs: false
08 e2e	UNKNOWN STEP	2026-09-17T11:18:33.1488229Z   submodules: false
08 e2e	UNKNOWN STEP	2026-09-17T11:18:33.1488767Z   set-safe-directory: true
08 e2e	UNKNOWN STEP	2026-09-17T11:18:33.1489811Z   allow-unsafe-pr-checkout: false
08 e2e	UNKNOWN STEP	2026-09-17T11:18:33.1490860Z env:
08 e2e	UNKNOWN STEP	2026-09-17T11:18:33.1491330Z   CA_AGENT_MODE: replay
08 e2e	UNKNOWN STEP	2026-09-17T11:18:33.1491880Z ##[endgroup]
08 e2e	UNKNOWN STEP	2026-09-17T11:18:33.2608265Z Syncing repository: KanTrun/Crew-Operations
08 e2e	UNKNOWN STEP	2026-09-17T11:18:33.2611691Z ##[group]Getting Git version info
08 e2e	UNKNOWN STEP	2026-09-17T11:18:33.2613509Z Working directory is '/home/runner/work/Crew-Operations/Crew-Operations'
08 e2e	UNKNOWN STEP	2026-09-17T11:18:33.2616061Z [command]/usr/bin/git version
08 e2e	UNKNOWN STEP	2026-09-17T11:18:33.2711968Z git version 2.55.0
08 e2e	UNKNOWN STEP	2026-09-17T11:18:33.2725034Z ##[endgroup]
08 e2e	UNKNOWN STEP	2026-09-17T11:18:33.2742371Z Temporarily overriding HOME='/home/runner/work/_temp/4ff6ee92-00ff-455c-8c80-19c622006fec' before making global git config changes
08 e2e	UNKNOWN STEP	2026-09-17T11:18:33.2747127Z Adding repository directory to the temporary git global config as a safe directory
08 e2e	UNKNOWN STEP	2026-09-17T11:18:33.2750661Z [command]/usr/bin/git config --global --add safe.directory /home/runner/work/Crew-Operations/Crew-Operations
08 e2e	UNKNOWN STEP	2026-09-17T11:18:33.2805900Z Deleting the contents of '/home/runner/work/Crew-Operations/Crew-Operations'
08 e2e	UNKNOWN STEP	2026-09-17T11:18:33.2810130Z ##[group]Initializing the repository
08 e2e	UNKNOWN STEP	2026-09-17T11:18:33.2814309Z [command]/usr/bin/git init /home/runner/work/Crew-Operations/Crew-Operations
08 e2e	UNKNOWN STEP	2026-09-17T11:18:33.2935117Z hint: Using 'master' as the name for the initial branch. This default branch name
08 e2e	UNKNOWN STEP	2026-09-17T11:18:33.2938154Z hint: will change to "main" in Git 3.0. To configure the initial branch name
08 e2e	UNKNOWN STEP	2026-09-17T11:18:33.2940986Z hint: to use in all of your new repositories, which will suppress this warning,
08 e2e	UNKNOWN STEP	2026-09-17T11:18:33.2943007Z hint: call:
08 e2e	UNKNOWN STEP	2026-09-17T11:18:33.2943842Z hint:
08 e2e	UNKNOWN STEP	2026-09-17T11:18:33.2944949Z hint: 	git config --global init.defaultBranch <name>
08 e2e	UNKNOWN STEP	2026-09-17T11:18:33.2946504Z hint:
08 e2e	UNKNOWN STEP	2026-09-17T11:18:33.2948048Z hint: Names commonly chosen instead of 'master' are 'main', 'trunk' and
08 e2e	UNKNOWN STEP	2026-09-17T11:18:33.2950872Z hint: 'development'. The just-created branch can be renamed via this command:
08 e2e	UNKNOWN STEP	2026-09-17T11:18:33.2952923Z hint:
08 e2e	UNKNOWN STEP	2026-09-17T11:18:33.2953918Z hint: 	git branch -m <name>
08 e2e	UNKNOWN STEP	2026-09-17T11:18:33.2955017Z hint:
08 e2e	UNKNOWN STEP	2026-09-17T11:18:33.2956539Z hint: Disable this message with "git config set advice.defaultBranchName false"
08 e2e	UNKNOWN STEP	2026-09-17T11:18:33.2960486Z Initialized empty Git repository in /home/runner/work/Crew-Operations/Crew-Operations/.git/
08 e2e	UNKNOWN STEP	2026-09-17T11:18:33.2964947Z [command]/usr/bin/git remote add origin https://github.com/KanTrun/Crew-Operations
08 e2e	UNKNOWN STEP	2026-09-17T11:18:33.3006865Z ##[endgroup]
08 e2e	UNKNOWN STEP	2026-09-17T11:18:33.3008519Z ##[group]Disabling automatic garbage collection
08 e2e	UNKNOWN STEP	2026-09-17T11:18:33.3010949Z [command]/usr/bin/git config --local gc.auto 0
08 e2e	UNKNOWN STEP	2026-09-17T11:18:33.3043078Z ##[endgroup]
08 e2e	UNKNOWN STEP	2026-09-17T11:18:33.3043972Z ##[group]Setting up auth
08 e2e	UNKNOWN STEP	2026-09-17T11:18:33.3051995Z [command]/usr/bin/git config --local --name-only --get-regexp core\.sshCommand
08 e2e	UNKNOWN STEP	2026-09-17T11:18:33.3095186Z [command]/usr/bin/git submodule foreach --recursive sh -c "git config --local --name-only --get-regexp 'core\.sshCommand' && git config --local --unset-all 'core.sshCommand' || :"
08 e2e	UNKNOWN STEP	2026-09-17T11:18:33.3511993Z [command]/usr/bin/git config --local --name-only --get-regexp http\.https\:\/\/github\.com\/\.extraheader
08 e2e	UNKNOWN STEP	2026-09-17T11:18:33.3555680Z [command]/usr/bin/git submodule foreach --recursive sh -c "git config --local --name-only --get-regexp 'http\.https\:\/\/github\.com\/\.extraheader' && git config --local --unset-all 'http.https://github.com/.extraheader' || :"
08 e2e	UNKNOWN STEP	2026-09-17T11:18:33.3782456Z [command]/usr/bin/git config --local --name-only --get-regexp ^includeIf\.gitdir:
08 e2e	UNKNOWN STEP	2026-09-17T11:18:33.3822245Z [command]/usr/bin/git submodule foreach --recursive git config --local --show-origin --name-only --get-regexp remote.origin.url
08 e2e	UNKNOWN STEP	2026-09-17T11:18:33.4046800Z [command]/usr/bin/git config --local http.https://github.com/.extraheader AUTHORIZATION: basic ***
08 e2e	UNKNOWN STEP	2026-09-17T11:18:33.4085502Z ##[endgroup]
08 e2e	UNKNOWN STEP	2026-09-17T11:18:33.4087282Z ##[group]Fetching the repository
08 e2e	UNKNOWN STEP	2026-09-17T11:18:33.4098393Z [command]/usr/bin/git -c protocol.version=2 fetch --no-tags --prune --no-recurse-submodules --depth=1 origin +a6ee707a664b71558e72eff4ac334b63193b03a2:refs/remotes/origin/main
08 e2e	UNKNOWN STEP	2026-09-17T11:18:34.0134079Z From https://github.com/KanTrun/Crew-Operations
08 e2e	UNKNOWN STEP	2026-09-17T11:18:34.0136589Z  * [new ref]         a6ee707a664b71558e72eff4ac334b63193b03a2 -> origin/main
08 e2e	UNKNOWN STEP	2026-09-17T11:18:34.0141542Z ##[endgroup]
08 e2e	UNKNOWN STEP	2026-09-17T11:18:34.0142834Z ##[group]Determining the checkout info
08 e2e	UNKNOWN STEP	2026-09-17T11:18:34.0143962Z ##[endgroup]
08 e2e	UNKNOWN STEP	2026-09-17T11:18:34.0148137Z [command]/usr/bin/git sparse-checkout disable
08 e2e	UNKNOWN STEP	2026-09-17T11:18:34.0201626Z [command]/usr/bin/git config --local --unset-all extensions.worktreeConfig
08 e2e	UNKNOWN STEP	2026-09-17T11:18:34.0234855Z ##[group]Checking out the ref
08 e2e	UNKNOWN STEP	2026-09-17T11:18:34.0238972Z [command]/usr/bin/git checkout --progress --force -B main refs/remotes/origin/main
08 e2e	UNKNOWN STEP	2026-09-17T11:18:34.1252173Z Switched to a new branch 'main'
08 e2e	UNKNOWN STEP	2026-09-17T11:18:34.1258151Z branch 'main' set up to track 'origin/main'.
08 e2e	UNKNOWN STEP	2026-09-17T11:18:34.1268619Z ##[endgroup]
08 e2e	UNKNOWN STEP	2026-09-17T11:18:34.1317814Z [command]/usr/bin/git log -1 --format=%H
08 e2e	UNKNOWN STEP	2026-09-17T11:18:34.1346891Z a6ee707a664b71558e72eff4ac334b63193b03a2
08 e2e	UNKNOWN STEP	2026-09-17T11:18:34.1661416Z Node 20 is being deprecated. This workflow is running with Node 24 by default. If you need to temporarily use Node 20, you can set the ACTIONS_ALLOW_USE_UNSECURE_NODE_VERSION=true environment variable. For more information see: https://github.blog/changelog/2025-09-19-deprecation-of-node-20-on-github-actions-runners/
08 e2e	UNKNOWN STEP	2026-09-17T11:18:34.1664182Z ##[group]Run actions/setup-python@v5
08 e2e	UNKNOWN STEP	2026-09-17T11:18:34.1665117Z with:
08 e2e	UNKNOWN STEP	2026-09-17T11:18:34.1665951Z   python-version: 3.12
08 e2e	UNKNOWN STEP	2026-09-17T11:18:34.1666884Z   check-latest: false
08 e2e	UNKNOWN STEP	2026-09-17T11:18:34.1670708Z   token: ***
08 e2e	UNKNOWN STEP	2026-09-17T11:18:34.1671555Z   update-environment: true
08 e2e	UNKNOWN STEP	2026-09-17T11:18:34.1672456Z   allow-prereleases: false
08 e2e	UNKNOWN STEP	2026-09-17T11:18:34.1673346Z   freethreaded: false
08 e2e	UNKNOWN STEP	2026-09-17T11:18:34.1674163Z env:
08 e2e	UNKNOWN STEP	2026-09-17T11:18:34.1674947Z   CA_AGENT_MODE: replay
08 e2e	UNKNOWN STEP	2026-09-17T11:18:34.1675771Z ##[endgroup]
08 e2e	UNKNOWN STEP	2026-09-17T11:18:34.3030891Z ##[group]Installed versions
08 e2e	UNKNOWN STEP	2026-09-17T11:18:34.3192024Z (node:2230) [DEP0040] DeprecationWarning: The `punycode` module is deprecated. Please use a userland alternative instead.
08 e2e	UNKNOWN STEP	2026-09-17T11:18:34.3193966Z (Use `node --trace-deprecation ...` to show where the warning was created)
08 e2e	UNKNOWN STEP	2026-09-17T11:18:34.3195520Z Successfully set up CPython (3.12.14)
08 e2e	UNKNOWN STEP	2026-09-17T11:18:34.3197660Z ##[endgroup]
08 e2e	UNKNOWN STEP	2026-09-17T11:18:34.3455718Z Node 20 is being deprecated. This workflow is running with Node 24 by default. If you need to temporarily use Node 20, you can set the ACTIONS_ALLOW_USE_UNSECURE_NODE_VERSION=true environment variable. For more information see: https://github.blog/changelog/2025-09-19-deprecation-of-node-20-on-github-actions-runners/
08 e2e	UNKNOWN STEP	2026-09-17T11:18:34.3459061Z ##[group]Run actions/setup-node@v4
08 e2e	UNKNOWN STEP	2026-09-17T11:18:34.3460546Z with:
08 e2e	UNKNOWN STEP	2026-09-17T11:18:34.3461642Z   node-version: 22
08 e2e	UNKNOWN STEP	2026-09-17T11:18:34.3463016Z   always-auth: false
08 e2e	UNKNOWN STEP	2026-09-17T11:18:34.3464898Z   check-latest: false
08 e2e	UNKNOWN STEP	2026-09-17T11:18:34.3472581Z   token: ***
08 e2e	UNKNOWN STEP	2026-09-17T11:18:34.3473745Z env:
08 e2e	UNKNOWN STEP	2026-09-17T11:18:34.3474830Z   CA_AGENT_MODE: replay
08 e2e	UNKNOWN STEP	2026-09-17T11:18:34.3476271Z   pythonLocation: /opt/hostedtoolcache/Python/3.12.14/x64
08 e2e	UNKNOWN STEP	2026-09-17T11:18:34.3478077Z   PKG_CONFIG_PATH: /opt/hostedtoolcache/Python/3.12.14/x64/lib/pkgconfig
08 e2e	UNKNOWN STEP	2026-09-17T11:18:34.3479851Z   Python_ROOT_DIR: /opt/hostedtoolcache/Python/3.12.14/x64
08 e2e	UNKNOWN STEP	2026-09-17T11:18:34.3481560Z   Python2_ROOT_DIR: /opt/hostedtoolcache/Python/3.12.14/x64
08 e2e	UNKNOWN STEP	2026-09-17T11:18:34.3483168Z   Python3_ROOT_DIR: /opt/hostedtoolcache/Python/3.12.14/x64
08 e2e	UNKNOWN STEP	2026-09-17T11:18:34.3484801Z   LD_LIBRARY_PATH: /opt/hostedtoolcache/Python/3.12.14/x64/lib
08 e2e	UNKNOWN STEP	2026-09-17T11:18:34.3486350Z ##[endgroup]
08 e2e	UNKNOWN STEP	2026-09-17T11:18:34.5065377Z Found in cache @ /opt/hostedtoolcache/node/22.23.2/x64
08 e2e	UNKNOWN STEP	2026-09-17T11:18:34.5070410Z (node:2238) [DEP0040] DeprecationWarning: The `punycode` module is deprecated. Please use a userland alternative instead.
08 e2e	UNKNOWN STEP	2026-09-17T11:18:34.5072237Z (Use `node --trace-deprecation ...` to show where the warning was created)
08 e2e	UNKNOWN STEP	2026-09-17T11:18:34.5074467Z ##[group]Environment details
08 e2e	UNKNOWN STEP	2026-09-17T11:18:34.9558231Z node: v22.23.2
08 e2e	UNKNOWN STEP	2026-09-17T11:18:34.9559049Z npm: 10.9.8
08 e2e	UNKNOWN STEP	2026-09-17T11:18:34.9559753Z yarn: 1.22.22
08 e2e	UNKNOWN STEP	2026-09-17T11:18:34.9560696Z ##[endgroup]
08 e2e	UNKNOWN STEP	2026-09-17T11:18:35.0426371Z Node 20 is being deprecated. This workflow is running with Node 24 by default. If you need to temporarily use Node 20, you can set the ACTIONS_ALLOW_USE_UNSECURE_NODE_VERSION=true environment variable. For more information see: https://github.blog/changelog/2025-09-19-deprecation-of-node-20-on-github-actions-runners/
08 e2e	UNKNOWN STEP	2026-09-17T11:18:35.0427752Z ##[group]Run actions/cache@v4
08 e2e	UNKNOWN STEP	2026-09-17T11:18:35.0428043Z with:
08 e2e	UNKNOWN STEP	2026-09-17T11:18:35.0428281Z   path: ~/.cache/pip
08 e2e	UNKNOWN STEP	2026-09-17T11:18:35.0428717Z   key: pip-e2e-Linux-401709aa0cea91a843128c262b898e02c31d20a51e3b14fef49f6ffd29c45d1c
08 e2e	UNKNOWN STEP	2026-09-17T11:18:35.0429844Z   restore-keys: pip-e2e-Linux-
08 e2e	UNKNOWN STEP	2026-09-17T11:18:35.0430169Z   enableCrossOsArchive: false
08 e2e	UNKNOWN STEP	2026-09-17T11:18:35.0430467Z   fail-on-cache-miss: false
08 e2e	UNKNOWN STEP	2026-09-17T11:18:35.0430750Z   lookup-only: false
08 e2e	UNKNOWN STEP	2026-09-17T11:18:35.0431016Z   save-always: false
08 e2e	UNKNOWN STEP	2026-09-17T11:18:35.0431277Z env:
08 e2e	UNKNOWN STEP	2026-09-17T11:18:35.0431530Z   CA_AGENT_MODE: replay
08 e2e	UNKNOWN STEP	2026-09-17T11:18:35.0431914Z   pythonLocation: /opt/hostedtoolcache/Python/3.12.14/x64
08 e2e	UNKNOWN STEP	2026-09-17T11:18:35.0432392Z   PKG_CONFIG_PATH: /opt/hostedtoolcache/Python/3.12.14/x64/lib/pkgconfig
08 e2e	UNKNOWN STEP	2026-09-17T11:18:35.0432856Z   Python_ROOT_DIR: /opt/hostedtoolcache/Python/3.12.14/x64
08 e2e	UNKNOWN STEP	2026-09-17T11:18:35.0433277Z   Python2_ROOT_DIR: /opt/hostedtoolcache/Python/3.12.14/x64
08 e2e	UNKNOWN STEP	2026-09-17T11:18:35.0433699Z   Python3_ROOT_DIR: /opt/hostedtoolcache/Python/3.12.14/x64
08 e2e	UNKNOWN STEP	2026-09-17T11:18:35.0434125Z   LD_LIBRARY_PATH: /opt/hostedtoolcache/Python/3.12.14/x64/lib
08 e2e	UNKNOWN STEP	2026-09-17T11:18:35.0434499Z ##[endgroup]
08 e2e	UNKNOWN STEP	2026-09-17T11:18:35.1545249Z (node:2280) [DEP0040] DeprecationWarning: The `punycode` module is deprecated. Please use a userland alternative instead.
08 e2e	UNKNOWN STEP	2026-09-17T11:18:35.1547408Z (Use `node --trace-deprecation ...` to show where the warning was created)
08 e2e	UNKNOWN STEP	2026-09-17T11:18:35.2199679Z Cache hit for: pip-e2e-Linux-401709aa0cea91a843128c262b898e02c31d20a51e3b14fef49f6ffd29c45d1c
08 e2e	UNKNOWN STEP	2026-09-17T11:18:35.2308362Z (node:2280) [DEP0169] DeprecationWarning: `url.parse()` behavior is not standardized and prone to errors that have security implications. Use the WHATWG URL API instead. CVEs are not issued for `url.parse()` vulnerabilities.
08 e2e	UNKNOWN STEP	2026-09-17T11:18:35.6559510Z Received 94564437 of 94564437 (100.0%), 225.5 MBs/sec
08 e2e	UNKNOWN STEP	2026-09-17T11:18:35.6560572Z Cache Size: ~90 MB (94564437 B)
08 e2e	UNKNOWN STEP	2026-09-17T11:18:35.6594929Z [command]/usr/bin/tar -xf /home/runner/work/_temp/fd690f22-9786-4e44-92ef-424a6674018e/cache.tzst -P -C /home/runner/work/Crew-Operations/Crew-Operations --use-compress-program unzstd
08 e2e	UNKNOWN STEP	2026-09-17T11:18:35.8274580Z Cache restored successfully
08 e2e	UNKNOWN STEP	2026-09-17T11:18:35.8397698Z Cache restored from key: pip-e2e-Linux-401709aa0cea91a843128c262b898e02c31d20a51e3b14fef49f6ffd29c45d1c
08 e2e	UNKNOWN STEP	2026-09-17T11:18:35.9243802Z Node 20 is being deprecated. This workflow is running with Node 24 by default. If you need to temporarily use Node 20, you can set the ACTIONS_ALLOW_USE_UNSECURE_NODE_VERSION=true environment variable. For more information see: https://github.blog/changelog/2025-09-19-deprecation-of-node-20-on-github-actions-runners/
08 e2e	UNKNOWN STEP	2026-09-17T11:18:35.9245105Z ##[group]Run actions/cache@v4
08 e2e	UNKNOWN STEP	2026-09-17T11:18:35.9245352Z with:
08 e2e	UNKNOWN STEP	2026-09-17T11:18:35.9245557Z   path: apps/web/node_modules
08 e2e	UNKNOWN STEP	2026-09-17T11:18:35.9245995Z   key: npm-e2e-Linux-cbc5a47addb04da509bee67f43d9e7607fa7dd8daff9cab1b3e4f108aed3e38c
08 e2e	UNKNOWN STEP	2026-09-17T11:18:35.9246479Z   restore-keys: npm-e2e-Linux-
08 e2e	UNKNOWN STEP	2026-09-17T11:18:35.9246742Z   enableCrossOsArchive: false
08 e2e	UNKNOWN STEP	2026-09-17T11:18:35.9246994Z   fail-on-cache-miss: false
08 e2e	UNKNOWN STEP	2026-09-17T11:18:35.9247240Z   lookup-only: false
08 e2e	UNKNOWN STEP	2026-09-17T11:18:35.9247458Z   save-always: false
08 e2e	UNKNOWN STEP	2026-09-17T11:18:35.9247677Z env:
08 e2e	UNKNOWN STEP	2026-09-17T11:18:35.9247867Z   CA_AGENT_MODE: replay
08 e2e	UNKNOWN STEP	2026-09-17T11:18:35.9248206Z   pythonLocation: /opt/hostedtoolcache/Python/3.12.14/x64
08 e2e	UNKNOWN STEP	2026-09-17T11:18:35.9248641Z   PKG_CONFIG_PATH: /opt/hostedtoolcache/Python/3.12.14/x64/lib/pkgconfig
08 e2e	UNKNOWN STEP	2026-09-17T11:18:35.9249068Z   Python_ROOT_DIR: /opt/hostedtoolcache/Python/3.12.14/x64
08 e2e	UNKNOWN STEP	2026-09-17T11:18:35.9249756Z   Python2_ROOT_DIR: /opt/hostedtoolcache/Python/3.12.14/x64
08 e2e	UNKNOWN STEP	2026-09-17T11:18:35.9250161Z   Python3_ROOT_DIR: /opt/hostedtoolcache/Python/3.12.14/x64
08 e2e	UNKNOWN STEP	2026-09-17T11:18:35.9250552Z   LD_LIBRARY_PATH: /opt/hostedtoolcache/Python/3.12.14/x64/lib
08 e2e	UNKNOWN STEP	2026-09-17T11:18:35.9250880Z ##[endgroup]
08 e2e	UNKNOWN STEP	2026-09-17T11:18:36.0353640Z (node:2309) [DEP0040] DeprecationWarning: The `punycode` module is deprecated. Please use a userland alternative instead.
08 e2e	UNKNOWN STEP	2026-09-17T11:18:36.0354782Z (Use `node --trace-deprecation ...` to show where the warning was created)
08 e2e	UNKNOWN STEP	2026-09-17T11:18:36.0986982Z Cache hit for: npm-e2e-Linux-cbc5a47addb04da509bee67f43d9e7607fa7dd8daff9cab1b3e4f108aed3e38c
08 e2e	UNKNOWN STEP	2026-09-17T11:18:36.1092908Z (node:2309) [DEP0169] DeprecationWarning: `url.parse()` behavior is not standardized and prone to errors that have security implications. Use the WHATWG URL API instead. CVEs are not issued for `url.parse()` vulnerabilities.
08 e2e	UNKNOWN STEP	2026-09-17T11:18:36.8971205Z Received 179892017 of 179892017 (100.0%), 226.3 MBs/sec
08 e2e	UNKNOWN STEP	2026-09-17T11:18:36.8973485Z Cache Size: ~172 MB (179892017 B)
08 e2e	UNKNOWN STEP	2026-09-17T11:18:36.9020084Z [command]/usr/bin/tar -xf /home/runner/work/_temp/789ea1a7-4ab0-435e-9648-ffd0bba89c45/cache.tzst -P -C /home/runner/work/Crew-Operations/Crew-Operations --use-compress-program unzstd
08 e2e	UNKNOWN STEP	2026-09-17T11:18:38.7185153Z Cache restored successfully
08 e2e	UNKNOWN STEP	2026-09-17T11:18:38.7344127Z Cache restored from key: npm-e2e-Linux-cbc5a47addb04da509bee67f43d9e7607fa7dd8daff9cab1b3e4f108aed3e38c
08 e2e	UNKNOWN STEP	2026-09-17T11:18:38.8114998Z Node 20 is being deprecated. This workflow is running with Node 24 by default. If you need to temporarily use Node 20, you can set the ACTIONS_ALLOW_USE_UNSECURE_NODE_VERSION=true environment variable. For more information see: https://github.blog/changelog/2025-09-19-deprecation-of-node-20-on-github-actions-runners/
08 e2e	UNKNOWN STEP	2026-09-17T11:18:38.8116346Z ##[group]Run actions/cache@v4
08 e2e	UNKNOWN STEP	2026-09-17T11:18:38.8116600Z with:
08 e2e	UNKNOWN STEP	2026-09-17T11:18:38.8116823Z   path: ~/.cache/ms-playwright
08 e2e	UNKNOWN STEP	2026-09-17T11:18:38.8117300Z   key: playwright-Linux-cbc5a47addb04da509bee67f43d9e7607fa7dd8daff9cab1b3e4f108aed3e38c
08 e2e	UNKNOWN STEP	2026-09-17T11:18:38.8117831Z   restore-keys: playwright-Linux-
08 e2e	UNKNOWN STEP	2026-09-17T11:18:38.8118125Z   enableCrossOsArchive: false
08 e2e	UNKNOWN STEP	2026-09-17T11:18:38.8118397Z   fail-on-cache-miss: false
08 e2e	UNKNOWN STEP	2026-09-17T11:18:38.8118650Z   lookup-only: false
08 e2e	UNKNOWN STEP	2026-09-17T11:18:38.8118872Z   save-always: false
08 e2e	UNKNOWN STEP	2026-09-17T11:18:38.8119079Z env:
08 e2e	UNKNOWN STEP	2026-09-17T11:18:38.8119535Z   CA_AGENT_MODE: replay
08 e2e	UNKNOWN STEP	2026-09-17T11:18:38.8119911Z   pythonLocation: /opt/hostedtoolcache/Python/3.12.14/x64
08 e2e	UNKNOWN STEP	2026-09-17T11:18:38.8120363Z   PKG_CONFIG_PATH: /opt/hostedtoolcache/Python/3.12.14/x64/lib/pkgconfig
08 e2e	UNKNOWN STEP	2026-09-17T11:18:38.8120807Z   Python_ROOT_DIR: /opt/hostedtoolcache/Python/3.12.14/x64
08 e2e	UNKNOWN STEP	2026-09-17T11:18:38.8121220Z   Python2_ROOT_DIR: /opt/hostedtoolcache/Python/3.12.14/x64
08 e2e	UNKNOWN STEP	2026-09-17T11:18:38.8121612Z   Python3_ROOT_DIR: /opt/hostedtoolcache/Python/3.12.14/x64
08 e2e	UNKNOWN STEP	2026-09-17T11:18:38.8122010Z   LD_LIBRARY_PATH: /opt/hostedtoolcache/Python/3.12.14/x64/lib
08 e2e	UNKNOWN STEP	2026-09-17T11:18:38.8122341Z ##[endgroup]
08 e2e	UNKNOWN STEP	2026-09-17T11:18:38.9213588Z (node:2338) [DEP0040] DeprecationWarning: The `punycode` module is deprecated. Please use a userland alternative instead.
08 e2e	UNKNOWN STEP	2026-09-17T11:18:38.9214623Z (Use `node --trace-deprecation ...` to show where the warning was created)
08 e2e	UNKNOWN STEP	2026-09-17T11:18:38.9834001Z Cache hit for: playwright-Linux-cbc5a47addb04da509bee67f43d9e7607fa7dd8daff9cab1b3e4f108aed3e38c
08 e2e	UNKNOWN STEP	2026-09-17T11:18:38.9945114Z (node:2338) [DEP0169] DeprecationWarning: `url.parse()` behavior is not standardized and prone to errors that have security implications. Use the WHATWG URL API instead. CVEs are not issued for `url.parse()` vulnerabilities.
08 e2e	UNKNOWN STEP	2026-09-17T11:18:40.0391560Z Received 142606336 of 281919795 (50.6%), 136.0 MBs/sec
08 e2e	UNKNOWN STEP	2026-09-17T11:18:40.9443829Z Received 281919795 of 281919795 (100.0%), 141.1 MBs/sec
08 e2e	UNKNOWN STEP	2026-09-17T11:18:40.9447178Z Cache Size: ~269 MB (281919795 B)
08 e2e	UNKNOWN STEP	2026-09-17T11:18:40.9571653Z [command]/usr/bin/tar -xf /home/runner/work/_temp/2f8ebbc9-0355-4e28-beab-95bd42f6f323/cache.tzst -P -C /home/runner/work/Crew-Operations/Crew-Operations --use-compress-program unzstd
08 e2e	UNKNOWN STEP	2026-09-17T11:18:42.0345613Z Cache restored successfully
08 e2e	UNKNOWN STEP	2026-09-17T11:18:42.2994995Z Cache restored from key: playwright-Linux-cbc5a47addb04da509bee67f43d9e7607fa7dd8daff9cab1b3e4f108aed3e38c
08 e2e	UNKNOWN STEP	2026-09-17T11:18:42.5611435Z Node 20 is being deprecated. This workflow is running with Node 24 by default. If you need to temporarily use Node 20, you can set the ACTIONS_ALLOW_USE_UNSECURE_NODE_VERSION=true environment variable. For more information see: https://github.blog/changelog/2025-09-19-deprecation-of-node-20-on-github-actions-runners/
08 e2e	UNKNOWN STEP	2026-09-17T11:18:42.5612764Z ##[group]Run actions/cache@v4
08 e2e	UNKNOWN STEP	2026-09-17T11:18:42.5613019Z with:
08 e2e	UNKNOWN STEP	2026-09-17T11:18:42.5613454Z   path: apps/web/.next/cache
08 e2e	UNKNOWN STEP	2026-09-17T11:18:42.5614189Z   key: nextjs-Linux-cbc5a47addb04da509bee67f43d9e7607fa7dd8daff9cab1b3e4f108aed3e38c-57d1ee51f2b60732b0bf6cf6c82f77341cac330f22cd22d7f3a04b6044f625b9
08 e2e	UNKNOWN STEP	2026-09-17T11:18:42.5615176Z   restore-keys: nextjs-Linux-cbc5a47addb04da509bee67f43d9e7607fa7dd8daff9cab1b3e4f108aed3e38c-
08 e2e	UNKNOWN STEP	2026-09-17T11:18:42.5615696Z   enableCrossOsArchive: false
08 e2e	UNKNOWN STEP	2026-09-17T11:18:42.5615963Z   fail-on-cache-miss: false
08 e2e	UNKNOWN STEP	2026-09-17T11:18:42.5616214Z   lookup-only: false
08 e2e	UNKNOWN STEP	2026-09-17T11:18:42.5616435Z   save-always: false
08 e2e	UNKNOWN STEP	2026-09-17T11:18:42.5616677Z env:
08 e2e	UNKNOWN STEP	2026-09-17T11:18:42.5616933Z   CA_AGENT_MODE: replay
08 e2e	UNKNOWN STEP	2026-09-17T11:18:42.5617232Z   pythonLocation: /opt/hostedtoolcache/Python/3.12.14/x64
08 e2e	UNKNOWN STEP	2026-09-17T11:18:42.5617676Z   PKG_CONFIG_PATH: /opt/hostedtoolcache/Python/3.12.14/x64/lib/pkgconfig
08 e2e	UNKNOWN STEP	2026-09-17T11:18:42.5618110Z   Python_ROOT_DIR: /opt/hostedtoolcache/Python/3.12.14/x64
08 e2e	UNKNOWN STEP	2026-09-17T11:18:42.5618501Z   Python2_ROOT_DIR: /opt/hostedtoolcache/Python/3.12.14/x64
08 e2e	UNKNOWN STEP	2026-09-17T11:18:42.5618911Z   Python3_ROOT_DIR: /opt/hostedtoolcache/Python/3.12.14/x64
08 e2e	UNKNOWN STEP	2026-09-17T11:18:42.5619530Z   LD_LIBRARY_PATH: /opt/hostedtoolcache/Python/3.12.14/x64/lib
08 e2e	UNKNOWN STEP	2026-09-17T11:18:42.5619879Z ##[endgroup]
08 e2e	UNKNOWN STEP	2026-09-17T11:18:42.6717216Z (node:2388) [DEP0040] DeprecationWarning: The `punycode` module is deprecated. Please use a userland alternative instead.
08 e2e	UNKNOWN STEP	2026-09-17T11:18:42.6718229Z (Use `node --trace-deprecation ...` to show where the warning was created)
08 e2e	UNKNOWN STEP	2026-09-17T11:18:42.7518956Z Cache hit for: nextjs-Linux-cbc5a47addb04da509bee67f43d9e7607fa7dd8daff9cab1b3e4f108aed3e38c-57d1ee51f2b60732b0bf6cf6c82f77341cac330f22cd22d7f3a04b6044f625b9
08 e2e	UNKNOWN STEP	2026-09-17T11:18:42.7650218Z (node:2388) [DEP0169] DeprecationWarning: `url.parse()` behavior is not standardized and prone to errors that have security implications. Use the WHATWG URL API instead. CVEs are not issued for `url.parse()` vulnerabilities.
08 e2e	UNKNOWN STEP	2026-09-17T11:18:42.9250436Z Received 14963833 of 14963833 (100.0%), 107.3 MBs/sec
08 e2e	UNKNOWN STEP	2026-09-17T11:18:42.9251510Z Cache Size: ~14 MB (14963833 B)
08 e2e	UNKNOWN STEP	2026-09-17T11:18:42.9283023Z [command]/usr/bin/tar -xf /home/runner/work/_temp/2b7b4ed4-21e3-438b-b9db-0fb41a939b99/cache.tzst -P -C /home/runner/work/Crew-Operations/Crew-Operations --use-compress-program unzstd
08 e2e	UNKNOWN STEP	2026-09-17T11:18:43.2003591Z Cache restored successfully
08 e2e	UNKNOWN STEP	2026-09-17T11:18:43.2090720Z Cache restored from key: nextjs-Linux-cbc5a47addb04da509bee67f43d9e7607fa7dd8daff9cab1b3e4f108aed3e38c-57d1ee51f2b60732b0bf6cf6c82f77341cac330f22cd22d7f3a04b6044f625b9
08 e2e	UNKNOWN STEP	2026-09-17T11:18:43.2204511Z ##[group]Run pip install -e ./packages/contracts -e ./packages/solver -e ./packages/agents -e ./packages/gates -e ./packages/opsengine -e ./packages/playbook -e ./apps/api httpx pyyaml ortools uvicorn
08 e2e	UNKNOWN STEP	2026-09-17T11:18:43.2205957Z [36;1mpip install -e ./packages/contracts -e ./packages/solver -e ./packages/agents -e ./packages/gates -e ./packages/opsengine -e ./packages/playbook -e ./apps/api httpx pyyaml ortools uvicorn[0m
08 e2e	UNKNOWN STEP	2026-09-17T11:18:43.2207158Z [36;1mcd apps/web && npm ci && for attempt in 1 2 3; do npx playwright install --with-deps chromium && exit 0; rm -rf "$HOME/.cache/ms-playwright"; done; exit 1[0m
08 e2e	UNKNOWN STEP	2026-09-17T11:18:43.3496443Z shell: /usr/bin/bash -e {0}
08 e2e	UNKNOWN STEP	2026-09-17T11:18:43.3496767Z env:
08 e2e	UNKNOWN STEP	2026-09-17T11:18:43.3497010Z   CA_AGENT_MODE: replay
08 e2e	UNKNOWN STEP	2026-09-17T11:18:43.3497356Z   pythonLocation: /opt/hostedtoolcache/Python/3.12.14/x64
08 e2e	UNKNOWN STEP	2026-09-17T11:18:43.3497856Z   PKG_CONFIG_PATH: /opt/hostedtoolcache/Python/3.12.14/x64/lib/pkgconfig
08 e2e	UNKNOWN STEP	2026-09-17T11:18:43.3498721Z   Python_ROOT_DIR: /opt/hostedtoolcache/Python/3.12.14/x64
08 e2e	UNKNOWN STEP	2026-09-17T11:18:43.3499168Z   Python2_ROOT_DIR: /opt/hostedtoolcache/Python/3.12.14/x64
08 e2e	UNKNOWN STEP	2026-09-17T11:18:43.3499800Z   Python3_ROOT_DIR: /opt/hostedtoolcache/Python/3.12.14/x64
08 e2e	UNKNOWN STEP	2026-09-17T11:18:43.3500243Z   LD_LIBRARY_PATH: /opt/hostedtoolcache/Python/3.12.14/x64/lib
08 e2e	UNKNOWN STEP	2026-09-17T11:18:43.3500670Z ##[endgroup]
08 e2e	UNKNOWN STEP	2026-09-17T11:18:45.4031509Z Obtaining file:///home/runner/work/Crew-Operations/Crew-Operations/packages/contracts
08 e2e	UNKNOWN STEP	2026-09-17T11:18:45.4048900Z   Installing build dependencies: started
08 e2e	UNKNOWN STEP	2026-09-17T11:18:46.0788026Z   Installing build dependencies: finished with status 'done'
08 e2e	UNKNOWN STEP	2026-09-17T11:18:46.0794203Z   Checking if build backend supports build_editable: started
08 e2e	UNKNOWN STEP	2026-09-17T11:18:46.1277244Z   Checking if build backend supports build_editable: finished with status 'done'
08 e2e	UNKNOWN STEP	2026-09-17T11:18:46.1285320Z   Getting requirements to build editable: started
08 e2e	UNKNOWN STEP	2026-09-17T11:18:46.2813484Z   Getting requirements to build editable: finished with status 'done'
08 e2e	UNKNOWN STEP	2026-09-17T11:18:46.2826104Z   Installing backend dependencies: started
08 e2e	UNKNOWN STEP	2026-09-17T11:18:46.7333629Z   Installing backend dependencies: finished with status 'done'
08 e2e	UNKNOWN STEP	2026-09-17T11:18:46.7340607Z   Preparing editable metadata (pyproject.toml): started
08 e2e	UNKNOWN STEP	2026-09-17T11:18:46.9276189Z   Preparing editable metadata (pyproject.toml): finished with status 'done'
08 e2e	UNKNOWN STEP	2026-09-17T11:18:46.9303625Z Obtaining file:///home/runner/work/Crew-Operations/Crew-Operations/packages/solver
08 e2e	UNKNOWN STEP	2026-09-17T11:18:46.9317090Z   Installing build dependencies: started
08 e2e	UNKNOWN STEP	2026-09-17T11:18:47.4705053Z   Installing build dependencies: finished with status 'done'
08 e2e	UNKNOWN STEP	2026-09-17T11:18:47.4710911Z   Checking if build backend supports build_editable: started
08 e2e	UNKNOWN STEP	2026-09-17T11:18:47.5110900Z   Checking if build backend supports build_editable: finished with status 'done'
08 e2e	UNKNOWN STEP	2026-09-17T11:18:47.5117196Z   Getting requirements to build editable: started
08 e2e	UNKNOWN STEP	2026-09-17T11:18:47.6671341Z   Getting requirements to build editable: finished with status 'done'
08 e2e	UNKNOWN STEP	2026-09-17T11:18:47.6684838Z   Installing backend dependencies: started
08 e2e	UNKNOWN STEP	2026-09-17T11:18:48.0602125Z   Installing backend dependencies: finished with status 'done'
08 e2e	UNKNOWN STEP	2026-09-17T11:18:48.0609090Z   Preparing editable metadata (pyproject.toml): started
08 e2e	UNKNOWN STEP	2026-09-17T11:18:48.2293598Z   Preparing editable metadata (pyproject.toml): finished with status 'done'
08 e2e	UNKNOWN STEP	2026-09-17T11:18:48.2323092Z Obtaining file:///home/runner/work/Crew-Operations/Crew-Operations/packages/agents
08 e2e	UNKNOWN STEP	2026-09-17T11:18:48.2337414Z   Installing build dependencies: started
08 e2e	UNKNOWN STEP	2026-09-17T11:18:48.7893158Z   Installing build dependencies: finished with status 'done'
08 e2e	UNKNOWN STEP	2026-09-17T11:18:48.7900027Z   Checking if build backend supports build_editable: started
08 e2e	UNKNOWN STEP	2026-09-17T11:18:48.8307381Z   Checking if build backend supports build_editable: finished with status 'done'
08 e2e	UNKNOWN STEP	2026-09-17T11:18:48.8316322Z   Getting requirements to build editable: started
08 e2e	UNKNOWN STEP	2026-09-17T11:18:48.9865780Z   Getting requirements to build editable: finished with status 'done'
08 e2e	UNKNOWN STEP	2026-09-17T11:18:48.9882181Z   Installing backend dependencies: started
08 e2e	UNKNOWN STEP	2026-09-17T11:18:49.4264648Z   Installing backend dependencies: finished with status 'done'
08 e2e	UNKNOWN STEP	2026-09-17T11:18:49.4273110Z   Preparing editable metadata (pyproject.toml): started
08 e2e	UNKNOWN STEP	2026-09-17T11:18:49.6018152Z   Preparing editable metadata (pyproject.toml): finished with status 'done'
08 e2e	UNKNOWN STEP	2026-09-17T11:18:49.6048187Z Obtaining file:///home/runner/work/Crew-Operations/Crew-Operations/packages/gates
08 e2e	UNKNOWN STEP	2026-09-17T11:18:49.6073238Z   Installing build dependencies: started
08 e2e	UNKNOWN STEP	2026-09-17T11:18:50.1436640Z   Installing build dependencies: finished with status 'done'
08 e2e	UNKNOWN STEP	2026-09-17T11:18:50.1442299Z   Checking if build backend supports build_editable: started
08 e2e	UNKNOWN STEP	2026-09-17T11:18:50.1837694Z   Checking if build backend supports build_editable: finished with status 'done'
08 e2e	UNKNOWN STEP	2026-09-17T11:18:50.1846437Z   Getting requirements to build editable: started
08 e2e	UNKNOWN STEP	2026-09-17T11:18:50.3363981Z   Getting requirements to build editable: finished with status 'done'
08 e2e	UNKNOWN STEP	2026-09-17T11:18:50.3376808Z   Installing backend dependencies: started
08 e2e	UNKNOWN STEP	2026-09-17T11:18:50.7276688Z   Installing backend dependencies: finished with status 'done'
08 e2e	UNKNOWN STEP	2026-09-17T11:18:50.7283742Z   Preparing editable metadata (pyproject.toml): started
08 e2e	UNKNOWN STEP	2026-09-17T11:18:50.8980559Z   Preparing editable metadata (pyproject.toml): finished with status 'done'
08 e2e	UNKNOWN STEP	2026-09-17T11:18:50.9007050Z Obtaining file:///home/runner/work/Crew-Operations/Crew-Operations/packages/opsengine
08 e2e	UNKNOWN STEP	2026-09-17T11:18:50.9020971Z   Installing build dependencies: started
08 e2e	UNKNOWN STEP	2026-09-17T11:18:51.4350831Z   Installing build dependencies: finished with status 'done'
08 e2e	UNKNOWN STEP	2026-09-17T11:18:51.4356632Z   Checking if build backend supports build_editable: started
08 e2e	UNKNOWN STEP	2026-09-17T11:18:51.4760536Z   Checking if build backend supports build_editable: finished with status 'done'
08 e2e	UNKNOWN STEP	2026-09-17T11:18:51.4767601Z   Getting requirements to build editable: started
08 e2e	UNKNOWN STEP	2026-09-17T11:18:51.6303715Z   Getting requirements to build editable: finished with status 'done'
08 e2e	UNKNOWN STEP	2026-09-17T11:18:51.6315715Z   Installing backend dependencies: started
08 e2e	UNKNOWN STEP	2026-09-17T11:18:52.0280997Z   Installing backend dependencies: finished with status 'done'
08 e2e	UNKNOWN STEP	2026-09-17T11:18:52.0288330Z   Preparing editable metadata (pyproject.toml): started
08 e2e	UNKNOWN STEP	2026-09-17T11:18:52.1970035Z   Preparing editable metadata (pyproject.toml): finished with status 'done'
08 e2e	UNKNOWN STEP	2026-09-17T11:18:52.1996329Z Obtaining file:///home/runner/work/Crew-Operations/Crew-Operations/packages/playbook
08 e2e	UNKNOWN STEP	2026-09-17T11:18:52.2009067Z   Installing build dependencies: started
08 e2e	UNKNOWN STEP	2026-09-17T11:18:52.7267693Z   Installing build dependencies: finished with status 'done'
08 e2e	UNKNOWN STEP	2026-09-17T11:18:52.7273896Z   Checking if build backend supports build_editable: started
08 e2e	UNKNOWN STEP	2026-09-17T11:18:52.7668496Z   Checking if build backend supports build_editable: finished with status 'done'
08 e2e	UNKNOWN STEP	2026-09-17T11:18:52.7675299Z   Getting requirements to build editable: started
08 e2e	UNKNOWN STEP	2026-09-17T11:18:52.9188445Z   Getting requirements to build editable: finished with status 'done'
08 e2e	UNKNOWN STEP	2026-09-17T11:18:52.9201305Z   Installing backend dependencies: started
08 e2e	UNKNOWN STEP	2026-09-17T11:18:53.3156109Z   Installing backend dependencies: finished with status 'done'
08 e2e	UNKNOWN STEP	2026-09-17T11:18:53.3163696Z   Preparing editable metadata (pyproject.toml): started
08 e2e	UNKNOWN STEP	2026-09-17T11:18:53.4836578Z   Preparing editable metadata (pyproject.toml): finished with status 'done'
08 e2e	UNKNOWN STEP	2026-09-17T11:18:53.4862500Z Obtaining file:///home/runner/work/Crew-Operations/Crew-Operations/apps/api
08 e2e	UNKNOWN STEP	2026-09-17T11:18:53.4875821Z   Installing build dependencies: started
08 e2e	UNKNOWN STEP	2026-09-17T11:18:54.0179046Z   Installing build dependencies: finished with status 'done'
08 e2e	UNKNOWN STEP	2026-09-17T11:18:54.0184818Z   Checking if build backend supports build_editable: started
08 e2e	UNKNOWN STEP	2026-09-17T11:18:54.0577523Z   Checking if build backend supports build_editable: finished with status 'done'
08 e2e	UNKNOWN STEP	2026-09-17T11:18:54.0584567Z   Getting requirements to build editable: started
08 e2e	UNKNOWN STEP	2026-09-17T11:18:54.2108106Z   Getting requirements to build editable: finished with status 'done'
08 e2e	UNKNOWN STEP	2026-09-17T11:18:54.2120344Z   Installing backend dependencies: started
08 e2e	UNKNOWN STEP	2026-09-17T11:18:54.6211190Z   Installing backend dependencies: finished with status 'done'
08 e2e	UNKNOWN STEP	2026-09-17T11:18:54.6217794Z   Preparing editable metadata (pyproject.toml): started
08 e2e	UNKNOWN STEP	2026-09-17T11:18:54.7940886Z   Preparing editable metadata (pyproject.toml): finished with status 'done'
08 e2e	UNKNOWN STEP	2026-09-17T11:18:54.8648115Z Collecting httpx
08 e2e	UNKNOWN STEP	2026-09-17T11:18:54.8663495Z   Using cached httpx-0.28.1-py3-none-any.whl.metadata (7.1 kB)
08 e2e	UNKNOWN STEP	2026-09-17T11:18:54.9006788Z Collecting pyyaml
08 e2e	UNKNOWN STEP	2026-09-17T11:18:54.9021350Z   Using cached pyyaml-6.0.3-cp312-cp312-manylinux2014_x86_64.manylinux_2_17_x86_64.manylinux_2_28_x86_64.whl.metadata (2.4 kB)
08 e2e	UNKNOWN STEP	2026-09-17T11:18:54.9254942Z Collecting ortools
08 e2e	UNKNOWN STEP	2026-09-17T11:18:54.9270075Z   Using cached ortools-9.15.6755-cp312-cp312-manylinux_2_27_x86_64.manylinux_2_28_x86_64.whl.metadata (3.3 kB)
08 e2e	UNKNOWN STEP	2026-09-17T11:18:54.9503786Z Collecting uvicorn
08 e2e	UNKNOWN STEP	2026-09-17T11:18:54.9516496Z   Using cached uvicorn-0.53.0-py3-none-any.whl.metadata (6.6 kB)
08 e2e	UNKNOWN STEP	2026-09-17T11:18:55.0623604Z Collecting pydantic>=2.9.0 (from ca-contracts==0.1.0)
08 e2e	UNKNOWN STEP	2026-09-17T11:18:55.0635555Z   Using cached pydantic-2.13.5-py3-none-any.whl.metadata (110 kB)
08 e2e	UNKNOWN STEP	2026-09-17T11:18:55.2569636Z Collecting numpy>=2.0 (from ca-agents==0.1.0)
08 e2e	UNKNOWN STEP	2026-09-17T11:18:55.2584254Z   Using cached numpy-2.5.3-cp312-cp312-manylinux_2_27_x86_64.manylinux_2_28_x86_64.whl.metadata (6.6 kB)
08 e2e	UNKNOWN STEP	2026-09-17T11:18:55.3562015Z Collecting websockets>=15.0 (from ca-agents==0.1.0)
08 e2e	UNKNOWN STEP	2026-09-17T11:18:55.3577244Z   Using cached websockets-17.1-cp312-cp312-manylinux1_x86_64.manylinux_2_28_x86_64.manylinux_2_5_x86_64.whl.metadata (6.3 kB)
08 e2e	UNKNOWN STEP	2026-09-17T11:18:55.3760697Z Collecting alembic>=1.13.0 (from ca-api==0.1.0)
08 e2e	UNKNOWN STEP	2026-09-17T11:18:55.3773883Z   Using cached alembic-1.20.0-py3-none-any.whl.metadata (7.3 kB)
08 e2e	UNKNOWN STEP	2026-09-17T11:18:55.4144350Z Collecting fastapi>=0.115.0 (from ca-api==0.1.0)
08 e2e	UNKNOWN STEP	2026-09-17T11:18:55.4158919Z   Using cached fastapi-0.141.1-py3-none-any.whl.metadata (27 kB)
08 e2e	UNKNOWN STEP	2026-09-17T11:18:55.4335649Z Collecting openpyxl>=3.1.5 (from ca-api==0.1.0)
08 e2e	UNKNOWN STEP	2026-09-17T11:18:55.4348768Z   Using cached openpyxl-3.1.5-py2.py3-none-any.whl.metadata (2.5 kB)
08 e2e	UNKNOWN STEP	2026-09-17T11:18:55.4484856Z Collecting psycopg>=3.2.0 (from psycopg[binary]>=3.2.0->ca-api==0.1.0)
08 e2e	UNKNOWN STEP	2026-09-17T11:18:55.4497854Z   Using cached psycopg-3.3.5-py3-none-any.whl.metadata (4.3 kB)
08 e2e	UNKNOWN STEP	2026-09-17T11:18:55.4636562Z Collecting python-multipart>=0.0.9 (from ca-api==0.1.0)
08 e2e	UNKNOWN STEP	2026-09-17T11:18:55.4649722Z   Using cached python_multipart-0.0.32-py3-none-any.whl.metadata (2.1 kB)
08 e2e	UNKNOWN STEP	2026-09-17T11:18:55.4856379Z Collecting redis>=5.0.0 (from ca-api==0.1.0)
08 e2e	UNKNOWN STEP	2026-09-17T11:18:55.4870103Z   Using cached redis-8.1.0-py3-none-any.whl.metadata (16 kB)
08 e2e	UNKNOWN STEP	2026-09-17T11:18:55.5836182Z Collecting reportlab>=4.2.5 (from ca-api==0.1.0)
08 e2e	UNKNOWN STEP	2026-09-17T11:18:55.5852169Z   Using cached reportlab-5.0.1-py3-none-any.whl.metadata (1.6 kB)
08 e2e	UNKNOWN STEP	2026-09-17T11:18:55.8627805Z Collecting sqlalchemy>=2.0.0 (from ca-api==0.1.0)
08 e2e	UNKNOWN STEP	2026-09-17T11:18:55.8642781Z   Using cached sqlalchemy-2.0.54-cp312-cp312-manylinux2014_x86_64.manylinux_2_17_x86_64.manylinux_2_28_x86_64.whl.metadata (9.7 kB)
08 e2e	UNKNOWN STEP	2026-09-17T11:18:55.8884999Z Collecting anyio (from httpx)
08 e2e	UNKNOWN STEP	2026-09-17T11:18:55.8898905Z   Using cached anyio-4.15.1-py3-none-any.whl.metadata (4.7 kB)
08 e2e	UNKNOWN STEP	2026-09-17T11:18:55.9060361Z Collecting certifi (from httpx)
08 e2e	UNKNOWN STEP	2026-09-17T11:18:55.9073506Z   Using cached certifi-2026.7.22-py3-none-any.whl.metadata (2.5 kB)
08 e2e	UNKNOWN STEP	2026-09-17T11:18:55.9210429Z Collecting httpcore==1.* (from httpx)
08 e2e	UNKNOWN STEP	2026-09-17T11:18:55.9224310Z   Using cached httpcore-1.0.9-py3-none-any.whl.metadata (21 kB)
08 e2e	UNKNOWN STEP	2026-09-17T11:18:55.9353215Z Collecting idna (from httpx)
08 e2e	UNKNOWN STEP	2026-09-17T11:18:55.9365588Z   Using cached idna-3.19-py3-none-any.whl.metadata (9.2 kB)
08 e2e	UNKNOWN STEP	2026-09-17T11:18:55.9465432Z Collecting h11>=0.16 (from httpcore==1.*->httpx)
08 e2e	UNKNOWN STEP	2026-09-17T11:18:55.9477624Z   Using cached h11-0.16.0-py3-none-any.whl.metadata (8.3 kB)
08 e2e	UNKNOWN STEP	2026-09-17T11:18:55.9594306Z Collecting absl-py>=2.0.0 (from ortools)
08 e2e	UNKNOWN STEP	2026-09-17T11:18:55.9607831Z   Using cached absl_py-2.5.0-py3-none-any.whl.metadata (3.3 kB)
08 e2e	UNKNOWN STEP	2026-09-17T11:18:56.0674778Z Collecting pandas>=2.0.0 (from ortools)
08 e2e	UNKNOWN STEP	2026-09-17T11:18:56.0692189Z   Using cached pandas-3.0.5-cp312-cp312-manylinux_2_24_x86_64.manylinux_2_28_x86_64.whl.metadata (79 kB)
08 e2e	UNKNOWN STEP	2026-09-17T11:18:56.2287694Z Collecting protobuf<6.34,>=6.33.1 (from ortools)
08 e2e	UNKNOWN STEP	2026-09-17T11:18:56.2302497Z   Using cached protobuf-6.33.6-cp39-abi3-manylinux2014_x86_64.whl.metadata (593 bytes)
08 e2e	UNKNOWN STEP	2026-09-17T11:18:56.2435637Z Collecting typing-extensions>=4.12 (from ortools)
08 e2e	UNKNOWN STEP	2026-09-17T11:18:56.2449188Z   Using cached typing_extensions-4.16.0-py3-none-any.whl.metadata (3.3 kB)
08 e2e	UNKNOWN STEP	2026-09-17T11:18:56.2555940Z Collecting immutabledict>=3.0.0 (from ortools)
08 e2e	UNKNOWN STEP	2026-09-17T11:18:56.2568097Z   Using cached immutabledict-4.3.1-py3-none-any.whl.metadata (3.5 kB)
08 e2e	UNKNOWN STEP	2026-09-17T11:18:56.2711591Z Collecting click>=7.0 (from uvicorn)
08 e2e	UNKNOWN STEP	2026-09-17T11:18:56.2723719Z   Using cached click-8.5.0-py3-none-any.whl.metadata (2.6 kB)
08 e2e	UNKNOWN STEP	2026-09-17T11:18:56.2862810Z Collecting Mako (from alembic>=1.13.0->ca-api==0.1.0)
08 e2e	UNKNOWN STEP	2026-09-17T11:18:56.2875540Z   Using cached mako-1.4.1-py3-none-any.whl.metadata (2.9 kB)
08 e2e	UNKNOWN STEP	2026-09-17T11:18:56.3092826Z Collecting starlette>=0.46.0 (from fastapi>=0.115.0->ca-api==0.1.0)
08 e2e	UNKNOWN STEP	2026-09-17T11:18:56.3105660Z   Using cached starlette-1.6.0-py3-none-any.whl.metadata (6.4 kB)
08 e2e	UNKNOWN STEP	2026-09-17T11:18:56.3221783Z Collecting typing-inspection>=0.4.2 (from fastapi>=0.115.0->ca-api==0.1.0)
08 e2e	UNKNOWN STEP	2026-09-17T11:18:56.3233892Z   Using cached typing_inspection-0.4.4-py3-none-any.whl.metadata (2.6 kB)
08 e2e	UNKNOWN STEP	2026-09-17T11:18:56.3315017Z Collecting annotated-doc>=0.0.2 (from fastapi>=0.115.0->ca-api==0.1.0)
08 e2e	UNKNOWN STEP	2026-09-17T11:18:56.3326985Z   Using cached annotated_doc-0.0.5-py3-none-any.whl.metadata (6.5 kB)
08 e2e	UNKNOWN STEP	2026-09-17T11:18:56.3445571Z Collecting et-xmlfile (from openpyxl>=3.1.5->ca-api==0.1.0)
08 e2e	UNKNOWN STEP	2026-09-17T11:18:56.3457829Z   Using cached et_xmlfile-2.0.0-py3-none-any.whl.metadata (2.7 kB)
08 e2e	UNKNOWN STEP	2026-09-17T11:18:56.3596227Z Collecting python-dateutil>=2.8.2 (from pandas>=2.0.0->ortools)
08 e2e	UNKNOWN STEP	2026-09-17T11:18:56.3608816Z   Using cached python_dateutil-2.9.0.post0-py2.py3-none-any.whl.metadata (8.4 kB)
08 e2e	UNKNOWN STEP	2026-09-17T11:18:56.5276603Z Collecting psycopg-binary==3.3.5 (from psycopg[binary]>=3.2.0->ca-api==0.1.0)
08 e2e	UNKNOWN STEP	2026-09-17T11:18:56.5291932Z   Using cached psycopg_binary-3.3.5-cp312-cp312-manylinux2014_x86_64.manylinux_2_17_x86_64.whl.metadata (2.7 kB)
08 e2e	UNKNOWN STEP	2026-09-17T11:18:56.5390508Z Collecting annotated-types>=0.6.0 (from pydantic>=2.9.0->ca-contracts==0.1.0)
08 e2e	UNKNOWN STEP	2026-09-17T11:18:56.5403428Z   Using cached annotated_types-0.8.0-py3-none-any.whl.metadata (15 kB)
08 e2e	UNKNOWN STEP	2026-09-17T11:18:57.1939875Z Collecting pydantic-core==2.46.5 (from pydantic>=2.9.0->ca-contracts==0.1.0)
08 e2e	UNKNOWN STEP	2026-09-17T11:18:57.1954232Z   Using cached pydantic_core-2.46.5-cp312-cp312-manylinux_2_17_x86_64.manylinux2014_x86_64.whl.metadata (6.6 kB)
08 e2e	UNKNOWN STEP	2026-09-17T11:18:57.2089877Z Collecting six>=1.5 (from python-dateutil>=2.8.2->pandas>=2.0.0->ortools)
08 e2e	UNKNOWN STEP	2026-09-17T11:18:57.2102289Z   Using cached six-1.17.0-py2.py3-none-any.whl.metadata (1.7 kB)
08 e2e	UNKNOWN STEP	2026-09-17T11:18:57.3634668Z Collecting pillow>=9.0.0 (from reportlab>=4.2.5->ca-api==0.1.0)
08 e2e	UNKNOWN STEP	2026-09-17T11:18:57.3648729Z   Using cached pillow-12.3.0-cp312-cp312-manylinux_2_27_x86_64.manylinux_2_28_x86_64.whl.metadata (9.1 kB)
08 e2e	UNKNOWN STEP	2026-09-17T11:18:57.4753920Z Collecting charset-normalizer (from reportlab>=4.2.5->ca-api==0.1.0)
08 e2e	UNKNOWN STEP	2026-09-17T11:18:57.4768093Z   Using cached charset_normalizer-3.5.1-cp312-cp312-manylinux2014_x86_64.manylinux_2_17_x86_64.manylinux_2_28_x86_64.whl.metadata (45 kB)
08 e2e	UNKNOWN STEP	2026-09-17T11:18:57.6188312Z Collecting greenlet>=1 (from sqlalchemy>=2.0.0->ca-api==0.1.0)
08 e2e	UNKNOWN STEP	2026-09-17T11:18:57.6204243Z   Using cached greenlet-3.5.6-cp312-cp312-manylinux_2_24_x86_64.manylinux_2_28_x86_64.whl.metadata (3.8 kB)
08 e2e	UNKNOWN STEP	2026-09-17T11:18:57.6584791Z Collecting httptools>=0.8.0 (from uvicorn[standard]>=0.32.0->ca-api==0.1.0)
08 e2e	UNKNOWN STEP	2026-09-17T11:18:57.6600224Z   Using cached httptools-0.8.0-cp312-cp312-manylinux1_x86_64.manylinux_2_28_x86_64.manylinux_2_5_x86_64.whl.metadata (3.5 kB)
08 e2e	UNKNOWN STEP	2026-09-17T11:18:57.6730628Z Collecting python-dotenv>=0.13 (from uvicorn[standard]>=0.32.0->ca-api==0.1.0)
08 e2e	UNKNOWN STEP	2026-09-17T11:18:57.6744273Z   Using cached python_dotenv-1.2.3-py3-none-any.whl.metadata (29 kB)
08 e2e	UNKNOWN STEP	2026-09-17T11:18:57.7099555Z Collecting uvloop>=0.15.1 (from uvicorn[standard]>=0.32.0->ca-api==0.1.0)
08 e2e	UNKNOWN STEP	2026-09-17T11:18:57.7113794Z   Using cached uvloop-0.22.1-cp312-cp312-manylinux2014_x86_64.manylinux_2_17_x86_64.manylinux_2_28_x86_64.whl.metadata (4.9 kB)
08 e2e	UNKNOWN STEP	2026-09-17T11:18:57.7818276Z Collecting watchfiles>=0.20 (from uvicorn[standard]>=0.32.0->ca-api==0.1.0)
08 e2e	UNKNOWN STEP	2026-09-17T11:18:57.7834313Z   Using cached watchfiles-1.2.0-cp312-cp312-manylinux_2_17_x86_64.manylinux2014_x86_64.whl.metadata (4.9 kB)
08 e2e	UNKNOWN STEP	2026-09-17T11:18:57.8368585Z Collecting MarkupSafe>=2.0 (from Mako->alembic>=1.13.0->ca-api==0.1.0)
08 e2e	UNKNOWN STEP	2026-09-17T11:18:57.8384066Z   Using cached markupsafe-3.0.3-cp312-cp312-manylinux2014_x86_64.manylinux_2_17_x86_64.manylinux_2_28_x86_64.whl.metadata (2.7 kB)
08 e2e	UNKNOWN STEP	2026-09-17T11:18:57.8426809Z Using cached httpx-0.28.1-py3-none-any.whl (73 kB)
08 e2e	UNKNOWN STEP	2026-09-17T11:18:57.8439531Z Using cached httpcore-1.0.9-py3-none-any.whl (78 kB)
08 e2e	UNKNOWN STEP	2026-09-17T11:18:57.8452577Z Using cached pyyaml-6.0.3-cp312-cp312-manylinux2014_x86_64.manylinux_2_17_x86_64.manylinux_2_28_x86_64.whl (807 kB)
08 e2e	UNKNOWN STEP	2026-09-17T11:18:57.8467742Z Using cached ortools-9.15.6755-cp312-cp312-manylinux_2_27_x86_64.manylinux_2_28_x86_64.whl (29.8 MB)
08 e2e	UNKNOWN STEP	2026-09-17T11:18:57.8594944Z Using cached protobuf-6.33.6-cp39-abi3-manylinux2014_x86_64.whl (323 kB)
08 e2e	UNKNOWN STEP	2026-09-17T11:18:57.8608666Z Using cached uvicorn-0.53.0-py3-none-any.whl (87 kB)
08 e2e	UNKNOWN STEP	2026-09-17T11:18:57.8620870Z Using cached absl_py-2.5.0-py3-none-any.whl (137 kB)
08 e2e	UNKNOWN STEP	2026-09-17T11:18:57.8633282Z Using cached alembic-1.20.0-py3-none-any.whl (268 kB)
08 e2e	UNKNOWN STEP	2026-09-17T11:18:57.8646158Z Using cached click-8.5.0-py3-none-any.whl (125 kB)
08 e2e	UNKNOWN STEP	2026-09-17T11:18:57.8658373Z Using cached fastapi-0.141.1-py3-none-any.whl (131 kB)
08 e2e	UNKNOWN STEP	2026-09-17T11:18:57.8670529Z Using cached annotated_doc-0.0.5-py3-none-any.whl (5.3 kB)
08 e2e	UNKNOWN STEP	2026-09-17T11:18:57.8681890Z Using cached h11-0.16.0-py3-none-any.whl (37 kB)
08 e2e	UNKNOWN STEP	2026-09-17T11:18:57.8693341Z Using cached immutabledict-4.3.1-py3-none-any.whl (5.0 kB)
08 e2e	UNKNOWN STEP	2026-09-17T11:18:57.8704848Z Using cached numpy-2.5.3-cp312-cp312-manylinux_2_27_x86_64.manylinux_2_28_x86_64.whl (16.7 MB)
08 e2e	UNKNOWN STEP	2026-09-17T11:18:57.8779754Z Using cached openpyxl-3.1.5-py2.py3-none-any.whl (250 kB)
08 e2e	UNKNOWN STEP	2026-09-17T11:18:57.8792918Z Using cached pandas-3.0.5-cp312-cp312-manylinux_2_24_x86_64.manylinux_2_28_x86_64.whl (11.0 MB)
08 e2e	UNKNOWN STEP	2026-09-17T11:18:57.8844727Z Using cached psycopg-3.3.5-py3-none-any.whl (213 kB)
08 e2e	UNKNOWN STEP	2026-09-17T11:18:57.8857891Z Using cached psycopg_binary-3.3.5-cp312-cp312-manylinux2014_x86_64.manylinux_2_17_x86_64.whl (5.2 MB)
08 e2e	UNKNOWN STEP	2026-09-17T11:18:57.8889164Z Using cached pydantic-2.13.5-py3-none-any.whl (472 kB)
08 e2e	UNKNOWN STEP	2026-09-17T11:18:57.8903394Z Using cached pydantic_core-2.46.5-cp312-cp312-manylinux_2_17_x86_64.manylinux2014_x86_64.whl (2.1 MB)
08 e2e	UNKNOWN STEP	2026-09-17T11:18:57.8923041Z Using cached annotated_types-0.8.0-py3-none-any.whl (13 kB)
08 e2e	UNKNOWN STEP	2026-09-17T11:18:57.8934836Z Using cached python_dateutil-2.9.0.post0-py2.py3-none-any.whl (229 kB)
08 e2e	UNKNOWN STEP	2026-09-17T11:18:57.8947171Z Using cached python_multipart-0.0.32-py3-none-any.whl (30 kB)
08 e2e	UNKNOWN STEP	2026-09-17T11:18:57.8958730Z Using cached redis-8.1.0-py3-none-any.whl (560 kB)
08 e2e	UNKNOWN STEP	2026-09-17T11:18:57.8973561Z Using cached reportlab-5.0.1-py3-none-any.whl (2.0 MB)
08 e2e	UNKNOWN STEP	2026-09-17T11:18:57.8993149Z Using cached pillow-12.3.0-cp312-cp312-manylinux_2_27_x86_64.manylinux_2_28_x86_64.whl (6.9 MB)
08 e2e	UNKNOWN STEP	2026-09-17T11:18:57.9032353Z Using cached six-1.17.0-py2.py3-none-any.whl (11 kB)
08 e2e	UNKNOWN STEP	2026-09-17T11:18:57.9044451Z Using cached sqlalchemy-2.0.54-cp312-cp312-manylinux2014_x86_64.manylinux_2_17_x86_64.manylinux_2_28_x86_64.whl (3.5 MB)
08 e2e	UNKNOWN STEP	2026-09-17T11:18:57.9068843Z Using cached greenlet-3.5.6-cp312-cp312-manylinux_2_24_x86_64.manylinux_2_28_x86_64.whl (621 kB)
08 e2e	UNKNOWN STEP	2026-09-17T11:18:57.9082446Z Using cached starlette-1.6.0-py3-none-any.whl (75 kB)
08 e2e	UNKNOWN STEP	2026-09-17T11:18:57.9094095Z Using cached anyio-4.15.1-py3-none-any.whl (132 kB)
08 e2e	UNKNOWN STEP	2026-09-17T11:18:57.9105861Z Using cached idna-3.19-py3-none-any.whl (68 kB)
08 e2e	UNKNOWN STEP	2026-09-17T11:18:57.9117650Z Using cached typing_extensions-4.16.0-py3-none-any.whl (45 kB)
08 e2e	UNKNOWN STEP	2026-09-17T11:18:57.9129208Z Using cached typing_inspection-0.4.4-py3-none-any.whl (14 kB)
08 e2e	UNKNOWN STEP	2026-09-17T11:18:57.9141515Z Using cached httptools-0.8.0-cp312-cp312-manylinux1_x86_64.manylinux_2_28_x86_64.manylinux_2_5_x86_64.whl (523 kB)
08 e2e	UNKNOWN STEP	2026-09-17T11:18:57.9154540Z Using cached python_dotenv-1.2.3-py3-none-any.whl (22 kB)
08 e2e	UNKNOWN STEP	2026-09-17T11:18:57.9166683Z Using cached uvloop-0.22.1-cp312-cp312-manylinux2014_x86_64.manylinux_2_17_x86_64.manylinux_2_28_x86_64.whl (4.4 MB)
08 e2e	UNKNOWN STEP	2026-09-17T11:18:57.9194704Z Using cached watchfiles-1.2.0-cp312-cp312-manylinux_2_17_x86_64.manylinux2014_x86_64.whl (456 kB)
08 e2e	UNKNOWN STEP	2026-09-17T11:18:57.9208235Z Using cached websockets-17.1-cp312-cp312-manylinux1_x86_64.manylinux_2_28_x86_64.manylinux_2_5_x86_64.whl (224 kB)
08 e2e	UNKNOWN STEP	2026-09-17T11:18:57.9220444Z Using cached certifi-2026.7.22-py3-none-any.whl (136 kB)
08 e2e	UNKNOWN STEP	2026-09-17T11:18:57.9232687Z Using cached charset_normalizer-3.5.1-cp312-cp312-manylinux2014_x86_64.manylinux_2_17_x86_64.manylinux_2_28_x86_64.whl (248 kB)
08 e2e	UNKNOWN STEP	2026-09-17T11:18:57.9244423Z Using cached et_xmlfile-2.0.0-py3-none-any.whl (18 kB)
08 e2e	UNKNOWN STEP	2026-09-17T11:18:57.9255994Z Using cached mako-1.4.1-py3-none-any.whl (80 kB)
08 e2e	UNKNOWN STEP	2026-09-17T11:18:57.9269182Z Using cached markupsafe-3.0.3-cp312-cp312-manylinux2014_x86_64.manylinux_2_17_x86_64.manylinux_2_28_x86_64.whl (22 kB)
08 e2e	UNKNOWN STEP	2026-09-17T11:18:58.1297531Z Building wheels for collected packages: ca-contracts, ca-solver, ca-agents, ca-gates, ca-ops, ca-playbook, ca-api
08 e2e	UNKNOWN STEP	2026-09-17T11:18:58.1306405Z   Building editable for ca-contracts (pyproject.toml): started
08 e2e	UNKNOWN STEP	2026-09-17T11:18:58.1672153Z   Building editable for ca-contracts (pyproject.toml): finished with status 'done'
08 e2e	UNKNOWN STEP	2026-09-17T11:18:58.1678581Z   Created wheel for ca-contracts: filename=ca_contracts-0.1.0-py3-none-any.whl size=1048 sha256=e6985992e702156008d0c255ae928f11468c702f4bc10010ab62b937bbae49f2
08 e2e	UNKNOWN STEP	2026-09-17T11:18:58.1681344Z   Stored in directory: /tmp/pip-ephem-wheel-cache-vjj1oc_h/wheels/ae/31/3e/c90099f82aa608ba604815fec62068d75bab82b240dc2a2cd6
08 e2e	UNKNOWN STEP	2026-09-17T11:18:58.1700083Z   Building editable for ca-solver (pyproject.toml): started
08 e2e	UNKNOWN STEP	2026-09-17T11:18:58.2062076Z   Building editable for ca-solver (pyproject.toml): finished with status 'done'
08 e2e	UNKNOWN STEP	2026-09-17T11:18:58.2068407Z   Created wheel for ca-solver: filename=ca_solver-0.1.0-py3-none-any.whl size=1028 sha256=6a80af0f7c3310b1929b55bf406766a2eacba1d8e8de408f8d53ff65cc071d68
08 e2e	UNKNOWN STEP	2026-09-17T11:18:58.2070738Z   Stored in directory: /tmp/pip-ephem-wheel-cache-vjj1oc_h/wheels/24/dd/b7/73d4129de13b6b8f553654f8b235a6569fe6440efd35ae8f6f
08 e2e	UNKNOWN STEP	2026-09-17T11:18:58.2090211Z   Building editable for ca-agents (pyproject.toml): started
08 e2e	UNKNOWN STEP	2026-09-17T11:18:58.2460663Z   Building editable for ca-agents (pyproject.toml): finished with status 'done'
08 e2e	UNKNOWN STEP	2026-09-17T11:18:58.2466804Z   Created wheel for ca-agents: filename=ca_agents-0.1.0-py3-none-any.whl size=1079 sha256=97cbb170c64ab31351a09aa939ccc03921d023c3734d4b21044db463523bf5eb
08 e2e	UNKNOWN STEP	2026-09-17T11:18:58.2468828Z   Stored in directory: /tmp/pip-ephem-wheel-cache-vjj1oc_h/wheels/7d/74/45/097989308b6b90c0a1b2ac54580ddccf77df0c68c4c591fb75
08 e2e	UNKNOWN STEP	2026-09-17T11:18:58.2490141Z   Building editable for ca-gates (pyproject.toml): started
08 e2e	UNKNOWN STEP	2026-09-17T11:18:58.2858778Z   Building editable for ca-gates (pyproject.toml): finished with status 'done'
08 e2e	UNKNOWN STEP	2026-09-17T11:18:58.2865398Z   Created wheel for ca-gates: filename=ca_gates-0.1.0-py3-none-any.whl size=983 sha256=a88aaee0837d39e8b5ff400afca45e78fe64f2fd8a425acb81d3605a556a7ae7
08 e2e	UNKNOWN STEP	2026-09-17T11:18:58.2867513Z   Stored in directory: /tmp/pip-ephem-wheel-cache-vjj1oc_h/wheels/3c/98/6e/da1ae25287c2a97e4673f588b6d11befba1ecc0a9e78790f59
08 e2e	UNKNOWN STEP	2026-09-17T11:18:58.2887490Z   Building editable for ca-ops (pyproject.toml): started
08 e2e	UNKNOWN STEP	2026-09-17T11:18:58.3259662Z   Building editable for ca-ops (pyproject.toml): finished with status 'done'
08 e2e	UNKNOWN STEP	2026-09-17T11:18:58.3266158Z   Created wheel for ca-ops: filename=ca_ops-0.1.0-py3-none-any.whl size=988 sha256=87b2d0bd80c60e37650299ac3378290b45ef9205d91da7f6e97d378fa9fdfab9
08 e2e	UNKNOWN STEP	2026-09-17T11:18:58.3268395Z   Stored in directory: /tmp/pip-ephem-wheel-cache-vjj1oc_h/wheels/bc/bf/a6/9a8940687cb526a2e770189f6bb62d9662084e9802ca609132
08 e2e	UNKNOWN STEP	2026-09-17T11:18:58.3287687Z   Building editable for ca-playbook (pyproject.toml): started
08 e2e	UNKNOWN STEP	2026-09-17T11:18:58.3664242Z   Building editable for ca-playbook (pyproject.toml): finished with status 'done'
08 e2e	UNKNOWN STEP	2026-09-17T11:18:58.3671457Z   Created wheel for ca-playbook: filename=ca_playbook-0.1.0-py3-none-any.whl size=1015 sha256=5ddb64b35755e16a64c285f4a891989adc0768c0ceee6bdc2ce2e191d3befb1d
08 e2e	UNKNOWN STEP	2026-09-17T11:18:58.3673562Z   Stored in directory: /tmp/pip-ephem-wheel-cache-vjj1oc_h/wheels/a6/47/36/dd0db4bb9605425b2141d20b3b5f5d9e0628c0f9ee002736f4
08 e2e	UNKNOWN STEP	2026-09-17T11:18:58.3692975Z   Building editable for ca-api (pyproject.toml): started
08 e2e	UNKNOWN STEP	2026-09-17T11:18:58.4085780Z   Building editable for ca-api (pyproject.toml): finished with status 'done'
08 e2e	UNKNOWN STEP	2026-09-17T11:18:58.4092188Z   Created wheel for ca-api: filename=ca_api-0.1.0-py3-none-any.whl size=1126 sha256=5fa845276ae14b3783b82d08c812bb5f32d1bd38295cca12dcc11656926deb3d
08 e2e	UNKNOWN STEP	2026-09-17T11:18:58.4094254Z   Stored in directory: /tmp/pip-ephem-wheel-cache-vjj1oc_h/wheels/14/dc/31/15fa128282adf8c964a77e8499ec61783d8c71fa4efe063d1a
08 e2e	UNKNOWN STEP	2026-09-17T11:18:58.4109147Z Successfully built ca-contracts ca-solver ca-agents ca-gates ca-ops ca-playbook ca-api
08 e2e	UNKNOWN STEP	2026-09-17T11:18:58.5193670Z Installing collected packages: websockets, uvloop, typing-extensions, six, redis, pyyaml, python-multipart, python-dotenv, psycopg-binary, protobuf, pillow, numpy, MarkupSafe, immutabledict, idna, httptools, h11, greenlet, et-xmlfile, click, charset-normalizer, certifi, ca-playbook, ca-gates, annotated-types, annotated-doc, absl-py, uvicorn, typing-inspection, sqlalchemy, reportlab, python-dateutil, pydantic-core, psycopg, openpyxl, Mako, httpcore, ca-ops, ca-agents, anyio, watchfiles, starlette, pydantic, pandas, httpx, alembic, ortools, fastapi, ca-contracts, ca-solver, ca-api
08 e2e	UNKNOWN STEP	2026-09-17T11:19:10.7643420Z 
08 e2e	UNKNOWN STEP	2026-09-17T11:19:10.7691985Z Successfully installed Mako-1.4.1 MarkupSafe-3.0.3 absl-py-2.5.0 alembic-1.20.0 annotated-doc-0.0.5 annotated-types-0.8.0 anyio-4.15.1 ca-agents-0.1.0 ca-api-0.1.0 ca-contracts-0.1.0 ca-gates-0.1.0 ca-ops-0.1.0 ca-playbook-0.1.0 ca-solver-0.1.0 certifi-2026.7.22 charset-normalizer-3.5.1 click-8.5.0 et-xmlfile-2.0.0 fastapi-0.141.1 greenlet-3.5.6 h11-0.16.0 httpcore-1.0.9 httptools-0.8.0 httpx-0.28.1 idna-3.19 immutabledict-4.3.1 numpy-2.5.3 openpyxl-3.1.5 ortools-9.15.6755 pandas-3.0.5 pillow-12.3.0 protobuf-6.33.6 psycopg-3.3.5 psycopg-binary-3.3.5 pydantic-2.13.5 pydantic-core-2.46.5 python-dateutil-2.9.0.post0 python-dotenv-1.2.3 python-multipart-0.0.32 pyyaml-6.0.3 redis-8.1.0 reportlab-5.0.1 six-1.17.0 sqlalchemy-2.0.54 starlette-1.6.0 typing-extensions-4.16.0 typing-inspection-0.4.4 uvicorn-0.53.0 uvloop-0.22.1 watchfiles-1.2.0 websockets-17.1
08 e2e	UNKNOWN STEP	2026-09-17T11:19:24.6083708Z 
08 e2e	UNKNOWN STEP	2026-09-17T11:19:24.6086672Z added 176 packages, and audited 177 packages in 13s
08 e2e	UNKNOWN STEP	2026-09-17T11:19:24.6087222Z 
08 e2e	UNKNOWN STEP	2026-09-17T11:19:24.6087555Z 32 packages are looking for funding
08 e2e	UNKNOWN STEP	2026-09-17T11:19:24.6087999Z   run `npm fund` for details
08 e2e	UNKNOWN STEP	2026-09-17T11:19:24.6468434Z 
08 e2e	UNKNOWN STEP	2026-09-17T11:19:24.6469076Z 2 vulnerabilities (1 moderate, 1 high)
08 e2e	UNKNOWN STEP	2026-09-17T11:19:24.6469710Z 
08 e2e	UNKNOWN STEP	2026-09-17T11:19:24.6470038Z To address all issues (including breaking changes), run:
08 e2e	UNKNOWN STEP	2026-09-17T11:19:24.6470543Z   npm audit fix --force
08 e2e	UNKNOWN STEP	2026-09-17T11:19:24.6470748Z 
08 e2e	UNKNOWN STEP	2026-09-17T11:19:24.6470919Z Run `npm audit` for details.
08 e2e	UNKNOWN STEP	2026-09-17T11:19:25.5127915Z Installing dependencies...
08 e2e	UNKNOWN STEP	2026-09-17T11:19:25.5191128Z Switching to root user to install dependencies...
08 e2e	UNKNOWN STEP	2026-09-17T11:19:26.0836671Z Get:1 file:/etc/apt/apt-mirrors.txt Mirrorlist [144 B]
08 e2e	UNKNOWN STEP	2026-09-17T11:19:26.1016866Z Get:6 https://packages.microsoft.com/ubuntu/24.04/prod noble InRelease [3600 B]
08 e2e	UNKNOWN STEP	2026-09-17T11:19:26.1376022Z Hit:2 http://azure.archive.ubuntu.com/ubuntu noble InRelease
08 e2e	UNKNOWN STEP	2026-09-17T11:19:26.1377592Z Get:7 https://dl.google.com/linux/chrome-stable/deb stable InRelease [2548 B]
08 e2e	UNKNOWN STEP	2026-09-17T11:19:26.1430182Z Get:3 http://azure.archive.ubuntu.com/ubuntu noble-updates InRelease [126 kB]
08 e2e	UNKNOWN STEP	2026-09-17T11:19:26.1467365Z Get:4 http://azure.archive.ubuntu.com/ubuntu noble-backports InRelease [126 kB]
08 e2e	UNKNOWN STEP	2026-09-17T11:19:26.1488216Z Get:5 http://azure.archive.ubuntu.com/ubuntu noble-security InRelease [126 kB]
08 e2e	UNKNOWN STEP	2026-09-17T11:19:26.3770291Z Get:8 https://dl.google.com/linux/chrome-stable/deb stable/main amd64 Packages [1407 B]
08 e2e	UNKNOWN STEP	2026-09-17T11:19:26.4103268Z Get:9 https://packages.microsoft.com/ubuntu/24.04/prod noble/main arm64 Packages [425 kB]
08 e2e	UNKNOWN STEP	2026-09-17T11:19:26.4371307Z Get:10 https://packages.microsoft.com/ubuntu/24.04/prod noble/main amd64 Packages [474 kB]
08 e2e	UNKNOWN STEP	2026-09-17T11:19:26.4684658Z Get:11 http://azure.archive.ubuntu.com/ubuntu noble-updates/main amd64 Packages [1264 kB]
08 e2e	UNKNOWN STEP	2026-09-17T11:19:26.4791395Z Get:12 http://azure.archive.ubuntu.com/ubuntu noble-updates/main Translation-en [292 kB]
08 e2e	UNKNOWN STEP	2026-09-17T11:19:26.4811225Z Get:13 http://azure.archive.ubuntu.com/ubuntu noble-updates/main amd64 Components [181 kB]
08 e2e	UNKNOWN STEP	2026-09-17T11:19:26.4825681Z Get:14 http://azure.archive.ubuntu.com/ubuntu noble-updates/universe amd64 Packages [1688 kB]
08 e2e	UNKNOWN STEP	2026-09-17T11:19:26.4964178Z Get:15 http://azure.archive.ubuntu.com/ubuntu noble-updates/universe Translation-en [338 kB]
08 e2e	UNKNOWN STEP	2026-09-17T11:19:26.4992364Z Get:16 http://azure.archive.ubuntu.com/ubuntu noble-updates/universe amd64 Components [388 kB]
08 e2e	UNKNOWN STEP	2026-09-17T11:19:26.5032334Z Get:17 http://azure.archive.ubuntu.com/ubuntu noble-updates/restricted amd64 Packages [1550 kB]
08 e2e	UNKNOWN STEP	2026-09-17T11:19:26.5142100Z Get:18 http://azure.archive.ubuntu.com/ubuntu noble-updates/restricted Translation-en [355 kB]
08 e2e	UNKNOWN STEP	2026-09-17T11:19:26.5170103Z Get:19 http://azure.archive.ubuntu.com/ubuntu noble-updates/multiverse amd64 Packages [45.7 kB]
08 e2e	UNKNOWN STEP	2026-09-17T11:19:26.5189520Z Get:20 http://azure.archive.ubuntu.com/ubuntu noble-updates/multiverse Translation-en [13.1 kB]
08 e2e	UNKNOWN STEP	2026-09-17T11:19:26.5624575Z Get:21 http://azure.archive.ubuntu.com/ubuntu noble-updates/multiverse amd64 Components [940 B]
08 e2e	UNKNOWN STEP	2026-09-17T11:19:26.5641505Z Get:22 http://azure.archive.ubuntu.com/ubuntu noble-backports/main amd64 Components [5776 B]
08 e2e	UNKNOWN STEP	2026-09-17T11:19:26.5663106Z Get:23 http://azure.archive.ubuntu.com/ubuntu noble-backports/universe amd64 Components [12.6 kB]
08 e2e	UNKNOWN STEP	2026-09-17T11:19:26.5822861Z Get:24 http://azure.archive.ubuntu.com/ubuntu noble-security/main amd64 Packages [1009 kB]
08 e2e	UNKNOWN STEP	2026-09-17T11:19:26.5879913Z Get:25 http://azure.archive.ubuntu.com/ubuntu noble-security/main Translation-en [213 kB]
08 e2e	UNKNOWN STEP	2026-09-17T11:19:26.5900947Z Get:26 http://azure.archive.ubuntu.com/ubuntu noble-security/main amd64 Components [46.4 kB]
08 e2e	UNKNOWN STEP	2026-09-17T11:19:26.5915746Z Get:27 http://azure.archive.ubuntu.com/ubuntu noble-security/universe amd64 Packages [1207 kB]
08 e2e	UNKNOWN STEP	2026-09-17T11:19:26.5975884Z Get:28 http://azure.archive.ubuntu.com/ubuntu noble-security/universe Translation-en [242 kB]
08 e2e	UNKNOWN STEP	2026-09-17T11:19:26.5997910Z Get:29 http://azure.archive.ubuntu.com/ubuntu noble-security/universe amd64 Components [76.3 kB]
08 e2e	UNKNOWN STEP	2026-09-17T11:19:26.6015406Z Get:30 http://azure.archive.ubuntu.com/ubuntu noble-security/restricted amd64 Packages [1449 kB]
08 e2e	UNKNOWN STEP	2026-09-17T11:19:26.6119558Z Get:31 http://azure.archive.ubuntu.com/ubuntu noble-security/restricted Translation-en [336 kB]
08 e2e	UNKNOWN STEP	2026-09-17T11:19:30.9148276Z Fetched 12.0 MB in 2s (7794 kB/s)
08 e2e	UNKNOWN STEP	2026-09-17T11:19:31.7369680Z Reading package lists...
08 e2e	UNKNOWN STEP	2026-09-17T11:19:31.7632567Z Reading package lists...
08 e2e	UNKNOWN STEP	2026-09-17T11:19:31.9733217Z Building dependency tree...
08 e2e	UNKNOWN STEP	2026-09-17T11:19:31.9741077Z Reading state information...
08 e2e	UNKNOWN STEP	2026-09-17T11:19:32.1297168Z libasound2t64 is already the newest version (1.2.11-1ubuntu0.3).
08 e2e	UNKNOWN STEP	2026-09-17T11:19:32.1297763Z libasound2t64 set to manually installed.
08 e2e	UNKNOWN STEP	2026-09-17T11:19:32.1298262Z libatk-bridge2.0-0t64 is already the newest version (2.52.0-1build1).
08 e2e	UNKNOWN STEP	2026-09-17T11:19:32.1298772Z libatk-bridge2.0-0t64 set to manually installed.
08 e2e	UNKNOWN STEP	2026-09-17T11:19:32.1299579Z libatk1.0-0t64 is already the newest version (2.52.0-1build1).
08 e2e	UNKNOWN STEP	2026-09-17T11:19:32.1300109Z libatk1.0-0t64 set to manually installed.
08 e2e	UNKNOWN STEP	2026-09-17T11:19:32.1300576Z libatspi2.0-0t64 is already the newest version (2.52.0-1build1).
08 e2e	UNKNOWN STEP	2026-09-17T11:19:32.1301024Z libatspi2.0-0t64 set to manually installed.
08 e2e	UNKNOWN STEP	2026-09-17T11:19:32.1301453Z libcairo2 is already the newest version (1.18.0-3build1).
08 e2e	UNKNOWN STEP	2026-09-17T11:19:32.1301850Z libcairo2 set to manually installed.
08 e2e	UNKNOWN STEP	2026-09-17T11:19:32.1302300Z libcups2t64 is already the newest version (2.4.7-1.2ubuntu7.14).
08 e2e	UNKNOWN STEP	2026-09-17T11:19:32.1303287Z libcups2t64 set to manually installed.
08 e2e	UNKNOWN STEP	2026-09-17T11:19:32.1303908Z libdbus-1-3 is already the newest version (1.14.10-4ubuntu4.1).
08 e2e	UNKNOWN STEP	2026-09-17T11:19:32.1304344Z libdbus-1-3 set to manually installed.
08 e2e	UNKNOWN STEP	2026-09-17T11:19:32.1304821Z libdrm2 is already the newest version (2.4.125-1ubuntu0.1~24.04.2).
08 e2e	UNKNOWN STEP	2026-09-17T11:19:32.1305259Z libdrm2 set to manually installed.
08 e2e	UNKNOWN STEP	2026-09-17T11:19:32.1305691Z libgbm1 is already the newest version (25.2.8-0ubuntu0.24.04.2).
08 e2e	UNKNOWN STEP	2026-09-17T11:19:32.1306301Z libgbm1 set to manually installed.
08 e2e	UNKNOWN STEP	2026-09-17T11:19:32.1306743Z libglib2.0-0t64 is already the newest version (2.80.0-6ubuntu3.8).
08 e2e	UNKNOWN STEP	2026-09-17T11:19:32.1307185Z libglib2.0-0t64 set to manually installed.
08 e2e	UNKNOWN STEP	2026-09-17T11:19:32.1307633Z libnspr4 is already the newest version (2:4.35-1.1build1).
08 e2e	UNKNOWN STEP	2026-09-17T11:19:32.1308032Z libnspr4 set to manually installed.
08 e2e	UNKNOWN STEP	2026-09-17T11:19:32.1308464Z libnss3 is already the newest version (2:3.98-1ubuntu0.2).
08 e2e	UNKNOWN STEP	2026-09-17T11:19:32.1308877Z libnss3 set to manually installed.
08 e2e	UNKNOWN STEP	2026-09-17T11:19:32.1309678Z libpango-1.0-0 is already the newest version (1.52.1+ds-1build1).
08 e2e	UNKNOWN STEP	2026-09-17T11:19:32.1310198Z libpango-1.0-0 set to manually installed.
08 e2e	UNKNOWN STEP	2026-09-17T11:19:32.1310637Z libx11-6 is already the newest version (2:1.8.7-1build1).
08 e2e	UNKNOWN STEP	2026-09-17T11:19:32.1311036Z libx11-6 set to manually installed.
08 e2e	UNKNOWN STEP	2026-09-17T11:19:32.1311432Z libxcb1 is already the newest version (1.15-1ubuntu2).
08 e2e	UNKNOWN STEP	2026-09-17T11:19:32.1311808Z libxcb1 set to manually installed.
08 e2e	UNKNOWN STEP	2026-09-17T11:19:32.1312246Z libxcomposite1 is already the newest version (1:0.4.5-1build3).
08 e2e	UNKNOWN STEP	2026-09-17T11:19:32.1312907Z libxcomposite1 set to manually installed.
08 e2e	UNKNOWN STEP	2026-09-17T11:19:32.1313468Z libxdamage1 is already the newest version (1:1.1.6-1build1).
08 e2e	UNKNOWN STEP	2026-09-17T11:19:32.1313902Z libxdamage1 set to manually installed.
08 e2e	UNKNOWN STEP	2026-09-17T11:19:32.1314326Z libxext6 is already the newest version (2:1.3.4-1build2).
08 e2e	UNKNOWN STEP	2026-09-17T11:19:32.1314719Z libxext6 set to manually installed.
08 e2e	UNKNOWN STEP	2026-09-17T11:19:32.1315137Z libxfixes3 is already the newest version (1:6.0.0-2build1).
08 e2e	UNKNOWN STEP	2026-09-17T11:19:32.1315558Z libxfixes3 set to manually installed.
08 e2e	UNKNOWN STEP	2026-09-17T11:19:32.1315986Z libxkbcommon0 is already the newest version (1.6.0-1build1).
08 e2e	UNKNOWN STEP	2026-09-17T11:19:32.1316404Z libxkbcommon0 set to manually installed.
08 e2e	UNKNOWN STEP	2026-09-17T11:19:32.1316834Z libxrandr2 is already the newest version (2:1.5.2-2build1).
08 e2e	UNKNOWN STEP	2026-09-17T11:19:32.1317244Z libxrandr2 set to manually installed.
08 e2e	UNKNOWN STEP	2026-09-17T11:19:32.1317664Z xvfb is already the newest version (2:21.1.12-1ubuntu1.6).
08 e2e	UNKNOWN STEP	2026-09-17T11:19:32.1318227Z fonts-noto-color-emoji is already the newest version (2.047-0ubuntu0.24.04.1).
08 e2e	UNKNOWN STEP	2026-09-17T11:19:32.1318938Z libfontconfig1 is already the newest version (2.15.0-1.1ubuntu2).
08 e2e	UNKNOWN STEP	2026-09-17T11:19:32.1319629Z libfontconfig1 set to manually installed.
08 e2e	UNKNOWN STEP	2026-09-17T11:19:32.1320114Z libfreetype6 is already the newest version (2.13.2+dfsg-1ubuntu0.1).
08 e2e	UNKNOWN STEP	2026-09-17T11:19:32.1320564Z libfreetype6 set to manually installed.
08 e2e	UNKNOWN STEP	2026-09-17T11:19:32.1321004Z fonts-liberation is already the newest version (1:2.1.5-3).
08 e2e	UNKNOWN STEP	2026-09-17T11:19:32.1321445Z fonts-liberation set to manually installed.
08 e2e	UNKNOWN STEP	2026-09-17T11:19:32.1321869Z The following additional packages will be installed:
08 e2e	UNKNOWN STEP	2026-09-17T11:19:32.1322345Z   xfonts-encodings xfonts-utils
08 e2e	UNKNOWN STEP	2026-09-17T11:19:32.1322650Z Recommended packages:
08 e2e	UNKNOWN STEP	2026-09-17T11:19:32.1322952Z   fonts-ipafont-mincho fonts-tlwg-loma
08 e2e	UNKNOWN STEP	2026-09-17T11:19:32.1505994Z The following NEW packages will be installed:
08 e2e	UNKNOWN STEP	2026-09-17T11:19:32.1506645Z   fonts-freefont-ttf fonts-ipafont-gothic fonts-tlwg-loma-otf fonts-unifont
08 e2e	UNKNOWN STEP	2026-09-17T11:19:32.1514108Z   fonts-wqy-zenhei xfonts-cyrillic xfonts-encodings xfonts-scalable
08 e2e	UNKNOWN STEP	2026-09-17T11:19:32.1514633Z   xfonts-utils
08 e2e	UNKNOWN STEP	2026-09-17T11:19:32.1690628Z 0 upgraded, 9 newly installed, 0 to remove and 72 not upgraded.
08 e2e	UNKNOWN STEP	2026-09-17T11:19:32.1691449Z Need to get 21.1 MB of archives.
08 e2e	UNKNOWN STEP	2026-09-17T11:19:32.1692256Z After this operation, 79.5 MB of additional disk space will be used.
08 e2e	UNKNOWN STEP	2026-09-17T11:19:32.1693112Z Get:1 file:/etc/apt/apt-mirrors.txt Mirrorlist [144 B]
08 e2e	UNKNOWN STEP	2026-09-17T11:19:32.2003853Z Get:2 http://azure.archive.ubuntu.com/ubuntu noble/universe amd64 fonts-ipafont-gothic all 00303-21ubuntu1 [3513 kB]
08 e2e	UNKNOWN STEP	2026-09-17T11:19:32.2322616Z Get:3 http://azure.archive.ubuntu.com/ubuntu noble/main amd64 fonts-freefont-ttf all 20211204+svn4273-2 [5641 kB]
08 e2e	UNKNOWN STEP	2026-09-17T11:19:32.2763738Z Get:4 http://azure.archive.ubuntu.com/ubuntu noble/universe amd64 fonts-tlwg-loma-otf all 1:0.7.3-1 [107 kB]
08 e2e	UNKNOWN STEP	2026-09-17T11:19:32.2839435Z Get:5 http://azure.archive.ubuntu.com/ubuntu noble/universe amd64 fonts-unifont all 1:15.1.01-1build1 [2993 kB]
08 e2e	UNKNOWN STEP	2026-09-17T11:19:32.3118031Z Get:6 http://azure.archive.ubuntu.com/ubuntu noble/universe amd64 fonts-wqy-zenhei all 0.9.45-8 [7472 kB]
08 e2e	UNKNOWN STEP	2026-09-17T11:19:32.3701598Z Get:7 http://azure.archive.ubuntu.com/ubuntu noble/main amd64 xfonts-encodings all 1:1.0.5-0ubuntu2 [578 kB]
08 e2e	UNKNOWN STEP	2026-09-17T11:19:32.3816003Z Get:8 http://azure.archive.ubuntu.com/ubuntu noble/main amd64 xfonts-utils amd64 1:7.7+6build3 [94.4 kB]
08 e2e	UNKNOWN STEP	2026-09-17T11:19:32.3895553Z Get:9 http://azure.archive.ubuntu.com/ubuntu noble/universe amd64 xfonts-cyrillic all 1:1.0.5+nmu1 [384 kB]
08 e2e	UNKNOWN STEP	2026-09-17T11:19:32.4044250Z Get:10 http://azure.archive.ubuntu.com/ubuntu noble/main amd64 xfonts-scalable all 1:1.0.3-1.3 [304 kB]
08 e2e	UNKNOWN STEP	2026-09-17T11:19:32.6627447Z Fetched 21.1 MB in 0s (85.0 MB/s)
08 e2e	UNKNOWN STEP	2026-09-17T11:19:32.6871337Z Selecting previously unselected package fonts-ipafont-gothic.
08 e2e	UNKNOWN STEP	2026-09-17T11:19:32.7210611Z (Reading database ... 
08 e2e	UNKNOWN STEP	2026-09-17T11:19:32.7211361Z (Reading database ... 5%
08 e2e	UNKNOWN STEP	2026-09-17T11:19:32.7211830Z (Reading database ... 10%
08 e2e	UNKNOWN STEP	2026-09-17T11:19:32.7212254Z (Reading database ... 15%
08 e2e	UNKNOWN STEP	2026-09-17T11:19:32.7212927Z (Reading database ... 20%
08 e2e	UNKNOWN STEP	2026-09-17T11:19:32.7213279Z (Reading database ... 25%
08 e2e	UNKNOWN STEP	2026-09-17T11:19:32.7213626Z (Reading database ... 30%
08 e2e	UNKNOWN STEP	2026-09-17T11:19:32.7213960Z (Reading database ... 35%
08 e2e	UNKNOWN STEP	2026-09-17T11:19:32.7214286Z (Reading database ... 40%
08 e2e	UNKNOWN STEP	2026-09-17T11:19:32.7214622Z (Reading database ... 45%
08 e2e	UNKNOWN STEP	2026-09-17T11:19:32.7214953Z (Reading database ... 50%
08 e2e	UNKNOWN STEP	2026-09-17T11:19:32.7257405Z (Reading database ... 55%
08 e2e	UNKNOWN STEP	2026-09-17T11:19:32.8532033Z (Reading database ... 60%
08 e2e	UNKNOWN STEP	2026-09-17T11:19:33.0475370Z (Reading database ... 65%
08 e2e	UNKNOWN STEP	2026-09-17T11:19:33.2032306Z (Reading database ... 70%
08 e2e	UNKNOWN STEP	2026-09-17T11:19:33.3920918Z (Reading database ... 75%
08 e2e	UNKNOWN STEP	2026-09-17T11:19:33.5610002Z (Reading database ... 80%
08 e2e	UNKNOWN STEP	2026-09-17T11:19:33.7891367Z (Reading database ... 85%
08 e2e	UNKNOWN STEP	2026-09-17T11:19:33.9975775Z (Reading database ... 90%
08 e2e	UNKNOWN STEP	2026-09-17T11:19:34.1839940Z (Reading database ... 95%
08 e2e	UNKNOWN STEP	2026-09-17T11:19:34.1840403Z (Reading database ... 100%
08 e2e	UNKNOWN STEP	2026-09-17T11:19:34.1841010Z (Reading database ... 201818 files and directories currently installed.)
08 e2e	UNKNOWN STEP	2026-09-17T11:19:34.1883745Z Preparing to unpack .../0-fonts-ipafont-gothic_00303-21ubuntu1_all.deb ...
08 e2e	UNKNOWN STEP	2026-09-17T11:19:34.1979896Z Unpacking fonts-ipafont-gothic (00303-21ubuntu1) ...
08 e2e	UNKNOWN STEP	2026-09-17T11:19:34.4255193Z Selecting previously unselected package fonts-freefont-ttf.
08 e2e	UNKNOWN STEP	2026-09-17T11:19:34.4380846Z Preparing to unpack .../1-fonts-freefont-ttf_20211204+svn4273-2_all.deb ...
08 e2e	UNKNOWN STEP	2026-09-17T11:19:34.4390662Z Unpacking fonts-freefont-ttf (20211204+svn4273-2) ...
08 e2e	UNKNOWN STEP	2026-09-17T11:19:34.5182315Z Selecting previously unselected package fonts-tlwg-loma-otf.
08 e2e	UNKNOWN STEP	2026-09-17T11:19:34.5305852Z Preparing to unpack .../2-fonts-tlwg-loma-otf_1%3a0.7.3-1_all.deb ...
08 e2e	UNKNOWN STEP	2026-09-17T11:19:34.5315326Z Unpacking fonts-tlwg-loma-otf (1:0.7.3-1) ...
08 e2e	UNKNOWN STEP	2026-09-17T11:19:34.5532711Z Selecting previously unselected package fonts-unifont.
08 e2e	UNKNOWN STEP	2026-09-17T11:19:34.5657496Z Preparing to unpack .../3-fonts-unifont_1%3a15.1.01-1build1_all.deb ...
08 e2e	UNKNOWN STEP	2026-09-17T11:19:34.5665914Z Unpacking fonts-unifont (1:15.1.01-1build1) ...
08 e2e	UNKNOWN STEP	2026-09-17T11:19:34.6715511Z Selecting previously unselected package fonts-wqy-zenhei.
08 e2e	UNKNOWN STEP	2026-09-17T11:19:34.6841631Z Preparing to unpack .../4-fonts-wqy-zenhei_0.9.45-8_all.deb ...
08 e2e	UNKNOWN STEP	2026-09-17T11:19:34.6953546Z Unpacking fonts-wqy-zenhei (0.9.45-8) ...
08 e2e	UNKNOWN STEP	2026-09-17T11:19:35.1653481Z Selecting previously unselected package xfonts-encodings.
08 e2e	UNKNOWN STEP	2026-09-17T11:19:35.1782225Z Preparing to unpack .../5-xfonts-encodings_1%3a1.0.5-0ubuntu2_all.deb ...
08 e2e	UNKNOWN STEP	2026-09-17T11:19:35.1791565Z Unpacking xfonts-encodings (1:1.0.5-0ubuntu2) ...
08 e2e	UNKNOWN STEP	2026-09-17T11:19:35.2103513Z Selecting previously unselected package xfonts-utils.
08 e2e	UNKNOWN STEP	2026-09-17T11:19:35.2227171Z Preparing to unpack .../6-xfonts-utils_1%3a7.7+6build3_amd64.deb ...
08 e2e	UNKNOWN STEP	2026-09-17T11:19:35.2234822Z Unpacking xfonts-utils (1:7.7+6build3) ...
08 e2e	UNKNOWN STEP	2026-09-17T11:19:35.2619244Z Selecting previously unselected package xfonts-cyrillic.
08 e2e	UNKNOWN STEP	2026-09-17T11:19:35.2744827Z Preparing to unpack .../7-xfonts-cyrillic_1%3a1.0.5+nmu1_all.deb ...
08 e2e	UNKNOWN STEP	2026-09-17T11:19:35.2752620Z Unpacking xfonts-cyrillic (1:1.0.5+nmu1) ...
08 e2e	UNKNOWN STEP	2026-09-17T11:19:35.3108141Z Selecting previously unselected package xfonts-scalable.
08 e2e	UNKNOWN STEP	2026-09-17T11:19:35.3233584Z Preparing to unpack .../8-xfonts-scalable_1%3a1.0.3-1.3_all.deb ...
08 e2e	UNKNOWN STEP	2026-09-17T11:19:35.3242347Z Unpacking xfonts-scalable (1:1.0.3-1.3) ...
08 e2e	UNKNOWN STEP	2026-09-17T11:19:35.3660571Z Setting up fonts-wqy-zenhei (0.9.45-8) ...
08 e2e	UNKNOWN STEP	2026-09-17T11:19:35.3788594Z Setting up fonts-freefont-ttf (20211204+svn4273-2) ...
08 e2e	UNKNOWN STEP	2026-09-17T11:19:35.3808497Z Setting up fonts-tlwg-loma-otf (1:0.7.3-1) ...
08 e2e	UNKNOWN STEP	2026-09-17T11:19:35.3854425Z Setting up xfonts-encodings (1:1.0.5-0ubuntu2) ...
08 e2e	UNKNOWN STEP	2026-09-17T11:19:35.3874840Z Setting up fonts-ipafont-gothic (00303-21ubuntu1) ...
08 e2e	UNKNOWN STEP	2026-09-17T11:19:35.3942326Z update-alternatives: using /usr/share/fonts/opentype/ipafont-gothic/ipag.ttf to provide /usr/share/fonts/truetype/fonts-japanese-gothic.ttf (fonts-japanese-gothic.ttf) in auto mode
08 e2e	UNKNOWN STEP	2026-09-17T11:19:35.3959019Z Setting up fonts-unifont (1:15.1.01-1build1) ...
08 e2e	UNKNOWN STEP	2026-09-17T11:19:35.3980041Z Setting up xfonts-utils (1:7.7+6build3) ...
08 e2e	UNKNOWN STEP	2026-09-17T11:19:35.4042300Z Setting up xfonts-cyrillic (1:1.0.5+nmu1) ...
08 e2e	UNKNOWN STEP	2026-09-17T11:19:35.4345708Z Setting up xfonts-scalable (1:1.0.3-1.3) ...
08 e2e	UNKNOWN STEP	2026-09-17T11:19:35.4638315Z Processing triggers for man-db (2.12.0-4build2) ...
08 e2e	UNKNOWN STEP	2026-09-17T11:19:35.4663867Z Not building database; man-db/auto-update is not 'true'.
08 e2e	UNKNOWN STEP	2026-09-17T11:19:35.4680585Z Processing triggers for fontconfig (2.15.0-1.1ubuntu2) ...
08 e2e	UNKNOWN STEP	2026-09-17T11:19:36.2007534Z 
08 e2e	UNKNOWN STEP	2026-09-17T11:19:36.2008277Z Running kernel seems to be up-to-date.
08 e2e	UNKNOWN STEP	2026-09-17T11:19:36.2008842Z 
08 e2e	UNKNOWN STEP	2026-09-17T11:19:36.2009518Z No services need to be restarted.
08 e2e	UNKNOWN STEP	2026-09-17T11:19:36.2009992Z 
08 e2e	UNKNOWN STEP	2026-09-17T11:19:36.2010349Z No containers need to be restarted.
08 e2e	UNKNOWN STEP	2026-09-17T11:19:36.2010772Z 
08 e2e	UNKNOWN STEP	2026-09-17T11:19:36.2011175Z No user sessions are running outdated binaries.
08 e2e	UNKNOWN STEP	2026-09-17T11:19:36.2011661Z 
08 e2e	UNKNOWN STEP	2026-09-17T11:19:36.2012334Z No VM guests are running outdated hypervisor (qemu) binaries on this host.
08 e2e	UNKNOWN STEP	2026-09-17T11:19:37.1892364Z ##[group]Run npm run build
08 e2e	UNKNOWN STEP	2026-09-17T11:19:37.1892688Z [36;1mnpm run build[0m
08 e2e	UNKNOWN STEP	2026-09-17T11:19:37.1930687Z shell: /usr/bin/bash -e {0}
08 e2e	UNKNOWN STEP	2026-09-17T11:19:37.1930960Z env:
08 e2e	UNKNOWN STEP	2026-09-17T11:19:37.1931179Z   CA_AGENT_MODE: replay
08 e2e	UNKNOWN STEP	2026-09-17T11:19:37.1931508Z   pythonLocation: /opt/hostedtoolcache/Python/3.12.14/x64
08 e2e	UNKNOWN STEP	2026-09-17T11:19:37.1931963Z   PKG_CONFIG_PATH: /opt/hostedtoolcache/Python/3.12.14/x64/lib/pkgconfig
08 e2e	UNKNOWN STEP	2026-09-17T11:19:37.1932421Z   Python_ROOT_DIR: /opt/hostedtoolcache/Python/3.12.14/x64
08 e2e	UNKNOWN STEP	2026-09-17T11:19:37.1932830Z   Python2_ROOT_DIR: /opt/hostedtoolcache/Python/3.12.14/x64
08 e2e	UNKNOWN STEP	2026-09-17T11:19:37.1933240Z   Python3_ROOT_DIR: /opt/hostedtoolcache/Python/3.12.14/x64
08 e2e	UNKNOWN STEP	2026-09-17T11:19:37.1933643Z   LD_LIBRARY_PATH: /opt/hostedtoolcache/Python/3.12.14/x64/lib
08 e2e	UNKNOWN STEP	2026-09-17T11:19:37.1934038Z   NEXT_PUBLIC_API_URL: http://127.0.0.1:8000
08 e2e	UNKNOWN STEP	2026-09-17T11:19:37.1934349Z ##[endgroup]
08 e2e	UNKNOWN STEP	2026-09-17T11:19:37.2960323Z 
08 e2e	UNKNOWN STEP	2026-09-17T11:19:37.2960970Z > ca-web@0.1.0 build
08 e2e	UNKNOWN STEP	2026-09-17T11:19:37.2961390Z > next build
08 e2e	UNKNOWN STEP	2026-09-17T11:19:37.2961554Z 
08 e2e	UNKNOWN STEP	2026-09-17T11:19:37.9092797Z    Γû▓ Next.js 15.5.25
08 e2e	UNKNOWN STEP	2026-09-17T11:19:37.9099892Z 
08 e2e	UNKNOWN STEP	2026-09-17T11:19:37.9732924Z    Creating an optimized production build ...
08 e2e	UNKNOWN STEP	2026-09-17T11:19:44.4025344Z  Γ£ô Compiled successfully in 4.0s
08 e2e	UNKNOWN STEP	2026-09-17T11:19:44.4069554Z    Linting and checking validity of types ...
08 e2e	UNKNOWN STEP	2026-09-17T11:19:53.1251522Z    Collecting page data ...
08 e2e	UNKNOWN STEP	2026-09-17T11:19:55.3583431Z    Generating static pages (0/39) ...
08 e2e	UNKNOWN STEP	2026-09-17T11:19:56.2500478Z    Generating static pages (9/39) 
08 e2e	UNKNOWN STEP	2026-09-17T11:19:56.4299907Z    Generating static pages (19/39) 
08 e2e	UNKNOWN STEP	2026-09-17T11:19:56.4302225Z    Generating static pages (29/39) 
08 e2e	UNKNOWN STEP	2026-09-17T11:19:56.4303172Z  Γ£ô Generating static pages (39/39)
08 e2e	UNKNOWN STEP	2026-09-17T11:19:57.3403655Z    Finalizing page optimization ...
08 e2e	UNKNOWN STEP	2026-09-17T11:19:57.3405629Z    Collecting build traces ...
08 e2e	UNKNOWN STEP	2026-09-17T11:20:14.4445714Z 
08 e2e	UNKNOWN STEP	2026-09-17T11:20:14.4483677Z Route (app)                                 Size  First Load JS
08 e2e	UNKNOWN STEP	2026-09-17T11:20:14.4485026Z Γöî Γùï /                                     7.4 kB         155 kB
08 e2e	UNKNOWN STEP	2026-09-17T11:20:14.4486039Z Γö£ Γùï /_not-found                            999 B         104 kB
08 e2e	UNKNOWN STEP	2026-09-17T11:20:14.4487001Z Γö£ Γùï /ai-learning                         3.47 kB         122 kB
08 e2e	UNKNOWN STEP	2026-09-17T11:20:14.4487960Z Γö£ Γùï /cam-nang                            4.66 kB         139 kB
08 e2e	UNKNOWN STEP	2026-09-17T11:20:14.4488895Z Γö£ Γùï /chat                                12.3 kB         128 kB
08 e2e	UNKNOWN STEP	2026-09-17T11:20:14.4490206Z Γö£ Γùï /cong-bang                            3.1 kB         137 kB
08 e2e	UNKNOWN STEP	2026-09-17T11:20:14.4491206Z Γö£ Γùï /contracts                           1.35 kB         120 kB
08 e2e	UNKNOWN STEP	2026-09-17T11:20:14.4492204Z Γö£ Γùï /copilot                             1.75 kB         129 kB
08 e2e	UNKNOWN STEP	2026-09-17T11:20:14.4493204Z Γö£ Γùï /cuoc-hop                            13.5 kB         132 kB
08 e2e	UNKNOWN STEP	2026-09-17T11:20:14.4494179Z Γö£ Γùï /dang-ky                             2.86 kB         121 kB
08 e2e	UNKNOWN STEP	2026-09-17T11:20:14.4495166Z Γö£ Γùï /doi-ca                              6.06 kB         140 kB
08 e2e	UNKNOWN STEP	2026-09-17T11:20:14.4496169Z Γö£ Γùï /handover                            2.66 kB         137 kB
08 e2e	UNKNOWN STEP	2026-09-17T11:20:14.4497094Z Γö£ Γùï /hao-phi                             3.51 kB         122 kB
08 e2e	UNKNOWN STEP	2026-09-17T11:20:14.4498336Z Γö£ Γùï /hom-nay                             8.93 kB         169 kB
08 e2e	UNKNOWN STEP	2026-09-17T11:20:14.4499240Z Γö£ Γùï /huong-dan                           4.29 kB         116 kB
08 e2e	UNKNOWN STEP	2026-09-17T11:20:14.4500366Z Γö£ Γùï /inbox                               8.68 kB         127 kB
08 e2e	UNKNOWN STEP	2026-09-17T11:20:14.4501410Z Γö£ Γùï /khao-sat-gia                        9.41 kB         169 kB
08 e2e	UNKNOWN STEP	2026-09-17T11:20:14.4502483Z Γö£ Γùï /lich-tuan                             176 B         150 kB
08 e2e	UNKNOWN STEP	2026-09-17T11:20:14.4503472Z Γö£ Γùï /login                               2.45 kB         162 kB
08 e2e	UNKNOWN STEP	2026-09-17T11:20:14.4504274Z Γö£ Γùï /menu                                3.93 kB         122 kB
08 e2e	UNKNOWN STEP	2026-09-17T11:20:14.4505120Z Γö£ Γùï /nguoi                               5.11 kB         165 kB
08 e2e	UNKNOWN STEP	2026-09-17T11:20:14.4505898Z Γö£ Γùï /page-quan                           13.6 kB         132 kB
08 e2e	UNKNOWN STEP	2026-09-17T11:20:14.4506975Z Γö£ Γùï /page-quan/dat-ban                   4.89 kB         123 kB
08 e2e	UNKNOWN STEP	2026-09-17T11:20:14.4507828Z Γö£ Γùï /page-quan/fb-inbox                  4.91 kB         123 kB
08 e2e	UNKNOWN STEP	2026-09-17T11:20:14.4508679Z Γö£ Γùï /pha                                 1.39 kB         120 kB
08 e2e	UNKNOWN STEP	2026-09-17T11:20:14.4509691Z Γö£ Γùï /phieu                               6.16 kB         133 kB
08 e2e	UNKNOWN STEP	2026-09-17T11:20:14.4510501Z Γö£ Γùï /qr                                  3.77 kB         138 kB
08 e2e	UNKNOWN STEP	2026-09-17T11:20:14.4511274Z Γö£ Γùï /quay                                 2.8 kB         121 kB
08 e2e	UNKNOWN STEP	2026-09-17T11:20:14.4512102Z Γö£ Γùï /roster                                176 B         150 kB
08 e2e	UNKNOWN STEP	2026-09-17T11:20:14.4512826Z Γö£ Γùï /skills                              3.85 kB         122 kB
08 e2e	UNKNOWN STEP	2026-09-17T11:20:14.4513612Z Γö£ Γùï /sop                                 2.73 kB         121 kB
08 e2e	UNKNOWN STEP	2026-09-17T11:20:14.4514355Z Γö£ Γùï /them                                1.19 kB         116 kB
08 e2e	UNKNOWN STEP	2026-09-17T11:20:14.4515107Z Γö£ Γùï /tieu-thu                             4.4 kB         116 kB
08 e2e	UNKNOWN STEP	2026-09-17T11:20:14.4515941Z Γö£ Γùï /tkb                                 4.78 kB         139 kB
08 e2e	UNKNOWN STEP	2026-09-17T11:20:14.4516992Z Γö£ Γùï /toi                                 1.87 kB         120 kB
08 e2e	UNKNOWN STEP	2026-09-17T11:20:14.4517814Z Γö£ Γùï /treo                                4.48 kB         139 kB
08 e2e	UNKNOWN STEP	2026-09-17T11:20:14.4518510Z Γöö Γùï /vet                                 7.05 kB         125 kB
08 e2e	UNKNOWN STEP	2026-09-17T11:20:14.4519099Z + First Load JS shared by all             103 kB
08 e2e	UNKNOWN STEP	2026-09-17T11:20:14.4519943Z   Γö£ chunks/1255-7316b50163a428e6.js      46.4 kB
08 e2e	UNKNOWN STEP	2026-09-17T11:20:14.4520562Z   Γö£ chunks/4bd1b696-f785427dddbba9fb.js  54.2 kB
08 e2e	UNKNOWN STEP	2026-09-17T11:20:14.4521245Z   Γöö other shared chunks (total)          2.08 kB
08 e2e	UNKNOWN STEP	2026-09-17T11:20:14.4521603Z 
08 e2e	UNKNOWN STEP	2026-09-17T11:20:14.4521614Z 
08 e2e	UNKNOWN STEP	2026-09-17T11:20:14.4521983Z Γùï  (Static)  prerendered as static content
08 e2e	UNKNOWN STEP	2026-09-17T11:20:14.4522333Z 
08 e2e	UNKNOWN STEP	2026-09-17T11:20:14.5108787Z ##[group]Run cp -r public .next/standalone/apps/web/public || cp -r public .next/standalone/public || true
08 e2e	UNKNOWN STEP	2026-09-17T11:20:14.5109919Z [36;1mcp -r public .next/standalone/apps/web/public || cp -r public .next/standalone/public || true[0m
08 e2e	UNKNOWN STEP	2026-09-17T11:20:14.5110528Z [36;1mcp -r .next/static .next/standalone/.next/static[0m
08 e2e	UNKNOWN STEP	2026-09-17T11:20:14.5148149Z shell: /usr/bin/bash -e {0}
08 e2e	UNKNOWN STEP	2026-09-17T11:20:14.5148435Z env:
08 e2e	UNKNOWN STEP	2026-09-17T11:20:14.5148660Z   CA_AGENT_MODE: replay
08 e2e	UNKNOWN STEP	2026-09-17T11:20:14.5148982Z   pythonLocation: /opt/hostedtoolcache/Python/3.12.14/x64
08 e2e	UNKNOWN STEP	2026-09-17T11:20:14.5149780Z   PKG_CONFIG_PATH: /opt/hostedtoolcache/Python/3.12.14/x64/lib/pkgconfig
08 e2e	UNKNOWN STEP	2026-09-17T11:20:14.5150268Z   Python_ROOT_DIR: /opt/hostedtoolcache/Python/3.12.14/x64
08 e2e	UNKNOWN STEP	2026-09-17T11:20:14.5150685Z   Python2_ROOT_DIR: /opt/hostedtoolcache/Python/3.12.14/x64
08 e2e	UNKNOWN STEP	2026-09-17T11:20:14.5151097Z   Python3_ROOT_DIR: /opt/hostedtoolcache/Python/3.12.14/x64
08 e2e	UNKNOWN STEP	2026-09-17T11:20:14.5151532Z   LD_LIBRARY_PATH: /opt/hostedtoolcache/Python/3.12.14/x64/lib
08 e2e	UNKNOWN STEP	2026-09-17T11:20:14.5151884Z ##[endgroup]
08 e2e	UNKNOWN STEP	2026-09-17T11:20:14.5234733Z cp: cannot create directory '.next/standalone/apps/web/public': No such file or directory
08 e2e	UNKNOWN STEP	2026-09-17T11:20:14.5366402Z ##[group]Run npm run test:e2e
08 e2e	UNKNOWN STEP	2026-09-17T11:20:14.5366944Z [36;1mnpm run test:e2e[0m
08 e2e	UNKNOWN STEP	2026-09-17T11:20:14.5410835Z shell: /usr/bin/bash -e {0}
08 e2e	UNKNOWN STEP	2026-09-17T11:20:14.5411303Z env:
08 e2e	UNKNOWN STEP	2026-09-17T11:20:14.5411523Z   CA_AGENT_MODE: replay
08 e2e	UNKNOWN STEP	2026-09-17T11:20:14.5411860Z   pythonLocation: /opt/hostedtoolcache/Python/3.12.14/x64
08 e2e	UNKNOWN STEP	2026-09-17T11:20:14.5412337Z   PKG_CONFIG_PATH: /opt/hostedtoolcache/Python/3.12.14/x64/lib/pkgconfig
08 e2e	UNKNOWN STEP	2026-09-17T11:20:14.5412800Z   Python_ROOT_DIR: /opt/hostedtoolcache/Python/3.12.14/x64
08 e2e	UNKNOWN STEP	2026-09-17T11:20:14.5413302Z   Python2_ROOT_DIR: /opt/hostedtoolcache/Python/3.12.14/x64
08 e2e	UNKNOWN STEP	2026-09-17T11:20:14.5413746Z   Python3_ROOT_DIR: /opt/hostedtoolcache/Python/3.12.14/x64
08 e2e	UNKNOWN STEP	2026-09-17T11:20:14.5414156Z   LD_LIBRARY_PATH: /opt/hostedtoolcache/Python/3.12.14/x64/lib
08 e2e	UNKNOWN STEP	2026-09-17T11:20:14.5414546Z   NEXT_PUBLIC_API_URL: http://127.0.0.1:8000
08 e2e	UNKNOWN STEP	2026-09-17T11:20:14.5414879Z   NHIPQUAN_DISABLE_RATE_LIMIT: true
08 e2e	UNKNOWN STEP	2026-09-17T11:20:14.5415153Z ##[endgroup]
08 e2e	UNKNOWN STEP	2026-09-17T11:20:14.6413013Z 
08 e2e	UNKNOWN STEP	2026-09-17T11:20:14.6414042Z > ca-web@0.1.0 test:e2e
08 e2e	UNKNOWN STEP	2026-09-17T11:20:14.6414452Z > playwright test
08 e2e	UNKNOWN STEP	2026-09-17T11:20:14.6414640Z 
08 e2e	UNKNOWN STEP	2026-09-17T11:20:17.3420906Z [WebServer] INFO:     Started server process [3690]
08 e2e	UNKNOWN STEP	2026-09-17T11:20:17.3421876Z [WebServer] INFO:     Waiting for application startup.
08 e2e	UNKNOWN STEP	2026-09-17T11:20:17.3423741Z [WebServer] INFO:     Application startup complete.
08 e2e	UNKNOWN STEP	2026-09-17T11:20:17.3424571Z [WebServer] INFO:     Uvicorn running on http://0.0.0.0:8000 (Press CTRL+C to quit)
08 e2e	UNKNOWN STEP	2026-09-17T11:20:19.9323277Z 
08 e2e	UNKNOWN STEP	2026-09-17T11:20:19.9323985Z Running 25 tests using 1 worker
08 e2e	UNKNOWN STEP	2026-09-17T11:20:19.9324318Z 
08 e2e	UNKNOWN STEP	2026-09-17T11:20:23.4156556Z   Γ£ô   1 [chromium] ΓÇ║ e2e/fb-inbox.spec.ts:130:5 ΓÇ║ Quß║ún l├╜ duyß╗çt, sß╗¡a, tß╗½ chß╗æi v├á thß║Ñy SLA hß╗úp lß╗ç (2.8s)
08 e2e	UNKNOWN STEP	2026-09-17T11:20:24.5233855Z   Γ£ô   2 [chromium] ΓÇ║ e2e/fb-inbox.spec.ts:168:5 ΓÇ║ Quß║ún l├╜ kh├┤ng thß╗â xß╗¡ l├╜ escalation d├ánh cho chß╗º qu├ín (1.1s)
08 e2e	UNKNOWN STEP	2026-09-17T11:20:26.1391456Z   Γ£ô   3 [chromium] ΓÇ║ e2e/fb-inbox.spec.ts:182:5 ΓÇ║ Bß╗Ö lß╗ìc tß║úi ─æ├║ng trß║íng th├íi v├á kh├│a mß╗Ñc ─æ├ú xß╗¡ l├╜ (1.6s)
08 e2e	UNKNOWN STEP	2026-09-17T11:20:27.5016694Z   Γ£ô   4 [chromium] ΓÇ║ e2e/fb-inbox.spec.ts:214:5 ΓÇ║ Chß╗º qu├ín c├│ thß╗â xß╗¡ l├╜ escalation (1.4s)
08 e2e	UNKNOWN STEP	2026-09-17T11:20:29.0273409Z   Γ£ô   5 [chromium] ΓÇ║ e2e/fb-inbox.spec.ts:229:5 ΓÇ║ Nh├ón vi├¬n bß╗ï chß║╖n khß╗Åi hß╗Öp th╞░ Fanpage (1.5s)
08 e2e	UNKNOWN STEP	2026-09-17T11:20:29.8642287Z [WebServer] INFO:     127.0.0.1:56082 - "WebSocket /ws/chat" [accepted]
08 e2e	UNKNOWN STEP	2026-09-17T11:20:29.8643391Z [WebServer] INFO:     connection open
08 e2e	UNKNOWN STEP	2026-09-17T11:20:29.9300480Z   Γ£ô   6 [chromium] ΓÇ║ e2e/flows.spec.ts:24:7 ΓÇ║ 8 luß╗ông vß║¡n h├ánh ch├¡nh (Quß║ún l├╜ - lan) ΓÇ║ 1 ΓÇö ─æ─âng nhß║¡p ΓåÆ h├┤m nay (879ms)
08 e2e	UNKNOWN STEP	2026-09-17T11:20:30.7491234Z [WebServer] INFO:     127.0.0.1:56120 - "WebSocket /ws/chat" [accepted]
08 e2e	UNKNOWN STEP	2026-09-17T11:20:30.7535374Z [WebServer] INFO:     connection open
08 e2e	UNKNOWN STEP	2026-09-17T11:20:30.8416823Z [WebServer] INFO:     127.0.0.1:56130 - "WebSocket /ws/chat" [accepted]
08 e2e	UNKNOWN STEP	2026-09-17T11:20:30.8433602Z [WebServer] INFO:     connection open
08 e2e	UNKNOWN STEP	2026-09-17T11:20:30.9295395Z   Γ£ô   7 [chromium] ΓÇ║ e2e/flows.spec.ts:28:7 ΓÇ║ 8 luß╗ông vß║¡n h├ánh ch├¡nh (Quß║ún l├╜ - lan) ΓÇ║ 2 ΓÇö phiß║┐u mß╗ƒ qu├ín (982ms)
08 e2e	UNKNOWN STEP	2026-09-17T11:20:31.7594223Z [WebServer] INFO:     127.0.0.1:56162 - "WebSocket /ws/chat" [accepted]
08 e2e	UNKNOWN STEP	2026-09-17T11:20:31.7595176Z [WebServer] INFO:     connection open
08 e2e	UNKNOWN STEP	2026-09-17T11:20:31.8671075Z [WebServer] INFO:     127.0.0.1:56194 - "WebSocket /ws/chat" [accepted]
08 e2e	UNKNOWN STEP	2026-09-17T11:20:31.8672425Z [WebServer] INFO:     connection open
08 e2e	UNKNOWN STEP	2026-09-17T11:20:31.9487232Z   Γ£ô   8 [chromium] ΓÇ║ e2e/flows.spec.ts:33:7 ΓÇ║ 8 luß╗ông vß║¡n h├ánh ch├¡nh (Quß║ún l├╜ - lan) ΓÇ║ 3 ΓÇö lß╗ïch cß╗ºa t├┤i (1.0s)
08 e2e	UNKNOWN STEP	2026-09-17T11:20:32.8310402Z [WebServer] INFO:     127.0.0.1:56224 - "WebSocket /ws/chat" [accepted]
08 e2e	UNKNOWN STEP	2026-09-17T11:20:32.8318714Z [WebServer] INFO:     connection open
08 e2e	UNKNOWN STEP	2026-09-17T11:20:32.9521393Z   Γ£ô   9 [chromium] ΓÇ║ e2e/flows.spec.ts:38:7 ΓÇ║ 8 luß╗ông vß║¡n h├ánh ch├¡nh (Quß║ún l├╜ - lan) ΓÇ║ 4 ΓÇö viß╗çc treo (988ms)
08 e2e	UNKNOWN STEP	2026-09-17T11:20:33.7748245Z [WebServer] INFO:     127.0.0.1:56264 - "WebSocket /ws/chat" [accepted]
08 e2e	UNKNOWN STEP	2026-09-17T11:20:33.7749189Z [WebServer] INFO:     connection open
08 e2e	UNKNOWN STEP	2026-09-17T11:20:33.8606532Z [WebServer] INFO:     127.0.0.1:56296 - "WebSocket /ws/chat" [accepted]
08 e2e	UNKNOWN STEP	2026-09-17T11:20:33.8607637Z [WebServer] INFO:     connection open
08 e2e	UNKNOWN STEP	2026-09-17T11:20:33.9566320Z   Γ£ô  10 [chromium] ΓÇ║ e2e/flows.spec.ts:43:7 ΓÇ║ 8 luß╗ông vß║¡n h├ánh ch├¡nh (Quß║ún l├╜ - lan) ΓÇ║ 5 ΓÇö inbox r├áng buß╗Öc (984ms)
08 e2e	UNKNOWN STEP	2026-09-17T11:20:34.7723043Z [WebServer] INFO:     127.0.0.1:56328 - "WebSocket /ws/chat" [accepted]
08 e2e	UNKNOWN STEP	2026-09-17T11:20:34.7761801Z [WebServer] INFO:     connection open
08 e2e	UNKNOWN STEP	2026-09-17T11:20:34.8522622Z [WebServer] INFO:     127.0.0.1:56352 - "WebSocket /ws/chat" [accepted]
08 e2e	UNKNOWN STEP	2026-09-17T11:20:34.8524336Z [WebServer] INFO:     connection open
08 e2e	UNKNOWN STEP	2026-09-17T11:20:34.9095569Z   Γ£ô  11 [chromium] ΓÇ║ e2e/flows.spec.ts:48:7 ΓÇ║ 8 luß╗ông vß║¡n h├ánh ch├¡nh (Quß║ún l├╜ - lan) ΓÇ║ 6 ΓÇö cß║⌐m nang (940ms)
08 e2e	UNKNOWN STEP	2026-09-17T11:20:35.7591219Z [WebServer] INFO:     127.0.0.1:56380 - "WebSocket /ws/chat" [accepted]
08 e2e	UNKNOWN STEP	2026-09-17T11:20:35.7600487Z [WebServer] INFO:     connection open
08 e2e	UNKNOWN STEP	2026-09-17T11:20:35.8211957Z [WebServer] INFO:     127.0.0.1:56390 - "WebSocket /ws/chat" [accepted]
08 e2e	UNKNOWN STEP	2026-09-17T11:20:35.8234554Z [WebServer] INFO:     connection open
08 e2e	UNKNOWN STEP	2026-09-17T11:20:35.9119834Z   Γ£ô  12 [chromium] ΓÇ║ e2e/flows.spec.ts:53:7 ΓÇ║ 8 luß╗ông vß║¡n h├ánh ch├¡nh (Quß║ún l├╜ - lan) ΓÇ║ 7 ΓÇö hß╗Åi SOP (987ms)
08 e2e	UNKNOWN STEP	2026-09-17T11:20:36.7815725Z [WebServer] INFO:     127.0.0.1:41664 - "WebSocket /ws/chat" [accepted]
08 e2e	UNKNOWN STEP	2026-09-17T11:20:36.7830394Z [WebServer] INFO:     connection open
08 e2e	UNKNOWN STEP	2026-09-17T11:20:36.8728693Z   Γ£ô  13 [chromium] ΓÇ║ e2e/flows.spec.ts:58:7 ΓÇ║ 8 luß╗ông vß║¡n h├ánh ch├¡nh (Quß║ún l├╜ - lan) ΓÇ║ 8 ΓÇö c├┤ng bß║▒ng (945ms)
08 e2e	UNKNOWN STEP	2026-09-17T11:20:37.6947043Z [WebServer] INFO:     127.0.0.1:41684 - "WebSocket /ws/chat" [accepted]
08 e2e	UNKNOWN STEP	2026-09-17T11:20:37.6948403Z [WebServer] INFO:     connection open
08 e2e	UNKNOWN STEP	2026-09-17T11:20:37.7953597Z [WebServer] INFO:     127.0.0.1:41692 - "WebSocket /ws/chat" [accepted]
08 e2e	UNKNOWN STEP	2026-09-17T11:20:37.7955032Z [WebServer] INFO:     connection open
08 e2e	UNKNOWN STEP	2026-09-17T11:20:37.9074994Z [WebServer] INFO:     127.0.0.1:41708 - "WebSocket /ws/chat" [accepted]
08 e2e	UNKNOWN STEP	2026-09-17T11:20:37.9113070Z [WebServer] INFO:     connection open
08 e2e	UNKNOWN STEP	2026-09-17T11:20:38.0315085Z [WebServer] INFO:     127.0.0.1:41720 - "WebSocket /ws/chat" [accepted]
08 e2e	UNKNOWN STEP	2026-09-17T11:20:38.0325871Z [WebServer] INFO:     connection open
08 e2e	UNKNOWN STEP	2026-09-17T11:20:38.1371794Z [WebServer] INFO:     127.0.0.1:41726 - "WebSocket /ws/chat" [accepted]
08 e2e	UNKNOWN STEP	2026-09-17T11:20:38.1399002Z [WebServer] INFO:     connection open
08 e2e	UNKNOWN STEP	2026-09-17T11:20:38.2331140Z [WebServer] INFO:     127.0.0.1:41728 - "WebSocket /ws/chat" [accepted]
08 e2e	UNKNOWN STEP	2026-09-17T11:20:38.2377117Z [WebServer] INFO:     connection open
08 e2e	UNKNOWN STEP	2026-09-17T11:20:38.3331079Z [WebServer] INFO:     127.0.0.1:41730 - "WebSocket /ws/chat" [accepted]
08 e2e	UNKNOWN STEP	2026-09-17T11:20:38.3336194Z [WebServer] INFO:     connection open
08 e2e	UNKNOWN STEP	2026-09-17T11:20:38.4302816Z [WebServer] INFO:     127.0.0.1:41746 - "WebSocket /ws/chat" [accepted]
08 e2e	UNKNOWN STEP	2026-09-17T11:20:38.4330942Z [WebServer] INFO:     connection open
08 e2e	UNKNOWN STEP	2026-09-17T11:20:38.5391008Z [WebServer] INFO:     127.0.0.1:41760 - "WebSocket /ws/chat" [accepted]
08 e2e	UNKNOWN STEP	2026-09-17T11:20:38.5405664Z [WebServer] INFO:     connection open
08 e2e	UNKNOWN STEP	2026-09-17T11:20:38.6236744Z [WebServer] INFO:     127.0.0.1:41772 - "WebSocket /ws/chat" [accepted]
08 e2e	UNKNOWN STEP	2026-09-17T11:20:38.6261137Z [WebServer] INFO:     connection open
08 e2e	UNKNOWN STEP	2026-09-17T11:20:38.7340976Z [WebServer] INFO:     127.0.0.1:41788 - "WebSocket /ws/chat" [accepted]
08 e2e	UNKNOWN STEP	2026-09-17T11:20:38.7370465Z [WebServer] INFO:     connection open
08 e2e	UNKNOWN STEP	2026-09-17T11:20:38.7973988Z   Γ£ô  14 [chromium] ΓÇ║ e2e/flows.spec.ts:65:7 ΓÇ║ 3 vß╗Å theo vai tr├▓ & Ph├ón quyß╗ün RoleGate ΓÇ║ Nh├ón vi├¬n (minh): thß║Ñy vß╗Å nh├ón vi├¬n, v├áo ─æ╞░ß╗úc quß║ºy/pha, bß╗ï chß║╖n khß╗Åi lß╗ïch tuß║ºn/menu/ng╞░ß╗¥i (1.9s)
08 e2e	UNKNOWN STEP	2026-09-17T11:20:39.6081192Z [WebServer] INFO:     127.0.0.1:41824 - "WebSocket /ws/chat" [accepted]
08 e2e	UNKNOWN STEP	2026-09-17T11:20:39.6093559Z [WebServer] INFO:     connection open
08 e2e	UNKNOWN STEP	2026-09-17T11:20:39.6732231Z [WebServer] INFO:     127.0.0.1:41848 - "WebSocket /ws/chat" [accepted]
08 e2e	UNKNOWN STEP	2026-09-17T11:20:39.6773108Z [WebServer] INFO:     connection open
08 e2e	UNKNOWN STEP	2026-09-17T11:20:39.9092999Z [WebServer] INFO:     127.0.0.1:41862 - "WebSocket /ws/chat" [accepted]
08 e2e	UNKNOWN STEP	2026-09-17T11:20:39.9096653Z [WebServer] INFO:     connection open
08 e2e	UNKNOWN STEP	2026-09-17T11:20:40.0207749Z [WebServer] INFO:     127.0.0.1:41882 - "WebSocket /ws/chat" [accepted]
08 e2e	UNKNOWN STEP	2026-09-17T11:20:40.0212222Z [WebServer] INFO:     connection open
08 e2e	UNKNOWN STEP	2026-09-17T11:20:40.2032032Z [WebServer] INFO:     127.0.0.1:41920 - "WebSocket /ws/chat" [accepted]
08 e2e	UNKNOWN STEP	2026-09-17T11:20:40.2064349Z [WebServer] INFO:     connection open
08 e2e	UNKNOWN STEP	2026-09-17T11:20:40.2851289Z [WebServer] Lß╗ùi fetch TikWM feed: HTTP Error 403: Forbidden
08 e2e	UNKNOWN STEP	2026-09-17T11:20:40.2852321Z [WebServer] tiktok_source_tikwm_empty
08 e2e	UNKNOWN STEP	2026-09-17T11:20:40.2861135Z [WebServer] camoufox_unavailable_skipping reason=ch╞░a c├ái package `camoufox` ΓÇö c├ái: pip install -U 'camoufox[geoip]'
08 e2e	UNKNOWN STEP	2026-09-17T11:20:40.2862882Z [WebServer] tiktok_apify_backup_also_failed: APIFY_TOKEN ch╞░a cß║Ñu h├¼nh trong env
08 e2e	UNKNOWN STEP	2026-09-17T11:20:40.2876377Z [WebServer] SerpApi Google Trends kh├┤ng khß║ú dß╗Ñng (SerpApi ch╞░a ─æ╞░ß╗úc k├¡ch hoß║ít hoß║╖c thiß║┐u SERPAPI_API_KEY), bß╗Å qua
08 e2e	UNKNOWN STEP	2026-09-17T11:20:40.3583109Z [WebServer] INFO:     127.0.0.1:41934 - "WebSocket /ws/chat" [accepted]
08 e2e	UNKNOWN STEP	2026-09-17T11:20:40.3584074Z [WebServer] INFO:     connection open
08 e2e	UNKNOWN STEP	2026-09-17T11:20:40.4785508Z [WebServer] INFO:     127.0.0.1:41946 - "WebSocket /ws/chat" [accepted]
08 e2e	UNKNOWN STEP	2026-09-17T11:20:40.4818739Z [WebServer] INFO:     connection open
08 e2e	UNKNOWN STEP	2026-09-17T11:20:40.6044567Z [WebServer] INFO:     127.0.0.1:41962 - "WebSocket /ws/chat" [accepted]
08 e2e	UNKNOWN STEP	2026-09-17T11:20:40.6058849Z [WebServer] INFO:     connection open
08 e2e	UNKNOWN STEP	2026-09-17T11:20:40.7503393Z [WebServer] INFO:     127.0.0.1:41974 - "WebSocket /ws/chat" [accepted]
08 e2e	UNKNOWN STEP	2026-09-17T11:20:40.7504527Z [WebServer] INFO:     connection open
08 e2e	UNKNOWN STEP	2026-09-17T11:20:40.8731015Z [WebServer] INFO:     127.0.0.1:41988 - "WebSocket /ws/chat" [accepted]
08 e2e	UNKNOWN STEP	2026-09-17T11:20:40.8753813Z [WebServer] INFO:     connection open
08 e2e	UNKNOWN STEP	2026-09-17T11:20:41.0120769Z [WebServer] INFO:     127.0.0.1:41992 - "WebSocket /ws/chat" [accepted]
08 e2e	UNKNOWN STEP	2026-09-17T11:20:41.0194350Z [WebServer] INFO:     connection open
08 e2e	UNKNOWN STEP	2026-09-17T11:20:41.1197805Z [WebServer] INFO:     127.0.0.1:41998 - "WebSocket /ws/chat" [accepted]
08 e2e	UNKNOWN STEP	2026-09-17T11:20:41.1220852Z [WebServer] INFO:     connection open
08 e2e	UNKNOWN STEP	2026-09-17T11:20:41.1781711Z   Γ£ô  15 [chromium] ΓÇ║ e2e/flows.spec.ts:107:7 ΓÇ║ 3 vß╗Å theo vai tr├▓ & Ph├ón quyß╗ün RoleGate ΓÇ║ Quß║ún l├╜ (lan): v├áo ─æ╞░ß╗úc lß╗ïch tuß║ºn/hß╗Öp th╞░, bß╗ï chß║╖n khß╗Åi menu/ng╞░ß╗¥i (2.4s)
08 e2e	UNKNOWN STEP	2026-09-17T11:20:41.1940799Z [WebServer] google_threads_rss_empty_no_hardcoded_fallback
08 e2e	UNKNOWN STEP	2026-09-17T11:20:41.2490827Z [WebServer] Lß╗ùi c├áo Threads direct qua Jina engine: HTTP Error 403: Forbidden
08 e2e	UNKNOWN STEP	2026-09-17T11:20:41.2491897Z [WebServer] threads_direct_jina_empty_no_hardcoded_fallback
08 e2e	UNKNOWN STEP	2026-09-17T11:20:41.2492819Z [WebServer] threads_apify_backup_also_failed: APIFY_TOKEN ch╞░a cß║Ñu h├¼nh trong env
08 e2e	UNKNOWN STEP	2026-09-17T11:20:41.9750965Z [WebServer] INFO:     127.0.0.1:42030 - "WebSocket /ws/chat" [accepted]
08 e2e	UNKNOWN STEP	2026-09-17T11:20:41.9774625Z [WebServer] INFO:     connection open
08 e2e	UNKNOWN STEP	2026-09-17T11:20:42.2500577Z [WebServer] INFO:     127.0.0.1:42034 - "WebSocket /ws/chat" [accepted]
08 e2e	UNKNOWN STEP	2026-09-17T11:20:42.2525649Z [WebServer] INFO:     connection open
08 e2e	UNKNOWN STEP	2026-09-17T11:20:42.3960748Z [WebServer] INFO:     127.0.0.1:42044 - "WebSocket /ws/chat" [accepted]
08 e2e	UNKNOWN STEP	2026-09-17T11:20:42.3990266Z [WebServer] INFO:     connection open
08 e2e	UNKNOWN STEP	2026-09-17T11:20:42.5513800Z [WebServer] INFO:     127.0.0.1:42058 - "WebSocket /ws/chat" [accepted]
08 e2e	UNKNOWN STEP	2026-09-17T11:20:42.5517865Z [WebServer] INFO:     connection open
08 e2e	UNKNOWN STEP	2026-09-17T11:20:42.7006339Z [WebServer] INFO:     127.0.0.1:42062 - "WebSocket /ws/chat" [accepted]
08 e2e	UNKNOWN STEP	2026-09-17T11:20:42.7020479Z [WebServer] INFO:     connection open
08 e2e	UNKNOWN STEP	2026-09-17T11:20:42.8336315Z [WebServer] INFO:     127.0.0.1:42092 - "WebSocket /ws/chat" [accepted]
08 e2e	UNKNOWN STEP	2026-09-17T11:20:42.8347789Z [WebServer] INFO:     connection open
08 e2e	UNKNOWN STEP	2026-09-17T11:20:42.9444030Z [WebServer] INFO:     127.0.0.1:42104 - "WebSocket /ws/chat" [accepted]
08 e2e	UNKNOWN STEP	2026-09-17T11:20:42.9470495Z [WebServer] INFO:     connection open
08 e2e	UNKNOWN STEP	2026-09-17T11:20:43.0275302Z   Γ£ô  16 [chromium] ΓÇ║ e2e/flows.spec.ts:144:7 ΓÇ║ 3 vß╗Å theo vai tr├▓ & Ph├ón quyß╗ün RoleGate ΓÇ║ Chß╗º qu├ín (hung): to├án quyß╗ün menu, ng╞░ß╗¥i d├╣ng v├á lß╗ïch (1.8s)
08 e2e	UNKNOWN STEP	2026-09-17T11:20:43.3268035Z   Γ£ô  17 [chromium] ΓÇ║ e2e/flows.spec.ts:184:7 ΓÇ║ Chß╗» tr├¬n n├║t solid ΓÇ║ AuthGate ─É─âng nhß║¡p: ink l├║c nghß╗ë ΓÇö kh├┤ng d├¡nh ─æen tr├¬n nß╗ün tß╗æi (290ms)
08 e2e	UNKNOWN STEP	2026-09-17T11:20:44.1317799Z [WebServer] INFO:     127.0.0.1:42132 - "WebSocket /ws/chat" [accepted]
08 e2e	UNKNOWN STEP	2026-09-17T11:20:44.1362462Z [WebServer] INFO:     connection open
08 e2e	UNKNOWN STEP	2026-09-17T11:20:44.2616505Z [WebServer] ERROR:    Exception in ASGI application
08 e2e	UNKNOWN STEP	2026-09-17T11:20:44.2639697Z [WebServer] Traceback (most recent call last):
08 e2e	UNKNOWN STEP	2026-09-17T11:20:44.2641118Z [WebServer]   File "/opt/hostedtoolcache/Python/3.12.14/x64/lib/python3.12/site-packages/uvicorn/protocols/websockets/websockets_sansio_impl.py", line 504, in send
08 e2e	UNKNOWN STEP	2026-09-17T11:20:44.2642453Z [WebServer]     self.conn.send_text(text_data.encode())
08 e2e	UNKNOWN STEP	2026-09-17T11:20:44.2644100Z [WebServer]   File "/opt/hostedtoolcache/Python/3.12.14/x64/lib/python3.12/site-packages/websockets/protocol.py", line 337, in send_text
08 e2e	UNKNOWN STEP	2026-09-17T11:20:44.2645496Z [WebServer]     raise InvalidState(f"connection is {self.state.name.lower()}")
08 e2e	UNKNOWN STEP	2026-09-17T11:20:44.2646592Z [WebServer] websockets.exceptions.InvalidState: connection is closing
08 e2e	UNKNOWN STEP	2026-09-17T11:20:44.2647373Z [WebServer] 
08 e2e	UNKNOWN STEP	2026-09-17T11:20:44.2648307Z [WebServer] During handling of the above exception, another exception occurred:
08 e2e	UNKNOWN STEP	2026-09-17T11:20:44.2649042Z [WebServer] 
08 e2e	UNKNOWN STEP	2026-09-17T11:20:44.2650125Z [WebServer] Traceback (most recent call last):
08 e2e	UNKNOWN STEP	2026-09-17T11:20:44.2651712Z [WebServer]   File "/opt/hostedtoolcache/Python/3.12.14/x64/lib/python3.12/site-packages/starlette/websockets.py", line 86, in send
08 e2e	UNKNOWN STEP	2026-09-17T11:20:44.2652732Z [WebServer]     await self._send(message)
08 e2e	UNKNOWN STEP	2026-09-17T11:20:44.2654616Z [WebServer]   File "/opt/hostedtoolcache/Python/3.12.14/x64/lib/python3.12/site-packages/starlette/_exception_handler.py", line 39, in sender
08 e2e	UNKNOWN STEP	2026-09-17T11:20:44.2655824Z [WebServer]     await send(message)
08 e2e	UNKNOWN STEP	2026-09-17T11:20:44.2657339Z [WebServer]   File "/opt/hostedtoolcache/Python/3.12.14/x64/lib/python3.12/site-packages/uvicorn/protocols/websockets/websockets_sansio_impl.py", line 526, in send
08 e2e	UNKNOWN STEP	2026-09-17T11:20:44.2658683Z [WebServer]     raise ClientDisconnected()
08 e2e	UNKNOWN STEP	2026-09-17T11:20:44.2659711Z [WebServer] uvicorn.protocols.utils.ClientDisconnected
08 e2e	UNKNOWN STEP	2026-09-17T11:20:44.2660354Z [WebServer] 
08 e2e	UNKNOWN STEP	2026-09-17T11:20:44.2661154Z [WebServer] During handling of the above exception, another exception occurred:
08 e2e	UNKNOWN STEP	2026-09-17T11:20:44.2661907Z [WebServer] 
08 e2e	UNKNOWN STEP	2026-09-17T11:20:44.2662464Z [WebServer] Traceback (most recent call last):
08 e2e	UNKNOWN STEP	2026-09-17T11:20:44.2664168Z [WebServer]   File "/opt/hostedtoolcache/Python/3.12.14/x64/lib/python3.12/site-packages/uvicorn/protocols/websockets/websockets_sansio_impl.py", line 409, in run_asgi
08 e2e	UNKNOWN STEP	2026-09-17T11:20:44.2665832Z [WebServer]     result = await self.app(self.scope, self.receive, self.send)
08 e2e	UNKNOWN STEP	2026-09-17T11:20:44.2666834Z [WebServer]              ^^^^^^^^^^^^^^^^^^^^^^^^^^^^^^^^^^^^^^^^^^^^^^^^^^^
08 e2e	UNKNOWN STEP	2026-09-17T11:20:44.2668397Z [WebServer]   File "/opt/hostedtoolcache/Python/3.12.14/x64/lib/python3.12/site-packages/uvicorn/middleware/proxy_headers.py", line 63, in __call__
08 e2e	UNKNOWN STEP	2026-09-17T11:20:44.2670118Z [WebServer]     return await self.app(scope, receive, send)
08 e2e	UNKNOWN STEP	2026-09-17T11:20:44.2670987Z [WebServer]            ^^^^^^^^^^^^^^^^^^^^^^^^^^^^^^^^^^^^
08 e2e	UNKNOWN STEP	2026-09-17T11:20:44.2672441Z [WebServer]   File "/opt/hostedtoolcache/Python/3.12.14/x64/lib/python3.12/site-packages/fastapi/applications.py", line 1163, in __call__
08 e2e	UNKNOWN STEP	2026-09-17T11:20:44.2673837Z [WebServer]     await super().__call__(scope, receive, send)
08 e2e	UNKNOWN STEP	2026-09-17T11:20:44.2675324Z [WebServer]   File "/opt/hostedtoolcache/Python/3.12.14/x64/lib/python3.12/site-packages/starlette/applications.py", line 96, in __call__
08 e2e	UNKNOWN STEP	2026-09-17T11:20:44.2676737Z [WebServer]     await self.middleware_stack(scope, receive, send)
08 e2e	UNKNOWN STEP	2026-09-17T11:20:44.2678431Z [WebServer]   File "/opt/hostedtoolcache/Python/3.12.14/x64/lib/python3.12/site-packages/starlette/middleware/errors.py", line 151, in __call__
08 e2e	UNKNOWN STEP	2026-09-17T11:20:44.2680326Z [WebServer]     await self.app(scope, receive, send)
08 e2e	UNKNOWN STEP	2026-09-17T11:20:44.2681792Z [WebServer]   File "/opt/hostedtoolcache/Python/3.12.14/x64/lib/python3.12/site-packages/starlette/middleware/base.py", line 103, in __call__
08 e2e	UNKNOWN STEP	2026-09-17T11:20:44.2683473Z [WebServer]     await self.app(scope, receive, send)
08 e2e	UNKNOWN STEP	2026-09-17T11:20:44.2685025Z [WebServer]   File "/opt/hostedtoolcache/Python/3.12.14/x64/lib/python3.12/site-packages/starlette/middleware/cors.py", line 80, in __call__
08 e2e	UNKNOWN STEP	2026-09-17T11:20:44.2686657Z [WebServer]     await self.app(scope, receive, send)
08 e2e	UNKNOWN STEP	2026-09-17T11:20:44.2688213Z [WebServer]   File "/opt/hostedtoolcache/Python/3.12.14/x64/lib/python3.12/site-packages/starlette/middleware/exceptions.py", line 63, in __call__
08 e2e	UNKNOWN STEP	2026-09-17T11:20:44.2690133Z [WebServer]     await wrap_app_handling_exceptions(self.app, conn)(scope, receive, send)
08 e2e	UNKNOWN STEP	2026-09-17T11:20:44.2693175Z [WebServer]   File "/opt/hostedtoolcache/Python/3.12.14/x64/lib/python3.12/site-packages/starlette/_exception_handler.py", line 53, in wrapped_app
08 e2e	UNKNOWN STEP	2026-09-17T11:20:44.2694414Z [WebServer]     raise exc
08 e2e	UNKNOWN STEP	2026-09-17T11:20:44.2695821Z [WebServer]   File "/opt/hostedtoolcache/Python/3.12.14/x64/lib/python3.12/site-packages/starlette/_exception_handler.py", line 42, in wrapped_app
08 e2e	UNKNOWN STEP	2026-09-17T11:20:44.2697228Z [WebServer]     await app(scope, receive, sender)
08 e2e	UNKNOWN STEP	2026-09-17T11:20:44.2698806Z [WebServer]   File "/opt/hostedtoolcache/Python/3.12.14/x64/lib/python3.12/site-packages/fastapi/middleware/asyncexitstack.py", line 18, in __call__
08 e2e	UNKNOWN STEP	2026-09-17T11:20:44.2700498Z [WebServer]     await self.app(scope, receive, send)
08 e2e	UNKNOWN STEP	2026-09-17T11:20:44.2701960Z [WebServer]   File "/opt/hostedtoolcache/Python/3.12.14/x64/lib/python3.12/site-packages/starlette/routing.py", line 670, in __call__
08 e2e	UNKNOWN STEP	2026-09-17T11:20:44.2703358Z [WebServer]     await self.middleware_stack(scope, receive, send)
08 e2e	UNKNOWN STEP	2026-09-17T11:20:44.2704798Z [WebServer]   File "/opt/hostedtoolcache/Python/3.12.14/x64/lib/python3.12/site-packages/fastapi/routing.py", line 2734, in app
08 e2e	UNKNOWN STEP	2026-09-17T11:20:44.2706091Z [WebServer]     await route.handle(scope, receive, send)
08 e2e	UNKNOWN STEP	2026-09-17T11:20:44.2707506Z [WebServer]   File "/opt/hostedtoolcache/Python/3.12.14/x64/lib/python3.12/site-packages/fastapi/routing.py", line 1780, in handle
08 e2e	UNKNOWN STEP	2026-09-17T11:20:44.2708903Z [WebServer]     await self.original_router.handle(scope, receive, send)
08 e2e	UNKNOWN STEP	2026-09-17T11:20:44.2711657Z [WebServer]   File "/opt/hostedtoolcache/Python/3.12.14/x64/lib/python3.12/site-packages/fastapi/routing.py", line 2789, in handle
08 e2e	UNKNOWN STEP	2026-09-17T11:20:44.2713084Z [WebServer]     await included_router._handle_selected(scope, receive, send)
08 e2e	UNKNOWN STEP	2026-09-17T11:20:44.2714662Z [WebServer]   File "/opt/hostedtoolcache/Python/3.12.14/x64/lib/python3.12/site-packages/fastapi/routing.py", line 1802, in _handle_selected
08 e2e	UNKNOWN STEP	2026-09-17T11:20:44.2716817Z [WebServer]     await route.handle(scope, receive, send)
08 e2e	UNKNOWN STEP	2026-09-17T11:20:44.2718381Z [WebServer]   File "/opt/hostedtoolcache/Python/3.12.14/x64/lib/python3.12/site-packages/starlette/routing.py", line 354, in handle
08 e2e	UNKNOWN STEP	2026-09-17T11:20:44.2730881Z [WebServer]     await self.app(scope, receive, send)
08 e2e	UNKNOWN STEP	2026-09-17T11:20:44.2732377Z [WebServer]   File "/opt/hostedtoolcache/Python/3.12.14/x64/lib/python3.12/site-packages/fastapi/routing.py", line 184, in app
08 e2e	UNKNOWN STEP	2026-09-17T11:20:44.2733870Z [WebServer]     await wrap_app_handling_exceptions(app, session)(scope, receive, send)
08 e2e	UNKNOWN STEP	2026-09-17T11:20:44.2735567Z [WebServer]   File "/opt/hostedtoolcache/Python/3.12.14/x64/lib/python3.12/site-packages/starlette/_exception_handler.py", line 53, in wrapped_app
08 e2e	UNKNOWN STEP	2026-09-17T11:20:44.2736770Z [WebServer]     raise exc
08 e2e	UNKNOWN STEP	2026-09-17T11:20:44.2738150Z [WebServer]   File "/opt/hostedtoolcache/Python/3.12.14/x64/lib/python3.12/site-packages/starlette/_exception_handler.py", line 42, in wrapped_app
08 e2e	UNKNOWN STEP	2026-09-17T11:20:44.2739765Z [WebServer]     await app(scope, receive, sender)
08 e2e	UNKNOWN STEP	2026-09-17T11:20:44.2741133Z [WebServer]   File "/opt/hostedtoolcache/Python/3.12.14/x64/lib/python3.12/site-packages/fastapi/routing.py", line 181, in app
08 e2e	UNKNOWN STEP	2026-09-17T11:20:44.2742172Z [WebServer]     await func(session)
08 e2e	UNKNOWN STEP	2026-09-17T11:20:44.2743465Z [WebServer]   File "/opt/hostedtoolcache/Python/3.12.14/x64/lib/python3.12/site-packages/fastapi/routing.py", line 796, in app
08 e2e	UNKNOWN STEP	2026-09-17T11:20:44.2745082Z [WebServer]     await dependant.call(**solved_result.values)
08 e2e	UNKNOWN STEP	2026-09-17T11:20:44.2746801Z [WebServer]   File "/home/runner/work/Crew-Operations/Crew-Operations/apps/api/src/ca_api/interfaces/http/chat.py", line 171, in chat_websocket_endpoint
08 e2e	UNKNOWN STEP	2026-09-17T11:20:44.2748518Z [WebServer]     await websocket.send_text(
08 e2e	UNKNOWN STEP	2026-09-17T11:20:44.2750181Z [WebServer]   File "/opt/hostedtoolcache/Python/3.12.14/x64/lib/python3.12/site-packages/starlette/websockets.py", line 166, in send_text
08 e2e	UNKNOWN STEP	2026-09-17T11:20:44.2751643Z [WebServer]     await self.send({"type": "websocket.send", "text": data})
08 e2e	UNKNOWN STEP	2026-09-17T11:20:44.2756802Z [WebServer]   File "/opt/hostedtoolcache/Python/3.12.14/x64/lib/python3.12/site-packages/starlette/websockets.py", line 89, in send
08 e2e	UNKNOWN STEP	2026-09-17T11:20:44.2758057Z [WebServer]     raise WebSocketDisconnect(code=1006)
08 e2e	UNKNOWN STEP	2026-09-17T11:20:44.2758859Z [WebServer] starlette.websockets.WebSocketDisconnect
08 e2e	UNKNOWN STEP	2026-09-17T11:20:44.2760307Z [WebServer] INFO:     127.0.0.1:42184 - "WebSocket /ws/chat" [accepted]
08 e2e	UNKNOWN STEP	2026-09-17T11:20:44.2761900Z [WebServer] INFO:     connection open
08 e2e	UNKNOWN STEP	2026-09-17T11:20:45.8383134Z   Γ£ô  18 [chromium] ΓÇ║ e2e/inbox-modal.spec.ts:42:5 ΓÇ║ khung duyß╗çt r├áng buß╗Öc lu├┤n cß╗æ ─æß╗ïnh trong viewport desktop v├á mobile (2.5s)
08 e2e	UNKNOWN STEP	2026-09-17T11:20:47.5261542Z   Γ£ô  19 [chromium] ΓÇ║ e2e/khao-sat-gia-review.spec.ts:256:7 ΓÇ║ Khß║úo s├ít gi├í ΓÇö luß╗ông review NEEDS_REVIEW (ADR-008) ΓÇ║ Job Dß╗¬NG ß╗ƒ needs_review v├á kh├┤ng tß╗▒ duyß╗çt; thiß║┐u gi├í th├¼ chß║╖n, kh├┤ng gß╗ìi API (1.7s)
08 e2e	UNKNOWN STEP	2026-09-17T11:20:49.2915926Z   Γ£ô  20 [chromium] ΓÇ║ e2e/khao-sat-gia-review.spec.ts:292:7 ΓÇ║ Khß║úo s├ít gi├í ΓÇö luß╗ông review NEEDS_REVIEW (ADR-008) ΓÇ║ Sß╗¡a gi├í mß╗Öt d├▓ng, loß║íi d├▓ng kh├┤ng ─æß╗ìc ─æ╞░ß╗úc ΓåÆ gß╗¡i ─æ├║ng payload ΓåÆ ra dashboard (1.8s)
08 e2e	UNKNOWN STEP	2026-09-17T11:20:50.4982395Z   Γ£ô  21 [chromium] ΓÇ║ e2e/khao-sat-gia-review.spec.ts:349:7 ΓÇ║ Khß║úo s├ít gi├í ΓÇö luß╗ông review NEEDS_REVIEW (ADR-008) ΓÇ║ Nh├ón vi├¬n kh├┤ng mß╗ƒ ─æ╞░ß╗úc m├án review ΓÇö t├¡nh n─âng tß╗æn chi ph├¡ thß║¡t (1.2s)
08 e2e	UNKNOWN STEP	2026-09-17T11:20:51.4262036Z [WebServer] INFO:     127.0.0.1:54304 - "WebSocket /ws/chat" [accepted]
08 e2e	UNKNOWN STEP	2026-09-17T11:20:51.4290642Z [WebServer] INFO:     connection open
08 e2e	UNKNOWN STEP	2026-09-17T11:20:51.5352312Z [WebServer] INFO:     127.0.0.1:54330 - "WebSocket /ws/chat" [accepted]
08 e2e	UNKNOWN STEP	2026-09-17T11:20:51.5363919Z [WebServer] INFO:     connection open
08 e2e	UNKNOWN STEP	2026-09-17T11:20:51.7511863Z   Γ£ô  22 [chromium] ΓÇ║ e2e/lich-tuan.spec.ts:3:5 ΓÇ║ lß╗ïch tuß║ºn hiß╗ân thß╗ï ─æß╗º 21 ├┤ v├á kh├┤ng trß║»ng trang (1.2s)
08 e2e	UNKNOWN STEP	2026-09-17T11:20:52.6064797Z [WebServer] INFO:     127.0.0.1:54352 - "WebSocket /ws/chat" [accepted]
08 e2e	UNKNOWN STEP	2026-09-17T11:20:52.6072581Z [WebServer] INFO:     connection open
08 e2e	UNKNOWN STEP	2026-09-17T11:20:52.7474057Z [WebServer] INFO:     127.0.0.1:54368 - "WebSocket /ws/chat" [accepted]
08 e2e	UNKNOWN STEP	2026-09-17T11:20:52.7478504Z [WebServer] INFO:     connection open
08 e2e	UNKNOWN STEP	2026-09-17T11:20:53.9107531Z [WebServer] INFO:     127.0.0.1:54392 - "WebSocket /ws/chat" [accepted]
08 e2e	UNKNOWN STEP	2026-09-17T11:20:53.9122533Z [WebServer] INFO:     connection open
08 e2e	UNKNOWN STEP	2026-09-17T11:20:54.8911103Z   Γ£ô  23 [chromium] ΓÇ║ e2e/lich-tuan.spec.ts:18:5 ΓÇ║ th├┤ng b├ío lß╗ïch: click deep-link tß╗▒ ─æß╗Öng ack (3.1s)
08 e2e	UNKNOWN STEP	2026-09-17T11:20:55.7020881Z [WebServer] INFO:     127.0.0.1:54438 - "WebSocket /ws/chat" [accepted]
08 e2e	UNKNOWN STEP	2026-09-17T11:20:55.7050547Z [WebServer] INFO:     connection open
08 e2e	UNKNOWN STEP	2026-09-17T11:20:55.8311217Z [WebServer] INFO:     127.0.0.1:54456 - "WebSocket /ws/chat" [accepted]
08 e2e	UNKNOWN STEP	2026-09-17T11:20:55.8365248Z [WebServer] INFO:     connection open
08 e2e	UNKNOWN STEP	2026-09-17T11:20:56.4354438Z   Γ£ô  24 [chromium] ΓÇ║ e2e/meeting-clarify.spec.ts:24:7 ΓÇ║ AI Meeting OS ΓÇö R├á so├ít Ngß╗» cß║únh & Lß╗ïch ca Ph├ón c├┤ng ΓÇ║ Ph├ón t├¡ch cuß╗Öc hß╗ìp -> Hiß╗ân thß╗ï AI Clarifier Agent -> Giß║úi quyß║┐t ngß╗» cß║únh 1-chß║ím (1.5s)
08 e2e	UNKNOWN STEP	2026-09-17T11:20:57.2831765Z [WebServer] INFO:     127.0.0.1:37420 - "WebSocket /ws/chat" [accepted]
08 e2e	UNKNOWN STEP	2026-09-17T11:20:57.2857953Z [WebServer] INFO:     connection open
08 e2e	UNKNOWN STEP	2026-09-17T11:20:57.3551685Z [WebServer] INFO:     127.0.0.1:37452 - "WebSocket /ws/chat" [accepted]
08 e2e	UNKNOWN STEP	2026-09-17T11:20:57.3560321Z [WebServer] INFO:     connection open
08 e2e	UNKNOWN STEP	2026-09-17T11:20:57.4622166Z PHIEU_DEMO_MS=193
08 e2e	UNKNOWN STEP	2026-09-17T11:20:57.4837664Z   Γ£ô  25 [chromium] ΓÇ║ e2e/phieu-timing.spec.ts:22:7 ΓÇ║ Phiß║┐u demo ΓÇö latency mß╗ƒ form (#7 nh├│m A) ΓÇ║ thß╗¥i gian mß╗ƒ form phiß║┐u ─æß║┐n b╞░ß╗¢c ─æß║ºu (fixture) (1.0s)
08 e2e	UNKNOWN STEP	2026-09-17T11:20:57.5581793Z 
08 e2e	UNKNOWN STEP	2026-09-17T11:20:57.5586095Z   25 passed (42.3s)
08 e2e	UNKNOWN STEP	2026-09-17T11:20:57.8341930Z Node 20 is being deprecated. This workflow is running with Node 24 by default. If you need to temporarily use Node 20, you can set the ACTIONS_ALLOW_USE_UNSECURE_NODE_VERSION=true environment variable. For more information see: https://github.blog/changelog/2025-09-19-deprecation-of-node-20-on-github-actions-runners/
08 e2e	UNKNOWN STEP	2026-09-17T11:20:57.8343537Z Post job cleanup.
08 e2e	UNKNOWN STEP	2026-09-17T11:20:57.9545700Z Cache hit occurred on the primary key nextjs-Linux-cbc5a47addb04da509bee67f43d9e7607fa7dd8daff9cab1b3e4f108aed3e38c-57d1ee51f2b60732b0bf6cf6c82f77341cac330f22cd22d7f3a04b6044f625b9, not saving cache.
08 e2e	UNKNOWN STEP	2026-09-17T11:20:57.9548414Z (node:4104) [DEP0040] DeprecationWarning: The `punycode` module is deprecated. Please use a userland alternative instead.
08 e2e	UNKNOWN STEP	2026-09-17T11:20:57.9549943Z (Use `node --trace-deprecation ...` to show where the warning was created)
08 e2e	UNKNOWN STEP	2026-09-17T11:20:58.0208738Z Node 20 is being deprecated. This workflow is running with Node 24 by default. If you need to temporarily use Node 20, you can set the ACTIONS_ALLOW_USE_UNSECURE_NODE_VERSION=true environment variable. For more information see: https://github.blog/changelog/2025-09-19-deprecation-of-node-20-on-github-actions-runners/
08 e2e	UNKNOWN STEP	2026-09-17T11:20:58.0210413Z Post job cleanup.
08 e2e	UNKNOWN STEP	2026-09-17T11:20:58.1321800Z Cache hit occurred on the primary key playwright-Linux-cbc5a47addb04da509bee67f43d9e7607fa7dd8daff9cab1b3e4f108aed3e38c, not saving cache.
08 e2e	UNKNOWN STEP	2026-09-17T11:20:58.1323893Z (node:4123) [DEP0040] DeprecationWarning: The `punycode` module is deprecated. Please use a userland alternative instead.
08 e2e	UNKNOWN STEP	2026-09-17T11:20:58.1325222Z (Use `node --trace-deprecation ...` to show where the warning was created)
08 e2e	UNKNOWN STEP	2026-09-17T11:20:58.2014234Z Node 20 is being deprecated. This workflow is running with Node 24 by default. If you need to temporarily use Node 20, you can set the ACTIONS_ALLOW_USE_UNSECURE_NODE_VERSION=true environment variable. For more information see: https://github.blog/changelog/2025-09-19-deprecation-of-node-20-on-github-actions-runners/
08 e2e	UNKNOWN STEP	2026-09-17T11:20:58.2015575Z Post job cleanup.
08 e2e	UNKNOWN STEP	2026-09-17T11:20:58.3193989Z Cache hit occurred on the primary key npm-e2e-Linux-cbc5a47addb04da509bee67f43d9e7607fa7dd8daff9cab1b3e4f108aed3e38c, not saving cache.
08 e2e	UNKNOWN STEP	2026-09-17T11:20:58.3198184Z (node:4142) [DEP0040] DeprecationWarning: The `punycode` module is deprecated. Please use a userland alternative instead.
08 e2e	UNKNOWN STEP	2026-09-17T11:20:58.3199982Z (Use `node --trace-deprecation ...` to show where the warning was created)
08 e2e	UNKNOWN STEP	2026-09-17T11:20:58.3951105Z Node 20 is being deprecated. This workflow is running with Node 24 by default. If you need to temporarily use Node 20, you can set the ACTIONS_ALLOW_USE_UNSECURE_NODE_VERSION=true environment variable. For more information see: https://github.blog/changelog/2025-09-19-deprecation-of-node-20-on-github-actions-runners/
08 e2e	UNKNOWN STEP	2026-09-17T11:20:58.3952409Z Post job cleanup.
08 e2e	UNKNOWN STEP	2026-09-17T11:20:58.5085853Z Cache hit occurred on the primary key pip-e2e-Linux-401709aa0cea91a843128c262b898e02c31d20a51e3b14fef49f6ffd29c45d1c, not saving cache.
08 e2e	UNKNOWN STEP	2026-09-17T11:20:58.5087947Z (node:4161) [DEP0040] DeprecationWarning: The `punycode` module is deprecated. Please use a userland alternative instead.
08 e2e	UNKNOWN STEP	2026-09-17T11:20:58.5089221Z (Use `node --trace-deprecation ...` to show where the warning was created)
08 e2e	UNKNOWN STEP	2026-09-17T11:20:58.5205105Z Node 20 is being deprecated. This workflow is running with Node 24 by default. If you need to temporarily use Node 20, you can set the ACTIONS_ALLOW_USE_UNSECURE_NODE_VERSION=true environment variable. For more information see: https://github.blog/changelog/2025-09-19-deprecation-of-node-20-on-github-actions-runners/
08 e2e	UNKNOWN STEP	2026-09-17T11:20:58.5206395Z Post job cleanup.
08 e2e	UNKNOWN STEP	2026-09-17T11:20:58.6433016Z (node:4169) [DEP0040] DeprecationWarning: The `punycode` module is deprecated. Please use a userland alternative instead.
08 e2e	UNKNOWN STEP	2026-09-17T11:20:58.6434112Z (Use `node --trace-deprecation ...` to show where the warning was created)
08 e2e	UNKNOWN STEP	2026-09-17T11:20:58.6611601Z Node 20 is being deprecated. This workflow is running with Node 24 by default. If you need to temporarily use Node 20, you can set the ACTIONS_ALLOW_USE_UNSECURE_NODE_VERSION=true environment variable. For more information see: https://github.blog/changelog/2025-09-19-deprecation-of-node-20-on-github-actions-runners/
08 e2e	UNKNOWN STEP	2026-09-17T11:20:58.6613943Z Post job cleanup.
08 e2e	UNKNOWN STEP	2026-09-17T11:20:58.7886864Z (node:4177) [DEP0040] DeprecationWarning: The `punycode` module is deprecated. Please use a userland alternative instead.
08 e2e	UNKNOWN STEP	2026-09-17T11:20:58.7887872Z (Use `node --trace-deprecation ...` to show where the warning was created)
08 e2e	UNKNOWN STEP	2026-09-17T11:20:58.8074963Z Node 20 is being deprecated. This workflow is running with Node 24 by default. If you need to temporarily use Node 20, you can set the ACTIONS_ALLOW_USE_UNSECURE_NODE_VERSION=true environment variable. For more information see: https://github.blog/changelog/2025-09-19-deprecation-of-node-20-on-github-actions-runners/
08 e2e	UNKNOWN STEP	2026-09-17T11:20:58.8077094Z Post job cleanup.
08 e2e	UNKNOWN STEP	2026-09-17T11:20:58.8983649Z [command]/usr/bin/git version
08 e2e	UNKNOWN STEP	2026-09-17T11:20:58.9029210Z git version 2.55.0
08 e2e	UNKNOWN STEP	2026-09-17T11:20:58.9075846Z Temporarily overriding HOME='/home/runner/work/_temp/1a3bd9cb-36ad-43a0-8615-a76d15ff2f19' before making global git config changes
08 e2e	UNKNOWN STEP	2026-09-17T11:20:58.9077432Z Adding repository directory to the temporary git global config as a safe directory
08 e2e	UNKNOWN STEP	2026-09-17T11:20:58.9082589Z [command]/usr/bin/git config --global --add safe.directory /home/runner/work/Crew-Operations/Crew-Operations
08 e2e	UNKNOWN STEP	2026-09-17T11:20:58.9126114Z [command]/usr/bin/git config --local --name-only --get-regexp core\.sshCommand
08 e2e	UNKNOWN STEP	2026-09-17T11:20:58.9164490Z [command]/usr/bin/git submodule foreach --recursive sh -c "git config --local --name-only --get-regexp 'core\.sshCommand' && git config --local --unset-all 'core.sshCommand' || :"
08 e2e	UNKNOWN STEP	2026-09-17T11:20:58.9516434Z [command]/usr/bin/git config --local --name-only --get-regexp http\.https\:\/\/github\.com\/\.extraheader
08 e2e	UNKNOWN STEP	2026-09-17T11:20:58.9559159Z http.https://github.com/.extraheader
08 e2e	UNKNOWN STEP	2026-09-17T11:20:58.9578588Z [command]/usr/bin/git config --local --unset-all http.https://github.com/.extraheader
08 e2e	UNKNOWN STEP	2026-09-17T11:20:58.9628318Z [command]/usr/bin/git submodule foreach --recursive sh -c "git config --local --name-only --get-regexp 'http\.https\:\/\/github\.com\/\.extraheader' && git config --local --unset-all 'http.https://github.com/.extraheader' || :"
08 e2e	UNKNOWN STEP	2026-09-17T11:20:59.0022988Z [command]/usr/bin/git config --local --name-only --get-regexp ^includeIf\.gitdir:
08 e2e	UNKNOWN STEP	2026-09-17T11:20:59.0065523Z [command]/usr/bin/git submodule foreach --recursive git config --local --show-origin --name-only --get-regexp remote.origin.url
08 e2e	UNKNOWN STEP	2026-09-17T11:20:59.0460968Z Cleaning up orphan processes
08 e2e	UNKNOWN STEP	2026-09-17T11:20:59.0884971Z ##[warning]Node.js 20 is deprecated. The following actions target Node.js 20 but are being forced to run on Node.js 24: actions/cache@v4, actions/checkout@v4, actions/setup-node@v4, actions/setup-python@v5. For more information see: https://github.blog/changelog/2025-09-19-deprecation-of-node-20-on-github-actions-runners/
12 skills verify (Repo-To-Skill)	UNKNOWN STEP	∩╗┐2026-09-17T11:18:32.1275883Z Current runner version: '2.337.0'
12 skills verify (Repo-To-Skill)	UNKNOWN STEP	2026-09-17T11:18:32.1296026Z ##[group]Runner Image Provisioner
12 skills verify (Repo-To-Skill)	UNKNOWN STEP	2026-09-17T11:18:32.1296819Z Hosted Compute Agent
12 skills verify (Repo-To-Skill)	UNKNOWN STEP	2026-09-17T11:18:32.1297303Z Version: 20260828.587
12 skills verify (Repo-To-Skill)	UNKNOWN STEP	2026-09-17T11:18:32.1297810Z Commit: abac92662cab4cc7352de4f9f9d2e2419aad9c29
12 skills verify (Repo-To-Skill)	UNKNOWN STEP	2026-09-17T11:18:32.1298482Z Build Date: 2026-08-28T16:44:25Z
12 skills verify (Repo-To-Skill)	UNKNOWN STEP	2026-09-17T11:18:32.1299078Z Worker ID: {7c8da53b-9109-4c6e-b76b-4cdf15d15d9a}
12 skills verify (Repo-To-Skill)	UNKNOWN STEP	2026-09-17T11:18:32.1299687Z Azure Region: northcentralus
12 skills verify (Repo-To-Skill)	UNKNOWN STEP	2026-09-17T11:18:32.1300341Z ##[endgroup]
12 skills verify (Repo-To-Skill)	UNKNOWN STEP	2026-09-17T11:18:32.1301379Z ##[group]Operating System
12 skills verify (Repo-To-Skill)	UNKNOWN STEP	2026-09-17T11:18:32.1301965Z Ubuntu
12 skills verify (Repo-To-Skill)	UNKNOWN STEP	2026-09-17T11:18:32.1302440Z 24.04.5
12 skills verify (Repo-To-Skill)	UNKNOWN STEP	2026-09-17T11:18:32.1302927Z LTS
12 skills verify (Repo-To-Skill)	UNKNOWN STEP	2026-09-17T11:18:32.1303371Z ##[endgroup]
12 skills verify (Repo-To-Skill)	UNKNOWN STEP	2026-09-17T11:18:32.1303828Z ##[group]Runner Image
12 skills verify (Repo-To-Skill)	UNKNOWN STEP	2026-09-17T11:18:32.1304356Z Image: ubuntu-24.04
12 skills verify (Repo-To-Skill)	UNKNOWN STEP	2026-09-17T11:18:32.1304854Z Version: 20260907.300.1
12 skills verify (Repo-To-Skill)	UNKNOWN STEP	2026-09-17T11:18:32.1305936Z Included Software: https://github.com/actions/runner-images/blob/ubuntu24/20260907.300/images/ubuntu/Ubuntu2404-Readme.md
12 skills verify (Repo-To-Skill)	UNKNOWN STEP	2026-09-17T11:18:32.1307171Z Image Release: https://github.com/actions/runner-images/releases/tag/ubuntu24%2F20260907.300
12 skills verify (Repo-To-Skill)	UNKNOWN STEP	2026-09-17T11:18:32.1307998Z ##[endgroup]
12 skills verify (Repo-To-Skill)	UNKNOWN STEP	2026-09-17T11:18:32.1309021Z ##[group]GITHUB_TOKEN Permissions
12 skills verify (Repo-To-Skill)	UNKNOWN STEP	2026-09-17T11:18:32.1311062Z Contents: read
12 skills verify (Repo-To-Skill)	UNKNOWN STEP	2026-09-17T11:18:32.1311560Z Metadata: read
12 skills verify (Repo-To-Skill)	UNKNOWN STEP	2026-09-17T11:18:32.1312299Z Packages: read
12 skills verify (Repo-To-Skill)	UNKNOWN STEP	2026-09-17T11:18:32.1312812Z ##[endgroup]
12 skills verify (Repo-To-Skill)	UNKNOWN STEP	2026-09-17T11:18:32.1314499Z Secret source: Actions
12 skills verify (Repo-To-Skill)	UNKNOWN STEP	2026-09-17T11:18:32.1315344Z Cache mode: write
12 skills verify (Repo-To-Skill)	UNKNOWN STEP	2026-09-17T11:18:32.1316246Z Prepare workflow directory
12 skills verify (Repo-To-Skill)	UNKNOWN STEP	2026-09-17T11:18:32.1672191Z Prepare all required actions
12 skills verify (Repo-To-Skill)	UNKNOWN STEP	2026-09-17T11:18:32.1725332Z Getting action download info
12 skills verify (Repo-To-Skill)	UNKNOWN STEP	2026-09-17T11:18:32.3708644Z Download action repository 'actions/checkout@v4' (SHA:11d5960a326750d5838078e36cf38b85af677262)
12 skills verify (Repo-To-Skill)	UNKNOWN STEP	2026-09-17T11:18:32.4920209Z Download action repository 'actions/setup-python@v5' (SHA:a26af69be951a213d495a4c3e4e4022e16d87065)
12 skills verify (Repo-To-Skill)	UNKNOWN STEP	2026-09-17T11:18:32.6739169Z Complete job name: 12 skills verify (Repo-To-Skill)
12 skills verify (Repo-To-Skill)	UNKNOWN STEP	2026-09-17T11:18:32.7305127Z Node 20 is being deprecated. This workflow is running with Node 24 by default. If you need to temporarily use Node 20, you can set the ACTIONS_ALLOW_USE_UNSECURE_NODE_VERSION=true environment variable. For more information see: https://github.blog/changelog/2025-09-19-deprecation-of-node-20-on-github-actions-runners/
12 skills verify (Repo-To-Skill)	UNKNOWN STEP	2026-09-17T11:18:32.7312163Z ##[group]Run actions/checkout@v4
12 skills verify (Repo-To-Skill)	UNKNOWN STEP	2026-09-17T11:18:32.7312753Z with:
12 skills verify (Repo-To-Skill)	UNKNOWN STEP	2026-09-17T11:18:32.7313120Z   repository: KanTrun/Crew-Operations
12 skills verify (Repo-To-Skill)	UNKNOWN STEP	2026-09-17T11:18:32.7316041Z   token: ***
12 skills verify (Repo-To-Skill)	UNKNOWN STEP	2026-09-17T11:18:32.7316393Z   ssh-strict: true
12 skills verify (Repo-To-Skill)	UNKNOWN STEP	2026-09-17T11:18:32.7316741Z   ssh-user: git
12 skills verify (Repo-To-Skill)	UNKNOWN STEP	2026-09-17T11:18:32.7317093Z   persist-credentials: true
12 skills verify (Repo-To-Skill)	UNKNOWN STEP	2026-09-17T11:18:32.7317477Z   clean: true
12 skills verify (Repo-To-Skill)	UNKNOWN STEP	2026-09-17T11:18:32.7317829Z   sparse-checkout-cone-mode: true
12 skills verify (Repo-To-Skill)	UNKNOWN STEP	2026-09-17T11:18:32.7318229Z   fetch-depth: 1
12 skills verify (Repo-To-Skill)	UNKNOWN STEP	2026-09-17T11:18:32.7318566Z   fetch-tags: false
12 skills verify (Repo-To-Skill)	UNKNOWN STEP	2026-09-17T11:18:32.7318911Z   show-progress: true
12 skills verify (Repo-To-Skill)	UNKNOWN STEP	2026-09-17T11:18:32.7319262Z   lfs: false
12 skills verify (Repo-To-Skill)	UNKNOWN STEP	2026-09-17T11:18:32.7319622Z   submodules: false
12 skills verify (Repo-To-Skill)	UNKNOWN STEP	2026-09-17T11:18:32.7320097Z   set-safe-directory: true
12 skills verify (Repo-To-Skill)	UNKNOWN STEP	2026-09-17T11:18:32.7320504Z   allow-unsafe-pr-checkout: false
12 skills verify (Repo-To-Skill)	UNKNOWN STEP	2026-09-17T11:18:32.7321035Z env:
12 skills verify (Repo-To-Skill)	UNKNOWN STEP	2026-09-17T11:18:32.7321356Z   CA_AGENT_MODE: replay
12 skills verify (Repo-To-Skill)	UNKNOWN STEP	2026-09-17T11:18:32.7321704Z ##[endgroup]
12 skills verify (Repo-To-Skill)	UNKNOWN STEP	2026-09-17T11:18:32.8105772Z Syncing repository: KanTrun/Crew-Operations
12 skills verify (Repo-To-Skill)	UNKNOWN STEP	2026-09-17T11:18:32.8107568Z ##[group]Getting Git version info
12 skills verify (Repo-To-Skill)	UNKNOWN STEP	2026-09-17T11:18:32.8108279Z Working directory is '/home/runner/work/Crew-Operations/Crew-Operations'
12 skills verify (Repo-To-Skill)	UNKNOWN STEP	2026-09-17T11:18:32.8109425Z [command]/usr/bin/git version
12 skills verify (Repo-To-Skill)	UNKNOWN STEP	2026-09-17T11:18:32.8163214Z git version 2.55.0
12 skills verify (Repo-To-Skill)	UNKNOWN STEP	2026-09-17T11:18:32.8179203Z ##[endgroup]
12 skills verify (Repo-To-Skill)	UNKNOWN STEP	2026-09-17T11:18:32.8191497Z Temporarily overriding HOME='/home/runner/work/_temp/b785f2f9-194d-4307-ac83-7ec92822b874' before making global git config changes
12 skills verify (Repo-To-Skill)	UNKNOWN STEP	2026-09-17T11:18:32.8193151Z Adding repository directory to the temporary git global config as a safe directory
12 skills verify (Repo-To-Skill)	UNKNOWN STEP	2026-09-17T11:18:32.8195569Z [command]/usr/bin/git config --global --add safe.directory /home/runner/work/Crew-Operations/Crew-Operations
12 skills verify (Repo-To-Skill)	UNKNOWN STEP	2026-09-17T11:18:32.8255639Z Deleting the contents of '/home/runner/work/Crew-Operations/Crew-Operations'
12 skills verify (Repo-To-Skill)	UNKNOWN STEP	2026-09-17T11:18:32.8257102Z ##[group]Initializing the repository
12 skills verify (Repo-To-Skill)	UNKNOWN STEP	2026-09-17T11:18:32.8258019Z [command]/usr/bin/git init /home/runner/work/Crew-Operations/Crew-Operations
12 skills verify (Repo-To-Skill)	UNKNOWN STEP	2026-09-17T11:18:32.8399750Z hint: Using 'master' as the name for the initial branch. This default branch name
12 skills verify (Repo-To-Skill)	UNKNOWN STEP	2026-09-17T11:18:32.8401238Z hint: will change to "main" in Git 3.0. To configure the initial branch name
12 skills verify (Repo-To-Skill)	UNKNOWN STEP	2026-09-17T11:18:32.8402389Z hint: to use in all of your new repositories, which will suppress this warning,
12 skills verify (Repo-To-Skill)	UNKNOWN STEP	2026-09-17T11:18:32.8403309Z hint: call:
12 skills verify (Repo-To-Skill)	UNKNOWN STEP	2026-09-17T11:18:32.8403789Z hint:
12 skills verify (Repo-To-Skill)	UNKNOWN STEP	2026-09-17T11:18:32.8404392Z hint: 	git config --global init.defaultBranch <name>
12 skills verify (Repo-To-Skill)	UNKNOWN STEP	2026-09-17T11:18:32.8405140Z hint:
12 skills verify (Repo-To-Skill)	UNKNOWN STEP	2026-09-17T11:18:32.8405862Z hint: Names commonly chosen instead of 'master' are 'main', 'trunk' and
12 skills verify (Repo-To-Skill)	UNKNOWN STEP	2026-09-17T11:18:32.8407107Z hint: 'development'. The just-created branch can be renamed via this command:
12 skills verify (Repo-To-Skill)	UNKNOWN STEP	2026-09-17T11:18:32.8408068Z hint:
12 skills verify (Repo-To-Skill)	UNKNOWN STEP	2026-09-17T11:18:32.8408568Z hint: 	git branch -m <name>
12 skills verify (Repo-To-Skill)	UNKNOWN STEP	2026-09-17T11:18:32.8409143Z hint:
12 skills verify (Repo-To-Skill)	UNKNOWN STEP	2026-09-17T11:18:32.8410059Z hint: Disable this message with "git config set advice.defaultBranchName false"
12 skills verify (Repo-To-Skill)	UNKNOWN STEP	2026-09-17T11:18:32.8416418Z Initialized empty Git repository in /home/runner/work/Crew-Operations/Crew-Operations/.git/
12 skills verify (Repo-To-Skill)	UNKNOWN STEP	2026-09-17T11:18:32.8424943Z [command]/usr/bin/git remote add origin https://github.com/KanTrun/Crew-Operations
12 skills verify (Repo-To-Skill)	UNKNOWN STEP	2026-09-17T11:18:32.8502107Z ##[endgroup]
12 skills verify (Repo-To-Skill)	UNKNOWN STEP	2026-09-17T11:18:32.8503215Z ##[group]Disabling automatic garbage collection
12 skills verify (Repo-To-Skill)	UNKNOWN STEP	2026-09-17T11:18:32.8504235Z [command]/usr/bin/git config --local gc.auto 0
12 skills verify (Repo-To-Skill)	UNKNOWN STEP	2026-09-17T11:18:32.8526453Z ##[endgroup]
12 skills verify (Repo-To-Skill)	UNKNOWN STEP	2026-09-17T11:18:32.8527391Z ##[group]Setting up auth
12 skills verify (Repo-To-Skill)	UNKNOWN STEP	2026-09-17T11:18:32.8532302Z [command]/usr/bin/git config --local --name-only --get-regexp core\.sshCommand
12 skills verify (Repo-To-Skill)	UNKNOWN STEP	2026-09-17T11:18:32.8572982Z [command]/usr/bin/git submodule foreach --recursive sh -c "git config --local --name-only --get-regexp 'core\.sshCommand' && git config --local --unset-all 'core.sshCommand' || :"
12 skills verify (Repo-To-Skill)	UNKNOWN STEP	2026-09-17T11:18:32.8880570Z [command]/usr/bin/git config --local --name-only --get-regexp http\.https\:\/\/github\.com\/\.extraheader
12 skills verify (Repo-To-Skill)	UNKNOWN STEP	2026-09-17T11:18:32.8909685Z [command]/usr/bin/git submodule foreach --recursive sh -c "git config --local --name-only --get-regexp 'http\.https\:\/\/github\.com\/\.extraheader' && git config --local --unset-all 'http.https://github.com/.extraheader' || :"
12 skills verify (Repo-To-Skill)	UNKNOWN STEP	2026-09-17T11:18:32.9097215Z [command]/usr/bin/git config --local --name-only --get-regexp ^includeIf\.gitdir:
12 skills verify (Repo-To-Skill)	UNKNOWN STEP	2026-09-17T11:18:32.9126628Z [command]/usr/bin/git submodule foreach --recursive git config --local --show-origin --name-only --get-regexp remote.origin.url
12 skills verify (Repo-To-Skill)	UNKNOWN STEP	2026-09-17T11:18:32.9312571Z [command]/usr/bin/git config --local http.https://github.com/.extraheader AUTHORIZATION: basic ***
12 skills verify (Repo-To-Skill)	UNKNOWN STEP	2026-09-17T11:18:32.9343477Z ##[endgroup]
12 skills verify (Repo-To-Skill)	UNKNOWN STEP	2026-09-17T11:18:32.9350566Z ##[group]Fetching the repository
12 skills verify (Repo-To-Skill)	UNKNOWN STEP	2026-09-17T11:18:32.9352534Z [command]/usr/bin/git -c protocol.version=2 fetch --no-tags --prune --no-recurse-submodules --depth=1 origin +a6ee707a664b71558e72eff4ac334b63193b03a2:refs/remotes/origin/main
12 skills verify (Repo-To-Skill)	UNKNOWN STEP	2026-09-17T11:18:33.8777780Z From https://github.com/KanTrun/Crew-Operations
12 skills verify (Repo-To-Skill)	UNKNOWN STEP	2026-09-17T11:18:33.8778851Z  * [new ref]         a6ee707a664b71558e72eff4ac334b63193b03a2 -> origin/main
12 skills verify (Repo-To-Skill)	UNKNOWN STEP	2026-09-17T11:18:33.8781749Z ##[endgroup]
12 skills verify (Repo-To-Skill)	UNKNOWN STEP	2026-09-17T11:18:33.8782702Z ##[group]Determining the checkout info
12 skills verify (Repo-To-Skill)	UNKNOWN STEP	2026-09-17T11:18:33.8783761Z ##[endgroup]
12 skills verify (Repo-To-Skill)	UNKNOWN STEP	2026-09-17T11:18:33.8788667Z [command]/usr/bin/git sparse-checkout disable
12 skills verify (Repo-To-Skill)	UNKNOWN STEP	2026-09-17T11:18:33.8830274Z [command]/usr/bin/git config --local --unset-all extensions.worktreeConfig
12 skills verify (Repo-To-Skill)	UNKNOWN STEP	2026-09-17T11:18:33.8857804Z ##[group]Checking out the ref
12 skills verify (Repo-To-Skill)	UNKNOWN STEP	2026-09-17T11:18:33.8861392Z [command]/usr/bin/git checkout --progress --force -B main refs/remotes/origin/main
12 skills verify (Repo-To-Skill)	UNKNOWN STEP	2026-09-17T11:18:33.9672698Z Switched to a new branch 'main'
12 skills verify (Repo-To-Skill)	UNKNOWN STEP	2026-09-17T11:18:33.9676481Z branch 'main' set up to track 'origin/main'.
12 skills verify (Repo-To-Skill)	UNKNOWN STEP	2026-09-17T11:18:33.9685008Z ##[endgroup]
12 skills verify (Repo-To-Skill)	UNKNOWN STEP	2026-09-17T11:18:33.9722386Z [command]/usr/bin/git log -1 --format=%H
12 skills verify (Repo-To-Skill)	UNKNOWN STEP	2026-09-17T11:18:33.9744571Z a6ee707a664b71558e72eff4ac334b63193b03a2
12 skills verify (Repo-To-Skill)	UNKNOWN STEP	2026-09-17T11:18:34.0039278Z Node 20 is being deprecated. This workflow is running with Node 24 by default. If you need to temporarily use Node 20, you can set the ACTIONS_ALLOW_USE_UNSECURE_NODE_VERSION=true environment variable. For more information see: https://github.blog/changelog/2025-09-19-deprecation-of-node-20-on-github-actions-runners/
12 skills verify (Repo-To-Skill)	UNKNOWN STEP	2026-09-17T11:18:34.0043833Z ##[group]Run actions/setup-python@v5
12 skills verify (Repo-To-Skill)	UNKNOWN STEP	2026-09-17T11:18:34.0044747Z with:
12 skills verify (Repo-To-Skill)	UNKNOWN STEP	2026-09-17T11:18:34.0045431Z   python-version: 3.12
12 skills verify (Repo-To-Skill)	UNKNOWN STEP	2026-09-17T11:18:34.0046224Z   check-latest: false
12 skills verify (Repo-To-Skill)	UNKNOWN STEP	2026-09-17T11:18:34.0053077Z   token: ***
12 skills verify (Repo-To-Skill)	UNKNOWN STEP	2026-09-17T11:18:34.0053814Z   update-environment: true
12 skills verify (Repo-To-Skill)	UNKNOWN STEP	2026-09-17T11:18:34.0054672Z   allow-prereleases: false
12 skills verify (Repo-To-Skill)	UNKNOWN STEP	2026-09-17T11:18:34.0055503Z   freethreaded: false
12 skills verify (Repo-To-Skill)	UNKNOWN STEP	2026-09-17T11:18:34.0056237Z env:
12 skills verify (Repo-To-Skill)	UNKNOWN STEP	2026-09-17T11:18:34.0056917Z   CA_AGENT_MODE: replay
12 skills verify (Repo-To-Skill)	UNKNOWN STEP	2026-09-17T11:18:34.0057683Z ##[endgroup]
12 skills verify (Repo-To-Skill)	UNKNOWN STEP	2026-09-17T11:18:34.1074045Z ##[group]Installed versions
12 skills verify (Repo-To-Skill)	UNKNOWN STEP	2026-09-17T11:18:34.1768986Z (node:2035) [DEP0040] DeprecationWarning: The `punycode` module is deprecated. Please use a userland alternative instead.
12 skills verify (Repo-To-Skill)	UNKNOWN STEP	2026-09-17T11:18:34.1771905Z (Use `node --trace-deprecation ...` to show where the warning was created)
12 skills verify (Repo-To-Skill)	UNKNOWN STEP	2026-09-17T11:18:34.1773128Z Successfully set up CPython (3.12.14)
12 skills verify (Repo-To-Skill)	UNKNOWN STEP	2026-09-17T11:18:34.1774569Z ##[endgroup]
12 skills verify (Repo-To-Skill)	UNKNOWN STEP	2026-09-17T11:18:34.1939059Z ##[group]Run python -m pip install -e ./packages/contracts -e ./packages/solver \
12 skills verify (Repo-To-Skill)	UNKNOWN STEP	2026-09-17T11:18:34.1940815Z [36;1mpython -m pip install -e ./packages/contracts -e ./packages/solver \[0m
12 skills verify (Repo-To-Skill)	UNKNOWN STEP	2026-09-17T11:18:34.1942284Z [36;1m  -e ./packages/gates -e ./packages/playbook -e ./packages/agents \[0m
12 skills verify (Repo-To-Skill)	UNKNOWN STEP	2026-09-17T11:18:34.1943546Z [36;1m  -e ./apps/api pyyaml ortools[0m
12 skills verify (Repo-To-Skill)	UNKNOWN STEP	2026-09-17T11:18:34.2001204Z shell: /usr/bin/bash -e {0}
12 skills verify (Repo-To-Skill)	UNKNOWN STEP	2026-09-17T11:18:34.2002220Z env:
12 skills verify (Repo-To-Skill)	UNKNOWN STEP	2026-09-17T11:18:34.2003117Z   CA_AGENT_MODE: replay
12 skills verify (Repo-To-Skill)	UNKNOWN STEP	2026-09-17T11:18:34.2004210Z   pythonLocation: /opt/hostedtoolcache/Python/3.12.14/x64
12 skills verify (Repo-To-Skill)	UNKNOWN STEP	2026-09-17T11:18:34.2005583Z   PKG_CONFIG_PATH: /opt/hostedtoolcache/Python/3.12.14/x64/lib/pkgconfig
12 skills verify (Repo-To-Skill)	UNKNOWN STEP	2026-09-17T11:18:34.2006874Z   Python_ROOT_DIR: /opt/hostedtoolcache/Python/3.12.14/x64
12 skills verify (Repo-To-Skill)	UNKNOWN STEP	2026-09-17T11:18:34.2008117Z   Python2_ROOT_DIR: /opt/hostedtoolcache/Python/3.12.14/x64
12 skills verify (Repo-To-Skill)	UNKNOWN STEP	2026-09-17T11:18:34.2009391Z   Python3_ROOT_DIR: /opt/hostedtoolcache/Python/3.12.14/x64
12 skills verify (Repo-To-Skill)	UNKNOWN STEP	2026-09-17T11:18:34.2010837Z   LD_LIBRARY_PATH: /opt/hostedtoolcache/Python/3.12.14/x64/lib
12 skills verify (Repo-To-Skill)	UNKNOWN STEP	2026-09-17T11:18:34.2011994Z ##[endgroup]
12 skills verify (Repo-To-Skill)	UNKNOWN STEP	2026-09-17T11:18:35.5242228Z Obtaining file:///home/runner/work/Crew-Operations/Crew-Operations/packages/contracts
12 skills verify (Repo-To-Skill)	UNKNOWN STEP	2026-09-17T11:18:35.5254451Z   Installing build dependencies: started
12 skills verify (Repo-To-Skill)	UNKNOWN STEP	2026-09-17T11:18:36.5134108Z   Installing build dependencies: finished with status 'done'
12 skills verify (Repo-To-Skill)	UNKNOWN STEP	2026-09-17T11:18:36.5138143Z   Checking if build backend supports build_editable: started
12 skills verify (Repo-To-Skill)	UNKNOWN STEP	2026-09-17T11:18:36.6089697Z   Checking if build backend supports build_editable: finished with status 'done'
12 skills verify (Repo-To-Skill)	UNKNOWN STEP	2026-09-17T11:18:36.6099001Z   Getting requirements to build editable: started
12 skills verify (Repo-To-Skill)	UNKNOWN STEP	2026-09-17T11:18:36.7304895Z   Getting requirements to build editable: finished with status 'done'
12 skills verify (Repo-To-Skill)	UNKNOWN STEP	2026-09-17T11:18:36.7314799Z   Installing backend dependencies: started
12 skills verify (Repo-To-Skill)	UNKNOWN STEP	2026-09-17T11:18:37.2470809Z   Installing backend dependencies: finished with status 'done'
12 skills verify (Repo-To-Skill)	UNKNOWN STEP	2026-09-17T11:18:37.2476895Z   Preparing editable metadata (pyproject.toml): started
12 skills verify (Repo-To-Skill)	UNKNOWN STEP	2026-09-17T11:18:37.3985312Z   Preparing editable metadata (pyproject.toml): finished with status 'done'
12 skills verify (Repo-To-Skill)	UNKNOWN STEP	2026-09-17T11:18:37.4007468Z Obtaining file:///home/runner/work/Crew-Operations/Crew-Operations/packages/solver
12 skills verify (Repo-To-Skill)	UNKNOWN STEP	2026-09-17T11:18:37.4018889Z   Installing build dependencies: started
12 skills verify (Repo-To-Skill)	UNKNOWN STEP	2026-09-17T11:18:37.8123765Z   Installing build dependencies: finished with status 'done'
12 skills verify (Repo-To-Skill)	UNKNOWN STEP	2026-09-17T11:18:37.8128916Z   Checking if build backend supports build_editable: started
12 skills verify (Repo-To-Skill)	UNKNOWN STEP	2026-09-17T11:18:37.8462917Z   Checking if build backend supports build_editable: finished with status 'done'
12 skills verify (Repo-To-Skill)	UNKNOWN STEP	2026-09-17T11:18:37.8468368Z   Getting requirements to build editable: started
12 skills verify (Repo-To-Skill)	UNKNOWN STEP	2026-09-17T11:18:37.9665729Z   Getting requirements to build editable: finished with status 'done'
12 skills verify (Repo-To-Skill)	UNKNOWN STEP	2026-09-17T11:18:37.9674802Z   Installing backend dependencies: started
12 skills verify (Repo-To-Skill)	UNKNOWN STEP	2026-09-17T11:18:38.2764569Z   Installing backend dependencies: finished with status 'done'
12 skills verify (Repo-To-Skill)	UNKNOWN STEP	2026-09-17T11:18:38.2772187Z   Preparing editable metadata (pyproject.toml): started
12 skills verify (Repo-To-Skill)	UNKNOWN STEP	2026-09-17T11:18:38.4092103Z   Preparing editable metadata (pyproject.toml): finished with status 'done'
12 skills verify (Repo-To-Skill)	UNKNOWN STEP	2026-09-17T11:18:38.4111950Z Obtaining file:///home/runner/work/Crew-Operations/Crew-Operations/packages/gates
12 skills verify (Repo-To-Skill)	UNKNOWN STEP	2026-09-17T11:18:38.4121895Z   Installing build dependencies: started
12 skills verify (Repo-To-Skill)	UNKNOWN STEP	2026-09-17T11:18:38.8115393Z   Installing build dependencies: finished with status 'done'
12 skills verify (Repo-To-Skill)	UNKNOWN STEP	2026-09-17T11:18:38.8119596Z   Checking if build backend supports build_editable: started
12 skills verify (Repo-To-Skill)	UNKNOWN STEP	2026-09-17T11:18:38.8448888Z   Checking if build backend supports build_editable: finished with status 'done'
12 skills verify (Repo-To-Skill)	UNKNOWN STEP	2026-09-17T11:18:38.8454801Z   Getting requirements to build editable: started
12 skills verify (Repo-To-Skill)	UNKNOWN STEP	2026-09-17T11:18:38.9668886Z   Getting requirements to build editable: finished with status 'done'
12 skills verify (Repo-To-Skill)	UNKNOWN STEP	2026-09-17T11:18:38.9678831Z   Installing backend dependencies: started
12 skills verify (Repo-To-Skill)	UNKNOWN STEP	2026-09-17T11:18:39.2802594Z   Installing backend dependencies: finished with status 'done'
12 skills verify (Repo-To-Skill)	UNKNOWN STEP	2026-09-17T11:18:39.2807605Z   Preparing editable metadata (pyproject.toml): started
12 skills verify (Repo-To-Skill)	UNKNOWN STEP	2026-09-17T11:18:39.4113996Z   Preparing editable metadata (pyproject.toml): finished with status 'done'
12 skills verify (Repo-To-Skill)	UNKNOWN STEP	2026-09-17T11:18:39.4133215Z Obtaining file:///home/runner/work/Crew-Operations/Crew-Operations/packages/playbook
12 skills verify (Repo-To-Skill)	UNKNOWN STEP	2026-09-17T11:18:39.4143487Z   Installing build dependencies: started
12 skills verify (Repo-To-Skill)	UNKNOWN STEP	2026-09-17T11:18:39.8110464Z   Installing build dependencies: finished with status 'done'
12 skills verify (Repo-To-Skill)	UNKNOWN STEP	2026-09-17T11:18:39.8115124Z   Checking if build backend supports build_editable: started
12 skills verify (Repo-To-Skill)	UNKNOWN STEP	2026-09-17T11:18:39.8450689Z   Checking if build backend supports build_editable: finished with status 'done'
12 skills verify (Repo-To-Skill)	UNKNOWN STEP	2026-09-17T11:18:39.8457508Z   Getting requirements to build editable: started
12 skills verify (Repo-To-Skill)	UNKNOWN STEP	2026-09-17T11:18:39.9679847Z   Getting requirements to build editable: finished with status 'done'
12 skills verify (Repo-To-Skill)	UNKNOWN STEP	2026-09-17T11:18:39.9688734Z   Installing backend dependencies: started
12 skills verify (Repo-To-Skill)	UNKNOWN STEP	2026-09-17T11:18:40.2774183Z   Installing backend dependencies: finished with status 'done'
12 skills verify (Repo-To-Skill)	UNKNOWN STEP	2026-09-17T11:18:40.2779232Z   Preparing editable metadata (pyproject.toml): started
12 skills verify (Repo-To-Skill)	UNKNOWN STEP	2026-09-17T11:18:40.4112605Z   Preparing editable metadata (pyproject.toml): finished with status 'done'
12 skills verify (Repo-To-Skill)	UNKNOWN STEP	2026-09-17T11:18:40.4132667Z Obtaining file:///home/runner/work/Crew-Operations/Crew-Operations/packages/agents
12 skills verify (Repo-To-Skill)	UNKNOWN STEP	2026-09-17T11:18:40.4144999Z   Installing build dependencies: started
12 skills verify (Repo-To-Skill)	UNKNOWN STEP	2026-09-17T11:18:40.8104954Z   Installing build dependencies: finished with status 'done'
12 skills verify (Repo-To-Skill)	UNKNOWN STEP	2026-09-17T11:18:40.8109411Z   Checking if build backend supports build_editable: started
12 skills verify (Repo-To-Skill)	UNKNOWN STEP	2026-09-17T11:18:40.8437899Z   Checking if build backend supports build_editable: finished with status 'done'
12 skills verify (Repo-To-Skill)	UNKNOWN STEP	2026-09-17T11:18:40.8443407Z   Getting requirements to build editable: started
12 skills verify (Repo-To-Skill)	UNKNOWN STEP	2026-09-17T11:18:40.9642293Z   Getting requirements to build editable: finished with status 'done'
12 skills verify (Repo-To-Skill)	UNKNOWN STEP	2026-09-17T11:18:40.9651409Z   Installing backend dependencies: started
12 skills verify (Repo-To-Skill)	UNKNOWN STEP	2026-09-17T11:18:41.2719541Z   Installing backend dependencies: finished with status 'done'
12 skills verify (Repo-To-Skill)	UNKNOWN STEP	2026-09-17T11:18:41.2724933Z   Preparing editable metadata (pyproject.toml): started
12 skills verify (Repo-To-Skill)	UNKNOWN STEP	2026-09-17T11:18:41.4081501Z   Preparing editable metadata (pyproject.toml): finished with status 'done'
12 skills verify (Repo-To-Skill)	UNKNOWN STEP	2026-09-17T11:18:41.4101991Z Obtaining file:///home/runner/work/Crew-Operations/Crew-Operations/apps/api
12 skills verify (Repo-To-Skill)	UNKNOWN STEP	2026-09-17T11:18:41.4112815Z   Installing build dependencies: started
12 skills verify (Repo-To-Skill)	UNKNOWN STEP	2026-09-17T11:18:41.8094047Z   Installing build dependencies: finished with status 'done'
12 skills verify (Repo-To-Skill)	UNKNOWN STEP	2026-09-17T11:18:41.8098558Z   Checking if build backend supports build_editable: started
12 skills verify (Repo-To-Skill)	UNKNOWN STEP	2026-09-17T11:18:41.8434876Z   Checking if build backend supports build_editable: finished with status 'done'
12 skills verify (Repo-To-Skill)	UNKNOWN STEP	2026-09-17T11:18:41.8440246Z   Getting requirements to build editable: started
12 skills verify (Repo-To-Skill)	UNKNOWN STEP	2026-09-17T11:18:41.9650982Z   Getting requirements to build editable: finished with status 'done'
12 skills verify (Repo-To-Skill)	UNKNOWN STEP	2026-09-17T11:18:41.9660751Z   Installing backend dependencies: started
12 skills verify (Repo-To-Skill)	UNKNOWN STEP	2026-09-17T11:18:42.2741883Z   Installing backend dependencies: finished with status 'done'
12 skills verify (Repo-To-Skill)	UNKNOWN STEP	2026-09-17T11:18:42.2747217Z   Preparing editable metadata (pyproject.toml): started
12 skills verify (Repo-To-Skill)	UNKNOWN STEP	2026-09-17T11:18:42.4076460Z   Preparing editable metadata (pyproject.toml): finished with status 'done'
12 skills verify (Repo-To-Skill)	UNKNOWN STEP	2026-09-17T11:18:42.4805772Z Collecting pyyaml
12 skills verify (Repo-To-Skill)	UNKNOWN STEP	2026-09-17T11:18:42.5166779Z   Downloading pyyaml-6.0.3-cp312-cp312-manylinux2014_x86_64.manylinux_2_17_x86_64.manylinux_2_28_x86_64.whl.metadata (2.4 kB)
12 skills verify (Repo-To-Skill)	UNKNOWN STEP	2026-09-17T11:18:42.5427303Z Collecting ortools
12 skills verify (Repo-To-Skill)	UNKNOWN STEP	2026-09-17T11:18:42.5460748Z   Downloading ortools-9.15.6755-cp312-cp312-manylinux_2_27_x86_64.manylinux_2_28_x86_64.whl.metadata (3.3 kB)
12 skills verify (Repo-To-Skill)	UNKNOWN STEP	2026-09-17T11:18:42.6259184Z Collecting pydantic>=2.9.0 (from ca-contracts==0.1.0)
12 skills verify (Repo-To-Skill)	UNKNOWN STEP	2026-09-17T11:18:42.6294825Z   Downloading pydantic-2.13.5-py3-none-any.whl.metadata (110 kB)
12 skills verify (Repo-To-Skill)	UNKNOWN STEP	2026-09-17T11:18:42.7810414Z Collecting numpy>=2.0 (from ca-agents==0.1.0)
12 skills verify (Repo-To-Skill)	UNKNOWN STEP	2026-09-17T11:18:42.7844773Z   Downloading numpy-2.5.3-cp312-cp312-manylinux_2_27_x86_64.manylinux_2_28_x86_64.whl.metadata (6.6 kB)
12 skills verify (Repo-To-Skill)	UNKNOWN STEP	2026-09-17T11:18:42.8558888Z Collecting websockets>=15.0 (from ca-agents==0.1.0)
12 skills verify (Repo-To-Skill)	UNKNOWN STEP	2026-09-17T11:18:42.8596459Z   Downloading websockets-17.1-cp312-cp312-manylinux1_x86_64.manylinux_2_28_x86_64.manylinux_2_5_x86_64.whl.metadata (6.3 kB)
12 skills verify (Repo-To-Skill)	UNKNOWN STEP	2026-09-17T11:18:42.8748067Z Collecting alembic>=1.13.0 (from ca-api==0.1.0)
12 skills verify (Repo-To-Skill)	UNKNOWN STEP	2026-09-17T11:18:42.8779667Z   Downloading alembic-1.20.0-py3-none-any.whl.metadata (7.3 kB)
12 skills verify (Repo-To-Skill)	UNKNOWN STEP	2026-09-17T11:18:42.9060508Z Collecting fastapi>=0.115.0 (from ca-api==0.1.0)
12 skills verify (Repo-To-Skill)	UNKNOWN STEP	2026-09-17T11:18:42.9092727Z   Downloading fastapi-0.141.1-py3-none-any.whl.metadata (27 kB)
12 skills verify (Repo-To-Skill)	UNKNOWN STEP	2026-09-17T11:18:42.9320005Z Collecting httpx>=0.27.0 (from ca-api==0.1.0)
12 skills verify (Repo-To-Skill)	UNKNOWN STEP	2026-09-17T11:18:42.9353924Z   Downloading httpx-0.28.1-py3-none-any.whl.metadata (7.1 kB)
12 skills verify (Repo-To-Skill)	UNKNOWN STEP	2026-09-17T11:18:42.9470606Z Collecting openpyxl>=3.1.5 (from ca-api==0.1.0)
12 skills verify (Repo-To-Skill)	UNKNOWN STEP	2026-09-17T11:18:42.9510326Z   Downloading openpyxl-3.1.5-py2.py3-none-any.whl.metadata (2.5 kB)
12 skills verify (Repo-To-Skill)	UNKNOWN STEP	2026-09-17T11:18:42.9625997Z Collecting psycopg>=3.2.0 (from psycopg[binary]>=3.2.0->ca-api==0.1.0)
12 skills verify (Repo-To-Skill)	UNKNOWN STEP	2026-09-17T11:18:42.9656563Z   Downloading psycopg-3.3.5-py3-none-any.whl.metadata (4.3 kB)
12 skills verify (Repo-To-Skill)	UNKNOWN STEP	2026-09-17T11:18:42.9777783Z Collecting python-multipart>=0.0.9 (from ca-api==0.1.0)
12 skills verify (Repo-To-Skill)	UNKNOWN STEP	2026-09-17T11:18:42.9808702Z   Downloading python_multipart-0.0.32-py3-none-any.whl.metadata (2.1 kB)
12 skills verify (Repo-To-Skill)	UNKNOWN STEP	2026-09-17T11:18:42.9975798Z Collecting redis>=5.0.0 (from ca-api==0.1.0)
12 skills verify (Repo-To-Skill)	UNKNOWN STEP	2026-09-17T11:18:43.0006685Z   Downloading redis-8.1.0-py3-none-any.whl.metadata (16 kB)
12 skills verify (Repo-To-Skill)	UNKNOWN STEP	2026-09-17T11:18:43.0712685Z Collecting reportlab>=4.2.5 (from ca-api==0.1.0)
12 skills verify (Repo-To-Skill)	UNKNOWN STEP	2026-09-17T11:18:43.0746506Z   Downloading reportlab-5.0.1-py3-none-any.whl.metadata (1.6 kB)
12 skills verify (Repo-To-Skill)	UNKNOWN STEP	2026-09-17T11:18:43.2781598Z Collecting sqlalchemy>=2.0.0 (from ca-api==0.1.0)
12 skills verify (Repo-To-Skill)	UNKNOWN STEP	2026-09-17T11:18:43.2816255Z   Downloading sqlalchemy-2.0.54-cp312-cp312-manylinux2014_x86_64.manylinux_2_17_x86_64.manylinux_2_28_x86_64.whl.metadata (9.7 kB)
12 skills verify (Repo-To-Skill)	UNKNOWN STEP	2026-09-17T11:18:43.3017912Z Collecting uvicorn>=0.32.0 (from uvicorn[standard]>=0.32.0->ca-api==0.1.0)
12 skills verify (Repo-To-Skill)	UNKNOWN STEP	2026-09-17T11:18:43.3048997Z   Downloading uvicorn-0.53.0-py3-none-any.whl.metadata (6.6 kB)
12 skills verify (Repo-To-Skill)	UNKNOWN STEP	2026-09-17T11:18:43.3328839Z Collecting absl-py>=2.0.0 (from ortools)
12 skills verify (Repo-To-Skill)	UNKNOWN STEP	2026-09-17T11:18:43.3375445Z   Downloading absl_py-2.5.0-py3-none-any.whl.metadata (3.3 kB)
12 skills verify (Repo-To-Skill)	UNKNOWN STEP	2026-09-17T11:18:43.4135605Z Collecting pandas>=2.0.0 (from ortools)
12 skills verify (Repo-To-Skill)	UNKNOWN STEP	2026-09-17T11:18:43.4171850Z   Downloading pandas-3.0.5-cp312-cp312-manylinux_2_24_x86_64.manylinux_2_28_x86_64.whl.metadata (79 kB)
12 skills verify (Repo-To-Skill)	UNKNOWN STEP	2026-09-17T11:18:43.5302412Z Collecting protobuf<6.34,>=6.33.1 (from ortools)
12 skills verify (Repo-To-Skill)	UNKNOWN STEP	2026-09-17T11:18:43.5336926Z   Downloading protobuf-6.33.6-cp39-abi3-manylinux2014_x86_64.whl.metadata (593 bytes)
12 skills verify (Repo-To-Skill)	UNKNOWN STEP	2026-09-17T11:18:43.5452884Z Collecting typing-extensions>=4.12 (from ortools)
12 skills verify (Repo-To-Skill)	UNKNOWN STEP	2026-09-17T11:18:43.5484857Z   Downloading typing_extensions-4.16.0-py3-none-any.whl.metadata (3.3 kB)
12 skills verify (Repo-To-Skill)	UNKNOWN STEP	2026-09-17T11:18:43.5580284Z Collecting immutabledict>=3.0.0 (from ortools)
12 skills verify (Repo-To-Skill)	UNKNOWN STEP	2026-09-17T11:18:43.5612555Z   Downloading immutabledict-4.3.1-py3-none-any.whl.metadata (3.5 kB)
12 skills verify (Repo-To-Skill)	UNKNOWN STEP	2026-09-17T11:18:43.5745001Z Collecting Mako (from alembic>=1.13.0->ca-api==0.1.0)
12 skills verify (Repo-To-Skill)	UNKNOWN STEP	2026-09-17T11:18:43.5776269Z   Downloading mako-1.4.1-py3-none-any.whl.metadata (2.9 kB)
12 skills verify (Repo-To-Skill)	UNKNOWN STEP	2026-09-17T11:18:43.6120401Z Collecting starlette>=0.46.0 (from fastapi>=0.115.0->ca-api==0.1.0)
12 skills verify (Repo-To-Skill)	UNKNOWN STEP	2026-09-17T11:18:43.6155354Z   Downloading starlette-1.6.0-py3-none-any.whl.metadata (6.4 kB)
12 skills verify (Repo-To-Skill)	UNKNOWN STEP	2026-09-17T11:18:43.6253164Z Collecting typing-inspection>=0.4.2 (from fastapi>=0.115.0->ca-api==0.1.0)
12 skills verify (Repo-To-Skill)	UNKNOWN STEP	2026-09-17T11:18:43.6284716Z   Downloading typing_inspection-0.4.4-py3-none-any.whl.metadata (2.6 kB)
12 skills verify (Repo-To-Skill)	UNKNOWN STEP	2026-09-17T11:18:43.6363672Z Collecting annotated-doc>=0.0.2 (from fastapi>=0.115.0->ca-api==0.1.0)
12 skills verify (Repo-To-Skill)	UNKNOWN STEP	2026-09-17T11:18:43.6401144Z   Downloading annotated_doc-0.0.5-py3-none-any.whl.metadata (6.5 kB)
12 skills verify (Repo-To-Skill)	UNKNOWN STEP	2026-09-17T11:18:43.6544321Z Collecting anyio (from httpx>=0.27.0->ca-api==0.1.0)
12 skills verify (Repo-To-Skill)	UNKNOWN STEP	2026-09-17T11:18:43.6581307Z   Downloading anyio-4.15.1-py3-none-any.whl.metadata (4.7 kB)
12 skills verify (Repo-To-Skill)	UNKNOWN STEP	2026-09-17T11:18:43.6714994Z Collecting certifi (from httpx>=0.27.0->ca-api==0.1.0)
12 skills verify (Repo-To-Skill)	UNKNOWN STEP	2026-09-17T11:18:43.6751578Z   Downloading certifi-2026.7.22-py3-none-any.whl.metadata (2.5 kB)
12 skills verify (Repo-To-Skill)	UNKNOWN STEP	2026-09-17T11:18:43.6862653Z Collecting httpcore==1.* (from httpx>=0.27.0->ca-api==0.1.0)
12 skills verify (Repo-To-Skill)	UNKNOWN STEP	2026-09-17T11:18:43.6895092Z   Downloading httpcore-1.0.9-py3-none-any.whl.metadata (21 kB)
12 skills verify (Repo-To-Skill)	UNKNOWN STEP	2026-09-17T11:18:43.7017682Z Collecting idna (from httpx>=0.27.0->ca-api==0.1.0)
12 skills verify (Repo-To-Skill)	UNKNOWN STEP	2026-09-17T11:18:43.7050489Z   Downloading idna-3.19-py3-none-any.whl.metadata (9.2 kB)
12 skills verify (Repo-To-Skill)	UNKNOWN STEP	2026-09-17T11:18:43.7285943Z Collecting h11>=0.16 (from httpcore==1.*->httpx>=0.27.0->ca-api==0.1.0)
12 skills verify (Repo-To-Skill)	UNKNOWN STEP	2026-09-17T11:18:43.7318649Z   Downloading h11-0.16.0-py3-none-any.whl.metadata (8.3 kB)
12 skills verify (Repo-To-Skill)	UNKNOWN STEP	2026-09-17T11:18:43.7412491Z Collecting et-xmlfile (from openpyxl>=3.1.5->ca-api==0.1.0)
12 skills verify (Repo-To-Skill)	UNKNOWN STEP	2026-09-17T11:18:43.7444543Z   Downloading et_xmlfile-2.0.0-py3-none-any.whl.metadata (2.7 kB)
12 skills verify (Repo-To-Skill)	UNKNOWN STEP	2026-09-17T11:18:43.7555485Z Collecting python-dateutil>=2.8.2 (from pandas>=2.0.0->ortools)
12 skills verify (Repo-To-Skill)	UNKNOWN STEP	2026-09-17T11:18:43.7587820Z   Downloading python_dateutil-2.9.0.post0-py2.py3-none-any.whl.metadata (8.4 kB)
12 skills verify (Repo-To-Skill)	UNKNOWN STEP	2026-09-17T11:18:43.8828747Z Collecting psycopg-binary==3.3.5 (from psycopg[binary]>=3.2.0->ca-api==0.1.0)
12 skills verify (Repo-To-Skill)	UNKNOWN STEP	2026-09-17T11:18:43.8863418Z   Downloading psycopg_binary-3.3.5-cp312-cp312-manylinux2014_x86_64.manylinux_2_17_x86_64.whl.metadata (2.7 kB)
12 skills verify (Repo-To-Skill)	UNKNOWN STEP	2026-09-17T11:18:43.8955012Z Collecting annotated-types>=0.6.0 (from pydantic>=2.9.0->ca-contracts==0.1.0)
12 skills verify (Repo-To-Skill)	UNKNOWN STEP	2026-09-17T11:18:43.8986402Z   Downloading annotated_types-0.8.0-py3-none-any.whl.metadata (15 kB)
12 skills verify (Repo-To-Skill)	UNKNOWN STEP	2026-09-17T11:18:44.3746493Z Collecting pydantic-core==2.46.5 (from pydantic>=2.9.0->ca-contracts==0.1.0)
12 skills verify (Repo-To-Skill)	UNKNOWN STEP	2026-09-17T11:18:44.3780397Z   Downloading pydantic_core-2.46.5-cp312-cp312-manylinux_2_17_x86_64.manylinux2014_x86_64.whl.metadata (6.6 kB)
12 skills verify (Repo-To-Skill)	UNKNOWN STEP	2026-09-17T11:18:44.3901501Z Collecting six>=1.5 (from python-dateutil>=2.8.2->pandas>=2.0.0->ortools)
12 skills verify (Repo-To-Skill)	UNKNOWN STEP	2026-09-17T11:18:44.3936251Z   Downloading six-1.17.0-py2.py3-none-any.whl.metadata (1.7 kB)
12 skills verify (Repo-To-Skill)	UNKNOWN STEP	2026-09-17T11:18:44.5036627Z Collecting pillow>=9.0.0 (from reportlab>=4.2.5->ca-api==0.1.0)
12 skills verify (Repo-To-Skill)	UNKNOWN STEP	2026-09-17T11:18:44.5070581Z   Downloading pillow-12.3.0-cp312-cp312-manylinux_2_27_x86_64.manylinux_2_28_x86_64.whl.metadata (9.1 kB)
12 skills verify (Repo-To-Skill)	UNKNOWN STEP	2026-09-17T11:18:44.5854198Z Collecting charset-normalizer (from reportlab>=4.2.5->ca-api==0.1.0)
12 skills verify (Repo-To-Skill)	UNKNOWN STEP	2026-09-17T11:18:44.5889091Z   Downloading charset_normalizer-3.5.1-cp312-cp312-manylinux2014_x86_64.manylinux_2_17_x86_64.manylinux_2_28_x86_64.whl.metadata (45 kB)
12 skills verify (Repo-To-Skill)	UNKNOWN STEP	2026-09-17T11:18:44.6905106Z Collecting greenlet>=1 (from sqlalchemy>=2.0.0->ca-api==0.1.0)
12 skills verify (Repo-To-Skill)	UNKNOWN STEP	2026-09-17T11:18:44.6939285Z   Downloading greenlet-3.5.6-cp312-cp312-manylinux_2_24_x86_64.manylinux_2_28_x86_64.whl.metadata (3.8 kB)
12 skills verify (Repo-To-Skill)	UNKNOWN STEP	2026-09-17T11:18:44.7135605Z Collecting click>=7.0 (from uvicorn>=0.32.0->uvicorn[standard]>=0.32.0->ca-api==0.1.0)
12 skills verify (Repo-To-Skill)	UNKNOWN STEP	2026-09-17T11:18:44.7166505Z   Downloading click-8.5.0-py3-none-any.whl.metadata (2.6 kB)
12 skills verify (Repo-To-Skill)	UNKNOWN STEP	2026-09-17T11:18:44.7383327Z Collecting httptools>=0.8.0 (from uvicorn[standard]>=0.32.0->ca-api==0.1.0)
12 skills verify (Repo-To-Skill)	UNKNOWN STEP	2026-09-17T11:18:44.7415751Z   Downloading httptools-0.8.0-cp312-cp312-manylinux1_x86_64.manylinux_2_28_x86_64.manylinux_2_5_x86_64.whl.metadata (3.5 kB)
12 skills verify (Repo-To-Skill)	UNKNOWN STEP	2026-09-17T11:18:44.7624410Z Collecting python-dotenv>=0.13 (from uvicorn[standard]>=0.32.0->ca-api==0.1.0)
12 skills verify (Repo-To-Skill)	UNKNOWN STEP	2026-09-17T11:18:44.7655983Z   Downloading python_dotenv-1.2.3-py3-none-any.whl.metadata (29 kB)
12 skills verify (Repo-To-Skill)	UNKNOWN STEP	2026-09-17T11:18:44.7922315Z Collecting uvloop>=0.15.1 (from uvicorn[standard]>=0.32.0->ca-api==0.1.0)
12 skills verify (Repo-To-Skill)	UNKNOWN STEP	2026-09-17T11:18:44.7954176Z   Downloading uvloop-0.22.1-cp312-cp312-manylinux2014_x86_64.manylinux_2_17_x86_64.manylinux_2_28_x86_64.whl.metadata (4.9 kB)
12 skills verify (Repo-To-Skill)	UNKNOWN STEP	2026-09-17T11:18:44.8449025Z Collecting watchfiles>=0.20 (from uvicorn[standard]>=0.32.0->ca-api==0.1.0)
12 skills verify (Repo-To-Skill)	UNKNOWN STEP	2026-09-17T11:18:44.8482303Z   Downloading watchfiles-1.2.0-cp312-cp312-manylinux_2_17_x86_64.manylinux2014_x86_64.whl.metadata (4.9 kB)
12 skills verify (Repo-To-Skill)	UNKNOWN STEP	2026-09-17T11:18:44.9770582Z Collecting MarkupSafe>=2.0 (from Mako->alembic>=1.13.0->ca-api==0.1.0)
12 skills verify (Repo-To-Skill)	UNKNOWN STEP	2026-09-17T11:18:44.9804737Z   Downloading markupsafe-3.0.3-cp312-cp312-manylinux2014_x86_64.manylinux_2_17_x86_64.manylinux_2_28_x86_64.whl.metadata (2.7 kB)
12 skills verify (Repo-To-Skill)	UNKNOWN STEP	2026-09-17T11:18:44.9879482Z Downloading pyyaml-6.0.3-cp312-cp312-manylinux2014_x86_64.manylinux_2_17_x86_64.manylinux_2_28_x86_64.whl (807 kB)
12 skills verify (Repo-To-Skill)	UNKNOWN STEP	2026-09-17T11:18:45.0030730Z    ΓöüΓöüΓöüΓöüΓöüΓöüΓöüΓöüΓöüΓöüΓöüΓöüΓöüΓöüΓöüΓöüΓöüΓöüΓöüΓöüΓöüΓöüΓöüΓöüΓöüΓöüΓöüΓöüΓöüΓöüΓöüΓöüΓöüΓöüΓöüΓöüΓöüΓöüΓöüΓöü 807.9/807.9 kB 57.6 MB/s  0:00:00
12 skills verify (Repo-To-Skill)	UNKNOWN STEP	2026-09-17T11:18:45.0063175Z Downloading ortools-9.15.6755-cp312-cp312-manylinux_2_27_x86_64.manylinux_2_28_x86_64.whl (29.8 MB)
12 skills verify (Repo-To-Skill)	UNKNOWN STEP	2026-09-17T11:18:45.2836283Z    ΓöüΓöüΓöüΓöüΓöüΓöüΓöüΓöüΓöüΓöüΓöüΓöüΓöüΓöüΓöüΓöüΓöüΓöüΓöüΓöüΓöüΓöüΓöüΓöüΓöüΓöüΓöüΓöüΓöüΓöüΓöüΓöüΓöüΓöüΓöüΓöüΓöüΓöüΓöüΓöü 29.8/29.8 MB 108.3 MB/s  0:00:00
12 skills verify (Repo-To-Skill)	UNKNOWN STEP	2026-09-17T11:18:45.2873420Z Downloading protobuf-6.33.6-cp39-abi3-manylinux2014_x86_64.whl (323 kB)
12 skills verify (Repo-To-Skill)	UNKNOWN STEP	2026-09-17T11:18:45.2936956Z Downloading absl_py-2.5.0-py3-none-any.whl (137 kB)
12 skills verify (Repo-To-Skill)	UNKNOWN STEP	2026-09-17T11:18:45.2986016Z Downloading alembic-1.20.0-py3-none-any.whl (268 kB)
12 skills verify (Repo-To-Skill)	UNKNOWN STEP	2026-09-17T11:18:45.3037832Z Downloading fastapi-0.141.1-py3-none-any.whl (131 kB)
12 skills verify (Repo-To-Skill)	UNKNOWN STEP	2026-09-17T11:18:45.3090473Z Downloading annotated_doc-0.0.5-py3-none-any.whl (5.3 kB)
12 skills verify (Repo-To-Skill)	UNKNOWN STEP	2026-09-17T11:18:45.3135136Z Downloading httpx-0.28.1-py3-none-any.whl (73 kB)
12 skills verify (Repo-To-Skill)	UNKNOWN STEP	2026-09-17T11:18:45.3182738Z Downloading httpcore-1.0.9-py3-none-any.whl (78 kB)
12 skills verify (Repo-To-Skill)	UNKNOWN STEP	2026-09-17T11:18:45.3230799Z Downloading h11-0.16.0-py3-none-any.whl (37 kB)
12 skills verify (Repo-To-Skill)	UNKNOWN STEP	2026-09-17T11:18:45.3276297Z Downloading immutabledict-4.3.1-py3-none-any.whl (5.0 kB)
12 skills verify (Repo-To-Skill)	UNKNOWN STEP	2026-09-17T11:18:45.3325490Z Downloading numpy-2.5.3-cp312-cp312-manylinux_2_27_x86_64.manylinux_2_28_x86_64.whl (16.7 MB)
12 skills verify (Repo-To-Skill)	UNKNOWN STEP	2026-09-17T11:18:45.4610157Z    ΓöüΓöüΓöüΓöüΓöüΓöüΓöüΓöüΓöüΓöüΓöüΓöüΓöüΓöüΓöüΓöüΓöüΓöüΓöüΓöüΓöüΓöüΓöüΓöüΓöüΓöüΓöüΓöüΓöüΓöüΓöüΓöüΓöüΓöüΓöüΓöüΓöüΓöüΓöüΓöü 16.7/16.7 MB 130.5 MB/s  0:00:00
12 skills verify (Repo-To-Skill)	UNKNOWN STEP	2026-09-17T11:18:45.4645446Z Downloading openpyxl-3.1.5-py2.py3-none-any.whl (250 kB)
12 skills verify (Repo-To-Skill)	UNKNOWN STEP	2026-09-17T11:18:45.4836179Z Downloading pandas-3.0.5-cp312-cp312-manylinux_2_24_x86_64.manylinux_2_28_x86_64.whl (11.0 MB)
12 skills verify (Repo-To-Skill)	UNKNOWN STEP	2026-09-17T11:18:45.5579381Z    ΓöüΓöüΓöüΓöüΓöüΓöüΓöüΓöüΓöüΓöüΓöüΓöüΓöüΓöüΓöüΓöüΓöüΓöüΓöüΓöüΓöüΓöüΓöüΓöüΓöüΓöüΓöüΓöüΓöüΓöüΓöüΓöüΓöüΓöüΓöüΓöüΓöüΓöüΓöüΓöü 11.0/11.0 MB 148.4 MB/s  0:00:00
12 skills verify (Repo-To-Skill)	UNKNOWN STEP	2026-09-17T11:18:45.5620182Z Downloading psycopg-3.3.5-py3-none-any.whl (213 kB)
12 skills verify (Repo-To-Skill)	UNKNOWN STEP	2026-09-17T11:18:45.5676661Z Downloading psycopg_binary-3.3.5-cp312-cp312-manylinux2014_x86_64.manylinux_2_17_x86_64.whl (5.2 MB)
12 skills verify (Repo-To-Skill)	UNKNOWN STEP	2026-09-17T11:18:45.6013655Z    ΓöüΓöüΓöüΓöüΓöüΓöüΓöüΓöüΓöüΓöüΓöüΓöüΓöüΓöüΓöüΓöüΓöüΓöüΓöüΓöüΓöüΓöüΓöüΓöüΓöüΓöüΓöüΓöüΓöüΓöüΓöüΓöüΓöüΓöüΓöüΓöüΓöüΓöüΓöüΓöü 5.2/5.2 MB 155.9 MB/s  0:00:00
12 skills verify (Repo-To-Skill)	UNKNOWN STEP	2026-09-17T11:18:45.6046893Z Downloading pydantic-2.13.5-py3-none-any.whl (472 kB)
12 skills verify (Repo-To-Skill)	UNKNOWN STEP	2026-09-17T11:18:45.6122648Z Downloading pydantic_core-2.46.5-cp312-cp312-manylinux_2_17_x86_64.manylinux2014_x86_64.whl (2.1 MB)
12 skills verify (Repo-To-Skill)	UNKNOWN STEP	2026-09-17T11:18:45.6265084Z    ΓöüΓöüΓöüΓöüΓöüΓöüΓöüΓöüΓöüΓöüΓöüΓöüΓöüΓöüΓöüΓöüΓöüΓöüΓöüΓöüΓöüΓöüΓöüΓöüΓöüΓöüΓöüΓöüΓöüΓöüΓöüΓöüΓöüΓöüΓöüΓöüΓöüΓöüΓöüΓöü 2.1/2.1 MB 143.3 MB/s  0:00:00
12 skills verify (Repo-To-Skill)	UNKNOWN STEP	2026-09-17T11:18:45.6301148Z Downloading annotated_types-0.8.0-py3-none-any.whl (13 kB)
12 skills verify (Repo-To-Skill)	UNKNOWN STEP	2026-09-17T11:18:45.6355969Z Downloading python_dateutil-2.9.0.post0-py2.py3-none-any.whl (229 kB)
12 skills verify (Repo-To-Skill)	UNKNOWN STEP	2026-09-17T11:18:45.6408592Z Downloading python_multipart-0.0.32-py3-none-any.whl (30 kB)
12 skills verify (Repo-To-Skill)	UNKNOWN STEP	2026-09-17T11:18:45.6455228Z Downloading redis-8.1.0-py3-none-any.whl (560 kB)
12 skills verify (Repo-To-Skill)	UNKNOWN STEP	2026-09-17T11:18:45.6493439Z    ΓöüΓöüΓöüΓöüΓöüΓöüΓöüΓöüΓöüΓöüΓöüΓöüΓöüΓöüΓöüΓöüΓöüΓöüΓöüΓöüΓöüΓöüΓöüΓöüΓöüΓöüΓöüΓöüΓöüΓöüΓöüΓöüΓöüΓöüΓöüΓöüΓöüΓöüΓöüΓöü 560.6/560.6 kB 139.0 MB/s  0:00:00
12 skills verify (Repo-To-Skill)	UNKNOWN STEP	2026-09-17T11:18:45.6525149Z Downloading reportlab-5.0.1-py3-none-any.whl (2.0 MB)
12 skills verify (Repo-To-Skill)	UNKNOWN STEP	2026-09-17T11:18:45.6867509Z    ΓöüΓöüΓöüΓöüΓöüΓöüΓöüΓöüΓöüΓöüΓöüΓöüΓöüΓöüΓöüΓöüΓöüΓöüΓöüΓöüΓöüΓöüΓöüΓöüΓöüΓöüΓöüΓöüΓöüΓöüΓöüΓöüΓöüΓöüΓöüΓöüΓöüΓöüΓöüΓöü 2.0/2.0 MB 52.5 MB/s  0:00:00
12 skills verify (Repo-To-Skill)	UNKNOWN STEP	2026-09-17T11:18:45.6902572Z Downloading pillow-12.3.0-cp312-cp312-manylinux_2_27_x86_64.manylinux_2_28_x86_64.whl (6.9 MB)
12 skills verify (Repo-To-Skill)	UNKNOWN STEP	2026-09-17T11:18:45.7375524Z    ΓöüΓöüΓöüΓöüΓöüΓöüΓöüΓöüΓöüΓöüΓöüΓöüΓöüΓöüΓöüΓöüΓöüΓöüΓöüΓöüΓöüΓöüΓöüΓöüΓöüΓöüΓöüΓöüΓöüΓöüΓöüΓöüΓöüΓöüΓöüΓöüΓöüΓöüΓöüΓöü 6.9/6.9 MB 146.6 MB/s  0:00:00
12 skills verify (Repo-To-Skill)	UNKNOWN STEP	2026-09-17T11:18:45.7408388Z Downloading six-1.17.0-py2.py3-none-any.whl (11 kB)
12 skills verify (Repo-To-Skill)	UNKNOWN STEP	2026-09-17T11:18:45.7456662Z Downloading sqlalchemy-2.0.54-cp312-cp312-manylinux2014_x86_64.manylinux_2_17_x86_64.manylinux_2_28_x86_64.whl (3.5 MB)
12 skills verify (Repo-To-Skill)	UNKNOWN STEP	2026-09-17T11:18:45.7603464Z    ΓöüΓöüΓöüΓöüΓöüΓöüΓöüΓöüΓöüΓöüΓöüΓöüΓöüΓöüΓöüΓöüΓöüΓöüΓöüΓöüΓöüΓöüΓöüΓöüΓöüΓöüΓöüΓöüΓöüΓöüΓöüΓöüΓöüΓöüΓöüΓöüΓöüΓöüΓöüΓöü 3.5/3.5 MB 247.3 MB/s  0:00:00
12 skills verify (Repo-To-Skill)	UNKNOWN STEP	2026-09-17T11:18:45.7635664Z Downloading greenlet-3.5.6-cp312-cp312-manylinux_2_24_x86_64.manylinux_2_28_x86_64.whl (621 kB)
12 skills verify (Repo-To-Skill)	UNKNOWN STEP	2026-09-17T11:18:45.7698751Z    ΓöüΓöüΓöüΓöüΓöüΓöüΓöüΓöüΓöüΓöüΓöüΓöüΓöüΓöüΓöüΓöüΓöüΓöüΓöüΓöüΓöüΓöüΓöüΓöüΓöüΓöüΓöüΓöüΓöüΓöüΓöüΓöüΓöüΓöüΓöüΓöüΓöüΓöüΓöüΓöü 621.4/621.4 kB 74.5 MB/s  0:00:00
12 skills verify (Repo-To-Skill)	UNKNOWN STEP	2026-09-17T11:18:45.7730492Z Downloading starlette-1.6.0-py3-none-any.whl (75 kB)
12 skills verify (Repo-To-Skill)	UNKNOWN STEP	2026-09-17T11:18:45.7778083Z Downloading anyio-4.15.1-py3-none-any.whl (132 kB)
12 skills verify (Repo-To-Skill)	UNKNOWN STEP	2026-09-17T11:18:45.7836699Z Downloading idna-3.19-py3-none-any.whl (68 kB)
12 skills verify (Repo-To-Skill)	UNKNOWN STEP	2026-09-17T11:18:45.7885376Z Downloading typing_extensions-4.16.0-py3-none-any.whl (45 kB)
12 skills verify (Repo-To-Skill)	UNKNOWN STEP	2026-09-17T11:18:45.7932566Z Downloading typing_inspection-0.4.4-py3-none-any.whl (14 kB)
12 skills verify (Repo-To-Skill)	UNKNOWN STEP	2026-09-17T11:18:45.8041354Z Downloading uvicorn-0.53.0-py3-none-any.whl (87 kB)
12 skills verify (Repo-To-Skill)	UNKNOWN STEP	2026-09-17T11:18:45.8088781Z Downloading click-8.5.0-py3-none-any.whl (125 kB)
12 skills verify (Repo-To-Skill)	UNKNOWN STEP	2026-09-17T11:18:45.8138186Z Downloading httptools-0.8.0-cp312-cp312-manylinux1_x86_64.manylinux_2_28_x86_64.manylinux_2_5_x86_64.whl (523 kB)
12 skills verify (Repo-To-Skill)	UNKNOWN STEP	2026-09-17T11:18:45.8191846Z Downloading python_dotenv-1.2.3-py3-none-any.whl (22 kB)
12 skills verify (Repo-To-Skill)	UNKNOWN STEP	2026-09-17T11:18:45.8237829Z Downloading uvloop-0.22.1-cp312-cp312-manylinux2014_x86_64.manylinux_2_17_x86_64.manylinux_2_28_x86_64.whl (4.4 MB)
12 skills verify (Repo-To-Skill)	UNKNOWN STEP	2026-09-17T11:18:45.8501994Z    ΓöüΓöüΓöüΓöüΓöüΓöüΓöüΓöüΓöüΓöüΓöüΓöüΓöüΓöüΓöüΓöüΓöüΓöüΓöüΓöüΓöüΓöüΓöüΓöüΓöüΓöüΓöüΓöüΓöüΓöüΓöüΓöüΓöüΓöüΓöüΓöüΓöüΓöüΓöüΓöü 4.4/4.4 MB 169.1 MB/s  0:00:00
12 skills verify (Repo-To-Skill)	UNKNOWN STEP	2026-09-17T11:18:45.8533450Z Downloading watchfiles-1.2.0-cp312-cp312-manylinux_2_17_x86_64.manylinux2014_x86_64.whl (456 kB)
12 skills verify (Repo-To-Skill)	UNKNOWN STEP	2026-09-17T11:18:45.8589073Z Downloading websockets-17.1-cp312-cp312-manylinux1_x86_64.manylinux_2_28_x86_64.manylinux_2_5_x86_64.whl (224 kB)
12 skills verify (Repo-To-Skill)	UNKNOWN STEP	2026-09-17T11:18:45.8638321Z Downloading certifi-2026.7.22-py3-none-any.whl (136 kB)
12 skills verify (Repo-To-Skill)	UNKNOWN STEP	2026-09-17T11:18:45.8688507Z Downloading charset_normalizer-3.5.1-cp312-cp312-manylinux2014_x86_64.manylinux_2_17_x86_64.manylinux_2_28_x86_64.whl (248 kB)
12 skills verify (Repo-To-Skill)	UNKNOWN STEP	2026-09-17T11:18:45.8738193Z Downloading et_xmlfile-2.0.0-py3-none-any.whl (18 kB)
12 skills verify (Repo-To-Skill)	UNKNOWN STEP	2026-09-17T11:18:45.8926988Z Downloading mako-1.4.1-py3-none-any.whl (80 kB)
12 skills verify (Repo-To-Skill)	UNKNOWN STEP	2026-09-17T11:18:45.9002089Z Downloading markupsafe-3.0.3-cp312-cp312-manylinux2014_x86_64.manylinux_2_17_x86_64.manylinux_2_28_x86_64.whl (22 kB)
12 skills verify (Repo-To-Skill)	UNKNOWN STEP	2026-09-17T11:18:46.0576041Z Building wheels for collected packages: ca-contracts, ca-solver, ca-gates, ca-playbook, ca-agents, ca-api
12 skills verify (Repo-To-Skill)	UNKNOWN STEP	2026-09-17T11:18:46.0582185Z   Building editable for ca-contracts (pyproject.toml): started
12 skills verify (Repo-To-Skill)	UNKNOWN STEP	2026-09-17T11:18:46.0882250Z   Building editable for ca-contracts (pyproject.toml): finished with status 'done'
12 skills verify (Repo-To-Skill)	UNKNOWN STEP	2026-09-17T11:18:46.0886215Z   Created wheel for ca-contracts: filename=ca_contracts-0.1.0-py3-none-any.whl size=1048 sha256=e6985992e702156008d0c255ae928f11468c702f4bc10010ab62b937bbae49f2
12 skills verify (Repo-To-Skill)	UNKNOWN STEP	2026-09-17T11:18:46.0887727Z   Stored in directory: /tmp/pip-ephem-wheel-cache-m13_7c6h/wheels/ae/31/3e/c90099f82aa608ba604815fec62068d75bab82b240dc2a2cd6
12 skills verify (Repo-To-Skill)	UNKNOWN STEP	2026-09-17T11:18:46.0900697Z   Building editable for ca-solver (pyproject.toml): started
12 skills verify (Repo-To-Skill)	UNKNOWN STEP	2026-09-17T11:18:46.1197379Z   Building editable for ca-solver (pyproject.toml): finished with status 'done'
12 skills verify (Repo-To-Skill)	UNKNOWN STEP	2026-09-17T11:18:46.1201064Z   Created wheel for ca-solver: filename=ca_solver-0.1.0-py3-none-any.whl size=1028 sha256=6a80af0f7c3310b1929b55bf406766a2eacba1d8e8de408f8d53ff65cc071d68
12 skills verify (Repo-To-Skill)	UNKNOWN STEP	2026-09-17T11:18:46.1202147Z   Stored in directory: /tmp/pip-ephem-wheel-cache-m13_7c6h/wheels/24/dd/b7/73d4129de13b6b8f553654f8b235a6569fe6440efd35ae8f6f
12 skills verify (Repo-To-Skill)	UNKNOWN STEP	2026-09-17T11:18:46.1215487Z   Building editable for ca-gates (pyproject.toml): started
12 skills verify (Repo-To-Skill)	UNKNOWN STEP	2026-09-17T11:18:46.1513229Z   Building editable for ca-gates (pyproject.toml): finished with status 'done'
12 skills verify (Repo-To-Skill)	UNKNOWN STEP	2026-09-17T11:18:46.1516963Z   Created wheel for ca-gates: filename=ca_gates-0.1.0-py3-none-any.whl size=983 sha256=a88aaee0837d39e8b5ff400afca45e78fe64f2fd8a425acb81d3605a556a7ae7
12 skills verify (Repo-To-Skill)	UNKNOWN STEP	2026-09-17T11:18:46.1518108Z   Stored in directory: /tmp/pip-ephem-wheel-cache-m13_7c6h/wheels/3c/98/6e/da1ae25287c2a97e4673f588b6d11befba1ecc0a9e78790f59
12 skills verify (Repo-To-Skill)	UNKNOWN STEP	2026-09-17T11:18:46.1531353Z   Building editable for ca-playbook (pyproject.toml): started
12 skills verify (Repo-To-Skill)	UNKNOWN STEP	2026-09-17T11:18:46.1823644Z   Building editable for ca-playbook (pyproject.toml): finished with status 'done'
12 skills verify (Repo-To-Skill)	UNKNOWN STEP	2026-09-17T11:18:46.1827271Z   Created wheel for ca-playbook: filename=ca_playbook-0.1.0-py3-none-any.whl size=1015 sha256=5ddb64b35755e16a64c285f4a891989adc0768c0ceee6bdc2ce2e191d3befb1d
12 skills verify (Repo-To-Skill)	UNKNOWN STEP	2026-09-17T11:18:46.1828416Z   Stored in directory: /tmp/pip-ephem-wheel-cache-m13_7c6h/wheels/a6/47/36/dd0db4bb9605425b2141d20b3b5f5d9e0628c0f9ee002736f4
12 skills verify (Repo-To-Skill)	UNKNOWN STEP	2026-09-17T11:18:46.1841447Z   Building editable for ca-agents (pyproject.toml): started
12 skills verify (Repo-To-Skill)	UNKNOWN STEP	2026-09-17T11:18:46.2130175Z   Building editable for ca-agents (pyproject.toml): finished with status 'done'
12 skills verify (Repo-To-Skill)	UNKNOWN STEP	2026-09-17T11:18:46.2133929Z   Created wheel for ca-agents: filename=ca_agents-0.1.0-py3-none-any.whl size=1079 sha256=97cbb170c64ab31351a09aa939ccc03921d023c3734d4b21044db463523bf5eb
12 skills verify (Repo-To-Skill)	UNKNOWN STEP	2026-09-17T11:18:46.2135096Z   Stored in directory: /tmp/pip-ephem-wheel-cache-m13_7c6h/wheels/7d/74/45/097989308b6b90c0a1b2ac54580ddccf77df0c68c4c591fb75
12 skills verify (Repo-To-Skill)	UNKNOWN STEP	2026-09-17T11:18:46.2148660Z   Building editable for ca-api (pyproject.toml): started
12 skills verify (Repo-To-Skill)	UNKNOWN STEP	2026-09-17T11:18:46.2448643Z   Building editable for ca-api (pyproject.toml): finished with status 'done'
12 skills verify (Repo-To-Skill)	UNKNOWN STEP	2026-09-17T11:18:46.2452443Z   Created wheel for ca-api: filename=ca_api-0.1.0-py3-none-any.whl size=1126 sha256=5fa845276ae14b3783b82d08c812bb5f32d1bd38295cca12dcc11656926deb3d
12 skills verify (Repo-To-Skill)	UNKNOWN STEP	2026-09-17T11:18:46.2453610Z   Stored in directory: /tmp/pip-ephem-wheel-cache-m13_7c6h/wheels/14/dc/31/15fa128282adf8c964a77e8499ec61783d8c71fa4efe063d1a
12 skills verify (Repo-To-Skill)	UNKNOWN STEP	2026-09-17T11:18:46.2463749Z Successfully built ca-contracts ca-solver ca-gates ca-playbook ca-agents ca-api
12 skills verify (Repo-To-Skill)	UNKNOWN STEP	2026-09-17T11:18:46.3543860Z Installing collected packages: websockets, uvloop, typing-extensions, six, redis, pyyaml, python-multipart, python-dotenv, psycopg-binary, protobuf, pillow, numpy, MarkupSafe, immutabledict, idna, httptools, h11, greenlet, et-xmlfile, click, charset-normalizer, certifi, ca-playbook, ca-gates, annotated-types, annotated-doc, absl-py, uvicorn, typing-inspection, sqlalchemy, reportlab, python-dateutil, pydantic-core, psycopg, openpyxl, Mako, httpcore, ca-agents, anyio, watchfiles, starlette, pydantic, pandas, httpx, alembic, ortools, fastapi, ca-contracts, ca-solver, ca-api
12 skills verify (Repo-To-Skill)	UNKNOWN STEP	2026-09-17T11:18:56.2646440Z 
12 skills verify (Repo-To-Skill)	UNKNOWN STEP	2026-09-17T11:18:56.2678265Z Successfully installed Mako-1.4.1 MarkupSafe-3.0.3 absl-py-2.5.0 alembic-1.20.0 annotated-doc-0.0.5 annotated-types-0.8.0 anyio-4.15.1 ca-agents-0.1.0 ca-api-0.1.0 ca-contracts-0.1.0 ca-gates-0.1.0 ca-playbook-0.1.0 ca-solver-0.1.0 certifi-2026.7.22 charset-normalizer-3.5.1 click-8.5.0 et-xmlfile-2.0.0 fastapi-0.141.1 greenlet-3.5.6 h11-0.16.0 httpcore-1.0.9 httptools-0.8.0 httpx-0.28.1 idna-3.19 immutabledict-4.3.1 numpy-2.5.3 openpyxl-3.1.5 ortools-9.15.6755 pandas-3.0.5 pillow-12.3.0 protobuf-6.33.6 psycopg-3.3.5 psycopg-binary-3.3.5 pydantic-2.13.5 pydantic-core-2.46.5 python-dateutil-2.9.0.post0 python-dotenv-1.2.3 python-multipart-0.0.32 pyyaml-6.0.3 redis-8.1.0 reportlab-5.0.1 six-1.17.0 sqlalchemy-2.0.54 starlette-1.6.0 typing-extensions-4.16.0 typing-inspection-0.4.4 uvicorn-0.53.0 uvloop-0.22.1 watchfiles-1.2.0 websockets-17.1
12 skills verify (Repo-To-Skill)	UNKNOWN STEP	2026-09-17T11:18:56.4385499Z ##[group]Run python scripts/distill_project_skills.py --verify-only
12 skills verify (Repo-To-Skill)	UNKNOWN STEP	2026-09-17T11:18:56.4385894Z [36;1mpython scripts/distill_project_skills.py --verify-only[0m
12 skills verify (Repo-To-Skill)	UNKNOWN STEP	2026-09-17T11:18:56.4420311Z shell: /usr/bin/bash -e {0}
12 skills verify (Repo-To-Skill)	UNKNOWN STEP	2026-09-17T11:18:56.4420521Z env:
12 skills verify (Repo-To-Skill)	UNKNOWN STEP	2026-09-17T11:18:56.4420693Z   CA_AGENT_MODE: replay
12 skills verify (Repo-To-Skill)	UNKNOWN STEP	2026-09-17T11:18:56.4420936Z   pythonLocation: /opt/hostedtoolcache/Python/3.12.14/x64
12 skills verify (Repo-To-Skill)	UNKNOWN STEP	2026-09-17T11:18:56.4421292Z   PKG_CONFIG_PATH: /opt/hostedtoolcache/Python/3.12.14/x64/lib/pkgconfig
12 skills verify (Repo-To-Skill)	UNKNOWN STEP	2026-09-17T11:18:56.4421773Z   Python_ROOT_DIR: /opt/hostedtoolcache/Python/3.12.14/x64
12 skills verify (Repo-To-Skill)	UNKNOWN STEP	2026-09-17T11:18:56.4422076Z   Python2_ROOT_DIR: /opt/hostedtoolcache/Python/3.12.14/x64
12 skills verify (Repo-To-Skill)	UNKNOWN STEP	2026-09-17T11:18:56.4422366Z   Python3_ROOT_DIR: /opt/hostedtoolcache/Python/3.12.14/x64
12 skills verify (Repo-To-Skill)	UNKNOWN STEP	2026-09-17T11:18:56.4422659Z   LD_LIBRARY_PATH: /opt/hostedtoolcache/Python/3.12.14/x64/lib
12 skills verify (Repo-To-Skill)	UNKNOWN STEP	2026-09-17T11:18:56.4422911Z ##[endgroup]
12 skills verify (Repo-To-Skill)	UNKNOWN STEP	2026-09-17T11:18:56.9546727Z [*] Qu├⌐t th╞░ mß╗Ñc kß╗╣ n─âng tß║íi: /home/runner/work/Crew-Operations/Crew-Operations/skills/repositories/repo-skills
12 skills verify (Repo-To-Skill)	UNKNOWN STEP	2026-09-17T11:18:56.9547439Z [*] T├¼m thß║Ñy 13 ─æß╗ïnh ngh─⌐a SKILL.md
12 skills verify (Repo-To-Skill)	UNKNOWN STEP	2026-09-17T11:18:56.9547690Z 
12 skills verify (Repo-To-Skill)	UNKNOWN STEP	2026-09-17T11:18:56.9548105Z --- Kiß╗âm ─æß╗ïnh: barista-waste-audit (repositories/repo-skills/barista-waste-audit) ---
12 skills verify (Repo-To-Skill)	UNKNOWN STEP	2026-09-17T11:18:56.9548634Z   [+] Scripts: ['audit_recipe_waste.py']
12 skills verify (Repo-To-Skill)	UNKNOWN STEP	2026-09-17T11:18:56.9548870Z   [+] References: ['standard_recipes.md']
12 skills verify (Repo-To-Skill)	UNKNOWN STEP	2026-09-17T11:18:56.9549144Z   [PASS] Test script: audit_recipe_waste.py -> Return code: 0
12 skills verify (Repo-To-Skill)	UNKNOWN STEP	2026-09-17T11:18:56.9549429Z   [#] Content SHA256: 81351c9fd3353186...
12 skills verify (Repo-To-Skill)	UNKNOWN STEP	2026-09-17T11:18:56.9549713Z   [*] Trß║íng th├íi kiß╗âm ─æß╗ïnh: VERIFIED
12 skills verify (Repo-To-Skill)	UNKNOWN STEP	2026-09-17T11:18:56.9550017Z 
12 skills verify (Repo-To-Skill)	UNKNOWN STEP	2026-09-17T11:18:56.9550281Z --- Kiß╗âm ─æß╗ïnh: customer-memory-voc (repositories/repo-skills/customer-memory-voc) ---
12 skills verify (Repo-To-Skill)	UNKNOWN STEP	2026-09-17T11:18:56.9550640Z   [+] Scripts: ['analyze_customer_feedback.py']
12 skills verify (Repo-To-Skill)	UNKNOWN STEP	2026-09-17T11:18:56.9550888Z   [+] References: ['sentiment_categories.md']
12 skills verify (Repo-To-Skill)	UNKNOWN STEP	2026-09-17T11:18:56.9551180Z   [PASS] Test script: analyze_customer_feedback.py -> Return code: 0
12 skills verify (Repo-To-Skill)	UNKNOWN STEP	2026-09-17T11:18:56.9551481Z   [#] Content SHA256: 05d1700e44ef94e7...
12 skills verify (Repo-To-Skill)	UNKNOWN STEP	2026-09-17T11:18:56.9551732Z   [*] Trß║íng th├íi kiß╗âm ─æß╗ïnh: VERIFIED
12 skills verify (Repo-To-Skill)	UNKNOWN STEP	2026-09-17T11:18:56.9551869Z 
12 skills verify (Repo-To-Skill)	UNKNOWN STEP	2026-09-17T11:18:56.9552126Z --- Kiß╗âm ─æß╗ïnh: daily-brief-generator (repositories/repo-skills/daily-brief-generator) ---
12 skills verify (Repo-To-Skill)	UNKNOWN STEP	2026-09-17T11:18:56.9552504Z   [+] Scripts: ['generate_daily_brief.py']
12 skills verify (Repo-To-Skill)	UNKNOWN STEP	2026-09-17T11:18:56.9552738Z   [+] References: ['brief_templates.md']
12 skills verify (Repo-To-Skill)	UNKNOWN STEP	2026-09-17T11:18:56.9553014Z   [PASS] Test script: generate_daily_brief.py -> Return code: 0
12 skills verify (Repo-To-Skill)	UNKNOWN STEP	2026-09-17T11:18:56.9553300Z   [#] Content SHA256: 3979808b1fdc26be...
12 skills verify (Repo-To-Skill)	UNKNOWN STEP	2026-09-17T11:18:56.9553561Z   [*] Trß║íng th├íi kiß╗âm ─æß╗ïnh: VERIFIED
12 skills verify (Repo-To-Skill)	UNKNOWN STEP	2026-09-17T11:18:56.9553700Z 
12 skills verify (Repo-To-Skill)	UNKNOWN STEP	2026-09-17T11:18:56.9553921Z --- Kiß╗âm ─æß╗ïnh: fbpage-concierge (repositories/repo-skills/fbpage-concierge) ---
12 skills verify (Repo-To-Skill)	UNKNOWN STEP	2026-09-17T11:18:56.9554253Z   [+] Scripts: ['lookup_menu_and_tables.py']
12 skills verify (Repo-To-Skill)	UNKNOWN STEP	2026-09-17T11:18:56.9554485Z   [+] References: ['fanpage_faq_policy.md']
12 skills verify (Repo-To-Skill)	UNKNOWN STEP	2026-09-17T11:18:56.9554773Z   [PASS] Test script: lookup_menu_and_tables.py -> Return code: 0
12 skills verify (Repo-To-Skill)	UNKNOWN STEP	2026-09-17T11:18:56.9555097Z   [#] Content SHA256: 799b192ad5b829a6...
12 skills verify (Repo-To-Skill)	UNKNOWN STEP	2026-09-17T11:18:56.9555354Z   [*] Trß║íng th├íi kiß╗âm ─æß╗ïnh: VERIFIED
12 skills verify (Repo-To-Skill)	UNKNOWN STEP	2026-09-17T11:18:56.9555492Z 
12 skills verify (Repo-To-Skill)	UNKNOWN STEP	2026-09-17T11:18:56.9555754Z --- Kiß╗âm ─æß╗ïnh: handover-reconciliation (repositories/repo-skills/handover-reconciliation) ---
12 skills verify (Repo-To-Skill)	UNKNOWN STEP	2026-09-17T11:18:56.9556113Z   [+] Scripts: ['reconcile_shift_cash.py']
12 skills verify (Repo-To-Skill)	UNKNOWN STEP	2026-09-17T11:18:56.9556335Z   [+] References: ['handover_checklist.md']
12 skills verify (Repo-To-Skill)	UNKNOWN STEP	2026-09-17T11:18:56.9556602Z   [PASS] Test script: reconcile_shift_cash.py -> Return code: 0
12 skills verify (Repo-To-Skill)	UNKNOWN STEP	2026-09-17T11:18:56.9557082Z   [#] Content SHA256: 643b1a8f8f43d697...
12 skills verify (Repo-To-Skill)	UNKNOWN STEP	2026-09-17T11:18:56.9557327Z   [*] Trß║íng th├íi kiß╗âm ─æß╗ïnh: VERIFIED
12 skills verify (Repo-To-Skill)	UNKNOWN STEP	2026-09-17T11:18:56.9557453Z 
12 skills verify (Repo-To-Skill)	UNKNOWN STEP	2026-09-17T11:18:56.9557714Z --- Kiß╗âm ─æß╗ïnh: inventory-restock-check (repositories/repo-skills/inventory-restock-check) ---
12 skills verify (Repo-To-Skill)	UNKNOWN STEP	2026-09-17T11:18:56.9558069Z   [+] Scripts: ['check_inventory_restock.py']
12 skills verify (Repo-To-Skill)	UNKNOWN STEP	2026-09-17T11:18:56.9558296Z   [+] References: ['reorder_thresholds.md']
12 skills verify (Repo-To-Skill)	UNKNOWN STEP	2026-09-17T11:18:56.9558738Z   [PASS] Test script: check_inventory_restock.py -> Return code: 0
12 skills verify (Repo-To-Skill)	UNKNOWN STEP	2026-09-17T11:18:56.9559023Z   [#] Content SHA256: 6b9b3fa9b727421c...
12 skills verify (Repo-To-Skill)	UNKNOWN STEP	2026-09-17T11:18:56.9559261Z   [*] Trß║íng th├íi kiß╗âm ─æß╗ïnh: VERIFIED
12 skills verify (Repo-To-Skill)	UNKNOWN STEP	2026-09-17T11:18:56.9559397Z 
12 skills verify (Repo-To-Skill)	UNKNOWN STEP	2026-09-17T11:18:56.9559654Z --- Kiß╗âm ─æß╗ïnh: mailwriter-notification (repositories/repo-skills/mailwriter-notification) ---
12 skills verify (Repo-To-Skill)	UNKNOWN STEP	2026-09-17T11:18:56.9560164Z   [+] Scripts: ['format_ops_email.py']
12 skills verify (Repo-To-Skill)	UNKNOWN STEP	2026-09-17T11:18:56.9560395Z   [+] References: ['email_templates_guide.md']
12 skills verify (Repo-To-Skill)	UNKNOWN STEP	2026-09-17T11:18:56.9560661Z   [PASS] Test script: format_ops_email.py -> Return code: 0
12 skills verify (Repo-To-Skill)	UNKNOWN STEP	2026-09-17T11:18:56.9560922Z   [#] Content SHA256: 6b7aa38c93c28b9b...
12 skills verify (Repo-To-Skill)	UNKNOWN STEP	2026-09-17T11:18:56.9561166Z   [*] Trß║íng th├íi kiß╗âm ─æß╗ïnh: VERIFIED
12 skills verify (Repo-To-Skill)	UNKNOWN STEP	2026-09-17T11:18:56.9561299Z 
12 skills verify (Repo-To-Skill)	UNKNOWN STEP	2026-09-17T11:18:56.9561545Z --- Kiß╗âm ─æß╗ïnh: meeting-memo-extractor (repositories/repo-skills/meeting-memo-extractor) ---
12 skills verify (Repo-To-Skill)	UNKNOWN STEP	2026-09-17T11:18:56.9561891Z   [+] Scripts: ['extract_meeting_actions.py']
12 skills verify (Repo-To-Skill)	UNKNOWN STEP	2026-09-17T11:18:56.9562124Z   [+] References: ['meeting_format_guide.md']
12 skills verify (Repo-To-Skill)	UNKNOWN STEP	2026-09-17T11:18:56.9562397Z   [PASS] Test script: extract_meeting_actions.py -> Return code: 0
12 skills verify (Repo-To-Skill)	UNKNOWN STEP	2026-09-17T11:18:56.9562668Z   [#] Content SHA256: b8fc4a4fc2feb10c...
12 skills verify (Repo-To-Skill)	UNKNOWN STEP	2026-09-17T11:18:56.9562911Z   [*] Trß║íng th├íi kiß╗âm ─æß╗ïnh: VERIFIED
12 skills verify (Repo-To-Skill)	UNKNOWN STEP	2026-09-17T11:18:56.9563036Z 
12 skills verify (Repo-To-Skill)	UNKNOWN STEP	2026-09-17T11:18:56.9563280Z --- Kiß╗âm ─æß╗ïnh: rule-mining-lifecycle (repositories/repo-skills/rule-mining-lifecycle) ---
12 skills verify (Repo-To-Skill)	UNKNOWN STEP	2026-09-17T11:18:56.9563624Z   [+] Scripts: ['mine_rule_patterns.py']
12 skills verify (Repo-To-Skill)	UNKNOWN STEP	2026-09-17T11:18:56.9563856Z   [+] References: ['rule_lifecycle_stages.md']
12 skills verify (Repo-To-Skill)	UNKNOWN STEP	2026-09-17T11:18:56.9564134Z   [PASS] Test script: mine_rule_patterns.py -> Return code: 0
12 skills verify (Repo-To-Skill)	UNKNOWN STEP	2026-09-17T11:18:56.9564393Z   [#] Content SHA256: 27c11bc81ebe8a07...
12 skills verify (Repo-To-Skill)	UNKNOWN STEP	2026-09-17T11:18:56.9564632Z   [*] Trß║íng th├íi kiß╗âm ─æß╗ïnh: VERIFIED
12 skills verify (Repo-To-Skill)	UNKNOWN STEP	2026-09-17T11:18:56.9564757Z 
12 skills verify (Repo-To-Skill)	UNKNOWN STEP	2026-09-17T11:18:56.9565011Z --- Kiß╗âm ─æß╗ïnh: smart-swap-recommender (repositories/repo-skills/smart-swap-recommender) ---
12 skills verify (Repo-To-Skill)	UNKNOWN STEP	2026-09-17T11:18:56.9565362Z   [+] Scripts: ['recommend_shift_swap.py']
12 skills verify (Repo-To-Skill)	UNKNOWN STEP	2026-09-17T11:18:56.9565596Z   [+] References: ['swap_scoring_policy.md']
12 skills verify (Repo-To-Skill)	UNKNOWN STEP	2026-09-17T11:18:56.9565866Z   [PASS] Test script: recommend_shift_swap.py -> Return code: 0
12 skills verify (Repo-To-Skill)	UNKNOWN STEP	2026-09-17T11:18:56.9566132Z   [#] Content SHA256: cf99d655c109d5e3...
12 skills verify (Repo-To-Skill)	UNKNOWN STEP	2026-09-17T11:18:56.9566378Z   [*] Trß║íng th├íi kiß╗âm ─æß╗ïnh: VERIFIED
12 skills verify (Repo-To-Skill)	UNKNOWN STEP	2026-09-17T11:18:56.9566512Z 
12 skills verify (Repo-To-Skill)	UNKNOWN STEP	2026-09-17T11:18:56.9566730Z --- Kiß╗âm ─æß╗ïnh: solver-scheduling (repositories/repo-skills/solver-scheduling) ---
12 skills verify (Repo-To-Skill)	UNKNOWN STEP	2026-09-17T11:18:56.9567064Z   [+] Scripts: ['validate_solver_payload.py']
12 skills verify (Repo-To-Skill)	UNKNOWN STEP	2026-09-17T11:18:56.9567295Z   [+] References: ['constraints_c01_c06.md']
12 skills verify (Repo-To-Skill)	UNKNOWN STEP	2026-09-17T11:18:56.9567596Z   [PASS] Test script: validate_solver_payload.py -> Return code: 0
12 skills verify (Repo-To-Skill)	UNKNOWN STEP	2026-09-17T11:18:56.9567952Z   [#] Content SHA256: 7ed98b3fde471852...
12 skills verify (Repo-To-Skill)	UNKNOWN STEP	2026-09-17T11:18:56.9568201Z   [*] Trß║íng th├íi kiß╗âm ─æß╗ïnh: VERIFIED
12 skills verify (Repo-To-Skill)	UNKNOWN STEP	2026-09-17T11:18:56.9568336Z 
12 skills verify (Repo-To-Skill)	UNKNOWN STEP	2026-09-17T11:18:56.9568520Z --- Kiß╗âm ─æß╗ïnh: sop-execution (repositories/repo-skills/sop-execution) ---
12 skills verify (Repo-To-Skill)	UNKNOWN STEP	2026-09-17T11:18:56.9568829Z   [+] Scripts: ['verify_sop_checklist.py']
12 skills verify (Repo-To-Skill)	UNKNOWN STEP	2026-09-17T11:18:56.9569071Z   [+] References: ['eight_step_playbook.md']
12 skills verify (Repo-To-Skill)	UNKNOWN STEP	2026-09-17T11:18:56.9569344Z   [PASS] Test script: verify_sop_checklist.py -> Return code: 0
12 skills verify (Repo-To-Skill)	UNKNOWN STEP	2026-09-17T11:18:56.9569608Z   [#] Content SHA256: 0128fe8008aaae1a...
12 skills verify (Repo-To-Skill)	UNKNOWN STEP	2026-09-17T11:18:56.9569845Z   [*] Trß║íng th├íi kiß╗âm ─æß╗ïnh: VERIFIED
12 skills verify (Repo-To-Skill)	UNKNOWN STEP	2026-09-17T11:18:56.9570111Z 
12 skills verify (Repo-To-Skill)	UNKNOWN STEP	2026-09-17T11:18:56.9570306Z --- Kiß╗âm ─æß╗ïnh: vf-gates-audit (repositories/repo-skills/vf-gates-audit) ---
12 skills verify (Repo-To-Skill)	UNKNOWN STEP	2026-09-17T11:18:56.9570619Z   [+] Scripts: ['run_fail_closed_audit.py']
12 skills verify (Repo-To-Skill)	UNKNOWN STEP	2026-09-17T11:18:56.9570844Z   [+] References: ['vf_rules.md']
12 skills verify (Repo-To-Skill)	UNKNOWN STEP	2026-09-17T11:18:56.9571231Z   [PASS] Test script: run_fail_closed_audit.py -> Return code: 0
12 skills verify (Repo-To-Skill)	UNKNOWN STEP	2026-09-17T11:18:56.9571496Z   [#] Content SHA256: 22bbbd7ce5101dbe...
12 skills verify (Repo-To-Skill)	UNKNOWN STEP	2026-09-17T11:18:56.9571751Z   [*] Trß║íng th├íi kiß╗âm ─æß╗ïnh: VERIFIED
12 skills verify (Repo-To-Skill)	UNKNOWN STEP	2026-09-17T11:18:56.9571890Z 
12 skills verify (Repo-To-Skill)	UNKNOWN STEP	2026-09-17T11:18:56.9571994Z ============================================================
12 skills verify (Repo-To-Skill)	UNKNOWN STEP	2026-09-17T11:18:56.9572355Z Tß╗öNG Kß║╛T: 13 Kß╗╣ n─âng | Trß║íng th├íi: HO├ÇN Tß║ñT V├Ç Hß╗óP Lß╗å (VERIFIED)
12 skills verify (Repo-To-Skill)	UNKNOWN STEP	2026-09-17T11:18:56.9572757Z ============================================================
12 skills verify (Repo-To-Skill)	UNKNOWN STEP	2026-09-17T11:18:56.9687597Z Node 20 is being deprecated. This workflow is running with Node 24 by default. If you need to temporarily use Node 20, you can set the ACTIONS_ALLOW_USE_UNSECURE_NODE_VERSION=true environment variable. For more information see: https://github.blog/changelog/2025-09-19-deprecation-of-node-20-on-github-actions-runners/
12 skills verify (Repo-To-Skill)	UNKNOWN STEP	2026-09-17T11:18:56.9688506Z Post job cleanup.
12 skills verify (Repo-To-Skill)	UNKNOWN STEP	2026-09-17T11:18:57.0603236Z (node:2403) [DEP0040] DeprecationWarning: The `punycode` module is deprecated. Please use a userland alternative instead.
12 skills verify (Repo-To-Skill)	UNKNOWN STEP	2026-09-17T11:18:57.0604195Z (Use `node --trace-deprecation ...` to show where the warning was created)
12 skills verify (Repo-To-Skill)	UNKNOWN STEP	2026-09-17T11:18:57.0806495Z Node 20 is being deprecated. This workflow is running with Node 24 by default. If you need to temporarily use Node 20, you can set the ACTIONS_ALLOW_USE_UNSECURE_NODE_VERSION=true environment variable. For more information see: https://github.blog/changelog/2025-09-19-deprecation-of-node-20-on-github-actions-runners/
12 skills verify (Repo-To-Skill)	UNKNOWN STEP	2026-09-17T11:18:57.0808087Z Post job cleanup.
12 skills verify (Repo-To-Skill)	UNKNOWN STEP	2026-09-17T11:18:57.1506224Z [command]/usr/bin/git version
12 skills verify (Repo-To-Skill)	UNKNOWN STEP	2026-09-17T11:18:57.1541552Z git version 2.55.0
12 skills verify (Repo-To-Skill)	UNKNOWN STEP	2026-09-17T11:18:57.1574581Z Temporarily overriding HOME='/home/runner/work/_temp/67635078-7b7a-41dd-b85d-32fdbcc79e1b' before making global git config changes
12 skills verify (Repo-To-Skill)	UNKNOWN STEP	2026-09-17T11:18:57.1575328Z Adding repository directory to the temporary git global config as a safe directory
12 skills verify (Repo-To-Skill)	UNKNOWN STEP	2026-09-17T11:18:57.1578370Z [command]/usr/bin/git config --global --add safe.directory /home/runner/work/Crew-Operations/Crew-Operations
12 skills verify (Repo-To-Skill)	UNKNOWN STEP	2026-09-17T11:18:57.1610187Z [command]/usr/bin/git config --local --name-only --get-regexp core\.sshCommand
12 skills verify (Repo-To-Skill)	UNKNOWN STEP	2026-09-17T11:18:57.1638584Z [command]/usr/bin/git submodule foreach --recursive sh -c "git config --local --name-only --get-regexp 'core\.sshCommand' && git config --local --unset-all 'core.sshCommand' || :"
12 skills verify (Repo-To-Skill)	UNKNOWN STEP	2026-09-17T11:18:57.1852555Z [command]/usr/bin/git config --local --name-only --get-regexp http\.https\:\/\/github\.com\/\.extraheader
12 skills verify (Repo-To-Skill)	UNKNOWN STEP	2026-09-17T11:18:57.1876436Z http.https://github.com/.extraheader
12 skills verify (Repo-To-Skill)	UNKNOWN STEP	2026-09-17T11:18:57.1886100Z [command]/usr/bin/git config --local --unset-all http.https://github.com/.extraheader
12 skills verify (Repo-To-Skill)	UNKNOWN STEP	2026-09-17T11:18:57.1914089Z [command]/usr/bin/git submodule foreach --recursive sh -c "git config --local --name-only --get-regexp 'http\.https\:\/\/github\.com\/\.extraheader' && git config --local --unset-all 'http.https://github.com/.extraheader' || :"
12 skills verify (Repo-To-Skill)	UNKNOWN STEP	2026-09-17T11:18:57.2128598Z [command]/usr/bin/git config --local --name-only --get-regexp ^includeIf\.gitdir:
12 skills verify (Repo-To-Skill)	UNKNOWN STEP	2026-09-17T11:18:57.2180988Z [command]/usr/bin/git submodule foreach --recursive git config --local --show-origin --name-only --get-regexp remote.origin.url
12 skills verify (Repo-To-Skill)	UNKNOWN STEP	2026-09-17T11:18:57.2554935Z Cleaning up orphan processes
12 skills verify (Repo-To-Skill)	UNKNOWN STEP	2026-09-17T11:18:57.2765974Z ##[warning]Node.js 20 is deprecated. The following actions target Node.js 20 but are being forced to run on Node.js 24: actions/checkout@v4, actions/setup-python@v5. For more information see: https://github.blog/changelog/2025-09-19-deprecation-of-node-20-on-github-actions-runners/
05 solver bench	UNKNOWN STEP	∩╗┐2026-09-17T11:18:32.7689762Z Current runner version: '2.337.0'
05 solver bench	UNKNOWN STEP	2026-09-17T11:18:32.7714157Z ##[group]Runner Image Provisioner
05 solver bench	UNKNOWN STEP	2026-09-17T11:18:32.7715089Z Hosted Compute Agent
05 solver bench	UNKNOWN STEP	2026-09-17T11:18:32.7715757Z Version: 20260828.587
05 solver bench	UNKNOWN STEP	2026-09-17T11:18:32.7716398Z Commit: abac92662cab4cc7352de4f9f9d2e2419aad9c29
05 solver bench	UNKNOWN STEP	2026-09-17T11:18:32.7717118Z Build Date: 2026-08-28T16:44:25Z
05 solver bench	UNKNOWN STEP	2026-09-17T11:18:32.7718177Z Worker ID: {44ce35bb-2784-4931-afa5-cecc39fb8544}
05 solver bench	UNKNOWN STEP	2026-09-17T11:18:32.7718990Z Azure Region: westus3
05 solver bench	UNKNOWN STEP	2026-09-17T11:18:32.7719607Z ##[endgroup]
05 solver bench	UNKNOWN STEP	2026-09-17T11:18:32.7721248Z ##[group]Operating System
05 solver bench	UNKNOWN STEP	2026-09-17T11:18:32.7721888Z Ubuntu
05 solver bench	UNKNOWN STEP	2026-09-17T11:18:32.7722524Z 24.04.5
05 solver bench	UNKNOWN STEP	2026-09-17T11:18:32.7723067Z LTS
05 solver bench	UNKNOWN STEP	2026-09-17T11:18:32.7723616Z ##[endgroup]
05 solver bench	UNKNOWN STEP	2026-09-17T11:18:32.7724189Z ##[group]Runner Image
05 solver bench	UNKNOWN STEP	2026-09-17T11:18:32.7724796Z Image: ubuntu-24.04
05 solver bench	UNKNOWN STEP	2026-09-17T11:18:32.7725419Z Version: 20260907.300.1
05 solver bench	UNKNOWN STEP	2026-09-17T11:18:32.7726796Z Included Software: https://github.com/actions/runner-images/blob/ubuntu24/20260907.300/images/ubuntu/Ubuntu2404-Readme.md
05 solver bench	UNKNOWN STEP	2026-09-17T11:18:32.7728650Z Image Release: https://github.com/actions/runner-images/releases/tag/ubuntu24%2F20260907.300
05 solver bench	UNKNOWN STEP	2026-09-17T11:18:32.7729640Z ##[endgroup]
05 solver bench	UNKNOWN STEP	2026-09-17T11:18:32.7730949Z ##[group]GITHUB_TOKEN Permissions
05 solver bench	UNKNOWN STEP	2026-09-17T11:18:32.7733031Z Contents: read
05 solver bench	UNKNOWN STEP	2026-09-17T11:18:32.7733786Z Metadata: read
05 solver bench	UNKNOWN STEP	2026-09-17T11:18:32.7734400Z Packages: read
05 solver bench	UNKNOWN STEP	2026-09-17T11:18:32.7735375Z ##[endgroup]
05 solver bench	UNKNOWN STEP	2026-09-17T11:18:32.7738144Z Secret source: Actions
05 solver bench	UNKNOWN STEP	2026-09-17T11:18:32.7739160Z Cache mode: write
05 solver bench	UNKNOWN STEP	2026-09-17T11:18:32.7740070Z Prepare workflow directory
05 solver bench	UNKNOWN STEP	2026-09-17T11:18:32.8188074Z Prepare all required actions
05 solver bench	UNKNOWN STEP	2026-09-17T11:18:32.8235293Z Getting action download info
05 solver bench	UNKNOWN STEP	2026-09-17T11:18:33.1279231Z Download action repository 'actions/checkout@v4' (SHA:11d5960a326750d5838078e36cf38b85af677262)
05 solver bench	UNKNOWN STEP	2026-09-17T11:18:33.2265455Z Download action repository 'actions/setup-python@v5' (SHA:a26af69be951a213d495a4c3e4e4022e16d87065)
05 solver bench	UNKNOWN STEP	2026-09-17T11:18:33.4080646Z Complete job name: 05 solver bench
05 solver bench	UNKNOWN STEP	2026-09-17T11:18:33.4844823Z Node 20 is being deprecated. This workflow is running with Node 24 by default. If you need to temporarily use Node 20, you can set the ACTIONS_ALLOW_USE_UNSECURE_NODE_VERSION=true environment variable. For more information see: https://github.blog/changelog/2025-09-19-deprecation-of-node-20-on-github-actions-runners/
05 solver bench	UNKNOWN STEP	2026-09-17T11:18:33.4854085Z ##[group]Run actions/checkout@v4
05 solver bench	UNKNOWN STEP	2026-09-17T11:18:33.4854841Z with:
05 solver bench	UNKNOWN STEP	2026-09-17T11:18:33.4855299Z   repository: KanTrun/Crew-Operations
05 solver bench	UNKNOWN STEP	2026-09-17T11:18:33.4859744Z   token: ***
05 solver bench	UNKNOWN STEP	2026-09-17T11:18:33.4860203Z   ssh-strict: true
05 solver bench	UNKNOWN STEP	2026-09-17T11:18:33.4860643Z   ssh-user: git
05 solver bench	UNKNOWN STEP	2026-09-17T11:18:33.4861154Z   persist-credentials: true
05 solver bench	UNKNOWN STEP	2026-09-17T11:18:33.4861655Z   clean: true
05 solver bench	UNKNOWN STEP	2026-09-17T11:18:33.4862103Z   sparse-checkout-cone-mode: true
05 solver bench	UNKNOWN STEP	2026-09-17T11:18:33.4862634Z   fetch-depth: 1
05 solver bench	UNKNOWN STEP	2026-09-17T11:18:33.4863075Z   fetch-tags: false
05 solver bench	UNKNOWN STEP	2026-09-17T11:18:33.4863526Z   show-progress: true
05 solver bench	UNKNOWN STEP	2026-09-17T11:18:33.4863973Z   lfs: false
05 solver bench	UNKNOWN STEP	2026-09-17T11:18:33.4864425Z   submodules: false
05 solver bench	UNKNOWN STEP	2026-09-17T11:18:33.4864931Z   set-safe-directory: true
05 solver bench	UNKNOWN STEP	2026-09-17T11:18:33.4865442Z   allow-unsafe-pr-checkout: false
05 solver bench	UNKNOWN STEP	2026-09-17T11:18:33.4866257Z env:
05 solver bench	UNKNOWN STEP	2026-09-17T11:18:33.4866680Z   CA_AGENT_MODE: replay
05 solver bench	UNKNOWN STEP	2026-09-17T11:18:33.4867141Z ##[endgroup]
05 solver bench	UNKNOWN STEP	2026-09-17T11:18:33.5892288Z Syncing repository: KanTrun/Crew-Operations
05 solver bench	UNKNOWN STEP	2026-09-17T11:18:33.5894982Z ##[group]Getting Git version info
05 solver bench	UNKNOWN STEP	2026-09-17T11:18:33.5896255Z Working directory is '/home/runner/work/Crew-Operations/Crew-Operations'
05 solver bench	UNKNOWN STEP	2026-09-17T11:18:33.5898493Z [command]/usr/bin/git version
05 solver bench	UNKNOWN STEP	2026-09-17T11:18:33.5952133Z git version 2.55.0
05 solver bench	UNKNOWN STEP	2026-09-17T11:18:33.5976532Z ##[endgroup]
05 solver bench	UNKNOWN STEP	2026-09-17T11:18:33.5993238Z Temporarily overriding HOME='/home/runner/work/_temp/d3950e50-ec1a-45fc-b24c-fdab58682352' before making global git config changes
05 solver bench	UNKNOWN STEP	2026-09-17T11:18:33.5995896Z Adding repository directory to the temporary git global config as a safe directory
05 solver bench	UNKNOWN STEP	2026-09-17T11:18:33.6012881Z [command]/usr/bin/git config --global --add safe.directory /home/runner/work/Crew-Operations/Crew-Operations
05 solver bench	UNKNOWN STEP	2026-09-17T11:18:33.6060274Z Deleting the contents of '/home/runner/work/Crew-Operations/Crew-Operations'
05 solver bench	UNKNOWN STEP	2026-09-17T11:18:33.6066213Z ##[group]Initializing the repository
05 solver bench	UNKNOWN STEP	2026-09-17T11:18:33.6071988Z [command]/usr/bin/git init /home/runner/work/Crew-Operations/Crew-Operations
05 solver bench	UNKNOWN STEP	2026-09-17T11:18:33.6184715Z hint: Using 'master' as the name for the initial branch. This default branch name
05 solver bench	UNKNOWN STEP	2026-09-17T11:18:33.6186410Z hint: will change to "main" in Git 3.0. To configure the initial branch name
05 solver bench	UNKNOWN STEP	2026-09-17T11:18:33.6187685Z hint: to use in all of your new repositories, which will suppress this warning,
05 solver bench	UNKNOWN STEP	2026-09-17T11:18:33.6189031Z hint: call:
05 solver bench	UNKNOWN STEP	2026-09-17T11:18:33.6189787Z hint:
05 solver bench	UNKNOWN STEP	2026-09-17T11:18:33.6190772Z hint: 	git config --global init.defaultBranch <name>
05 solver bench	UNKNOWN STEP	2026-09-17T11:18:33.6191829Z hint:
05 solver bench	UNKNOWN STEP	2026-09-17T11:18:33.6192858Z hint: Names commonly chosen instead of 'master' are 'main', 'trunk' and
05 solver bench	UNKNOWN STEP	2026-09-17T11:18:33.6194606Z hint: 'development'. The just-created branch can be renamed via this command:
05 solver bench	UNKNOWN STEP	2026-09-17T11:18:33.6196035Z hint:
05 solver bench	UNKNOWN STEP	2026-09-17T11:18:33.6196858Z hint: 	git branch -m <name>
05 solver bench	UNKNOWN STEP	2026-09-17T11:18:33.6198030Z hint:
05 solver bench	UNKNOWN STEP	2026-09-17T11:18:33.6199218Z hint: Disable this message with "git config set advice.defaultBranchName false"
05 solver bench	UNKNOWN STEP	2026-09-17T11:18:33.6201294Z Initialized empty Git repository in /home/runner/work/Crew-Operations/Crew-Operations/.git/
05 solver bench	UNKNOWN STEP	2026-09-17T11:18:33.6207475Z [command]/usr/bin/git remote add origin https://github.com/KanTrun/Crew-Operations
05 solver bench	UNKNOWN STEP	2026-09-17T11:18:33.6254596Z ##[endgroup]
05 solver bench	UNKNOWN STEP	2026-09-17T11:18:33.6255990Z ##[group]Disabling automatic garbage collection
05 solver bench	UNKNOWN STEP	2026-09-17T11:18:33.6257842Z [command]/usr/bin/git config --local gc.auto 0
05 solver bench	UNKNOWN STEP	2026-09-17T11:18:33.6290977Z ##[endgroup]
05 solver bench	UNKNOWN STEP	2026-09-17T11:18:33.6292555Z ##[group]Setting up auth
05 solver bench	UNKNOWN STEP	2026-09-17T11:18:33.6297518Z [command]/usr/bin/git config --local --name-only --get-regexp core\.sshCommand
05 solver bench	UNKNOWN STEP	2026-09-17T11:18:33.6330448Z [command]/usr/bin/git submodule foreach --recursive sh -c "git config --local --name-only --get-regexp 'core\.sshCommand' && git config --local --unset-all 'core.sshCommand' || :"
05 solver bench	UNKNOWN STEP	2026-09-17T11:18:33.6700738Z [command]/usr/bin/git config --local --name-only --get-regexp http\.https\:\/\/github\.com\/\.extraheader
05 solver bench	UNKNOWN STEP	2026-09-17T11:18:33.6741724Z [command]/usr/bin/git submodule foreach --recursive sh -c "git config --local --name-only --get-regexp 'http\.https\:\/\/github\.com\/\.extraheader' && git config --local --unset-all 'http.https://github.com/.extraheader' || :"
05 solver bench	UNKNOWN STEP	2026-09-17T11:18:33.6974973Z [command]/usr/bin/git config --local --name-only --get-regexp ^includeIf\.gitdir:
05 solver bench	UNKNOWN STEP	2026-09-17T11:18:33.7012700Z [command]/usr/bin/git submodule foreach --recursive git config --local --show-origin --name-only --get-regexp remote.origin.url
05 solver bench	UNKNOWN STEP	2026-09-17T11:18:33.7236472Z [command]/usr/bin/git config --local http.https://github.com/.extraheader AUTHORIZATION: basic ***
05 solver bench	UNKNOWN STEP	2026-09-17T11:18:33.7274840Z ##[endgroup]
05 solver bench	UNKNOWN STEP	2026-09-17T11:18:33.7276260Z ##[group]Fetching the repository
05 solver bench	UNKNOWN STEP	2026-09-17T11:18:33.7286272Z [command]/usr/bin/git -c protocol.version=2 fetch --no-tags --prune --no-recurse-submodules --depth=1 origin +a6ee707a664b71558e72eff4ac334b63193b03a2:refs/remotes/origin/main
05 solver bench	UNKNOWN STEP	2026-09-17T11:18:35.1612716Z From https://github.com/KanTrun/Crew-Operations
05 solver bench	UNKNOWN STEP	2026-09-17T11:18:35.1614676Z  * [new ref]         a6ee707a664b71558e72eff4ac334b63193b03a2 -> origin/main
05 solver bench	UNKNOWN STEP	2026-09-17T11:18:35.1629152Z ##[endgroup]
05 solver bench	UNKNOWN STEP	2026-09-17T11:18:35.1630579Z ##[group]Determining the checkout info
05 solver bench	UNKNOWN STEP	2026-09-17T11:18:35.1632150Z ##[endgroup]
05 solver bench	UNKNOWN STEP	2026-09-17T11:18:35.1633111Z [command]/usr/bin/git sparse-checkout disable
05 solver bench	UNKNOWN STEP	2026-09-17T11:18:35.1685977Z [command]/usr/bin/git config --local --unset-all extensions.worktreeConfig
05 solver bench	UNKNOWN STEP	2026-09-17T11:18:35.1719799Z ##[group]Checking out the ref
05 solver bench	UNKNOWN STEP	2026-09-17T11:18:35.1727118Z [command]/usr/bin/git checkout --progress --force -B main refs/remotes/origin/main
05 solver bench	UNKNOWN STEP	2026-09-17T11:18:35.2740658Z Switched to a new branch 'main'
05 solver bench	UNKNOWN STEP	2026-09-17T11:18:35.2744191Z branch 'main' set up to track 'origin/main'.
05 solver bench	UNKNOWN STEP	2026-09-17T11:18:35.2753539Z ##[endgroup]
05 solver bench	UNKNOWN STEP	2026-09-17T11:18:35.2798339Z [command]/usr/bin/git log -1 --format=%H
05 solver bench	UNKNOWN STEP	2026-09-17T11:18:35.2824836Z a6ee707a664b71558e72eff4ac334b63193b03a2
05 solver bench	UNKNOWN STEP	2026-09-17T11:18:35.3190241Z Node 20 is being deprecated. This workflow is running with Node 24 by default. If you need to temporarily use Node 20, you can set the ACTIONS_ALLOW_USE_UNSECURE_NODE_VERSION=true environment variable. For more information see: https://github.blog/changelog/2025-09-19-deprecation-of-node-20-on-github-actions-runners/
05 solver bench	UNKNOWN STEP	2026-09-17T11:18:35.3195522Z ##[group]Run actions/setup-python@v5
05 solver bench	UNKNOWN STEP	2026-09-17T11:18:35.3196747Z with:
05 solver bench	UNKNOWN STEP	2026-09-17T11:18:35.3197870Z   python-version: 3.12
05 solver bench	UNKNOWN STEP	2026-09-17T11:18:35.3198934Z   check-latest: false
05 solver bench	UNKNOWN STEP	2026-09-17T11:18:35.3208576Z   token: ***
05 solver bench	UNKNOWN STEP	2026-09-17T11:18:35.3209627Z   update-environment: true
05 solver bench	UNKNOWN STEP	2026-09-17T11:18:35.3210780Z   allow-prereleases: false
05 solver bench	UNKNOWN STEP	2026-09-17T11:18:35.3211887Z   freethreaded: false
05 solver bench	UNKNOWN STEP	2026-09-17T11:18:35.3212908Z env:
05 solver bench	UNKNOWN STEP	2026-09-17T11:18:35.3213803Z   CA_AGENT_MODE: replay
05 solver bench	UNKNOWN STEP	2026-09-17T11:18:35.3214791Z ##[endgroup]
05 solver bench	UNKNOWN STEP	2026-09-17T11:18:35.4520240Z ##[group]Installed versions
05 solver bench	UNKNOWN STEP	2026-09-17T11:18:35.4615457Z (node:2281) [DEP0040] DeprecationWarning: The `punycode` module is deprecated. Please use a userland alternative instead.
05 solver bench	UNKNOWN STEP	2026-09-17T11:18:35.4619877Z (Use `node --trace-deprecation ...` to show where the warning was created)
05 solver bench	UNKNOWN STEP	2026-09-17T11:18:35.4622715Z Successfully set up CPython (3.12.14)
05 solver bench	UNKNOWN STEP	2026-09-17T11:18:35.4625618Z ##[endgroup]
05 solver bench	UNKNOWN STEP	2026-09-17T11:18:35.4811815Z ##[group]Run python -m pip install -e ./packages/contracts -e ./packages/solver \
05 solver bench	UNKNOWN STEP	2026-09-17T11:18:35.4813973Z [36;1mpython -m pip install -e ./packages/contracts -e ./packages/solver \[0m
05 solver bench	UNKNOWN STEP	2026-09-17T11:18:35.4815868Z [36;1m  -e ./packages/gates -e ./packages/playbook pyyaml ortools[0m
05 solver bench	UNKNOWN STEP	2026-09-17T11:18:35.4873504Z shell: /usr/bin/bash -e {0}
05 solver bench	UNKNOWN STEP	2026-09-17T11:18:35.4874566Z env:
05 solver bench	UNKNOWN STEP	2026-09-17T11:18:35.4875414Z   CA_AGENT_MODE: replay
05 solver bench	UNKNOWN STEP	2026-09-17T11:18:35.4876637Z   pythonLocation: /opt/hostedtoolcache/Python/3.12.14/x64
05 solver bench	UNKNOWN STEP	2026-09-17T11:18:35.4878721Z   PKG_CONFIG_PATH: /opt/hostedtoolcache/Python/3.12.14/x64/lib/pkgconfig
05 solver bench	UNKNOWN STEP	2026-09-17T11:18:35.4880455Z   Python_ROOT_DIR: /opt/hostedtoolcache/Python/3.12.14/x64
05 solver bench	UNKNOWN STEP	2026-09-17T11:18:35.4882006Z   Python2_ROOT_DIR: /opt/hostedtoolcache/Python/3.12.14/x64
05 solver bench	UNKNOWN STEP	2026-09-17T11:18:35.4883555Z   Python3_ROOT_DIR: /opt/hostedtoolcache/Python/3.12.14/x64
05 solver bench	UNKNOWN STEP	2026-09-17T11:18:35.4885127Z   LD_LIBRARY_PATH: /opt/hostedtoolcache/Python/3.12.14/x64/lib
05 solver bench	UNKNOWN STEP	2026-09-17T11:18:35.4888600Z ##[endgroup]
05 solver bench	UNKNOWN STEP	2026-09-17T11:18:36.2785263Z Obtaining file:///home/runner/work/Crew-Operations/Crew-Operations/packages/contracts
05 solver bench	UNKNOWN STEP	2026-09-17T11:18:36.2799516Z   Installing build dependencies: started
05 solver bench	UNKNOWN STEP	2026-09-17T11:18:37.1861422Z   Installing build dependencies: finished with status 'done'
05 solver bench	UNKNOWN STEP	2026-09-17T11:18:37.1867521Z   Checking if build backend supports build_editable: started
05 solver bench	UNKNOWN STEP	2026-09-17T11:18:37.2351624Z   Checking if build backend supports build_editable: finished with status 'done'
05 solver bench	UNKNOWN STEP	2026-09-17T11:18:37.2360055Z   Getting requirements to build editable: started
05 solver bench	UNKNOWN STEP	2026-09-17T11:18:37.3913286Z   Getting requirements to build editable: finished with status 'done'
05 solver bench	UNKNOWN STEP	2026-09-17T11:18:37.3926978Z   Installing backend dependencies: started
05 solver bench	UNKNOWN STEP	2026-09-17T11:18:37.8950530Z   Installing backend dependencies: finished with status 'done'
05 solver bench	UNKNOWN STEP	2026-09-17T11:18:37.8958350Z   Preparing editable metadata (pyproject.toml): started
05 solver bench	UNKNOWN STEP	2026-09-17T11:18:38.0951383Z   Preparing editable metadata (pyproject.toml): finished with status 'done'
05 solver bench	UNKNOWN STEP	2026-09-17T11:18:38.0978271Z Obtaining file:///home/runner/work/Crew-Operations/Crew-Operations/packages/solver
05 solver bench	UNKNOWN STEP	2026-09-17T11:18:38.0990920Z   Installing build dependencies: started
05 solver bench	UNKNOWN STEP	2026-09-17T11:18:38.6106571Z   Installing build dependencies: finished with status 'done'
05 solver bench	UNKNOWN STEP	2026-09-17T11:18:38.6113087Z   Checking if build backend supports build_editable: started
05 solver bench	UNKNOWN STEP	2026-09-17T11:18:38.6500161Z   Checking if build backend supports build_editable: finished with status 'done'
05 solver bench	UNKNOWN STEP	2026-09-17T11:18:38.6509644Z   Getting requirements to build editable: started
05 solver bench	UNKNOWN STEP	2026-09-17T11:18:38.7992065Z   Getting requirements to build editable: finished with status 'done'
05 solver bench	UNKNOWN STEP	2026-09-17T11:18:38.8003237Z   Installing backend dependencies: started
05 solver bench	UNKNOWN STEP	2026-09-17T11:18:39.1801231Z   Installing backend dependencies: finished with status 'done'
05 solver bench	UNKNOWN STEP	2026-09-17T11:18:39.1807695Z   Preparing editable metadata (pyproject.toml): started
05 solver bench	UNKNOWN STEP	2026-09-17T11:18:39.3441699Z   Preparing editable metadata (pyproject.toml): finished with status 'done'
05 solver bench	UNKNOWN STEP	2026-09-17T11:18:39.3467585Z Obtaining file:///home/runner/work/Crew-Operations/Crew-Operations/packages/gates
05 solver bench	UNKNOWN STEP	2026-09-17T11:18:39.3480601Z   Installing build dependencies: started
05 solver bench	UNKNOWN STEP	2026-09-17T11:18:39.8638007Z   Installing build dependencies: finished with status 'done'
05 solver bench	UNKNOWN STEP	2026-09-17T11:18:39.8643238Z   Checking if build backend supports build_editable: started
05 solver bench	UNKNOWN STEP	2026-09-17T11:18:39.9032061Z   Checking if build backend supports build_editable: finished with status 'done'
05 solver bench	UNKNOWN STEP	2026-09-17T11:18:39.9038961Z   Getting requirements to build editable: started
05 solver bench	UNKNOWN STEP	2026-09-17T11:18:40.0527706Z   Getting requirements to build editable: finished with status 'done'
05 solver bench	UNKNOWN STEP	2026-09-17T11:18:40.0540605Z   Installing backend dependencies: started
05 solver bench	UNKNOWN STEP	2026-09-17T11:18:40.4333663Z   Installing backend dependencies: finished with status 'done'
05 solver bench	UNKNOWN STEP	2026-09-17T11:18:40.4340068Z   Preparing editable metadata (pyproject.toml): started
05 solver bench	UNKNOWN STEP	2026-09-17T11:18:40.6006475Z   Preparing editable metadata (pyproject.toml): finished with status 'done'
05 solver bench	UNKNOWN STEP	2026-09-17T11:18:40.6033005Z Obtaining file:///home/runner/work/Crew-Operations/Crew-Operations/packages/playbook
05 solver bench	UNKNOWN STEP	2026-09-17T11:18:40.6045659Z   Installing build dependencies: started
05 solver bench	UNKNOWN STEP	2026-09-17T11:18:41.1165480Z   Installing build dependencies: finished with status 'done'
05 solver bench	UNKNOWN STEP	2026-09-17T11:18:41.1171323Z   Checking if build backend supports build_editable: started
05 solver bench	UNKNOWN STEP	2026-09-17T11:18:41.1560415Z   Checking if build backend supports build_editable: finished with status 'done'
05 solver bench	UNKNOWN STEP	2026-09-17T11:18:41.1569213Z   Getting requirements to build editable: started
05 solver bench	UNKNOWN STEP	2026-09-17T11:18:41.3044903Z   Getting requirements to build editable: finished with status 'done'
05 solver bench	UNKNOWN STEP	2026-09-17T11:18:41.3058567Z   Installing backend dependencies: started
05 solver bench	UNKNOWN STEP	2026-09-17T11:18:41.6825387Z   Installing backend dependencies: finished with status 'done'
05 solver bench	UNKNOWN STEP	2026-09-17T11:18:41.6832843Z   Preparing editable metadata (pyproject.toml): started
05 solver bench	UNKNOWN STEP	2026-09-17T11:18:41.8469670Z   Preparing editable metadata (pyproject.toml): finished with status 'done'
05 solver bench	UNKNOWN STEP	2026-09-17T11:18:41.9607755Z Collecting pyyaml
05 solver bench	UNKNOWN STEP	2026-09-17T11:18:42.0050620Z   Downloading pyyaml-6.0.3-cp312-cp312-manylinux2014_x86_64.manylinux_2_17_x86_64.manylinux_2_28_x86_64.whl.metadata (2.4 kB)
05 solver bench	UNKNOWN STEP	2026-09-17T11:18:42.0410590Z Collecting ortools
05 solver bench	UNKNOWN STEP	2026-09-17T11:18:42.0458004Z   Downloading ortools-9.15.6755-cp312-cp312-manylinux_2_27_x86_64.manylinux_2_28_x86_64.whl.metadata (3.3 kB)
05 solver bench	UNKNOWN STEP	2026-09-17T11:18:42.1836640Z Collecting pydantic>=2.9.0 (from ca-contracts==0.1.0)
05 solver bench	UNKNOWN STEP	2026-09-17T11:18:42.1870409Z   Downloading pydantic-2.13.5-py3-none-any.whl.metadata (110 kB)
05 solver bench	UNKNOWN STEP	2026-09-17T11:18:42.2300635Z Collecting absl-py>=2.0.0 (from ortools)
05 solver bench	UNKNOWN STEP	2026-09-17T11:18:42.2332077Z   Downloading absl_py-2.5.0-py3-none-any.whl.metadata (3.3 kB)
05 solver bench	UNKNOWN STEP	2026-09-17T11:18:42.4536809Z Collecting numpy>=2.0.2 (from ortools)
05 solver bench	UNKNOWN STEP	2026-09-17T11:18:42.4571583Z   Downloading numpy-2.5.3-cp312-cp312-manylinux_2_27_x86_64.manylinux_2_28_x86_64.whl.metadata (6.6 kB)
05 solver bench	UNKNOWN STEP	2026-09-17T11:18:42.5794456Z Collecting pandas>=2.0.0 (from ortools)
05 solver bench	UNKNOWN STEP	2026-09-17T11:18:42.5831170Z   Downloading pandas-3.0.5-cp312-cp312-manylinux_2_24_x86_64.manylinux_2_28_x86_64.whl.metadata (79 kB)
05 solver bench	UNKNOWN STEP	2026-09-17T11:18:42.7573738Z Collecting protobuf<6.34,>=6.33.1 (from ortools)
05 solver bench	UNKNOWN STEP	2026-09-17T11:18:42.7612107Z   Downloading protobuf-6.33.6-cp39-abi3-manylinux2014_x86_64.whl.metadata (593 bytes)
05 solver bench	UNKNOWN STEP	2026-09-17T11:18:42.7825564Z Collecting typing-extensions>=4.12 (from ortools)
05 solver bench	UNKNOWN STEP	2026-09-17T11:18:42.7858871Z   Downloading typing_extensions-4.16.0-py3-none-any.whl.metadata (3.3 kB)
05 solver bench	UNKNOWN STEP	2026-09-17T11:18:42.8038864Z Collecting immutabledict>=3.0.0 (from ortools)
05 solver bench	UNKNOWN STEP	2026-09-17T11:18:42.8074692Z   Downloading immutabledict-4.3.1-py3-none-any.whl.metadata (3.5 kB)
05 solver bench	UNKNOWN STEP	2026-09-17T11:18:42.8321034Z Collecting python-dateutil>=2.8.2 (from pandas>=2.0.0->ortools)
05 solver bench	UNKNOWN STEP	2026-09-17T11:18:42.8351108Z   Downloading python_dateutil-2.9.0.post0-py2.py3-none-any.whl.metadata (8.4 kB)
05 solver bench	UNKNOWN STEP	2026-09-17T11:18:42.8529730Z Collecting annotated-types>=0.6.0 (from pydantic>=2.9.0->ca-contracts==0.1.0)
05 solver bench	UNKNOWN STEP	2026-09-17T11:18:42.8563031Z   Downloading annotated_types-0.8.0-py3-none-any.whl.metadata (15 kB)
05 solver bench	UNKNOWN STEP	2026-09-17T11:18:43.5289751Z Collecting pydantic-core==2.46.5 (from pydantic>=2.9.0->ca-contracts==0.1.0)
05 solver bench	UNKNOWN STEP	2026-09-17T11:18:43.5326167Z   Downloading pydantic_core-2.46.5-cp312-cp312-manylinux_2_17_x86_64.manylinux2014_x86_64.whl.metadata (6.6 kB)
05 solver bench	UNKNOWN STEP	2026-09-17T11:18:43.5506674Z Collecting typing-inspection>=0.4.2 (from pydantic>=2.9.0->ca-contracts==0.1.0)
05 solver bench	UNKNOWN STEP	2026-09-17T11:18:43.5538375Z   Downloading typing_inspection-0.4.4-py3-none-any.whl.metadata (2.6 kB)
05 solver bench	UNKNOWN STEP	2026-09-17T11:18:43.5740624Z Collecting six>=1.5 (from python-dateutil>=2.8.2->pandas>=2.0.0->ortools)
05 solver bench	UNKNOWN STEP	2026-09-17T11:18:43.5772663Z   Downloading six-1.17.0-py2.py3-none-any.whl.metadata (1.7 kB)
05 solver bench	UNKNOWN STEP	2026-09-17T11:18:43.5855515Z Downloading pyyaml-6.0.3-cp312-cp312-manylinux2014_x86_64.manylinux_2_17_x86_64.manylinux_2_28_x86_64.whl (807 kB)
05 solver bench	UNKNOWN STEP	2026-09-17T11:18:43.5956173Z    ΓöüΓöüΓöüΓöüΓöüΓöüΓöüΓöüΓöüΓöüΓöüΓöüΓöüΓöüΓöüΓöüΓöüΓöüΓöüΓöüΓöüΓöüΓöüΓöüΓöüΓöüΓöüΓöüΓöüΓöüΓöüΓöüΓöüΓöüΓöüΓöüΓöüΓöüΓöüΓöü 807.9/807.9 kB 93.8 MB/s  0:00:00
05 solver bench	UNKNOWN STEP	2026-09-17T11:18:43.5987810Z Downloading ortools-9.15.6755-cp312-cp312-manylinux_2_27_x86_64.manylinux_2_28_x86_64.whl (29.8 MB)
05 solver bench	UNKNOWN STEP	2026-09-17T11:18:43.6923895Z    ΓöüΓöüΓöüΓöüΓöüΓöüΓöüΓöüΓöüΓöüΓöüΓöüΓöüΓöüΓöüΓöüΓöüΓöüΓöüΓöüΓöüΓöüΓöüΓöüΓöüΓöüΓöüΓöüΓöüΓöüΓöüΓöüΓöüΓöüΓöüΓöüΓöüΓöüΓöüΓöü 29.8/29.8 MB 324.3 MB/s  0:00:00
05 solver bench	UNKNOWN STEP	2026-09-17T11:18:43.6958502Z Downloading protobuf-6.33.6-cp39-abi3-manylinux2014_x86_64.whl (323 kB)
05 solver bench	UNKNOWN STEP	2026-09-17T11:18:43.7021010Z Downloading absl_py-2.5.0-py3-none-any.whl (137 kB)
05 solver bench	UNKNOWN STEP	2026-09-17T11:18:43.7074957Z Downloading immutabledict-4.3.1-py3-none-any.whl (5.0 kB)
05 solver bench	UNKNOWN STEP	2026-09-17T11:18:43.7156397Z Downloading numpy-2.5.3-cp312-cp312-manylinux_2_27_x86_64.manylinux_2_28_x86_64.whl (16.7 MB)
05 solver bench	UNKNOWN STEP	2026-09-17T11:18:43.7684851Z    ΓöüΓöüΓöüΓöüΓöüΓöüΓöüΓöüΓöüΓöüΓöüΓöüΓöüΓöüΓöüΓöüΓöüΓöüΓöüΓöüΓöüΓöüΓöüΓöüΓöüΓöüΓöüΓöüΓöüΓöüΓöüΓöüΓöüΓöüΓöüΓöüΓöüΓöüΓöüΓöü 16.7/16.7 MB 328.1 MB/s  0:00:00
05 solver bench	UNKNOWN STEP	2026-09-17T11:18:43.7723902Z Downloading pandas-3.0.5-cp312-cp312-manylinux_2_24_x86_64.manylinux_2_28_x86_64.whl (11.0 MB)
05 solver bench	UNKNOWN STEP	2026-09-17T11:18:43.8090052Z    ΓöüΓöüΓöüΓöüΓöüΓöüΓöüΓöüΓöüΓöüΓöüΓöüΓöüΓöüΓöüΓöüΓöüΓöüΓöüΓöüΓöüΓöüΓöüΓöüΓöüΓöüΓöüΓöüΓöüΓöüΓöüΓöüΓöüΓöüΓöüΓöüΓöüΓöüΓöüΓöü 11.0/11.0 MB 312.2 MB/s  0:00:00
05 solver bench	UNKNOWN STEP	2026-09-17T11:18:43.8123946Z Downloading pydantic-2.13.5-py3-none-any.whl (472 kB)
05 solver bench	UNKNOWN STEP	2026-09-17T11:18:43.8190702Z Downloading pydantic_core-2.46.5-cp312-cp312-manylinux_2_17_x86_64.manylinux2014_x86_64.whl (2.1 MB)
05 solver bench	UNKNOWN STEP	2026-09-17T11:18:43.8281058Z    ΓöüΓöüΓöüΓöüΓöüΓöüΓöüΓöüΓöüΓöüΓöüΓöüΓöüΓöüΓöüΓöüΓöüΓöüΓöüΓöüΓöüΓöüΓöüΓöüΓöüΓöüΓöüΓöüΓöüΓöüΓöüΓöüΓöüΓöüΓöüΓöüΓöüΓöüΓöüΓöü 2.1/2.1 MB 266.0 MB/s  0:00:00
05 solver bench	UNKNOWN STEP	2026-09-17T11:18:43.8312722Z Downloading annotated_types-0.8.0-py3-none-any.whl (13 kB)
05 solver bench	UNKNOWN STEP	2026-09-17T11:18:43.8364537Z Downloading python_dateutil-2.9.0.post0-py2.py3-none-any.whl (229 kB)
05 solver bench	UNKNOWN STEP	2026-09-17T11:18:43.8419766Z Downloading six-1.17.0-py2.py3-none-any.whl (11 kB)
05 solver bench	UNKNOWN STEP	2026-09-17T11:18:43.8469346Z Downloading typing_extensions-4.16.0-py3-none-any.whl (45 kB)
05 solver bench	UNKNOWN STEP	2026-09-17T11:18:43.8520776Z Downloading typing_inspection-0.4.4-py3-none-any.whl (14 kB)
05 solver bench	UNKNOWN STEP	2026-09-17T11:18:43.9615021Z Building wheels for collected packages: ca-contracts, ca-solver, ca-gates, ca-playbook
05 solver bench	UNKNOWN STEP	2026-09-17T11:18:43.9623165Z   Building editable for ca-contracts (pyproject.toml): started
05 solver bench	UNKNOWN STEP	2026-09-17T11:18:43.9986745Z   Building editable for ca-contracts (pyproject.toml): finished with status 'done'
05 solver bench	UNKNOWN STEP	2026-09-17T11:18:43.9992816Z   Created wheel for ca-contracts: filename=ca_contracts-0.1.0-py3-none-any.whl size=1048 sha256=e6985992e702156008d0c255ae928f11468c702f4bc10010ab62b937bbae49f2
05 solver bench	UNKNOWN STEP	2026-09-17T11:18:43.9995172Z   Stored in directory: /tmp/pip-ephem-wheel-cache-ap0bq174/wheels/ae/31/3e/c90099f82aa608ba604815fec62068d75bab82b240dc2a2cd6
05 solver bench	UNKNOWN STEP	2026-09-17T11:18:44.0012130Z   Building editable for ca-solver (pyproject.toml): started
05 solver bench	UNKNOWN STEP	2026-09-17T11:18:44.0365016Z   Building editable for ca-solver (pyproject.toml): finished with status 'done'
05 solver bench	UNKNOWN STEP	2026-09-17T11:18:44.0369997Z   Created wheel for ca-solver: filename=ca_solver-0.1.0-py3-none-any.whl size=1028 sha256=6a80af0f7c3310b1929b55bf406766a2eacba1d8e8de408f8d53ff65cc071d68
05 solver bench	UNKNOWN STEP	2026-09-17T11:18:44.0371889Z   Stored in directory: /tmp/pip-ephem-wheel-cache-ap0bq174/wheels/24/dd/b7/73d4129de13b6b8f553654f8b235a6569fe6440efd35ae8f6f
05 solver bench	UNKNOWN STEP	2026-09-17T11:18:44.0388548Z   Building editable for ca-gates (pyproject.toml): started
05 solver bench	UNKNOWN STEP	2026-09-17T11:18:44.0742089Z   Building editable for ca-gates (pyproject.toml): finished with status 'done'
05 solver bench	UNKNOWN STEP	2026-09-17T11:18:44.0746874Z   Created wheel for ca-gates: filename=ca_gates-0.1.0-py3-none-any.whl size=983 sha256=a88aaee0837d39e8b5ff400afca45e78fe64f2fd8a425acb81d3605a556a7ae7
05 solver bench	UNKNOWN STEP	2026-09-17T11:18:44.0749291Z   Stored in directory: /tmp/pip-ephem-wheel-cache-ap0bq174/wheels/3c/98/6e/da1ae25287c2a97e4673f588b6d11befba1ecc0a9e78790f59
05 solver bench	UNKNOWN STEP	2026-09-17T11:18:44.0765967Z   Building editable for ca-playbook (pyproject.toml): started
05 solver bench	UNKNOWN STEP	2026-09-17T11:18:44.1129005Z   Building editable for ca-playbook (pyproject.toml): finished with status 'done'
05 solver bench	UNKNOWN STEP	2026-09-17T11:18:44.1133678Z   Created wheel for ca-playbook: filename=ca_playbook-0.1.0-py3-none-any.whl size=1015 sha256=5ddb64b35755e16a64c285f4a891989adc0768c0ceee6bdc2ce2e191d3befb1d
05 solver bench	UNKNOWN STEP	2026-09-17T11:18:44.1135510Z   Stored in directory: /tmp/pip-ephem-wheel-cache-ap0bq174/wheels/a6/47/36/dd0db4bb9605425b2141d20b3b5f5d9e0628c0f9ee002736f4
05 solver bench	UNKNOWN STEP	2026-09-17T11:18:44.1147463Z Successfully built ca-contracts ca-solver ca-gates ca-playbook
05 solver bench	UNKNOWN STEP	2026-09-17T11:18:44.1713082Z Installing collected packages: typing-extensions, six, pyyaml, protobuf, numpy, immutabledict, ca-playbook, ca-gates, annotated-types, absl-py, typing-inspection, python-dateutil, pydantic-core, pydantic, pandas, ortools, ca-contracts, ca-solver
05 solver bench	UNKNOWN STEP	2026-09-17T11:18:52.1657013Z 
05 solver bench	UNKNOWN STEP	2026-09-17T11:18:52.1679418Z Successfully installed absl-py-2.5.0 annotated-types-0.8.0 ca-contracts-0.1.0 ca-gates-0.1.0 ca-playbook-0.1.0 ca-solver-0.1.0 immutabledict-4.3.1 numpy-2.5.3 ortools-9.15.6755 pandas-3.0.5 protobuf-6.33.6 pydantic-2.13.5 pydantic-core-2.46.5 python-dateutil-2.9.0.post0 pyyaml-6.0.3 six-1.17.0 typing-extensions-4.16.0 typing-inspection-0.4.4
05 solver bench	UNKNOWN STEP	2026-09-17T11:18:52.2893562Z ##[group]Run python scripts/solve_tuan.py
05 solver bench	UNKNOWN STEP	2026-09-17T11:18:52.2893938Z [36;1mpython scripts/solve_tuan.py[0m
05 solver bench	UNKNOWN STEP	2026-09-17T11:18:52.2894216Z [36;1mpython scripts/verify_hard.py[0m
05 solver bench	UNKNOWN STEP	2026-09-17T11:18:52.2933294Z shell: /usr/bin/bash -e {0}
05 solver bench	UNKNOWN STEP	2026-09-17T11:18:52.2933560Z env:
05 solver bench	UNKNOWN STEP	2026-09-17T11:18:52.2933750Z   CA_AGENT_MODE: replay
05 solver bench	UNKNOWN STEP	2026-09-17T11:18:52.2934054Z   pythonLocation: /opt/hostedtoolcache/Python/3.12.14/x64
05 solver bench	UNKNOWN STEP	2026-09-17T11:18:52.2934490Z   PKG_CONFIG_PATH: /opt/hostedtoolcache/Python/3.12.14/x64/lib/pkgconfig
05 solver bench	UNKNOWN STEP	2026-09-17T11:18:52.2934920Z   Python_ROOT_DIR: /opt/hostedtoolcache/Python/3.12.14/x64
05 solver bench	UNKNOWN STEP	2026-09-17T11:18:52.2935297Z   Python2_ROOT_DIR: /opt/hostedtoolcache/Python/3.12.14/x64
05 solver bench	UNKNOWN STEP	2026-09-17T11:18:52.2935673Z   Python3_ROOT_DIR: /opt/hostedtoolcache/Python/3.12.14/x64
05 solver bench	UNKNOWN STEP	2026-09-17T11:18:52.2936047Z   LD_LIBRARY_PATH: /opt/hostedtoolcache/Python/3.12.14/x64/lib
05 solver bench	UNKNOWN STEP	2026-09-17T11:18:52.2936358Z ##[endgroup]
05 solver bench	UNKNOWN STEP	2026-09-17T11:19:52.5418601Z solve status=FEASIBLE ok=True elapsed=59.51s violations=0 luat=0
05 solver bench	UNKNOWN STEP	2026-09-17T11:19:52.9722834Z === VERIFY HARD (independent) ===
05 solver bench	UNKNOWN STEP	2026-09-17T11:19:52.9723606Z ok=True
05 solver bench	UNKNOWN STEP	2026-09-17T11:19:52.9724114Z c01: 0
05 solver bench	UNKNOWN STEP	2026-09-17T11:19:52.9724432Z c02: 0
05 solver bench	UNKNOWN STEP	2026-09-17T11:19:52.9724709Z c03: 0
05 solver bench	UNKNOWN STEP	2026-09-17T11:19:52.9724974Z c04: 0
05 solver bench	UNKNOWN STEP	2026-09-17T11:19:52.9725244Z c05: 0
05 solver bench	UNKNOWN STEP	2026-09-17T11:19:52.9725507Z c06: 0
05 solver bench	UNKNOWN STEP	2026-09-17T11:19:52.9725774Z TOTAL 0
05 solver bench	UNKNOWN STEP	2026-09-17T11:19:53.0290926Z Node 20 is being deprecated. This workflow is running with Node 24 by default. If you need to temporarily use Node 20, you can set the ACTIONS_ALLOW_USE_UNSECURE_NODE_VERSION=true environment variable. For more information see: https://github.blog/changelog/2025-09-19-deprecation-of-node-20-on-github-actions-runners/
05 solver bench	UNKNOWN STEP	2026-09-17T11:19:53.0292137Z Post job cleanup.
05 solver bench	UNKNOWN STEP	2026-09-17T11:19:53.1466715Z (node:2553) [DEP0040] DeprecationWarning: The `punycode` module is deprecated. Please use a userland alternative instead.
05 solver bench	UNKNOWN STEP	2026-09-17T11:19:53.1468412Z (Use `node --trace-deprecation ...` to show where the warning was created)
05 solver bench	UNKNOWN STEP	2026-09-17T11:19:53.1675343Z Node 20 is being deprecated. This workflow is running with Node 24 by default. If you need to temporarily use Node 20, you can set the ACTIONS_ALLOW_USE_UNSECURE_NODE_VERSION=true environment variable. For more information see: https://github.blog/changelog/2025-09-19-deprecation-of-node-20-on-github-actions-runners/
05 solver bench	UNKNOWN STEP	2026-09-17T11:19:53.1676751Z Post job cleanup.
05 solver bench	UNKNOWN STEP	2026-09-17T11:19:53.2580835Z [command]/usr/bin/git version
05 solver bench	UNKNOWN STEP	2026-09-17T11:19:53.2625543Z git version 2.55.0
05 solver bench	UNKNOWN STEP	2026-09-17T11:19:53.2668976Z Temporarily overriding HOME='/home/runner/work/_temp/699bd35a-4661-407a-a8cf-9198936fcdbf' before making global git config changes
05 solver bench	UNKNOWN STEP	2026-09-17T11:19:53.2670702Z Adding repository directory to the temporary git global config as a safe directory
05 solver bench	UNKNOWN STEP	2026-09-17T11:19:53.2675963Z [command]/usr/bin/git config --global --add safe.directory /home/runner/work/Crew-Operations/Crew-Operations
05 solver bench	UNKNOWN STEP	2026-09-17T11:19:53.2714281Z [command]/usr/bin/git config --local --name-only --get-regexp core\.sshCommand
05 solver bench	UNKNOWN STEP	2026-09-17T11:19:53.2750266Z [command]/usr/bin/git submodule foreach --recursive sh -c "git config --local --name-only --get-regexp 'core\.sshCommand' && git config --local --unset-all 'core.sshCommand' || :"
05 solver bench	UNKNOWN STEP	2026-09-17T11:19:53.3009650Z [command]/usr/bin/git config --local --name-only --get-regexp http\.https\:\/\/github\.com\/\.extraheader
05 solver bench	UNKNOWN STEP	2026-09-17T11:19:53.3038099Z http.https://github.com/.extraheader
05 solver bench	UNKNOWN STEP	2026-09-17T11:19:53.3050266Z [command]/usr/bin/git config --local --unset-all http.https://github.com/.extraheader
05 solver bench	UNKNOWN STEP	2026-09-17T11:19:53.3084908Z [command]/usr/bin/git submodule foreach --recursive sh -c "git config --local --name-only --get-regexp 'http\.https\:\/\/github\.com\/\.extraheader' && git config --local --unset-all 'http.https://github.com/.extraheader' || :"
05 solver bench	UNKNOWN STEP	2026-09-17T11:19:53.3357651Z [command]/usr/bin/git config --local --name-only --get-regexp ^includeIf\.gitdir:
05 solver bench	UNKNOWN STEP	2026-09-17T11:19:53.3397544Z [command]/usr/bin/git submodule foreach --recursive git config --local --show-origin --name-only --get-regexp remote.origin.url
05 solver bench	UNKNOWN STEP	2026-09-17T11:19:53.3886630Z Cleaning up orphan processes
05 solver bench	UNKNOWN STEP	2026-09-17T11:19:53.4204639Z ##[warning]Node.js 20 is deprecated. The following actions target Node.js 20 but are being forced to run on Node.js 24: actions/checkout@v4, actions/setup-python@v5. For more information see: https://github.blog/changelog/2025-09-19-deprecation-of-node-20-on-github-actions-runners/
03 integration	UNKNOWN STEP	∩╗┐2026-09-17T11:18:32.3653967Z Current runner version: '2.337.0'
03 integration	UNKNOWN STEP	2026-09-17T11:18:32.3682468Z ##[group]Runner Image Provisioner
03 integration	UNKNOWN STEP	2026-09-17T11:18:32.3683368Z Hosted Compute Agent
03 integration	UNKNOWN STEP	2026-09-17T11:18:32.3684153Z Version: 20260828.587
03 integration	UNKNOWN STEP	2026-09-17T11:18:32.3684852Z Commit: abac92662cab4cc7352de4f9f9d2e2419aad9c29
03 integration	UNKNOWN STEP	2026-09-17T11:18:32.3685643Z Build Date: 2026-08-28T16:44:25Z
03 integration	UNKNOWN STEP	2026-09-17T11:18:32.3686378Z Worker ID: {0e47ece3-840c-41ef-85c6-52e1b2c25dbf}
03 integration	UNKNOWN STEP	2026-09-17T11:18:32.3687130Z Azure Region: northcentralus
03 integration	UNKNOWN STEP	2026-09-17T11:18:32.3687822Z ##[endgroup]
03 integration	UNKNOWN STEP	2026-09-17T11:18:32.3689496Z ##[group]Operating System
03 integration	UNKNOWN STEP	2026-09-17T11:18:32.3690173Z Ubuntu
03 integration	UNKNOWN STEP	2026-09-17T11:18:32.3690825Z 24.04.5
03 integration	UNKNOWN STEP	2026-09-17T11:18:32.3691375Z LTS
03 integration	UNKNOWN STEP	2026-09-17T11:18:32.3692022Z ##[endgroup]
03 integration	UNKNOWN STEP	2026-09-17T11:18:32.3692642Z ##[group]Runner Image
03 integration	UNKNOWN STEP	2026-09-17T11:18:32.3693226Z Image: ubuntu-24.04
03 integration	UNKNOWN STEP	2026-09-17T11:18:32.3694361Z Version: 20260907.300.1
03 integration	UNKNOWN STEP	2026-09-17T11:18:32.3695681Z Included Software: https://github.com/actions/runner-images/blob/ubuntu24/20260907.300/images/ubuntu/Ubuntu2404-Readme.md
03 integration	UNKNOWN STEP	2026-09-17T11:18:32.3697418Z Image Release: https://github.com/actions/runner-images/releases/tag/ubuntu24%2F20260907.300
03 integration	UNKNOWN STEP	2026-09-17T11:18:32.3698402Z ##[endgroup]
03 integration	UNKNOWN STEP	2026-09-17T11:18:32.3699872Z ##[group]GITHUB_TOKEN Permissions
03 integration	UNKNOWN STEP	2026-09-17T11:18:32.3702161Z Contents: read
03 integration	UNKNOWN STEP	2026-09-17T11:18:32.3702898Z Metadata: read
03 integration	UNKNOWN STEP	2026-09-17T11:18:32.3703531Z Packages: read
03 integration	UNKNOWN STEP	2026-09-17T11:18:32.3704163Z ##[endgroup]
03 integration	UNKNOWN STEP	2026-09-17T11:18:32.3706403Z Secret source: Actions
03 integration	UNKNOWN STEP	2026-09-17T11:18:32.3707456Z Cache mode: write
03 integration	UNKNOWN STEP	2026-09-17T11:18:32.3708485Z Prepare workflow directory
03 integration	UNKNOWN STEP	2026-09-17T11:18:32.4168092Z Prepare all required actions
03 integration	UNKNOWN STEP	2026-09-17T11:18:32.4215696Z Getting action download info
03 integration	UNKNOWN STEP	2026-09-17T11:18:32.6592504Z Download action repository 'actions/checkout@v4' (SHA:11d5960a326750d5838078e36cf38b85af677262)
03 integration	UNKNOWN STEP	2026-09-17T11:18:32.7563148Z Download action repository 'actions/setup-python@v5' (SHA:a26af69be951a213d495a4c3e4e4022e16d87065)
03 integration	UNKNOWN STEP	2026-09-17T11:18:32.9533152Z Complete job name: 03 integration
03 integration	UNKNOWN STEP	2026-09-17T11:18:33.0044452Z ##[group]Checking docker version
03 integration	UNKNOWN STEP	2026-09-17T11:18:33.0057733Z ##[command]/usr/bin/docker version --format '{{.Server.APIVersion}}'
03 integration	UNKNOWN STEP	2026-09-17T11:18:33.0739082Z '1.48'
03 integration	UNKNOWN STEP	2026-09-17T11:18:33.0755904Z Docker daemon API version: '1.48'
03 integration	UNKNOWN STEP	2026-09-17T11:18:33.0756696Z ##[command]/usr/bin/docker version --format '{{.Client.APIVersion}}'
03 integration	UNKNOWN STEP	2026-09-17T11:18:33.0937858Z '1.48'
03 integration	UNKNOWN STEP	2026-09-17T11:18:33.0950637Z Docker client API version: '1.48'
03 integration	UNKNOWN STEP	2026-09-17T11:18:33.0956529Z ##[endgroup]
03 integration	UNKNOWN STEP	2026-09-17T11:18:33.0960459Z ##[group]Clean up resources from previous jobs
03 integration	UNKNOWN STEP	2026-09-17T11:18:33.0966063Z ##[command]/usr/bin/docker ps --all --quiet --no-trunc --filter "label=cdd6ee"
03 integration	UNKNOWN STEP	2026-09-17T11:18:33.1138528Z ##[command]/usr/bin/docker network prune --force --filter "label=cdd6ee"
03 integration	UNKNOWN STEP	2026-09-17T11:18:33.1282307Z ##[endgroup]
03 integration	UNKNOWN STEP	2026-09-17T11:18:33.1282877Z ##[group]Create local container network
03 integration	UNKNOWN STEP	2026-09-17T11:18:33.1294026Z ##[command]/usr/bin/docker network create --label cdd6ee github_network_c3f3b61503944ee8a319797966f32dbd
03 integration	UNKNOWN STEP	2026-09-17T11:18:33.1837212Z 9c40127f59d5bb9c91e7c7252404ad2aa187867f269de4dcab2f66a181702e87
03 integration	UNKNOWN STEP	2026-09-17T11:18:33.1859561Z ##[endgroup]
03 integration	UNKNOWN STEP	2026-09-17T11:18:33.1884338Z ##[group]Starting postgres service container
03 integration	UNKNOWN STEP	2026-09-17T11:18:33.1906189Z ##[command]/usr/bin/docker pull postgres:16-alpine
03 integration	UNKNOWN STEP	2026-09-17T11:18:33.6237220Z 16-alpine: Pulling from library/postgres
03 integration	UNKNOWN STEP	2026-09-17T11:18:33.7479951Z 55afa1ecc21d: Already exists
03 integration	UNKNOWN STEP	2026-09-17T11:18:33.7504277Z 6a47e1b9b254: Pulling fs layer
03 integration	UNKNOWN STEP	2026-09-17T11:18:33.7505339Z 19a2a5ab27c1: Pulling fs layer
03 integration	UNKNOWN STEP	2026-09-17T11:18:33.7506250Z 5e81018bec01: Pulling fs layer
03 integration	UNKNOWN STEP	2026-09-17T11:18:33.7507196Z be6f407f5414: Pulling fs layer
03 integration	UNKNOWN STEP	2026-09-17T11:18:33.7508129Z f0e7204f9584: Pulling fs layer
03 integration	UNKNOWN STEP	2026-09-17T11:18:33.7509109Z 8225e2970a7f: Pulling fs layer
03 integration	UNKNOWN STEP	2026-09-17T11:18:33.7510046Z 48d0d8b0e136: Pulling fs layer
03 integration	UNKNOWN STEP	2026-09-17T11:18:33.7510960Z 27d0ba4f668a: Pulling fs layer
03 integration	UNKNOWN STEP	2026-09-17T11:18:33.7511861Z b053c4426c4a: Pulling fs layer
03 integration	UNKNOWN STEP	2026-09-17T11:18:33.7512808Z 7f5de3d007ea: Pulling fs layer
03 integration	UNKNOWN STEP	2026-09-17T11:18:33.7513748Z f0e7204f9584: Waiting
03 integration	UNKNOWN STEP	2026-09-17T11:18:33.7514599Z 8225e2970a7f: Waiting
03 integration	UNKNOWN STEP	2026-09-17T11:18:33.7515088Z 48d0d8b0e136: Waiting
03 integration	UNKNOWN STEP	2026-09-17T11:18:33.7515586Z 27d0ba4f668a: Waiting
03 integration	UNKNOWN STEP	2026-09-17T11:18:33.7516074Z b053c4426c4a: Waiting
03 integration	UNKNOWN STEP	2026-09-17T11:18:33.7516559Z 7f5de3d007ea: Waiting
03 integration	UNKNOWN STEP	2026-09-17T11:18:33.7517032Z be6f407f5414: Waiting
03 integration	UNKNOWN STEP	2026-09-17T11:18:33.8249209Z 6a47e1b9b254: Verifying Checksum
03 integration	UNKNOWN STEP	2026-09-17T11:18:33.8250934Z 6a47e1b9b254: Download complete
03 integration	UNKNOWN STEP	2026-09-17T11:18:33.8284956Z 5e81018bec01: Verifying Checksum
03 integration	UNKNOWN STEP	2026-09-17T11:18:33.8286431Z 5e81018bec01: Download complete
03 integration	UNKNOWN STEP	2026-09-17T11:18:33.8417750Z 19a2a5ab27c1: Verifying Checksum
03 integration	UNKNOWN STEP	2026-09-17T11:18:33.8418753Z 19a2a5ab27c1: Download complete
03 integration	UNKNOWN STEP	2026-09-17T11:18:33.9044730Z be6f407f5414: Verifying Checksum
03 integration	UNKNOWN STEP	2026-09-17T11:18:33.9053154Z be6f407f5414: Download complete
03 integration	UNKNOWN STEP	2026-09-17T11:18:33.9112586Z 8225e2970a7f: Verifying Checksum
03 integration	UNKNOWN STEP	2026-09-17T11:18:33.9114081Z 8225e2970a7f: Download complete
03 integration	UNKNOWN STEP	2026-09-17T11:18:33.9922022Z 48d0d8b0e136: Download complete
03 integration	UNKNOWN STEP	2026-09-17T11:18:34.0022834Z 27d0ba4f668a: Verifying Checksum
03 integration	UNKNOWN STEP	2026-09-17T11:18:34.0025523Z 27d0ba4f668a: Download complete
03 integration	UNKNOWN STEP	2026-09-17T11:18:34.0658108Z b053c4426c4a: Verifying Checksum
03 integration	UNKNOWN STEP	2026-09-17T11:18:34.0659713Z b053c4426c4a: Download complete
03 integration	UNKNOWN STEP	2026-09-17T11:18:34.0874588Z 7f5de3d007ea: Verifying Checksum
03 integration	UNKNOWN STEP	2026-09-17T11:18:34.0875995Z 7f5de3d007ea: Download complete
03 integration	UNKNOWN STEP	2026-09-17T11:18:34.2862566Z f0e7204f9584: Verifying Checksum
03 integration	UNKNOWN STEP	2026-09-17T11:18:34.2863688Z f0e7204f9584: Download complete
03 integration	UNKNOWN STEP	2026-09-17T11:18:35.8027277Z 6a47e1b9b254: Pull complete
03 integration	UNKNOWN STEP	2026-09-17T11:18:36.0929689Z 19a2a5ab27c1: Pull complete
03 integration	UNKNOWN STEP	2026-09-17T11:18:36.1040198Z 5e81018bec01: Pull complete
03 integration	UNKNOWN STEP	2026-09-17T11:18:36.1147177Z be6f407f5414: Pull complete
03 integration	UNKNOWN STEP	2026-09-17T11:18:38.6522695Z f0e7204f9584: Pull complete
03 integration	UNKNOWN STEP	2026-09-17T11:18:38.6653129Z 8225e2970a7f: Pull complete
03 integration	UNKNOWN STEP	2026-09-17T11:18:38.6787062Z 48d0d8b0e136: Pull complete
03 integration	UNKNOWN STEP	2026-09-17T11:18:38.6883557Z 27d0ba4f668a: Pull complete
03 integration	UNKNOWN STEP	2026-09-17T11:18:38.6999763Z b053c4426c4a: Pull complete
03 integration	UNKNOWN STEP	2026-09-17T11:18:38.7091978Z 7f5de3d007ea: Pull complete
03 integration	UNKNOWN STEP	2026-09-17T11:18:38.7126830Z Digest: sha256:cf78e76683b9ca8c5733cbbdce6c9262b45b6767934dd0a95e671f9a0fc20685
03 integration	UNKNOWN STEP	2026-09-17T11:18:38.7137002Z Status: Downloaded newer image for postgres:16-alpine
03 integration	UNKNOWN STEP	2026-09-17T11:18:38.7145696Z docker.io/library/postgres:16-alpine
03 integration	UNKNOWN STEP	2026-09-17T11:18:38.7209487Z ##[command]/usr/bin/docker create --name 1378d293da984e32a3f83676ceae6507_postgres16alpine_43c391 --label cdd6ee --network github_network_c3f3b61503944ee8a319797966f32dbd --network-alias postgres -p 5432:5432 --health-cmd "pg_isready -U nhipquan" --health-interval 5s --health-timeout 5s --health-retries 10 -e "POSTGRES_PASSWORD=nhipquan" -e "POSTGRES_USER=nhipquan" -e "POSTGRES_DB=nhipquan" -e GITHUB_ACTIONS=true -e CI=true postgres:16-alpine
03 integration	UNKNOWN STEP	2026-09-17T11:18:38.7490705Z 2ce57086025d26e28c1496e80535ff05c49fcd2ba86013cb8b7221b19dec101e
03 integration	UNKNOWN STEP	2026-09-17T11:18:38.7515910Z ##[command]/usr/bin/docker start 2ce57086025d26e28c1496e80535ff05c49fcd2ba86013cb8b7221b19dec101e
03 integration	UNKNOWN STEP	2026-09-17T11:18:38.9775543Z 2ce57086025d26e28c1496e80535ff05c49fcd2ba86013cb8b7221b19dec101e
03 integration	UNKNOWN STEP	2026-09-17T11:18:38.9817793Z ##[command]/usr/bin/docker ps --all --filter id=2ce57086025d26e28c1496e80535ff05c49fcd2ba86013cb8b7221b19dec101e --filter status=running --no-trunc --format "{{.ID}} {{.Status}}"
03 integration	UNKNOWN STEP	2026-09-17T11:18:38.9980079Z 2ce57086025d26e28c1496e80535ff05c49fcd2ba86013cb8b7221b19dec101e Up Less than a second (health: starting)
03 integration	UNKNOWN STEP	2026-09-17T11:18:39.0002163Z ##[command]/usr/bin/docker port 2ce57086025d26e28c1496e80535ff05c49fcd2ba86013cb8b7221b19dec101e
03 integration	UNKNOWN STEP	2026-09-17T11:18:39.0141530Z 5432/tcp -> 0.0.0.0:5432
03 integration	UNKNOWN STEP	2026-09-17T11:18:39.0142399Z 5432/tcp -> [::]:5432
03 integration	UNKNOWN STEP	2026-09-17T11:18:39.0190949Z ##[endgroup]
03 integration	UNKNOWN STEP	2026-09-17T11:18:39.0192385Z ##[group]Starting redis service container
03 integration	UNKNOWN STEP	2026-09-17T11:18:39.0193715Z ##[command]/usr/bin/docker pull redis:7-alpine
03 integration	UNKNOWN STEP	2026-09-17T11:18:39.4015136Z 7-alpine: Pulling from library/redis
03 integration	UNKNOWN STEP	2026-09-17T11:18:39.5324850Z 897d797d2723: Pulling fs layer
03 integration	UNKNOWN STEP	2026-09-17T11:18:39.5325552Z d85eda7b0b14: Pulling fs layer
03 integration	UNKNOWN STEP	2026-09-17T11:18:39.5343055Z 9516b0cd89c9: Pulling fs layer
03 integration	UNKNOWN STEP	2026-09-17T11:18:39.5343949Z de4b872bfdc3: Pulling fs layer
03 integration	UNKNOWN STEP	2026-09-17T11:18:39.5344309Z 2c96e5a02ba0: Pulling fs layer
03 integration	UNKNOWN STEP	2026-09-17T11:18:39.5344573Z 4f4fb700ef54: Pulling fs layer
03 integration	UNKNOWN STEP	2026-09-17T11:18:39.5344923Z 41caa0265cb5: Pulling fs layer
03 integration	UNKNOWN STEP	2026-09-17T11:18:39.5345153Z de4b872bfdc3: Waiting
03 integration	UNKNOWN STEP	2026-09-17T11:18:39.5345392Z 2c96e5a02ba0: Waiting
03 integration	UNKNOWN STEP	2026-09-17T11:18:39.5345704Z 4f4fb700ef54: Waiting
03 integration	UNKNOWN STEP	2026-09-17T11:18:39.5345925Z 41caa0265cb5: Waiting
03 integration	UNKNOWN STEP	2026-09-17T11:18:39.6057857Z d85eda7b0b14: Download complete
03 integration	UNKNOWN STEP	2026-09-17T11:18:39.6321159Z 9516b0cd89c9: Download complete
03 integration	UNKNOWN STEP	2026-09-17T11:18:39.6328623Z 897d797d2723: Verifying Checksum
03 integration	UNKNOWN STEP	2026-09-17T11:18:39.6329456Z 897d797d2723: Download complete
03 integration	UNKNOWN STEP	2026-09-17T11:18:39.7062897Z 4f4fb700ef54: Verifying Checksum
03 integration	UNKNOWN STEP	2026-09-17T11:18:39.7066451Z 4f4fb700ef54: Download complete
03 integration	UNKNOWN STEP	2026-09-17T11:18:39.7197471Z 2c96e5a02ba0: Verifying Checksum
03 integration	UNKNOWN STEP	2026-09-17T11:18:39.7199921Z 2c96e5a02ba0: Download complete
03 integration	UNKNOWN STEP	2026-09-17T11:18:39.7784187Z de4b872bfdc3: Verifying Checksum
03 integration	UNKNOWN STEP	2026-09-17T11:18:39.7784968Z de4b872bfdc3: Download complete
03 integration	UNKNOWN STEP	2026-09-17T11:18:39.7796292Z 41caa0265cb5: Verifying Checksum
03 integration	UNKNOWN STEP	2026-09-17T11:18:39.7796914Z 41caa0265cb5: Download complete
03 integration	UNKNOWN STEP	2026-09-17T11:18:39.7853275Z 897d797d2723: Pull complete
03 integration	UNKNOWN STEP	2026-09-17T11:18:39.8154489Z d85eda7b0b14: Pull complete
03 integration	UNKNOWN STEP	2026-09-17T11:18:39.9696794Z 9516b0cd89c9: Pull complete
03 integration	UNKNOWN STEP	2026-09-17T11:18:40.2101143Z de4b872bfdc3: Pull complete
03 integration	UNKNOWN STEP	2026-09-17T11:18:40.2314736Z 2c96e5a02ba0: Pull complete
03 integration	UNKNOWN STEP	2026-09-17T11:18:40.2510027Z 4f4fb700ef54: Pull complete
03 integration	UNKNOWN STEP	2026-09-17T11:18:40.2610090Z 41caa0265cb5: Pull complete
03 integration	UNKNOWN STEP	2026-09-17T11:18:40.2664273Z Digest: sha256:ff02b58f971e7d7d156a1267e283fcbbeee91773b6aa36c49dac28ecfe28eadf
03 integration	UNKNOWN STEP	2026-09-17T11:18:40.2682207Z Status: Downloaded newer image for redis:7-alpine
03 integration	UNKNOWN STEP	2026-09-17T11:18:40.2690190Z docker.io/library/redis:7-alpine
03 integration	UNKNOWN STEP	2026-09-17T11:18:40.2713767Z ##[command]/usr/bin/docker create --name d2cdc17fdb8542c38b96005231b2315d_redis7alpine_d93e46 --label cdd6ee --network github_network_c3f3b61503944ee8a319797966f32dbd --network-alias redis -p 6379:6379 --health-cmd "redis-cli ping" --health-interval 5s --health-timeout 5s --health-retries 10 -e GITHUB_ACTIONS=true -e CI=true redis:7-alpine
03 integration	UNKNOWN STEP	2026-09-17T11:18:40.2984865Z 4db4413dcfad72548a51e764819a34979fda176b033955987f7f585b36871f3b
03 integration	UNKNOWN STEP	2026-09-17T11:18:40.3001930Z ##[command]/usr/bin/docker start 4db4413dcfad72548a51e764819a34979fda176b033955987f7f585b36871f3b
03 integration	UNKNOWN STEP	2026-09-17T11:18:40.4682120Z 4db4413dcfad72548a51e764819a34979fda176b033955987f7f585b36871f3b
03 integration	UNKNOWN STEP	2026-09-17T11:18:40.4701053Z ##[command]/usr/bin/docker ps --all --filter id=4db4413dcfad72548a51e764819a34979fda176b033955987f7f585b36871f3b --filter status=running --no-trunc --format "{{.ID}} {{.Status}}"
03 integration	UNKNOWN STEP	2026-09-17T11:18:40.4885474Z 4db4413dcfad72548a51e764819a34979fda176b033955987f7f585b36871f3b Up Less than a second (health: starting)
03 integration	UNKNOWN STEP	2026-09-17T11:18:40.4890263Z ##[command]/usr/bin/docker port 4db4413dcfad72548a51e764819a34979fda176b033955987f7f585b36871f3b
03 integration	UNKNOWN STEP	2026-09-17T11:18:40.5057000Z 6379/tcp -> 0.0.0.0:6379
03 integration	UNKNOWN STEP	2026-09-17T11:18:40.5057710Z 6379/tcp -> [::]:6379
03 integration	UNKNOWN STEP	2026-09-17T11:18:40.5073329Z ##[endgroup]
03 integration	UNKNOWN STEP	2026-09-17T11:18:40.5085150Z ##[group]Waiting for all services to be ready
03 integration	UNKNOWN STEP	2026-09-17T11:18:40.5103362Z ##[command]/usr/bin/docker inspect --format="{{if .Config.Healthcheck}}{{print .State.Health.Status}}{{end}}" 2ce57086025d26e28c1496e80535ff05c49fcd2ba86013cb8b7221b19dec101e
03 integration	UNKNOWN STEP	2026-09-17T11:18:40.5256259Z starting
03 integration	UNKNOWN STEP	2026-09-17T11:18:40.5277346Z postgres service is starting, waiting 2 seconds before checking again.
03 integration	UNKNOWN STEP	2026-09-17T11:18:42.5274545Z ##[command]/usr/bin/docker inspect --format="{{if .Config.Healthcheck}}{{print .State.Health.Status}}{{end}}" 2ce57086025d26e28c1496e80535ff05c49fcd2ba86013cb8b7221b19dec101e
03 integration	UNKNOWN STEP	2026-09-17T11:18:42.5402310Z starting
03 integration	UNKNOWN STEP	2026-09-17T11:18:42.5416260Z postgres service is starting, waiting 4 seconds before checking again.
03 integration	UNKNOWN STEP	2026-09-17T11:18:46.8017608Z ##[command]/usr/bin/docker inspect --format="{{if .Config.Healthcheck}}{{print .State.Health.Status}}{{end}}" 2ce57086025d26e28c1496e80535ff05c49fcd2ba86013cb8b7221b19dec101e
03 integration	UNKNOWN STEP	2026-09-17T11:18:46.8146797Z healthy
03 integration	UNKNOWN STEP	2026-09-17T11:18:46.8165083Z postgres service is healthy.
03 integration	UNKNOWN STEP	2026-09-17T11:18:46.8166383Z ##[command]/usr/bin/docker inspect --format="{{if .Config.Healthcheck}}{{print .State.Health.Status}}{{end}}" 4db4413dcfad72548a51e764819a34979fda176b033955987f7f585b36871f3b
03 integration	UNKNOWN STEP	2026-09-17T11:18:46.8287476Z healthy
03 integration	UNKNOWN STEP	2026-09-17T11:18:46.8301620Z redis service is healthy.
03 integration	UNKNOWN STEP	2026-09-17T11:18:46.8302384Z ##[endgroup]
03 integration	UNKNOWN STEP	2026-09-17T11:18:46.8655254Z Node 20 is being deprecated. This workflow is running with Node 24 by default. If you need to temporarily use Node 20, you can set the ACTIONS_ALLOW_USE_UNSECURE_NODE_VERSION=true environment variable. For more information see: https://github.blog/changelog/2025-09-19-deprecation-of-node-20-on-github-actions-runners/
03 integration	UNKNOWN STEP	2026-09-17T11:18:46.8663036Z ##[group]Run actions/checkout@v4
03 integration	UNKNOWN STEP	2026-09-17T11:18:46.8663432Z with:
03 integration	UNKNOWN STEP	2026-09-17T11:18:46.8663666Z   repository: KanTrun/Crew-Operations
03 integration	UNKNOWN STEP	2026-09-17T11:18:46.8666405Z   token: ***
03 integration	UNKNOWN STEP	2026-09-17T11:18:46.8666638Z   ssh-strict: true
03 integration	UNKNOWN STEP	2026-09-17T11:18:46.8666859Z   ssh-user: git
03 integration	UNKNOWN STEP	2026-09-17T11:18:46.8667078Z   persist-credentials: true
03 integration	UNKNOWN STEP	2026-09-17T11:18:46.8667324Z   clean: true
03 integration	UNKNOWN STEP	2026-09-17T11:18:46.8667544Z   sparse-checkout-cone-mode: true
03 integration	UNKNOWN STEP	2026-09-17T11:18:46.8667796Z   fetch-depth: 1
03 integration	UNKNOWN STEP	2026-09-17T11:18:46.8667997Z   fetch-tags: false
03 integration	UNKNOWN STEP	2026-09-17T11:18:46.8668208Z   show-progress: true
03 integration	UNKNOWN STEP	2026-09-17T11:18:46.8668420Z   lfs: false
03 integration	UNKNOWN STEP	2026-09-17T11:18:46.8668667Z   submodules: false
03 integration	UNKNOWN STEP	2026-09-17T11:18:46.8669225Z   set-safe-directory: true
03 integration	UNKNOWN STEP	2026-09-17T11:18:46.8669493Z   allow-unsafe-pr-checkout: false
03 integration	UNKNOWN STEP	2026-09-17T11:18:46.8669984Z env:
03 integration	UNKNOWN STEP	2026-09-17T11:18:46.8670186Z   CA_AGENT_MODE: replay
03 integration	UNKNOWN STEP	2026-09-17T11:18:46.8670416Z ##[endgroup]
03 integration	UNKNOWN STEP	2026-09-17T11:18:46.9707138Z Syncing repository: KanTrun/Crew-Operations
03 integration	UNKNOWN STEP	2026-09-17T11:18:46.9709613Z ##[group]Getting Git version info
03 integration	UNKNOWN STEP	2026-09-17T11:18:46.9710394Z Working directory is '/home/runner/work/Crew-Operations/Crew-Operations'
03 integration	UNKNOWN STEP	2026-09-17T11:18:46.9711378Z [command]/usr/bin/git version
03 integration	UNKNOWN STEP	2026-09-17T11:18:46.9767081Z git version 2.55.0
03 integration	UNKNOWN STEP	2026-09-17T11:18:46.9788050Z ##[endgroup]
03 integration	UNKNOWN STEP	2026-09-17T11:18:46.9803105Z Temporarily overriding HOME='/home/runner/work/_temp/dbf27fb8-4ea1-4258-9f9f-a5a95d3e499b' before making global git config changes
03 integration	UNKNOWN STEP	2026-09-17T11:18:46.9804369Z Adding repository directory to the temporary git global config as a safe directory
03 integration	UNKNOWN STEP	2026-09-17T11:18:46.9808036Z [command]/usr/bin/git config --global --add safe.directory /home/runner/work/Crew-Operations/Crew-Operations
03 integration	UNKNOWN STEP	2026-09-17T11:18:46.9859207Z Deleting the contents of '/home/runner/work/Crew-Operations/Crew-Operations'
03 integration	UNKNOWN STEP	2026-09-17T11:18:46.9862940Z ##[group]Initializing the repository
03 integration	UNKNOWN STEP	2026-09-17T11:18:46.9867269Z [command]/usr/bin/git init /home/runner/work/Crew-Operations/Crew-Operations
03 integration	UNKNOWN STEP	2026-09-17T11:18:46.9955064Z hint: Using 'master' as the name for the initial branch. This default branch name
03 integration	UNKNOWN STEP	2026-09-17T11:18:46.9960421Z hint: will change to "main" in Git 3.0. To configure the initial branch name
03 integration	UNKNOWN STEP	2026-09-17T11:18:46.9961438Z hint: to use in all of your new repositories, which will suppress this warning,
03 integration	UNKNOWN STEP	2026-09-17T11:18:46.9962089Z hint: call:
03 integration	UNKNOWN STEP	2026-09-17T11:18:46.9962391Z hint:
03 integration	UNKNOWN STEP	2026-09-17T11:18:46.9962837Z hint: 	git config --global init.defaultBranch <name>
03 integration	UNKNOWN STEP	2026-09-17T11:18:46.9963319Z hint:
03 integration	UNKNOWN STEP	2026-09-17T11:18:46.9963775Z hint: Names commonly chosen instead of 'master' are 'main', 'trunk' and
03 integration	UNKNOWN STEP	2026-09-17T11:18:46.9964601Z hint: 'development'. The just-created branch can be renamed via this command:
03 integration	UNKNOWN STEP	2026-09-17T11:18:46.9965207Z hint:
03 integration	UNKNOWN STEP	2026-09-17T11:18:46.9965509Z hint: 	git branch -m <name>
03 integration	UNKNOWN STEP	2026-09-17T11:18:46.9965867Z hint:
03 integration	UNKNOWN STEP	2026-09-17T11:18:46.9966445Z hint: Disable this message with "git config set advice.defaultBranchName false"
03 integration	UNKNOWN STEP	2026-09-17T11:18:46.9969702Z Initialized empty Git repository in /home/runner/work/Crew-Operations/Crew-Operations/.git/
03 integration	UNKNOWN STEP	2026-09-17T11:18:46.9972102Z [command]/usr/bin/git remote add origin https://github.com/KanTrun/Crew-Operations
03 integration	UNKNOWN STEP	2026-09-17T11:18:47.0016149Z ##[endgroup]
03 integration	UNKNOWN STEP	2026-09-17T11:18:47.0016780Z ##[group]Disabling automatic garbage collection
03 integration	UNKNOWN STEP	2026-09-17T11:18:47.0021568Z [command]/usr/bin/git config --local gc.auto 0
03 integration	UNKNOWN STEP	2026-09-17T11:18:47.0054980Z ##[endgroup]
03 integration	UNKNOWN STEP	2026-09-17T11:18:47.0055536Z ##[group]Setting up auth
03 integration	UNKNOWN STEP	2026-09-17T11:18:47.0062378Z [command]/usr/bin/git config --local --name-only --get-regexp core\.sshCommand
03 integration	UNKNOWN STEP	2026-09-17T11:18:47.0098475Z [command]/usr/bin/git submodule foreach --recursive sh -c "git config --local --name-only --get-regexp 'core\.sshCommand' && git config --local --unset-all 'core.sshCommand' || :"
03 integration	UNKNOWN STEP	2026-09-17T11:18:47.0463549Z [command]/usr/bin/git config --local --name-only --get-regexp http\.https\:\/\/github\.com\/\.extraheader
03 integration	UNKNOWN STEP	2026-09-17T11:18:47.0509771Z [command]/usr/bin/git submodule foreach --recursive sh -c "git config --local --name-only --get-regexp 'http\.https\:\/\/github\.com\/\.extraheader' && git config --local --unset-all 'http.https://github.com/.extraheader' || :"
03 integration	UNKNOWN STEP	2026-09-17T11:18:47.0783389Z [command]/usr/bin/git config --local --name-only --get-regexp ^includeIf\.gitdir:
03 integration	UNKNOWN STEP	2026-09-17T11:18:47.0825091Z [command]/usr/bin/git submodule foreach --recursive git config --local --show-origin --name-only --get-regexp remote.origin.url
03 integration	UNKNOWN STEP	2026-09-17T11:18:47.1075552Z [command]/usr/bin/git config --local http.https://github.com/.extraheader AUTHORIZATION: basic ***
03 integration	UNKNOWN STEP	2026-09-17T11:18:47.1119829Z ##[endgroup]
03 integration	UNKNOWN STEP	2026-09-17T11:18:47.1120442Z ##[group]Fetching the repository
03 integration	UNKNOWN STEP	2026-09-17T11:18:47.1130860Z [command]/usr/bin/git -c protocol.version=2 fetch --no-tags --prune --no-recurse-submodules --depth=1 origin +a6ee707a664b71558e72eff4ac334b63193b03a2:refs/remotes/origin/main
03 integration	UNKNOWN STEP	2026-09-17T11:18:47.7120469Z From https://github.com/KanTrun/Crew-Operations
03 integration	UNKNOWN STEP	2026-09-17T11:18:47.7121132Z  * [new ref]         a6ee707a664b71558e72eff4ac334b63193b03a2 -> origin/main
03 integration	UNKNOWN STEP	2026-09-17T11:18:47.7132096Z ##[endgroup]
03 integration	UNKNOWN STEP	2026-09-17T11:18:47.7132696Z ##[group]Determining the checkout info
03 integration	UNKNOWN STEP	2026-09-17T11:18:47.7133332Z ##[endgroup]
03 integration	UNKNOWN STEP	2026-09-17T11:18:47.7135834Z [command]/usr/bin/git sparse-checkout disable
03 integration	UNKNOWN STEP	2026-09-17T11:18:47.7189570Z [command]/usr/bin/git config --local --unset-all extensions.worktreeConfig
03 integration	UNKNOWN STEP	2026-09-17T11:18:47.7250729Z ##[group]Checking out the ref
03 integration	UNKNOWN STEP	2026-09-17T11:18:47.7251459Z [command]/usr/bin/git checkout --progress --force -B main refs/remotes/origin/main
03 integration	UNKNOWN STEP	2026-09-17T11:18:47.8309280Z Switched to a new branch 'main'
03 integration	UNKNOWN STEP	2026-09-17T11:18:47.8313217Z branch 'main' set up to track 'origin/main'.
03 integration	UNKNOWN STEP	2026-09-17T11:18:47.8322065Z ##[endgroup]
03 integration	UNKNOWN STEP	2026-09-17T11:18:47.8372201Z [command]/usr/bin/git log -1 --format=%H
03 integration	UNKNOWN STEP	2026-09-17T11:18:47.8401559Z a6ee707a664b71558e72eff4ac334b63193b03a2
03 integration	UNKNOWN STEP	2026-09-17T11:18:47.8661009Z Node 20 is being deprecated. This workflow is running with Node 24 by default. If you need to temporarily use Node 20, you can set the ACTIONS_ALLOW_USE_UNSECURE_NODE_VERSION=true environment variable. For more information see: https://github.blog/changelog/2025-09-19-deprecation-of-node-20-on-github-actions-runners/
03 integration	UNKNOWN STEP	2026-09-17T11:18:47.8662570Z ##[group]Run actions/setup-python@v5
03 integration	UNKNOWN STEP	2026-09-17T11:18:47.8662871Z with:
03 integration	UNKNOWN STEP	2026-09-17T11:18:47.8663084Z   python-version: 3.12
03 integration	UNKNOWN STEP	2026-09-17T11:18:47.8663313Z   check-latest: false
03 integration	UNKNOWN STEP	2026-09-17T11:18:47.8665952Z   token: ***
03 integration	UNKNOWN STEP	2026-09-17T11:18:47.8666174Z   update-environment: true
03 integration	UNKNOWN STEP	2026-09-17T11:18:47.8666434Z   allow-prereleases: false
03 integration	UNKNOWN STEP	2026-09-17T11:18:47.8666667Z   freethreaded: false
03 integration	UNKNOWN STEP	2026-09-17T11:18:47.8666883Z env:
03 integration	UNKNOWN STEP	2026-09-17T11:18:47.8667090Z   CA_AGENT_MODE: replay
03 integration	UNKNOWN STEP	2026-09-17T11:18:47.8667312Z ##[endgroup]
03 integration	UNKNOWN STEP	2026-09-17T11:18:47.9981275Z ##[group]Installed versions
03 integration	UNKNOWN STEP	2026-09-17T11:18:48.0062925Z (node:3056) [DEP0040] DeprecationWarning: The `punycode` module is deprecated. Please use a userland alternative instead.
03 integration	UNKNOWN STEP	2026-09-17T11:18:48.0063849Z (Use `node --trace-deprecation ...` to show where the warning was created)
03 integration	UNKNOWN STEP	2026-09-17T11:18:48.0064367Z Successfully set up CPython (3.12.14)
03 integration	UNKNOWN STEP	2026-09-17T11:18:48.0064984Z ##[endgroup]
03 integration	UNKNOWN STEP	2026-09-17T11:18:48.0242067Z ##[group]Run pip install pytest httpx
03 integration	UNKNOWN STEP	2026-09-17T11:18:48.0242647Z [36;1mpip install pytest httpx[0m
03 integration	UNKNOWN STEP	2026-09-17T11:18:48.0300182Z shell: /usr/bin/bash -e {0}
03 integration	UNKNOWN STEP	2026-09-17T11:18:48.0300447Z env:
03 integration	UNKNOWN STEP	2026-09-17T11:18:48.0300659Z   CA_AGENT_MODE: replay
03 integration	UNKNOWN STEP	2026-09-17T11:18:48.0300970Z   pythonLocation: /opt/hostedtoolcache/Python/3.12.14/x64
03 integration	UNKNOWN STEP	2026-09-17T11:18:48.0301434Z   PKG_CONFIG_PATH: /opt/hostedtoolcache/Python/3.12.14/x64/lib/pkgconfig
03 integration	UNKNOWN STEP	2026-09-17T11:18:48.0301873Z   Python_ROOT_DIR: /opt/hostedtoolcache/Python/3.12.14/x64
03 integration	UNKNOWN STEP	2026-09-17T11:18:48.0302253Z   Python2_ROOT_DIR: /opt/hostedtoolcache/Python/3.12.14/x64
03 integration	UNKNOWN STEP	2026-09-17T11:18:48.0302634Z   Python3_ROOT_DIR: /opt/hostedtoolcache/Python/3.12.14/x64
03 integration	UNKNOWN STEP	2026-09-17T11:18:48.0303009Z   LD_LIBRARY_PATH: /opt/hostedtoolcache/Python/3.12.14/x64/lib
03 integration	UNKNOWN STEP	2026-09-17T11:18:48.0303342Z ##[endgroup]
03 integration	UNKNOWN STEP	2026-09-17T11:18:49.7348819Z Collecting pytest
03 integration	UNKNOWN STEP	2026-09-17T11:18:49.7814376Z   Downloading pytest-9.1.1-py3-none-any.whl.metadata (7.6 kB)
03 integration	UNKNOWN STEP	2026-09-17T11:18:49.8002358Z Collecting httpx
03 integration	UNKNOWN STEP	2026-09-17T11:18:49.8038091Z   Downloading httpx-0.28.1-py3-none-any.whl.metadata (7.1 kB)
03 integration	UNKNOWN STEP	2026-09-17T11:18:49.8151126Z Collecting iniconfig>=1.0.1 (from pytest)
03 integration	UNKNOWN STEP	2026-09-17T11:18:49.8185323Z   Downloading iniconfig-2.3.0-py3-none-any.whl.metadata (2.5 kB)
03 integration	UNKNOWN STEP	2026-09-17T11:18:49.8314199Z Collecting packaging>=22 (from pytest)
03 integration	UNKNOWN STEP	2026-09-17T11:18:49.8349883Z   Downloading packaging-26.3-py3-none-any.whl.metadata (3.5 kB)
03 integration	UNKNOWN STEP	2026-09-17T11:18:49.8460779Z Collecting pluggy<2,>=1.5 (from pytest)
03 integration	UNKNOWN STEP	2026-09-17T11:18:49.8495277Z   Downloading pluggy-1.6.0-py3-none-any.whl.metadata (4.8 kB)
03 integration	UNKNOWN STEP	2026-09-17T11:18:49.8662611Z Collecting pygments>=2.7.2 (from pytest)
03 integration	UNKNOWN STEP	2026-09-17T11:18:49.8695846Z   Downloading pygments-2.21.0-py3-none-any.whl.metadata (2.5 kB)
03 integration	UNKNOWN STEP	2026-09-17T11:18:49.8874668Z Collecting anyio (from httpx)
03 integration	UNKNOWN STEP	2026-09-17T11:18:49.8909523Z   Downloading anyio-4.15.1-py3-none-any.whl.metadata (4.7 kB)
03 integration	UNKNOWN STEP	2026-09-17T11:18:49.9086671Z Collecting certifi (from httpx)
03 integration	UNKNOWN STEP	2026-09-17T11:18:49.9122204Z   Downloading certifi-2026.7.22-py3-none-any.whl.metadata (2.5 kB)
03 integration	UNKNOWN STEP	2026-09-17T11:18:49.9263088Z Collecting httpcore==1.* (from httpx)
03 integration	UNKNOWN STEP	2026-09-17T11:18:49.9297925Z   Downloading httpcore-1.0.9-py3-none-any.whl.metadata (21 kB)
03 integration	UNKNOWN STEP	2026-09-17T11:18:49.9443590Z Collecting idna (from httpx)
03 integration	UNKNOWN STEP	2026-09-17T11:18:49.9477757Z   Downloading idna-3.19-py3-none-any.whl.metadata (9.2 kB)
03 integration	UNKNOWN STEP	2026-09-17T11:18:49.9586026Z Collecting h11>=0.16 (from httpcore==1.*->httpx)
03 integration	UNKNOWN STEP	2026-09-17T11:18:49.9620056Z   Downloading h11-0.16.0-py3-none-any.whl.metadata (8.3 kB)
03 integration	UNKNOWN STEP	2026-09-17T11:18:49.9780193Z Collecting typing_extensions>=4.16.0 (from anyio->httpx)
03 integration	UNKNOWN STEP	2026-09-17T11:18:49.9813902Z   Downloading typing_extensions-4.16.0-py3-none-any.whl.metadata (3.3 kB)
03 integration	UNKNOWN STEP	2026-09-17T11:18:49.9886698Z Downloading pytest-9.1.1-py3-none-any.whl (386 kB)
03 integration	UNKNOWN STEP	2026-09-17T11:18:50.0001612Z Downloading pluggy-1.6.0-py3-none-any.whl (20 kB)
03 integration	UNKNOWN STEP	2026-09-17T11:18:50.0050576Z Downloading httpx-0.28.1-py3-none-any.whl (73 kB)
03 integration	UNKNOWN STEP	2026-09-17T11:18:50.0103878Z Downloading httpcore-1.0.9-py3-none-any.whl (78 kB)
03 integration	UNKNOWN STEP	2026-09-17T11:18:50.0178555Z Downloading h11-0.16.0-py3-none-any.whl (37 kB)
03 integration	UNKNOWN STEP	2026-09-17T11:18:50.0228411Z Downloading iniconfig-2.3.0-py3-none-any.whl (7.5 kB)
03 integration	UNKNOWN STEP	2026-09-17T11:18:50.0282692Z Downloading packaging-26.3-py3-none-any.whl (129 kB)
03 integration	UNKNOWN STEP	2026-09-17T11:18:50.0335413Z Downloading pygments-2.21.0-py3-none-any.whl (1.3 MB)
03 integration	UNKNOWN STEP	2026-09-17T11:18:50.0448065Z    ΓöüΓöüΓöüΓöüΓöüΓöüΓöüΓöüΓöüΓöüΓöüΓöüΓöüΓöüΓöüΓöüΓöüΓöüΓöüΓöüΓöüΓöüΓöüΓöüΓöüΓöüΓöüΓöüΓöüΓöüΓöüΓöüΓöüΓöüΓöüΓöüΓöüΓöüΓöüΓöü 1.3/1.3 MB 136.0 MB/s  0:00:00
03 integration	UNKNOWN STEP	2026-09-17T11:18:50.0480811Z Downloading anyio-4.15.1-py3-none-any.whl (132 kB)
03 integration	UNKNOWN STEP	2026-09-17T11:18:50.0533464Z Downloading idna-3.19-py3-none-any.whl (68 kB)
03 integration	UNKNOWN STEP	2026-09-17T11:18:50.0584254Z Downloading typing_extensions-4.16.0-py3-none-any.whl (45 kB)
03 integration	UNKNOWN STEP	2026-09-17T11:18:50.0636623Z Downloading certifi-2026.7.22-py3-none-any.whl (136 kB)
03 integration	UNKNOWN STEP	2026-09-17T11:18:50.2313504Z Installing collected packages: typing_extensions, pygments, pluggy, packaging, iniconfig, idna, h11, certifi, pytest, httpcore, anyio, httpx
03 integration	UNKNOWN STEP	2026-09-17T11:18:51.7618382Z 
03 integration	UNKNOWN STEP	2026-09-17T11:18:51.7635688Z Successfully installed anyio-4.15.1 certifi-2026.7.22 h11-0.16.0 httpcore-1.0.9 httpx-0.28.1 idna-3.19 iniconfig-2.3.0 packaging-26.3 pluggy-1.6.0 pygments-2.21.0 pytest-9.1.1 typing_extensions-4.16.0
03 integration	UNKNOWN STEP	2026-09-17T11:18:51.8256167Z ##[group]Run pytest -q apps/api/tests/integration || true
03 integration	UNKNOWN STEP	2026-09-17T11:18:51.8256634Z [36;1mpytest -q apps/api/tests/integration || true[0m
03 integration	UNKNOWN STEP	2026-09-17T11:18:51.8298274Z shell: /usr/bin/bash -e {0}
03 integration	UNKNOWN STEP	2026-09-17T11:18:51.8298535Z env:
03 integration	UNKNOWN STEP	2026-09-17T11:18:51.8298740Z   CA_AGENT_MODE: replay
03 integration	UNKNOWN STEP	2026-09-17T11:18:51.8299279Z   pythonLocation: /opt/hostedtoolcache/Python/3.12.14/x64
03 integration	UNKNOWN STEP	2026-09-17T11:18:51.8299722Z   PKG_CONFIG_PATH: /opt/hostedtoolcache/Python/3.12.14/x64/lib/pkgconfig
03 integration	UNKNOWN STEP	2026-09-17T11:18:51.8300155Z   Python_ROOT_DIR: /opt/hostedtoolcache/Python/3.12.14/x64
03 integration	UNKNOWN STEP	2026-09-17T11:18:51.8300542Z   Python2_ROOT_DIR: /opt/hostedtoolcache/Python/3.12.14/x64
03 integration	UNKNOWN STEP	2026-09-17T11:18:51.8300921Z   Python3_ROOT_DIR: /opt/hostedtoolcache/Python/3.12.14/x64
03 integration	UNKNOWN STEP	2026-09-17T11:18:51.8301311Z   LD_LIBRARY_PATH: /opt/hostedtoolcache/Python/3.12.14/x64/lib
03 integration	UNKNOWN STEP	2026-09-17T11:18:51.8301635Z ##[endgroup]
03 integration	UNKNOWN STEP	2026-09-17T11:18:52.9191272Z ERROR: file or directory not found: apps/api/tests/integration
03 integration	UNKNOWN STEP	2026-09-17T11:18:52.9191700Z 
03 integration	UNKNOWN STEP	2026-09-17T11:18:52.9191719Z 
03 integration	UNKNOWN STEP	2026-09-17T11:18:52.9192175Z no tests ran in 0.00s
03 integration	UNKNOWN STEP	2026-09-17T11:18:52.9613335Z Node 20 is being deprecated. This workflow is running with Node 24 by default. If you need to temporarily use Node 20, you can set the ACTIONS_ALLOW_USE_UNSECURE_NODE_VERSION=true environment variable. For more information see: https://github.blog/changelog/2025-09-19-deprecation-of-node-20-on-github-actions-runners/
03 integration	UNKNOWN STEP	2026-09-17T11:18:52.9614496Z Post job cleanup.
03 integration	UNKNOWN STEP	2026-09-17T11:18:53.0827588Z (node:3132) [DEP0040] DeprecationWarning: The `punycode` module is deprecated. Please use a userland alternative instead.
03 integration	UNKNOWN STEP	2026-09-17T11:18:53.0828335Z (Use `node --trace-deprecation ...` to show where the warning was created)
03 integration	UNKNOWN STEP	2026-09-17T11:18:53.1005853Z Node 20 is being deprecated. This workflow is running with Node 24 by default. If you need to temporarily use Node 20, you can set the ACTIONS_ALLOW_USE_UNSECURE_NODE_VERSION=true environment variable. For more information see: https://github.blog/changelog/2025-09-19-deprecation-of-node-20-on-github-actions-runners/
03 integration	UNKNOWN STEP	2026-09-17T11:18:53.1007009Z Post job cleanup.
03 integration	UNKNOWN STEP	2026-09-17T11:18:53.1949163Z [command]/usr/bin/git version
03 integration	UNKNOWN STEP	2026-09-17T11:18:53.1993362Z git version 2.55.0
03 integration	UNKNOWN STEP	2026-09-17T11:18:53.2031749Z Temporarily overriding HOME='/home/runner/work/_temp/42a090c3-fe52-497e-8bd5-cb96c925408d' before making global git config changes
03 integration	UNKNOWN STEP	2026-09-17T11:18:53.2032994Z Adding repository directory to the temporary git global config as a safe directory
03 integration	UNKNOWN STEP	2026-09-17T11:18:53.2038029Z [command]/usr/bin/git config --global --add safe.directory /home/runner/work/Crew-Operations/Crew-Operations
03 integration	UNKNOWN STEP	2026-09-17T11:18:53.2081533Z [command]/usr/bin/git config --local --name-only --get-regexp core\.sshCommand
03 integration	UNKNOWN STEP	2026-09-17T11:18:53.2119778Z [command]/usr/bin/git submodule foreach --recursive sh -c "git config --local --name-only --get-regexp 'core\.sshCommand' && git config --local --unset-all 'core.sshCommand' || :"
03 integration	UNKNOWN STEP	2026-09-17T11:18:53.2396315Z [command]/usr/bin/git config --local --name-only --get-regexp http\.https\:\/\/github\.com\/\.extraheader
03 integration	UNKNOWN STEP	2026-09-17T11:18:53.2428569Z http.https://github.com/.extraheader
03 integration	UNKNOWN STEP	2026-09-17T11:18:53.2440612Z [command]/usr/bin/git config --local --unset-all http.https://github.com/.extraheader
03 integration	UNKNOWN STEP	2026-09-17T11:18:53.2479253Z [command]/usr/bin/git submodule foreach --recursive sh -c "git config --local --name-only --get-regexp 'http\.https\:\/\/github\.com\/\.extraheader' && git config --local --unset-all 'http.https://github.com/.extraheader' || :"
03 integration	UNKNOWN STEP	2026-09-17T11:18:53.2818586Z [command]/usr/bin/git config --local --name-only --get-regexp ^includeIf\.gitdir:
03 integration	UNKNOWN STEP	2026-09-17T11:18:53.2866212Z [command]/usr/bin/git submodule foreach --recursive git config --local --show-origin --name-only --get-regexp remote.origin.url
03 integration	UNKNOWN STEP	2026-09-17T11:18:53.3283973Z Print service container logs: 1378d293da984e32a3f83676ceae6507_postgres16alpine_43c391
03 integration	UNKNOWN STEP	2026-09-17T11:18:53.3288274Z ##[command]/usr/bin/docker logs --details 2ce57086025d26e28c1496e80535ff05c49fcd2ba86013cb8b7221b19dec101e
03 integration	UNKNOWN STEP	2026-09-17T11:18:53.3428270Z  The files belonging to this database system will be owned by user "postgres".
03 integration	UNKNOWN STEP	2026-09-17T11:18:53.3431069Z  sh: locale: not found
03 integration	UNKNOWN STEP	2026-09-17T11:18:53.3431532Z  2026-09-17 11:18:39.901 UTC [35] WARNING:  no usable system locales were found
03 integration	UNKNOWN STEP	2026-09-17T11:18:53.3432032Z  initdb: warning: enabling "trust" authentication for local connections
03 integration	UNKNOWN STEP	2026-09-17T11:18:53.3432746Z  initdb: hint: You can change this by editing pg_hba.conf or using the option -A, or --auth-local and --auth-host, the next time you run initdb.
03 integration	UNKNOWN STEP	2026-09-17T11:18:53.3433627Z  2026-09-17 11:18:40.876 UTC [1] LOG:  starting PostgreSQL 16.15 on x86_64-pc-linux-musl, compiled by gcc (Alpine 15.2.0) 15.2.0, 64-bit
03 integration	UNKNOWN STEP	2026-09-17T11:18:53.3434338Z  2026-09-17 11:18:40.876 UTC [1] LOG:  listening on IPv4 address "0.0.0.0", port 5432
03 integration	UNKNOWN STEP	2026-09-17T11:18:53.3434799Z  2026-09-17 11:18:40.876 UTC [1] LOG:  listening on IPv6 address "::", port 5432
03 integration	UNKNOWN STEP	2026-09-17T11:18:53.3435307Z  2026-09-17 11:18:40.877 UTC [1] LOG:  listening on Unix socket "/var/run/postgresql/.s.PGSQL.5432"
03 integration	UNKNOWN STEP	2026-09-17T11:18:53.3435906Z  2026-09-17 11:18:40.880 UTC [57] LOG:  database system was shut down at 2026-09-17 11:18:40 UTC
03 integration	UNKNOWN STEP	2026-09-17T11:18:53.3436413Z  2026-09-17 11:18:40.884 UTC [1] LOG:  database system is ready to accept connections
03 integration	UNKNOWN STEP	2026-09-17T11:18:53.3436829Z  This user must also own the server process.
03 integration	UNKNOWN STEP	2026-09-17T11:18:53.3437105Z  
03 integration	UNKNOWN STEP	2026-09-17T11:18:53.3437388Z  The database cluster will be initialized with locale "en_US.utf8".
03 integration	UNKNOWN STEP	2026-09-17T11:18:53.3437818Z  The default database encoding has accordingly been set to "UTF8".
03 integration	UNKNOWN STEP	2026-09-17T11:18:53.3438274Z  The default text search configuration will be set to "english".
03 integration	UNKNOWN STEP	2026-09-17T11:18:53.3438595Z  
03 integration	UNKNOWN STEP	2026-09-17T11:18:53.3438803Z  Data page checksums are disabled.
03 integration	UNKNOWN STEP	2026-09-17T11:18:53.3439301Z  
03 integration	UNKNOWN STEP	2026-09-17T11:18:53.3439600Z  fixing permissions on existing directory /var/lib/postgresql/data ... ok
03 integration	UNKNOWN STEP	2026-09-17T11:18:53.3439989Z  creating subdirectories ... ok
03 integration	UNKNOWN STEP	2026-09-17T11:18:53.3440301Z  selecting dynamic shared memory implementation ... posix
03 integration	UNKNOWN STEP	2026-09-17T11:18:53.3440656Z  selecting default max_connections ... 100
03 integration	UNKNOWN STEP	2026-09-17T11:18:53.3441019Z  selecting default shared_buffers ... 128MB
03 integration	UNKNOWN STEP	2026-09-17T11:18:53.3441484Z  selecting default time zone ... UTC
03 integration	UNKNOWN STEP	2026-09-17T11:18:53.3441940Z  creating configuration files ... ok
03 integration	UNKNOWN STEP	2026-09-17T11:18:53.3442303Z  running bootstrap script ... ok
03 integration	UNKNOWN STEP	2026-09-17T11:18:53.3442640Z  performing post-bootstrap initialization ... ok
03 integration	UNKNOWN STEP	2026-09-17T11:18:53.3442951Z  syncing data to disk ... ok
03 integration	UNKNOWN STEP	2026-09-17T11:18:53.3443206Z  
03 integration	UNKNOWN STEP	2026-09-17T11:18:53.3443397Z  
03 integration	UNKNOWN STEP	2026-09-17T11:18:53.3443711Z  Success. You can now start the database server using:
03 integration	UNKNOWN STEP	2026-09-17T11:18:53.3444124Z  
03 integration	UNKNOWN STEP	2026-09-17T11:18:53.3444412Z      pg_ctl -D /var/lib/postgresql/data -l logfile start
03 integration	UNKNOWN STEP	2026-09-17T11:18:53.3444719Z  
03 integration	UNKNOWN STEP	2026-09-17T11:18:53.3445281Z  waiting for server to start....2026-09-17 11:18:40.602 UTC [41] LOG:  starting PostgreSQL 16.15 on x86_64-pc-linux-musl, compiled by gcc (Alpine 15.2.0) 15.2.0, 64-bit
03 integration	UNKNOWN STEP	2026-09-17T11:18:53.3446041Z  2026-09-17 11:18:40.603 UTC [41] LOG:  listening on Unix socket "/var/run/postgresql/.s.PGSQL.5432"
03 integration	UNKNOWN STEP	2026-09-17T11:18:53.3446590Z  2026-09-17 11:18:40.605 UTC [44] LOG:  database system was shut down at 2026-09-17 11:18:40 UTC
03 integration	UNKNOWN STEP	2026-09-17T11:18:53.3447073Z  2026-09-17 11:18:40.609 UTC [41] LOG:  database system is ready to accept connections
03 integration	UNKNOWN STEP	2026-09-17T11:18:53.3447435Z   done
03 integration	UNKNOWN STEP	2026-09-17T11:18:53.3447630Z  server started
03 integration	UNKNOWN STEP	2026-09-17T11:18:53.3447837Z  CREATE DATABASE
03 integration	UNKNOWN STEP	2026-09-17T11:18:53.3448030Z  
03 integration	UNKNOWN STEP	2026-09-17T11:18:53.3448200Z  
03 integration	UNKNOWN STEP	2026-09-17T11:18:53.3448511Z  /usr/local/bin/docker-entrypoint.sh: ignoring /docker-entrypoint-initdb.d/*
03 integration	UNKNOWN STEP	2026-09-17T11:18:53.3449093Z  
03 integration	UNKNOWN STEP	2026-09-17T11:18:53.3449784Z  waiting for server to shut down....2026-09-17 11:18:40.751 UTC [41] LOG:  received fast shutdown request
03 integration	UNKNOWN STEP	2026-09-17T11:18:53.3450306Z  2026-09-17 11:18:40.752 UTC [41] LOG:  aborting any active transactions
03 integration	UNKNOWN STEP	2026-09-17T11:18:53.3450871Z  2026-09-17 11:18:40.756 UTC [41] LOG:  background worker "logical replication launcher" (PID 47) exited with exit code 1
03 integration	UNKNOWN STEP	2026-09-17T11:18:53.3451551Z  2026-09-17 11:18:40.756 UTC [42] LOG:  shutting down
03 integration	UNKNOWN STEP	2026-09-17T11:18:53.3452075Z  2026-09-17 11:18:40.757 UTC [42] LOG:  checkpoint starting: shutdown immediate
03 integration	UNKNOWN STEP	2026-09-17T11:18:53.3453130Z  2026-09-17 11:18:40.774 UTC [42] LOG:  checkpoint complete: wrote 926 buffers (5.7%); 0 WAL file(s) added, 0 removed, 0 recycled; write=0.014 s, sync=0.002 s, total=0.018 s; sync files=301, longest=0.001 s, average=0.001 s; distance=4283 kB, estimate=4283 kB; lsn=0/1925D68, redo lsn=0/1925D68
03 integration	UNKNOWN STEP	2026-09-17T11:18:53.3454151Z  2026-09-17 11:18:40.782 UTC [41] LOG:  database system is shut down
03 integration	UNKNOWN STEP	2026-09-17T11:18:53.3454474Z   done
03 integration	UNKNOWN STEP	2026-09-17T11:18:53.3454667Z  server stopped
03 integration	UNKNOWN STEP	2026-09-17T11:18:53.3454873Z  
03 integration	UNKNOWN STEP	2026-09-17T11:18:53.3455120Z  PostgreSQL init process complete; ready for start up.
03 integration	UNKNOWN STEP	2026-09-17T11:18:53.3455421Z  
03 integration	UNKNOWN STEP	2026-09-17T11:18:53.3462131Z Stop and remove container: 1378d293da984e32a3f83676ceae6507_postgres16alpine_43c391
03 integration	UNKNOWN STEP	2026-09-17T11:18:53.3467227Z ##[command]/usr/bin/docker rm --force 2ce57086025d26e28c1496e80535ff05c49fcd2ba86013cb8b7221b19dec101e
03 integration	UNKNOWN STEP	2026-09-17T11:18:53.5079071Z 2ce57086025d26e28c1496e80535ff05c49fcd2ba86013cb8b7221b19dec101e
03 integration	UNKNOWN STEP	2026-09-17T11:18:53.5101082Z Print service container logs: d2cdc17fdb8542c38b96005231b2315d_redis7alpine_d93e46
03 integration	UNKNOWN STEP	2026-09-17T11:18:53.5102222Z ##[command]/usr/bin/docker logs --details 4db4413dcfad72548a51e764819a34979fda176b033955987f7f585b36871f3b
03 integration	UNKNOWN STEP	2026-09-17T11:18:53.5234110Z  1:C 17 Sep 2026 11:18:40.476 # WARNING Memory overcommit must be enabled! Without it, a background save or replication may fail under low memory condition. Being disabled, it can also cause failures without low memory condition, see https://github.com/jemalloc/jemalloc/issues/1328. To fix this issue add 'vm.overcommit_memory = 1' to /etc/sysctl.conf and then reboot or run the command 'sysctl vm.overcommit_memory=1' for this to take effect.
03 integration	UNKNOWN STEP	2026-09-17T11:18:53.5236906Z  1:C 17 Sep 2026 11:18:40.476 * oO0OoO0OoO0Oo Redis is starting oO0OoO0OoO0Oo
03 integration	UNKNOWN STEP	2026-09-17T11:18:53.5237785Z  1:C 17 Sep 2026 11:18:40.476 * Redis version=7.4.11, bits=64, commit=00000000, modified=0, pid=1, just started
03 integration	UNKNOWN STEP	2026-09-17T11:18:53.5239205Z  1:C 17 Sep 2026 11:18:40.476 # Warning: no config file specified, using the default config. In order to specify a config file use redis-server /path/to/redis.conf
03 integration	UNKNOWN STEP	2026-09-17T11:18:53.5240248Z  1:M 17 Sep 2026 11:18:40.476 * monotonic clock: POSIX clock_gettime
03 integration	UNKNOWN STEP	2026-09-17T11:18:53.5240871Z  1:M 17 Sep 2026 11:18:40.477 * Running mode=standalone, port=6379.
03 integration	UNKNOWN STEP	2026-09-17T11:18:53.5241398Z  1:M 17 Sep 2026 11:18:40.478 * Server initialized
03 integration	UNKNOWN STEP	2026-09-17T11:18:53.5241908Z  1:M 17 Sep 2026 11:18:40.478 * Ready to accept connections tcp
03 integration	UNKNOWN STEP	2026-09-17T11:18:53.5253289Z Stop and remove container: d2cdc17fdb8542c38b96005231b2315d_redis7alpine_d93e46
03 integration	UNKNOWN STEP	2026-09-17T11:18:53.5254091Z ##[command]/usr/bin/docker rm --force 4db4413dcfad72548a51e764819a34979fda176b033955987f7f585b36871f3b
03 integration	UNKNOWN STEP	2026-09-17T11:18:53.6463121Z 4db4413dcfad72548a51e764819a34979fda176b033955987f7f585b36871f3b
03 integration	UNKNOWN STEP	2026-09-17T11:18:53.6486515Z Remove container network: github_network_c3f3b61503944ee8a319797966f32dbd
03 integration	UNKNOWN STEP	2026-09-17T11:18:53.6491738Z ##[command]/usr/bin/docker network rm github_network_c3f3b61503944ee8a319797966f32dbd
03 integration	UNKNOWN STEP	2026-09-17T11:18:53.7576837Z github_network_c3f3b61503944ee8a319797966f32dbd
03 integration	UNKNOWN STEP	2026-09-17T11:18:53.7653424Z Cleaning up orphan processes
03 integration	UNKNOWN STEP	2026-09-17T11:18:53.9497035Z ##[warning]Node.js 20 is deprecated. The following actions target Node.js 20 but are being forced to run on Node.js 24: actions/checkout@v4, actions/setup-python@v5. For more information see: https://github.blog/changelog/2025-09-19-deprecation-of-node-20-on-github-actions-runners/
09 docker build	UNKNOWN STEP	∩╗┐2026-09-17T11:18:32.7010164Z Current runner version: '2.337.0'
09 docker build	UNKNOWN STEP	2026-09-17T11:18:32.7034836Z ##[group]Runner Image Provisioner
09 docker build	UNKNOWN STEP	2026-09-17T11:18:32.7035857Z Hosted Compute Agent
09 docker build	UNKNOWN STEP	2026-09-17T11:18:32.7036416Z Version: 20260828.587
09 docker build	UNKNOWN STEP	2026-09-17T11:18:32.7037043Z Commit: abac92662cab4cc7352de4f9f9d2e2419aad9c29
09 docker build	UNKNOWN STEP	2026-09-17T11:18:32.7037783Z Build Date: 2026-08-28T16:44:25Z
09 docker build	UNKNOWN STEP	2026-09-17T11:18:32.7038414Z Worker ID: {88e34081-8ab2-4367-b3b3-b3015d0b2476}
09 docker build	UNKNOWN STEP	2026-09-17T11:18:32.7039150Z Azure Region: westus3
09 docker build	UNKNOWN STEP	2026-09-17T11:18:32.7039702Z ##[endgroup]
09 docker build	UNKNOWN STEP	2026-09-17T11:18:32.7041123Z ##[group]Operating System
09 docker build	UNKNOWN STEP	2026-09-17T11:18:32.7041764Z Ubuntu
09 docker build	UNKNOWN STEP	2026-09-17T11:18:32.7042464Z 24.04.5
09 docker build	UNKNOWN STEP	2026-09-17T11:18:32.7042992Z LTS
09 docker build	UNKNOWN STEP	2026-09-17T11:18:32.7043478Z ##[endgroup]
09 docker build	UNKNOWN STEP	2026-09-17T11:18:32.7043995Z ##[group]Runner Image
09 docker build	UNKNOWN STEP	2026-09-17T11:18:32.7044640Z Image: ubuntu-24.04
09 docker build	UNKNOWN STEP	2026-09-17T11:18:32.7045216Z Version: 20260907.300.1
09 docker build	UNKNOWN STEP	2026-09-17T11:18:32.7046422Z Included Software: https://github.com/actions/runner-images/blob/ubuntu24/20260907.300/images/ubuntu/Ubuntu2404-Readme.md
09 docker build	UNKNOWN STEP	2026-09-17T11:18:32.7047875Z Image Release: https://github.com/actions/runner-images/releases/tag/ubuntu24%2F20260907.300
09 docker build	UNKNOWN STEP	2026-09-17T11:18:32.7048794Z ##[endgroup]
09 docker build	UNKNOWN STEP	2026-09-17T11:18:32.7049909Z ##[group]GITHUB_TOKEN Permissions
09 docker build	UNKNOWN STEP	2026-09-17T11:18:32.7052347Z Contents: read
09 docker build	UNKNOWN STEP	2026-09-17T11:18:32.7052930Z Metadata: read
09 docker build	UNKNOWN STEP	2026-09-17T11:18:32.7053814Z Packages: read
09 docker build	UNKNOWN STEP	2026-09-17T11:18:32.7054381Z ##[endgroup]
09 docker build	UNKNOWN STEP	2026-09-17T11:18:32.7056348Z Secret source: Actions
09 docker build	UNKNOWN STEP	2026-09-17T11:18:32.7057285Z Cache mode: write
09 docker build	UNKNOWN STEP	2026-09-17T11:18:32.7058113Z Prepare workflow directory
09 docker build	UNKNOWN STEP	2026-09-17T11:18:32.7425984Z Prepare all required actions
09 docker build	UNKNOWN STEP	2026-09-17T11:18:32.7478542Z Getting action download info
09 docker build	UNKNOWN STEP	2026-09-17T11:18:33.0525173Z Download action repository 'actions/checkout@v4' (SHA:11d5960a326750d5838078e36cf38b85af677262)
09 docker build	UNKNOWN STEP	2026-09-17T11:18:33.4180098Z Complete job name: 09 docker build
09 docker build	UNKNOWN STEP	2026-09-17T11:18:33.4851729Z Node 20 is being deprecated. This workflow is running with Node 24 by default. If you need to temporarily use Node 20, you can set the ACTIONS_ALLOW_USE_UNSECURE_NODE_VERSION=true environment variable. For more information see: https://github.blog/changelog/2025-09-19-deprecation-of-node-20-on-github-actions-runners/
09 docker build	UNKNOWN STEP	2026-09-17T11:18:33.4860493Z ##[group]Run actions/checkout@v4
09 docker build	UNKNOWN STEP	2026-09-17T11:18:33.4861225Z with:
09 docker build	UNKNOWN STEP	2026-09-17T11:18:33.4861819Z   repository: KanTrun/Crew-Operations
09 docker build	UNKNOWN STEP	2026-09-17T11:18:33.4865848Z   token: ***
09 docker build	UNKNOWN STEP	2026-09-17T11:18:33.4866333Z   ssh-strict: true
09 docker build	UNKNOWN STEP	2026-09-17T11:18:33.4866895Z   ssh-user: git
09 docker build	UNKNOWN STEP	2026-09-17T11:18:33.4867416Z   persist-credentials: true
09 docker build	UNKNOWN STEP	2026-09-17T11:18:33.4867997Z   clean: true
09 docker build	UNKNOWN STEP	2026-09-17T11:18:33.4868531Z   sparse-checkout-cone-mode: true
09 docker build	UNKNOWN STEP	2026-09-17T11:18:33.4869121Z   fetch-depth: 1
09 docker build	UNKNOWN STEP	2026-09-17T11:18:33.4869644Z   fetch-tags: false
09 docker build	UNKNOWN STEP	2026-09-17T11:18:33.4870189Z   show-progress: true
09 docker build	UNKNOWN STEP	2026-09-17T11:18:33.4870733Z   lfs: false
09 docker build	UNKNOWN STEP	2026-09-17T11:18:33.4871341Z   submodules: false
09 docker build	UNKNOWN STEP	2026-09-17T11:18:33.4871863Z   set-safe-directory: true
09 docker build	UNKNOWN STEP	2026-09-17T11:18:33.4872581Z   allow-unsafe-pr-checkout: false
09 docker build	UNKNOWN STEP	2026-09-17T11:18:33.4873359Z env:
09 docker build	UNKNOWN STEP	2026-09-17T11:18:33.4873869Z   CA_AGENT_MODE: replay
09 docker build	UNKNOWN STEP	2026-09-17T11:18:33.4874395Z ##[endgroup]
09 docker build	UNKNOWN STEP	2026-09-17T11:18:33.5878393Z Syncing repository: KanTrun/Crew-Operations
09 docker build	UNKNOWN STEP	2026-09-17T11:18:33.5880226Z ##[group]Getting Git version info
09 docker build	UNKNOWN STEP	2026-09-17T11:18:33.5881152Z Working directory is '/home/runner/work/Crew-Operations/Crew-Operations'
09 docker build	UNKNOWN STEP	2026-09-17T11:18:33.5882527Z [command]/usr/bin/git version
09 docker build	UNKNOWN STEP	2026-09-17T11:18:33.6781454Z git version 2.55.0
09 docker build	UNKNOWN STEP	2026-09-17T11:18:33.6811879Z ##[endgroup]
09 docker build	UNKNOWN STEP	2026-09-17T11:18:33.6827637Z Temporarily overriding HOME='/home/runner/work/_temp/1a60d417-da44-425c-9942-773dec759489' before making global git config changes
09 docker build	UNKNOWN STEP	2026-09-17T11:18:33.6829754Z Adding repository directory to the temporary git global config as a safe directory
09 docker build	UNKNOWN STEP	2026-09-17T11:18:33.6834137Z [command]/usr/bin/git config --global --add safe.directory /home/runner/work/Crew-Operations/Crew-Operations
09 docker build	UNKNOWN STEP	2026-09-17T11:18:33.6878161Z Deleting the contents of '/home/runner/work/Crew-Operations/Crew-Operations'
09 docker build	UNKNOWN STEP	2026-09-17T11:18:33.6884557Z ##[group]Initializing the repository
09 docker build	UNKNOWN STEP	2026-09-17T11:18:33.6888788Z [command]/usr/bin/git init /home/runner/work/Crew-Operations/Crew-Operations
09 docker build	UNKNOWN STEP	2026-09-17T11:18:33.6966638Z hint: Using 'master' as the name for the initial branch. This default branch name
09 docker build	UNKNOWN STEP	2026-09-17T11:18:33.6968535Z hint: will change to "main" in Git 3.0. To configure the initial branch name
09 docker build	UNKNOWN STEP	2026-09-17T11:18:33.6970381Z hint: to use in all of your new repositories, which will suppress this warning,
09 docker build	UNKNOWN STEP	2026-09-17T11:18:33.6972229Z hint: call:
09 docker build	UNKNOWN STEP	2026-09-17T11:18:33.6973170Z hint:
09 docker build	UNKNOWN STEP	2026-09-17T11:18:33.6974294Z hint: 	git config --global init.defaultBranch <name>
09 docker build	UNKNOWN STEP	2026-09-17T11:18:33.6975430Z hint:
09 docker build	UNKNOWN STEP	2026-09-17T11:18:33.6976523Z hint: Names commonly chosen instead of 'master' are 'main', 'trunk' and
09 docker build	UNKNOWN STEP	2026-09-17T11:18:33.6978306Z hint: 'development'. The just-created branch can be renamed via this command:
09 docker build	UNKNOWN STEP	2026-09-17T11:18:33.6979707Z hint:
09 docker build	UNKNOWN STEP	2026-09-17T11:18:33.6980654Z hint: 	git branch -m <name>
09 docker build	UNKNOWN STEP	2026-09-17T11:18:33.6981430Z hint:
09 docker build	UNKNOWN STEP	2026-09-17T11:18:33.6982585Z hint: Disable this message with "git config set advice.defaultBranchName false"
09 docker build	UNKNOWN STEP	2026-09-17T11:18:33.6984225Z Initialized empty Git repository in /home/runner/work/Crew-Operations/Crew-Operations/.git/
09 docker build	UNKNOWN STEP	2026-09-17T11:18:33.6987215Z [command]/usr/bin/git remote add origin https://github.com/KanTrun/Crew-Operations
09 docker build	UNKNOWN STEP	2026-09-17T11:18:33.7018723Z ##[endgroup]
09 docker build	UNKNOWN STEP	2026-09-17T11:18:33.7020095Z ##[group]Disabling automatic garbage collection
09 docker build	UNKNOWN STEP	2026-09-17T11:18:33.7022530Z [command]/usr/bin/git config --local gc.auto 0
09 docker build	UNKNOWN STEP	2026-09-17T11:18:33.7051259Z ##[endgroup]
09 docker build	UNKNOWN STEP	2026-09-17T11:18:33.7053126Z ##[group]Setting up auth
09 docker build	UNKNOWN STEP	2026-09-17T11:18:33.7057292Z [command]/usr/bin/git config --local --name-only --get-regexp core\.sshCommand
09 docker build	UNKNOWN STEP	2026-09-17T11:18:33.7084281Z [command]/usr/bin/git submodule foreach --recursive sh -c "git config --local --name-only --get-regexp 'core\.sshCommand' && git config --local --unset-all 'core.sshCommand' || :"
09 docker build	UNKNOWN STEP	2026-09-17T11:18:33.7381681Z [command]/usr/bin/git config --local --name-only --get-regexp http\.https\:\/\/github\.com\/\.extraheader
09 docker build	UNKNOWN STEP	2026-09-17T11:18:33.7411536Z [command]/usr/bin/git submodule foreach --recursive sh -c "git config --local --name-only --get-regexp 'http\.https\:\/\/github\.com\/\.extraheader' && git config --local --unset-all 'http.https://github.com/.extraheader' || :"
09 docker build	UNKNOWN STEP	2026-09-17T11:18:33.7610173Z [command]/usr/bin/git config --local --name-only --get-regexp ^includeIf\.gitdir:
09 docker build	UNKNOWN STEP	2026-09-17T11:18:33.7645496Z [command]/usr/bin/git submodule foreach --recursive git config --local --show-origin --name-only --get-regexp remote.origin.url
09 docker build	UNKNOWN STEP	2026-09-17T11:18:33.7843754Z [command]/usr/bin/git config --local http.https://github.com/.extraheader AUTHORIZATION: basic ***
09 docker build	UNKNOWN STEP	2026-09-17T11:18:33.7878395Z ##[endgroup]
09 docker build	UNKNOWN STEP	2026-09-17T11:18:33.7879795Z ##[group]Fetching the repository
09 docker build	UNKNOWN STEP	2026-09-17T11:18:33.7889282Z [command]/usr/bin/git -c protocol.version=2 fetch --no-tags --prune --no-recurse-submodules --depth=1 origin +a6ee707a664b71558e72eff4ac334b63193b03a2:refs/remotes/origin/main
09 docker build	UNKNOWN STEP	2026-09-17T11:18:35.3384798Z From https://github.com/KanTrun/Crew-Operations
09 docker build	UNKNOWN STEP	2026-09-17T11:18:35.3387515Z  * [new ref]         a6ee707a664b71558e72eff4ac334b63193b03a2 -> origin/main
09 docker build	UNKNOWN STEP	2026-09-17T11:18:35.3392739Z ##[endgroup]
09 docker build	UNKNOWN STEP	2026-09-17T11:18:35.3394877Z ##[group]Determining the checkout info
09 docker build	UNKNOWN STEP	2026-09-17T11:18:35.3397057Z ##[endgroup]
09 docker build	UNKNOWN STEP	2026-09-17T11:18:35.3398459Z [command]/usr/bin/git sparse-checkout disable
09 docker build	UNKNOWN STEP	2026-09-17T11:18:35.3445448Z [command]/usr/bin/git config --local --unset-all extensions.worktreeConfig
09 docker build	UNKNOWN STEP	2026-09-17T11:18:35.3648090Z ##[group]Checking out the ref
09 docker build	UNKNOWN STEP	2026-09-17T11:18:35.3650370Z [command]/usr/bin/git checkout --progress --force -B main refs/remotes/origin/main
09 docker build	UNKNOWN STEP	2026-09-17T11:18:35.4567125Z Switched to a new branch 'main'
09 docker build	UNKNOWN STEP	2026-09-17T11:18:35.4576681Z branch 'main' set up to track 'origin/main'.
09 docker build	UNKNOWN STEP	2026-09-17T11:18:35.4584018Z ##[endgroup]
09 docker build	UNKNOWN STEP	2026-09-17T11:18:35.4622544Z [command]/usr/bin/git log -1 --format=%H
09 docker build	UNKNOWN STEP	2026-09-17T11:18:35.4644544Z a6ee707a664b71558e72eff4ac334b63193b03a2
09 docker build	UNKNOWN STEP	2026-09-17T11:18:35.4881626Z ##[group]Run cp .env.example .env || touch .env
09 docker build	UNKNOWN STEP	2026-09-17T11:18:35.4883894Z [36;1mcp .env.example .env || touch .env[0m
09 docker build	UNKNOWN STEP	2026-09-17T11:18:35.4885739Z [36;1msed -i 's/^NHIPQUAN_SEED_DEMO=.*/NHIPQUAN_SEED_DEMO=true/' .env[0m
09 docker build	UNKNOWN STEP	2026-09-17T11:18:35.4915556Z shell: /usr/bin/bash -e {0}
09 docker build	UNKNOWN STEP	2026-09-17T11:18:35.4916727Z env:
09 docker build	UNKNOWN STEP	2026-09-17T11:18:35.4917767Z   CA_AGENT_MODE: replay
09 docker build	UNKNOWN STEP	2026-09-17T11:18:35.4918819Z ##[endgroup]
09 docker build	UNKNOWN STEP	2026-09-17T11:18:35.5103148Z ##[group]Run docker compose -f infra/docker/compose.yml build
09 docker build	UNKNOWN STEP	2026-09-17T11:18:35.5104899Z [36;1mdocker compose -f infra/docker/compose.yml build[0m
09 docker build	UNKNOWN STEP	2026-09-17T11:18:35.5128343Z shell: /usr/bin/bash -e {0}
09 docker build	UNKNOWN STEP	2026-09-17T11:18:35.5129428Z env:
09 docker build	UNKNOWN STEP	2026-09-17T11:18:35.5130352Z   CA_AGENT_MODE: replay
09 docker build	UNKNOWN STEP	2026-09-17T11:18:35.5131371Z ##[endgroup]
09 docker build	UNKNOWN STEP	2026-09-17T11:18:36.4199077Z #1 [internal] load local bake definitions
09 docker build	UNKNOWN STEP	2026-09-17T11:18:36.5208277Z #1 reading from stdin 1.20kB done
09 docker build	UNKNOWN STEP	2026-09-17T11:18:36.5209160Z #1 DONE 0.0s
09 docker build	UNKNOWN STEP	2026-09-17T11:18:36.5209610Z 
09 docker build	UNKNOWN STEP	2026-09-17T11:18:36.5210046Z #2 [web internal] load build definition from Dockerfile.web
09 docker build	UNKNOWN STEP	2026-09-17T11:18:36.5211037Z #2 transferring dockerfile: 962B done
09 docker build	UNKNOWN STEP	2026-09-17T11:18:36.5211685Z #2 DONE 0.0s
09 docker build	UNKNOWN STEP	2026-09-17T11:18:36.5212312Z 
09 docker build	UNKNOWN STEP	2026-09-17T11:18:36.5212856Z #3 [worker internal] load build definition from Dockerfile.api
09 docker build	UNKNOWN STEP	2026-09-17T11:18:36.5213741Z #3 transferring dockerfile: 1.47kB done
09 docker build	UNKNOWN STEP	2026-09-17T11:18:36.7007416Z #3 DONE 0.0s
09 docker build	UNKNOWN STEP	2026-09-17T11:18:36.7008185Z 
09 docker build	UNKNOWN STEP	2026-09-17T11:18:36.7008656Z #4 [api internal] load metadata for docker.io/library/python:3.12-slim
09 docker build	UNKNOWN STEP	2026-09-17T11:18:36.8865263Z #4 ...
09 docker build	UNKNOWN STEP	2026-09-17T11:18:36.8865649Z 
09 docker build	UNKNOWN STEP	2026-09-17T11:18:36.8866002Z #5 [auth] library/python:pull token for registry-1.docker.io
09 docker build	UNKNOWN STEP	2026-09-17T11:18:36.8866634Z #5 DONE 0.0s
09 docker build	UNKNOWN STEP	2026-09-17T11:18:36.8866818Z 
09 docker build	UNKNOWN STEP	2026-09-17T11:18:36.8867078Z #6 [auth] library/node:pull token for registry-1.docker.io
09 docker build	UNKNOWN STEP	2026-09-17T11:18:36.8868307Z #6 DONE 0.0s
09 docker build	UNKNOWN STEP	2026-09-17T11:18:37.0368555Z 
09 docker build	UNKNOWN STEP	2026-09-17T11:18:37.0369512Z #7 [web internal] load metadata for docker.io/library/node:22-alpine
09 docker build	UNKNOWN STEP	2026-09-17T11:18:37.4696728Z #7 DONE 0.8s
09 docker build	UNKNOWN STEP	2026-09-17T11:18:37.4697362Z 
09 docker build	UNKNOWN STEP	2026-09-17T11:18:37.4699653Z #4 [worker internal] load metadata for docker.io/library/python:3.12-slim
09 docker build	UNKNOWN STEP	2026-09-17T11:18:37.4711669Z #4 DONE 0.8s
09 docker build	UNKNOWN STEP	2026-09-17T11:18:37.4714340Z 
09 docker build	UNKNOWN STEP	2026-09-17T11:18:37.4714792Z #8 [web internal] load .dockerignore
09 docker build	UNKNOWN STEP	2026-09-17T11:18:37.4716373Z #8 transferring context: 445B done
09 docker build	UNKNOWN STEP	2026-09-17T11:18:37.4717290Z #8 DONE 0.0s
09 docker build	UNKNOWN STEP	2026-09-17T11:18:37.4718864Z 
09 docker build	UNKNOWN STEP	2026-09-17T11:18:37.4732460Z #9 [worker  1/17] FROM docker.io/library/python:3.12-slim@sha256:78387bc3881b8273120a12ebe6c1ab22b018ccc2c9adf565ae1ac9b536e184ea
09 docker build	UNKNOWN STEP	2026-09-17T11:18:37.4734349Z #9 resolve docker.io/library/python:3.12-slim@sha256:78387bc3881b8273120a12ebe6c1ab22b018ccc2c9adf565ae1ac9b536e184ea 0.0s done
09 docker build	UNKNOWN STEP	2026-09-17T11:18:37.5814076Z #9 ...
09 docker build	UNKNOWN STEP	2026-09-17T11:18:37.5815235Z 
09 docker build	UNKNOWN STEP	2026-09-17T11:18:37.5817859Z #10 [web internal] load build context
09 docker build	UNKNOWN STEP	2026-09-17T11:18:37.5826938Z #10 transferring context: 1.27MB 0.1s done
09 docker build	UNKNOWN STEP	2026-09-17T11:18:37.5827758Z #10 DONE 0.1s
09 docker build	UNKNOWN STEP	2026-09-17T11:18:37.5828841Z 
09 docker build	UNKNOWN STEP	2026-09-17T11:18:37.5830404Z #11 [web deps 1/5] FROM docker.io/library/node:22-alpine@sha256:c610fcdfb1d5b4740dd70c284ed3cb16bb857e0f7166196e36a5501df7a3aa32
09 docker build	UNKNOWN STEP	2026-09-17T11:18:37.5832303Z #11 resolve docker.io/library/node:22-alpine@sha256:c610fcdfb1d5b4740dd70c284ed3cb16bb857e0f7166196e36a5501df7a3aa32 0.0s done
09 docker build	UNKNOWN STEP	2026-09-17T11:18:37.5833860Z #11 sha256:395425e54d98ebbd748d388685a0c2de151a30fa92fffc10ba30fa63f3db64d6 6.56kB / 6.56kB done
09 docker build	UNKNOWN STEP	2026-09-17T11:18:37.5835164Z #11 sha256:c610fcdfb1d5b4740dd70c284ed3cb16bb857e0f7166196e36a5501df7a3aa32 6.41kB / 6.41kB done
09 docker build	UNKNOWN STEP	2026-09-17T11:18:37.5836310Z #11 sha256:76789712cd1ae89a1225eac9077010d68987a423588042dac30446f502f1858c 1.72kB / 1.72kB done
09 docker build	UNKNOWN STEP	2026-09-17T11:18:37.5837203Z #11 DONE 0.1s
09 docker build	UNKNOWN STEP	2026-09-17T11:18:37.5837505Z 
09 docker build	UNKNOWN STEP	2026-09-17T11:18:37.5838177Z #9 [worker  1/17] FROM docker.io/library/python:3.12-slim@sha256:78387bc3881b8273120a12ebe6c1ab22b018ccc2c9adf565ae1ac9b536e184ea
09 docker build	UNKNOWN STEP	2026-09-17T11:18:37.5840168Z #9 sha256:2fe5997d249a808b8eeea52c58a1dbffbba28754dc11699ef5c029f2d818ce79 1.75kB / 1.75kB done
09 docker build	UNKNOWN STEP	2026-09-17T11:18:37.5843006Z #9 sha256:ec7d6c95cd3692a2e2d228a8b1ca74e4025b54121fcc4c5da6f09cfa473315ad 5.66kB / 5.66kB done
09 docker build	UNKNOWN STEP	2026-09-17T11:18:37.5844747Z #9 sha256:6310eb16bf4251731feab01e8f633bf5e2d75a657ccad97f420b1f83cce457be 3.15MB / 29.79MB 0.1s
09 docker build	UNKNOWN STEP	2026-09-17T11:18:37.5847716Z #9 sha256:dbd0b7849e6c06b61e1fa6b7ffe053f246ce0075890620e3db64b47bb662433a 0B / 4.27MB 0.1s
09 docker build	UNKNOWN STEP	2026-09-17T11:18:37.5848763Z #9 sha256:1560cfed01dc4c72c07f789d860078d74466a1f9a26b33a2e35d887b5f90dd3f 0B / 12.12MB 0.1s
09 docker build	UNKNOWN STEP	2026-09-17T11:18:37.5849646Z #9 sha256:78387bc3881b8273120a12ebe6c1ab22b018ccc2c9adf565ae1ac9b536e184ea 10.37kB / 10.37kB done
09 docker build	UNKNOWN STEP	2026-09-17T11:18:37.7116053Z #9 sha256:6310eb16bf4251731feab01e8f633bf5e2d75a657ccad97f420b1f83cce457be 29.79MB / 29.79MB 0.3s
09 docker build	UNKNOWN STEP	2026-09-17T11:18:37.7116904Z #9 sha256:dbd0b7849e6c06b61e1fa6b7ffe053f246ce0075890620e3db64b47bb662433a 4.27MB / 4.27MB 0.3s
09 docker build	UNKNOWN STEP	2026-09-17T11:18:37.7117769Z #9 sha256:1560cfed01dc4c72c07f789d860078d74466a1f9a26b33a2e35d887b5f90dd3f 12.12MB / 12.12MB 0.3s
09 docker build	UNKNOWN STEP	2026-09-17T11:18:38.2120913Z #9 sha256:1560cfed01dc4c72c07f789d860078d74466a1f9a26b33a2e35d887b5f90dd3f 12.12MB / 12.12MB 0.6s done
09 docker build	UNKNOWN STEP	2026-09-17T11:18:38.4118713Z #9 ...
09 docker build	UNKNOWN STEP	2026-09-17T11:18:38.4118940Z 
09 docker build	UNKNOWN STEP	2026-09-17T11:18:38.4119283Z #12 [api internal] load build context
09 docker build	UNKNOWN STEP	2026-09-17T11:18:38.4119766Z #12 transferring context: 10.33MB 0.2s done
09 docker build	UNKNOWN STEP	2026-09-17T11:18:38.4120119Z #12 DONE 0.9s
09 docker build	UNKNOWN STEP	2026-09-17T11:18:38.4120338Z 
09 docker build	UNKNOWN STEP	2026-09-17T11:18:38.4120765Z #9 [worker  1/17] FROM docker.io/library/python:3.12-slim@sha256:78387bc3881b8273120a12ebe6c1ab22b018ccc2c9adf565ae1ac9b536e184ea
09 docker build	UNKNOWN STEP	2026-09-17T11:18:38.4121569Z #9 sha256:6310eb16bf4251731feab01e8f633bf5e2d75a657ccad97f420b1f83cce457be 29.79MB / 29.79MB 0.8s done
09 docker build	UNKNOWN STEP	2026-09-17T11:18:38.4122469Z #9 sha256:dbd0b7849e6c06b61e1fa6b7ffe053f246ce0075890620e3db64b47bb662433a 4.27MB / 4.27MB 0.9s done
09 docker build	UNKNOWN STEP	2026-09-17T11:18:38.4123142Z #9 sha256:1560cfed01dc4c72c07f789d860078d74466a1f9a26b33a2e35d887b5f90dd3f 12.12MB / 12.12MB 0.6s done
09 docker build	UNKNOWN STEP	2026-09-17T11:18:38.5626818Z #9 sha256:dbd0b7849e6c06b61e1fa6b7ffe053f246ce0075890620e3db64b47bb662433a 4.27MB / 4.27MB 0.9s done
09 docker build	UNKNOWN STEP	2026-09-17T11:18:38.5988519Z #9 extracting sha256:6310eb16bf4251731feab01e8f633bf5e2d75a657ccad97f420b1f83cce457be
09 docker build	UNKNOWN STEP	2026-09-17T11:18:38.8030089Z #9 sha256:56235e4245636e401a28cf88944d543b29ee028ae3b6c27e03d6b43e7b4eac5f 0B / 249B 1.3s
09 docker build	UNKNOWN STEP	2026-09-17T11:18:38.9072361Z #9 sha256:56235e4245636e401a28cf88944d543b29ee028ae3b6c27e03d6b43e7b4eac5f 249B / 249B 1.4s
09 docker build	UNKNOWN STEP	2026-09-17T11:18:39.0179154Z #9 sha256:56235e4245636e401a28cf88944d543b29ee028ae3b6c27e03d6b43e7b4eac5f 249B / 249B 1.4s done
09 docker build	UNKNOWN STEP	2026-09-17T11:18:39.9128793Z #9 extracting sha256:6310eb16bf4251731feab01e8f633bf5e2d75a657ccad97f420b1f83cce457be 1.2s done
09 docker build	UNKNOWN STEP	2026-09-17T11:18:40.0016634Z #9 extracting sha256:dbd0b7849e6c06b61e1fa6b7ffe053f246ce0075890620e3db64b47bb662433a
09 docker build	UNKNOWN STEP	2026-09-17T11:18:41.2099178Z #9 extracting sha256:dbd0b7849e6c06b61e1fa6b7ffe053f246ce0075890620e3db64b47bb662433a 1.1s done
09 docker build	UNKNOWN STEP	2026-09-17T11:18:44.9778447Z #9 ...
09 docker build	UNKNOWN STEP	2026-09-17T11:18:44.9778811Z 
09 docker build	UNKNOWN STEP	2026-09-17T11:18:44.9778964Z #13 [web deps 2/5] WORKDIR /app
09 docker build	UNKNOWN STEP	2026-09-17T11:18:44.9779800Z #13 DONE 7.4s
09 docker build	UNKNOWN STEP	2026-09-17T11:18:45.0838357Z 
09 docker build	UNKNOWN STEP	2026-09-17T11:18:45.0839865Z #14 [web deps 3/5] COPY apps/web/package.json ./package.json
09 docker build	UNKNOWN STEP	2026-09-17T11:18:45.0843596Z #14 DONE 0.0s
09 docker build	UNKNOWN STEP	2026-09-17T11:18:45.0844145Z 
09 docker build	UNKNOWN STEP	2026-09-17T11:18:45.0844645Z #15 [web deps 4/5] COPY apps/web/package-lock.json ./package-lock.json
09 docker build	UNKNOWN STEP	2026-09-17T11:18:45.0845494Z #15 DONE 0.1s
09 docker build	UNKNOWN STEP	2026-09-17T11:18:45.0845905Z 
09 docker build	UNKNOWN STEP	2026-09-17T11:18:45.0846391Z #16 [web deps 5/5] RUN npm ci --no-audit --no-fund
09 docker build	UNKNOWN STEP	2026-09-17T11:18:46.2339644Z #16 ...
09 docker build	UNKNOWN STEP	2026-09-17T11:18:46.2340232Z 
09 docker build	UNKNOWN STEP	2026-09-17T11:18:46.2341528Z #9 [worker  1/17] FROM docker.io/library/python:3.12-slim@sha256:78387bc3881b8273120a12ebe6c1ab22b018ccc2c9adf565ae1ac9b536e184ea
09 docker build	UNKNOWN STEP	2026-09-17T11:18:46.2343191Z #9 extracting sha256:1560cfed01dc4c72c07f789d860078d74466a1f9a26b33a2e35d887b5f90dd3f 0.5s done
09 docker build	UNKNOWN STEP	2026-09-17T11:18:46.2344307Z #9 extracting sha256:56235e4245636e401a28cf88944d543b29ee028ae3b6c27e03d6b43e7b4eac5f done
09 docker build	UNKNOWN STEP	2026-09-17T11:18:46.2345076Z #9 DONE 8.6s
09 docker build	UNKNOWN STEP	2026-09-17T11:18:46.2345748Z 
09 docker build	UNKNOWN STEP	2026-09-17T11:18:46.2345923Z #17 [api  2/17] WORKDIR /app
09 docker build	UNKNOWN STEP	2026-09-17T11:18:46.2346457Z #17 DONE 0.1s
09 docker build	UNKNOWN STEP	2026-09-17T11:18:46.2617230Z 
09 docker build	UNKNOWN STEP	2026-09-17T11:18:46.2620344Z #18 [worker  3/17] RUN apt-get update && apt-get install -y --no-install-recommends     build-essential libpq-dev curl     && rm -rf /var/lib/apt/lists/*
09 docker build	UNKNOWN STEP	2026-09-17T11:18:46.2621611Z #18 0.178 Get:1 http://deb.debian.org/debian trixie InRelease [140 kB]
09 docker build	UNKNOWN STEP	2026-09-17T11:18:46.4863297Z #18 0.191 Get:2 http://deb.debian.org/debian trixie-updates InRelease [47.3 kB]
09 docker build	UNKNOWN STEP	2026-09-17T11:18:46.4864363Z #18 0.191 Get:3 http://deb.debian.org/debian-security trixie-security InRelease [43.4 kB]
09 docker build	UNKNOWN STEP	2026-09-17T11:18:46.4865150Z #18 0.205 Get:4 http://deb.debian.org/debian trixie/main amd64 Packages [9678 kB]
09 docker build	UNKNOWN STEP	2026-09-17T11:18:46.4865743Z #18 0.252 Get:5 http://deb.debian.org/debian trixie-updates/main amd64 Packages [4412 B]
09 docker build	UNKNOWN STEP	2026-09-17T11:18:46.4866417Z #18 0.252 Get:6 http://deb.debian.org/debian-security trixie-security/main amd64 Packages [262 kB]
09 docker build	UNKNOWN STEP	2026-09-17T11:18:47.1030462Z #18 1.019 Fetched 10.2 MB in 1s (11.8 MB/s)
09 docker build	UNKNOWN STEP	2026-09-17T11:18:47.7621598Z #18 1.019 Reading package lists...
09 docker build	UNKNOWN STEP	2026-09-17T11:18:48.3136485Z #18 1.730 Reading package lists...
09 docker build	UNKNOWN STEP	2026-09-17T11:18:48.4260689Z #18 2.241 Building dependency tree...
09 docker build	UNKNOWN STEP	2026-09-17T11:18:48.4261456Z #18 2.342 Reading state information...
09 docker build	UNKNOWN STEP	2026-09-17T11:18:48.5884453Z #18 2.505 The following additional packages will be installed:
09 docker build	UNKNOWN STEP	2026-09-17T11:18:48.5887772Z #18 2.505   binutils binutils-common binutils-x86-64-linux-gnu bzip2 cpp cpp-14
09 docker build	UNKNOWN STEP	2026-09-17T11:18:48.5893401Z #18 2.505   cpp-14-x86-64-linux-gnu cpp-x86-64-linux-gnu dpkg-dev g++ g++-14
09 docker build	UNKNOWN STEP	2026-09-17T11:18:48.5894481Z #18 2.505   g++-14-x86-64-linux-gnu g++-x86-64-linux-gnu gcc gcc-14
09 docker build	UNKNOWN STEP	2026-09-17T11:18:48.5895407Z #18 2.505   gcc-14-x86-64-linux-gnu gcc-x86-64-linux-gnu libasan8 libatomic1 libbinutils
09 docker build	UNKNOWN STEP	2026-09-17T11:18:48.7413921Z #18 2.505   libbrotli1 libc-bin libc-dev-bin libc6 libc6-dev libcc1-0 libcom-err2
09 docker build	UNKNOWN STEP	2026-09-17T11:18:48.7415507Z #18 2.505   libcrypt-dev libctf-nobfd0 libctf0 libcurl4t64 libdpkg-perl libgcc-14-dev
09 docker build	UNKNOWN STEP	2026-09-17T11:18:48.7416799Z #18 2.505   libgdbm-compat4t64 libgnutls30t64 libgomp1 libgprofng0 libgssapi-krb5-2
09 docker build	UNKNOWN STEP	2026-09-17T11:18:48.7417994Z #18 2.505   libhwasan0 libidn2-0 libisl23 libitm1 libjansson4 libk5crypto3 libkeyutils1
09 docker build	UNKNOWN STEP	2026-09-17T11:18:48.7419354Z #18 2.505   libkrb5-3 libkrb5support0 libldap2 liblsan0 libmpc3 libmpfr6 libnghttp2-14
09 docker build	UNKNOWN STEP	2026-09-17T11:18:48.7420641Z #18 2.506   libnghttp3-9 libp11-kit0 libperl5.40 libpq5 libpsl5t64 libquadmath0 librtmp1
09 docker build	UNKNOWN STEP	2026-09-17T11:18:48.7421837Z #18 2.506   libsasl2-2 libsasl2-modules-db libsframe1 libssh2-1t64 libssl-dev
09 docker build	UNKNOWN STEP	2026-09-17T11:18:48.7423229Z #18 2.506   libstdc++-14-dev libtasn1-6 libtsan2 libubsan1 libunistring5 linux-libc-dev
09 docker build	UNKNOWN STEP	2026-09-17T11:18:48.7424383Z #18 2.506   make patch perl perl-base perl-modules-5.40 rpcsvc-proto xz-utils
09 docker build	UNKNOWN STEP	2026-09-17T11:18:48.7425435Z #18 2.507 Suggested packages:
09 docker build	UNKNOWN STEP	2026-09-17T11:18:48.7426337Z #18 2.507   binutils-doc gprofng-gui binutils-gold bzip2-doc cpp-doc gcc-14-locales
09 docker build	UNKNOWN STEP	2026-09-17T11:18:48.7427493Z #18 2.507   cpp-14-doc debian-keyring debian-tag2upload-keyring g++-multilib
09 docker build	UNKNOWN STEP	2026-09-17T11:18:48.7428613Z #18 2.507   g++-14-multilib gcc-14-doc gcc-multilib manpages-dev autoconf automake
09 docker build	UNKNOWN STEP	2026-09-17T11:18:48.7429751Z #18 2.507   libtool flex bison gdb gcc-doc gcc-14-multilib gdb-x86-64-linux-gnu
09 docker build	UNKNOWN STEP	2026-09-17T11:18:48.7430973Z #18 2.507   libc-devtools glibc-doc sq | sqop | rsop | gosop | pgpainless-cli | gpg-sq
09 docker build	UNKNOWN STEP	2026-09-17T11:18:48.7432252Z #18 2.507   | gnupg sensible-utils git bzr gnutls-bin krb5-doc krb5-user
09 docker build	UNKNOWN STEP	2026-09-17T11:18:48.7433406Z #18 2.507   postgresql-doc-17 libssl-doc libstdc++-14-doc make-doc ed diffutils-doc
09 docker build	UNKNOWN STEP	2026-09-17T11:18:48.7434550Z #18 2.507   perl-doc libterm-readline-gnu-perl | libterm-readline-perl-perl
09 docker build	UNKNOWN STEP	2026-09-17T11:18:48.7435527Z #18 2.507   libtap-harness-archive-perl
09 docker build	UNKNOWN STEP	2026-09-17T11:18:48.7436356Z #18 2.507 Recommended packages:
09 docker build	UNKNOWN STEP	2026-09-17T11:18:48.7437287Z #18 2.507   bash-completion fakeroot sq | sqop | rsop | gosop | pgpainless-cli | gpg-sq
09 docker build	UNKNOWN STEP	2026-09-17T11:18:48.7439202Z #18 2.507   | gnupg libalgorithm-merge-perl manpages manpages-dev libfile-fcntllock-perl
09 docker build	UNKNOWN STEP	2026-09-17T11:18:48.7440369Z #18 2.507   liblocale-gettext-perl krb5-locales libldap-common publicsuffix
09 docker build	UNKNOWN STEP	2026-09-17T11:18:48.7441208Z #18 2.507   libsasl2-modules
09 docker build	UNKNOWN STEP	2026-09-17T11:18:49.0901140Z #18 2.870 The following NEW packages will be installed:
09 docker build	UNKNOWN STEP	2026-09-17T11:18:49.0902499Z #18 2.870   binutils binutils-common binutils-x86-64-linux-gnu build-essential bzip2 cpp
09 docker build	UNKNOWN STEP	2026-09-17T11:18:49.0903268Z #18 2.870   cpp-14 cpp-14-x86-64-linux-gnu cpp-x86-64-linux-gnu curl dpkg-dev g++ g++-14
09 docker build	UNKNOWN STEP	2026-09-17T11:18:49.0904005Z #18 2.870   g++-14-x86-64-linux-gnu g++-x86-64-linux-gnu gcc gcc-14
09 docker build	UNKNOWN STEP	2026-09-17T11:18:49.0904641Z #18 2.871   gcc-14-x86-64-linux-gnu gcc-x86-64-linux-gnu libasan8 libatomic1 libbinutils
09 docker build	UNKNOWN STEP	2026-09-17T11:18:49.0905383Z #18 2.871   libbrotli1 libc-dev-bin libc6-dev libcc1-0 libcom-err2 libcrypt-dev
09 docker build	UNKNOWN STEP	2026-09-17T11:18:49.0906021Z #18 2.871   libctf-nobfd0 libctf0 libcurl4t64 libdpkg-perl libgcc-14-dev
09 docker build	UNKNOWN STEP	2026-09-17T11:18:49.0906585Z #18 2.871   libgdbm-compat4t64 libgnutls30t64 libgomp1 libgprofng0 libgssapi-krb5-2
09 docker build	UNKNOWN STEP	2026-09-17T11:18:49.0907151Z #18 2.871   libhwasan0 libidn2-0 libisl23 libitm1 libjansson4 libk5crypto3 libkeyutils1
09 docker build	UNKNOWN STEP	2026-09-17T11:18:49.0907731Z #18 2.871   libkrb5-3 libkrb5support0 libldap2 liblsan0 libmpc3 libmpfr6 libnghttp2-14
09 docker build	UNKNOWN STEP	2026-09-17T11:18:49.0908340Z #18 2.871   libnghttp3-9 libp11-kit0 libperl5.40 libpq-dev libpq5 libpsl5t64
09 docker build	UNKNOWN STEP	2026-09-17T11:18:49.0909603Z #18 2.871   libquadmath0 librtmp1 libsasl2-2 libsasl2-modules-db libsframe1 libssh2-1t64
09 docker build	UNKNOWN STEP	2026-09-17T11:18:49.0910292Z #18 2.871   libssl-dev libstdc++-14-dev libtasn1-6 libtsan2 libubsan1 libunistring5
09 docker build	UNKNOWN STEP	2026-09-17T11:18:49.0911283Z #18 2.872   linux-libc-dev make patch perl perl-modules-5.40 rpcsvc-proto xz-utils
09 docker build	UNKNOWN STEP	2026-09-17T11:18:49.0911808Z #18 2.872 The following packages will be upgraded:
09 docker build	UNKNOWN STEP	2026-09-17T11:18:49.0912423Z #18 2.873   libc-bin libc6 perl-base
09 docker build	UNKNOWN STEP	2026-09-17T11:18:49.0913017Z #18 2.910 3 upgraded, 77 newly installed, 0 to remove and 9 not upgraded.
09 docker build	UNKNOWN STEP	2026-09-17T11:18:49.0913665Z #18 2.910 Need to get 95.9 MB of archives.
09 docker build	UNKNOWN STEP	2026-09-17T11:18:49.0914962Z #18 2.910 After this operation, 369 MB of additional disk space will be used.
09 docker build	UNKNOWN STEP	2026-09-17T11:18:49.0915735Z #18 2.910 Get:1 http://deb.debian.org/debian trixie/main amd64 perl-base amd64 5.40.1-6+deb13u1 [1666 kB]
09 docker build	UNKNOWN STEP	2026-09-17T11:18:49.0916387Z #18 2.936 Get:2 http://deb.debian.org/debian trixie/main amd64 libc6 amd64 2.41-12+deb13u4 [2847 kB]
09 docker build	UNKNOWN STEP	2026-09-17T11:18:49.0917019Z #18 2.957 Get:3 http://deb.debian.org/debian trixie/main amd64 libc-bin amd64 2.41-12+deb13u4 [638 kB]
09 docker build	UNKNOWN STEP	2026-09-17T11:18:49.0917615Z #18 2.959 Get:4 http://deb.debian.org/debian trixie/main amd64 bzip2 amd64 1.0.8-6 [40.5 kB]
09 docker build	UNKNOWN STEP	2026-09-17T11:18:49.0918550Z #18 2.961 Get:5 http://deb.debian.org/debian trixie/main amd64 perl-modules-5.40 all 5.40.1-6+deb13u1 [3014 kB]
09 docker build	UNKNOWN STEP	2026-09-17T11:18:49.2104647Z #18 3.007 Get:6 http://deb.debian.org/debian trixie/main amd64 libgdbm-compat4t64 amd64 1.24-2 [50.3 kB]
09 docker build	UNKNOWN STEP	2026-09-17T11:18:49.2106222Z #18 3.009 Get:7 http://deb.debian.org/debian trixie/main amd64 libperl5.40 amd64 5.40.1-6+deb13u1 [4326 kB]
09 docker build	UNKNOWN STEP	2026-09-17T11:18:49.2107305Z #18 3.038 Get:8 http://deb.debian.org/debian trixie/main amd64 perl amd64 5.40.1-6+deb13u1 [268 kB]
09 docker build	UNKNOWN STEP	2026-09-17T11:18:49.2108399Z #18 3.039 Get:9 http://deb.debian.org/debian trixie/main amd64 xz-utils amd64 5.8.1-1+deb13u1 [659 kB]
09 docker build	UNKNOWN STEP	2026-09-17T11:18:49.2109485Z #18 3.042 Get:10 http://deb.debian.org/debian trixie/main amd64 libsframe1 amd64 2.44-3 [78.4 kB]
09 docker build	UNKNOWN STEP	2026-09-17T11:18:49.2111340Z #18 3.042 Get:11 http://deb.debian.org/debian trixie/main amd64 binutils-common amd64 2.44-3 [2509 kB]
09 docker build	UNKNOWN STEP	2026-09-17T11:18:49.2113017Z #18 3.061 Get:12 http://deb.debian.org/debian trixie/main amd64 libbinutils amd64 2.44-3 [534 kB]
09 docker build	UNKNOWN STEP	2026-09-17T11:18:49.2114282Z #18 3.063 Get:13 http://deb.debian.org/debian trixie/main amd64 libgprofng0 amd64 2.44-3 [808 kB]
09 docker build	UNKNOWN STEP	2026-09-17T11:18:49.2115494Z #18 3.066 Get:14 http://deb.debian.org/debian trixie/main amd64 libctf-nobfd0 amd64 2.44-3 [156 kB]
09 docker build	UNKNOWN STEP	2026-09-17T11:18:49.2117064Z #18 3.070 Get:15 http://deb.debian.org/debian trixie/main amd64 libctf0 amd64 2.44-3 [88.6 kB]
09 docker build	UNKNOWN STEP	2026-09-17T11:18:49.2118268Z #18 3.071 Get:16 http://deb.debian.org/debian trixie/main amd64 libjansson4 amd64 2.14-2+b3 [39.8 kB]
09 docker build	UNKNOWN STEP	2026-09-17T11:18:49.2119522Z #18 3.071 Get:17 http://deb.debian.org/debian trixie/main amd64 binutils-x86-64-linux-gnu amd64 2.44-3 [1014 kB]
09 docker build	UNKNOWN STEP	2026-09-17T11:18:49.2120902Z #18 3.075 Get:18 http://deb.debian.org/debian trixie/main amd64 binutils amd64 2.44-3 [265 kB]
09 docker build	UNKNOWN STEP	2026-09-17T11:18:49.2122175Z #18 3.080 Get:19 http://deb.debian.org/debian trixie/main amd64 libc-dev-bin amd64 2.41-12+deb13u4 [60.0 kB]
09 docker build	UNKNOWN STEP	2026-09-17T11:18:49.2123558Z #18 3.084 Get:20 http://deb.debian.org/debian trixie/main amd64 linux-libc-dev all 6.12.107-1 [2919 kB]
09 docker build	UNKNOWN STEP	2026-09-17T11:18:49.2124692Z #18 3.127 Get:21 http://deb.debian.org/debian trixie/main amd64 libcrypt-dev amd64 1:4.4.38-1 [119 kB]
09 docker build	UNKNOWN STEP	2026-09-17T11:18:49.3636802Z #18 3.128 Get:22 http://deb.debian.org/debian trixie/main amd64 rpcsvc-proto amd64 1.4.3-1 [63.3 kB]
09 docker build	UNKNOWN STEP	2026-09-17T11:18:49.3637713Z #18 3.130 Get:23 http://deb.debian.org/debian trixie/main amd64 libc6-dev amd64 2.41-12+deb13u4 [1995 kB]
09 docker build	UNKNOWN STEP	2026-09-17T11:18:49.5212778Z #18 3.438 Get:24 http://deb.debian.org/debian trixie/main amd64 libisl23 amd64 0.27-1 [659 kB]
09 docker build	UNKNOWN STEP	2026-09-17T11:18:49.6231666Z #18 3.535 Get:25 http://deb.debian.org/debian trixie/main amd64 libmpfr6 amd64 4.2.2-1 [729 kB]
09 docker build	UNKNOWN STEP	2026-09-17T11:18:49.7740095Z #18 3.539 Get:26 http://deb.debian.org/debian trixie/main amd64 libmpc3 amd64 1.3.1-1+b3 [52.2 kB]
09 docker build	UNKNOWN STEP	2026-09-17T11:18:49.7741137Z #18 3.540 Get:27 http://deb.debian.org/debian trixie/main amd64 cpp-14-x86-64-linux-gnu amd64 14.2.0-19 [11.0 MB]
09 docker build	UNKNOWN STEP	2026-09-17T11:18:50.4463205Z #18 4.363 Get:28 http://deb.debian.org/debian trixie/main amd64 cpp-14 amd64 14.2.0-19 [1280 B]
09 docker build	UNKNOWN STEP	2026-09-17T11:18:50.5519805Z #18 4.405 Get:29 http://deb.debian.org/debian trixie/main amd64 cpp-x86-64-linux-gnu amd64 4:14.2.0-1 [4840 B]
09 docker build	UNKNOWN STEP	2026-09-17T11:18:50.5520958Z #18 4.405 Get:30 http://deb.debian.org/debian trixie/main amd64 cpp amd64 4:14.2.0-1 [1568 B]
09 docker build	UNKNOWN STEP	2026-09-17T11:18:50.5522318Z #18 4.406 Get:31 http://deb.debian.org/debian trixie/main amd64 libcc1-0 amd64 14.2.0-19 [42.8 kB]
09 docker build	UNKNOWN STEP	2026-09-17T11:18:50.5523426Z #18 4.406 Get:32 http://deb.debian.org/debian trixie/main amd64 libgomp1 amd64 14.2.0-19 [137 kB]
09 docker build	UNKNOWN STEP	2026-09-17T11:18:50.5524314Z #18 4.407 Get:33 http://deb.debian.org/debian trixie/main amd64 libitm1 amd64 14.2.0-19 [26.0 kB]
09 docker build	UNKNOWN STEP	2026-09-17T11:18:50.5525473Z #18 4.410 Get:34 http://deb.debian.org/debian trixie/main amd64 libatomic1 amd64 14.2.0-19 [9308 B]
09 docker build	UNKNOWN STEP	2026-09-17T11:18:50.5526381Z #18 4.411 Get:35 http://deb.debian.org/debian trixie/main amd64 libasan8 amd64 14.2.0-19 [2725 kB]
09 docker build	UNKNOWN STEP	2026-09-17T11:18:50.5527307Z #18 4.461 Get:36 http://deb.debian.org/debian trixie/main amd64 liblsan0 amd64 14.2.0-19 [1204 kB]
09 docker build	UNKNOWN STEP	2026-09-17T11:18:50.6673585Z #18 4.468 Get:37 http://deb.debian.org/debian trixie/main amd64 libtsan2 amd64 14.2.0-19 [2460 kB]
09 docker build	UNKNOWN STEP	2026-09-17T11:18:50.6674485Z #18 4.584 Get:38 http://deb.debian.org/debian trixie/main amd64 libubsan1 amd64 14.2.0-19 [1074 kB]
09 docker build	UNKNOWN STEP	2026-09-17T11:18:50.9989227Z #18 4.716 Get:39 http://deb.debian.org/debian trixie/main amd64 libhwasan0 amd64 14.2.0-19 [1488 kB]
09 docker build	UNKNOWN STEP	2026-09-17T11:18:50.9990134Z #18 4.726 Get:40 http://deb.debian.org/debian trixie/main amd64 libquadmath0 amd64 14.2.0-19 [145 kB]
09 docker build	UNKNOWN STEP	2026-09-17T11:18:50.9990849Z #18 4.726 Get:41 http://deb.debian.org/debian trixie/main amd64 libgcc-14-dev amd64 14.2.0-19 [2672 kB]
09 docker build	UNKNOWN STEP	2026-09-17T11:18:50.9991605Z #18 4.765 Get:42 http://deb.debian.org/debian trixie/main amd64 gcc-14-x86-64-linux-gnu amd64 14.2.0-19 [21.4 MB]
09 docker build	UNKNOWN STEP	2026-09-17T11:18:51.1067307Z #18 5.023 Get:43 http://deb.debian.org/debian trixie/main amd64 gcc-14 amd64 14.2.0-19 [540 kB]
09 docker build	UNKNOWN STEP	2026-09-17T11:18:51.2594754Z #18 5.025 Get:44 http://deb.debian.org/debian trixie/main amd64 gcc-x86-64-linux-gnu amd64 4:14.2.0-1 [1436 B]
09 docker build	UNKNOWN STEP	2026-09-17T11:18:51.2595485Z #18 5.025 Get:45 http://deb.debian.org/debian trixie/main amd64 gcc amd64 4:14.2.0-1 [5136 B]
09 docker build	UNKNOWN STEP	2026-09-17T11:18:51.2596122Z #18 5.025 Get:46 http://deb.debian.org/debian trixie/main amd64 libstdc++-14-dev amd64 14.2.0-19 [2376 kB]
09 docker build	UNKNOWN STEP	2026-09-17T11:18:51.4649349Z #18 5.231 Get:47 http://deb.debian.org/debian trixie/main amd64 g++-14-x86-64-linux-gnu amd64 14.2.0-19 [12.1 MB]
09 docker build	UNKNOWN STEP	2026-09-17T11:18:51.4668771Z #18 5.383 Get:48 http://deb.debian.org/debian trixie/main amd64 g++-14 amd64 14.2.0-19 [22.5 kB]
09 docker build	UNKNOWN STEP	2026-09-17T11:18:51.6817637Z #18 5.383 Get:49 http://deb.debian.org/debian trixie/main amd64 g++-x86-64-linux-gnu amd64 4:14.2.0-1 [1200 B]
09 docker build	UNKNOWN STEP	2026-09-17T11:18:51.6819041Z #18 5.384 Get:50 http://deb.debian.org/debian trixie/main amd64 g++ amd64 4:14.2.0-1 [1344 B]
09 docker build	UNKNOWN STEP	2026-09-17T11:18:51.6819980Z #18 5.401 Get:51 http://deb.debian.org/debian trixie/main amd64 make amd64 4.4.1-2 [463 kB]
09 docker build	UNKNOWN STEP	2026-09-17T11:18:51.6821131Z #18 5.403 Get:52 http://deb.debian.org/debian trixie/main amd64 libdpkg-perl all 1.22.22 [651 kB]
09 docker build	UNKNOWN STEP	2026-09-17T11:18:51.6822382Z #18 5.405 Get:53 http://deb.debian.org/debian trixie/main amd64 patch amd64 2.8-2 [134 kB]
09 docker build	UNKNOWN STEP	2026-09-17T11:18:51.6823392Z #18 5.406 Get:54 http://deb.debian.org/debian trixie/main amd64 dpkg-dev all 1.22.22 [1337 kB]
09 docker build	UNKNOWN STEP	2026-09-17T11:18:51.6824479Z #18 5.411 Get:55 http://deb.debian.org/debian trixie/main amd64 build-essential amd64 12.12 [4624 B]
09 docker build	UNKNOWN STEP	2026-09-17T11:18:51.6825535Z #18 5.411 Get:56 http://deb.debian.org/debian trixie/main amd64 libbrotli1 amd64 1.1.0-2+b7 [307 kB]
09 docker build	UNKNOWN STEP	2026-09-17T11:18:51.6826774Z #18 5.412 Get:57 http://deb.debian.org/debian trixie/main amd64 libkrb5support0 amd64 1.21.3-5+deb13u1 [33.1 kB]
09 docker build	UNKNOWN STEP	2026-09-17T11:18:51.6827910Z #18 5.413 Get:58 http://deb.debian.org/debian trixie/main amd64 libcom-err2 amd64 1.47.2-3+b12 [25.0 kB]
09 docker build	UNKNOWN STEP	2026-09-17T11:18:51.6829021Z #18 5.414 Get:59 http://deb.debian.org/debian trixie/main amd64 libk5crypto3 amd64 1.21.3-5+deb13u1 [81.2 kB]
09 docker build	UNKNOWN STEP	2026-09-17T11:18:51.6830104Z #18 5.414 Get:60 http://deb.debian.org/debian trixie/main amd64 libkeyutils1 amd64 1.6.3-6 [9456 B]
09 docker build	UNKNOWN STEP	2026-09-17T11:18:51.6831151Z #18 5.414 Get:61 http://deb.debian.org/debian trixie/main amd64 libkrb5-3 amd64 1.21.3-5+deb13u1 [326 kB]
09 docker build	UNKNOWN STEP	2026-09-17T11:18:51.6832631Z #18 5.415 Get:62 http://deb.debian.org/debian trixie/main amd64 libgssapi-krb5-2 amd64 1.21.3-5+deb13u1 [138 kB]
09 docker build	UNKNOWN STEP	2026-09-17T11:18:51.6833837Z #18 5.415 Get:63 http://deb.debian.org/debian trixie/main amd64 libunistring5 amd64 1.3-2 [477 kB]
09 docker build	UNKNOWN STEP	2026-09-17T11:18:51.6834889Z #18 5.423 Get:64 http://deb.debian.org/debian trixie/main amd64 libidn2-0 amd64 2.3.8-2 [109 kB]
09 docker build	UNKNOWN STEP	2026-09-17T11:18:51.6835946Z #18 5.423 Get:65 http://deb.debian.org/debian trixie/main amd64 libsasl2-modules-db amd64 2.1.28+dfsg1-9 [19.8 kB]
09 docker build	UNKNOWN STEP	2026-09-17T11:18:51.6837073Z #18 5.424 Get:66 http://deb.debian.org/debian trixie/main amd64 libsasl2-2 amd64 2.1.28+dfsg1-9 [57.5 kB]
09 docker build	UNKNOWN STEP	2026-09-17T11:18:51.6838178Z #18 5.424 Get:67 http://deb.debian.org/debian trixie/main amd64 libldap2 amd64 2.6.10+dfsg-1 [194 kB]
09 docker build	UNKNOWN STEP	2026-09-17T11:18:51.6839320Z #18 5.425 Get:68 http://deb.debian.org/debian trixie/main amd64 libnghttp2-14 amd64 1.64.0-1.1+deb13u1 [76.2 kB]
09 docker build	UNKNOWN STEP	2026-09-17T11:18:51.6840453Z #18 5.425 Get:69 http://deb.debian.org/debian trixie/main amd64 libnghttp3-9 amd64 1.8.0-1 [67.7 kB]
09 docker build	UNKNOWN STEP	2026-09-17T11:18:51.6841555Z #18 5.426 Get:70 http://deb.debian.org/debian trixie/main amd64 libpsl5t64 amd64 0.21.2-1.1+b1 [57.2 kB]
09 docker build	UNKNOWN STEP	2026-09-17T11:18:51.6842781Z #18 5.426 Get:71 http://deb.debian.org/debian trixie/main amd64 libp11-kit0 amd64 0.25.5-3 [425 kB]
09 docker build	UNKNOWN STEP	2026-09-17T11:18:51.6843924Z #18 5.428 Get:72 http://deb.debian.org/debian trixie/main amd64 libtasn1-6 amd64 4.20.0-2+deb13u1 [50.1 kB]
09 docker build	UNKNOWN STEP	2026-09-17T11:18:51.6845052Z #18 5.429 Get:73 http://deb.debian.org/debian trixie/main amd64 libgnutls30t64 amd64 3.8.9-3+deb13u4 [1469 kB]
09 docker build	UNKNOWN STEP	2026-09-17T11:18:51.6846288Z #18 5.433 Get:74 http://deb.debian.org/debian trixie/main amd64 librtmp1 amd64 2.4+20151223.gitfa8646d.1-2+b5 [58.8 kB]
09 docker build	UNKNOWN STEP	2026-09-17T11:18:51.6847566Z #18 5.434 Get:75 http://deb.debian.org/debian trixie/main amd64 libssh2-1t64 amd64 1.11.1-1+deb13u2 [245 kB]
09 docker build	UNKNOWN STEP	2026-09-17T11:18:51.6848728Z #18 5.435 Get:76 http://deb.debian.org/debian trixie/main amd64 libcurl4t64 amd64 8.14.1-2+deb13u5 [391 kB]
09 docker build	UNKNOWN STEP	2026-09-17T11:18:51.6849848Z #18 5.436 Get:77 http://deb.debian.org/debian trixie/main amd64 curl amd64 8.14.1-2+deb13u5 [270 kB]
09 docker build	UNKNOWN STEP	2026-09-17T11:18:51.6851193Z #18 5.437 Get:78 http://deb.debian.org/debian trixie/main amd64 libpq5 amd64 17.11-0+deb13u1 [237 kB]
09 docker build	UNKNOWN STEP	2026-09-17T11:18:51.6852436Z #18 5.438 Get:79 http://deb.debian.org/debian trixie/main amd64 libssl-dev amd64 3.5.7-1~deb13u2 [2965 kB]
09 docker build	UNKNOWN STEP	2026-09-17T11:18:51.6853741Z #18 5.448 Get:80 http://deb.debian.org/debian trixie/main amd64 libpq-dev amd64 17.11-0+deb13u1 [159 kB]
09 docker build	UNKNOWN STEP	2026-09-17T11:18:51.8231730Z #18 5.739 debconf: unable to initialize frontend: Dialog
09 docker build	UNKNOWN STEP	2026-09-17T11:18:51.8233046Z #18 5.739 debconf: (TERM is not set, so the dialog frontend is not usable.)
09 docker build	UNKNOWN STEP	2026-09-17T11:18:51.8233530Z #18 5.739 debconf: falling back to frontend: Readline
09 docker build	UNKNOWN STEP	2026-09-17T11:18:51.9781237Z #18 5.739 debconf: unable to initialize frontend: Readline
09 docker build	UNKNOWN STEP	2026-09-17T11:18:51.9791055Z #18 5.739 debconf: (Can't locate Term/ReadLine.pm in @INC (you may need to install the Term::ReadLine module) (@INC entries checked: /etc/perl /usr/local/lib/x86_64-linux-gnu/perl/5.40.1 /usr/local/share/perl/5.40.1 /usr/lib/x86_64-linux-gnu/perl5/5.40 /usr/share/perl5 /usr/lib/x86_64-linux-gnu/perl-base /usr/lib/x86_64-linux-gnu/perl/5.40 /usr/share/perl/5.40 /usr/local/lib/site_perl) at /usr/share/perl5/Debconf/FrontEnd/Readline.pm line 8, <STDIN> line 80.)
09 docker build	UNKNOWN STEP	2026-09-17T11:18:51.9794218Z #18 5.739 debconf: falling back to frontend: Teletype
09 docker build	UNKNOWN STEP	2026-09-17T11:18:51.9794973Z #18 5.744 debconf: unable to initialize frontend: Teletype
09 docker build	UNKNOWN STEP	2026-09-17T11:18:51.9795732Z #18 5.744 debconf: (This frontend requires a controlling tty.)
09 docker build	UNKNOWN STEP	2026-09-17T11:18:51.9796412Z #18 5.744 debconf: falling back to frontend: Noninteractive
09 docker build	UNKNOWN STEP	2026-09-17T11:18:53.4887357Z #18 7.277 Preconfiguring packages ...
09 docker build	UNKNOWN STEP	2026-09-17T11:18:53.4887963Z #18 7.358 Fetched 95.9 MB in 3s (37.4 MB/s)
09 docker build	UNKNOWN STEP	2026-09-17T11:18:53.6506859Z #18 7.405 (Reading database ... 
09 docker build	UNKNOWN STEP	2026-09-17T11:18:53.6507492Z (Reading database ... 5%
09 docker build	UNKNOWN STEP	2026-09-17T11:18:53.6508153Z (Reading database ... 10%
09 docker build	UNKNOWN STEP	2026-09-17T11:18:53.6508602Z (Reading database ... 15%
09 docker build	UNKNOWN STEP	2026-09-17T11:18:53.6508957Z (Reading database ... 20%
09 docker build	UNKNOWN STEP	2026-09-17T11:18:53.6509281Z (Reading database ... 25%
09 docker build	UNKNOWN STEP	2026-09-17T11:18:53.6509620Z (Reading database ... 30%
09 docker build	UNKNOWN STEP	2026-09-17T11:18:53.6509911Z (Reading database ... 35%
09 docker build	UNKNOWN STEP	2026-09-17T11:18:53.6510249Z (Reading database ... 40%
09 docker build	UNKNOWN STEP	2026-09-17T11:18:53.6510586Z (Reading database ... 45%
09 docker build	UNKNOWN STEP	2026-09-17T11:18:53.6510918Z (Reading database ... 50%
09 docker build	UNKNOWN STEP	2026-09-17T11:18:53.6511239Z (Reading database ... 55%
09 docker build	UNKNOWN STEP	2026-09-17T11:18:53.6511527Z (Reading database ... 60%
09 docker build	UNKNOWN STEP	2026-09-17T11:18:53.6511855Z (Reading database ... 65%
09 docker build	UNKNOWN STEP	2026-09-17T11:18:53.6512472Z (Reading database ... 70%
09 docker build	UNKNOWN STEP	2026-09-17T11:18:53.6512786Z (Reading database ... 75%
09 docker build	UNKNOWN STEP	2026-09-17T11:18:53.6513122Z (Reading database ... 80%
09 docker build	UNKNOWN STEP	2026-09-17T11:18:53.6513425Z (Reading database ... 85%
09 docker build	UNKNOWN STEP	2026-09-17T11:18:53.6513771Z (Reading database ... 90%
09 docker build	UNKNOWN STEP	2026-09-17T11:18:53.6514070Z (Reading database ... 95%
09 docker build	UNKNOWN STEP	2026-09-17T11:18:53.6514368Z (Reading database ... 100%
09 docker build	UNKNOWN STEP	2026-09-17T11:18:53.6514802Z (Reading database ... 5652 files and directories currently installed.)
09 docker build	UNKNOWN STEP	2026-09-17T11:18:53.6515351Z #18 7.409 Preparing to unpack .../perl-base_5.40.1-6+deb13u1_amd64.deb ...
09 docker build	UNKNOWN STEP	2026-09-17T11:18:53.6515857Z #18 7.417 Unpacking perl-base (5.40.1-6+deb13u1) over (5.40.1-6) ...
09 docker build	UNKNOWN STEP	2026-09-17T11:18:55.4287549Z #18 9.345 Setting up perl-base (5.40.1-6+deb13u1) ...
09 docker build	UNKNOWN STEP	2026-09-17T11:18:55.5484331Z #18 9.389 (Reading database ... 
09 docker build	UNKNOWN STEP	2026-09-17T11:18:55.5487270Z (Reading database ... 5%
09 docker build	UNKNOWN STEP	2026-09-17T11:18:55.5488320Z (Reading database ... 10%
09 docker build	UNKNOWN STEP	2026-09-17T11:18:55.5489478Z (Reading database ... 15%
09 docker build	UNKNOWN STEP	2026-09-17T11:18:55.5490122Z (Reading database ... 20%
09 docker build	UNKNOWN STEP	2026-09-17T11:18:55.5490601Z (Reading database ... 25%
09 docker build	UNKNOWN STEP	2026-09-17T11:18:55.5491045Z (Reading database ... 30%
09 docker build	UNKNOWN STEP	2026-09-17T11:18:55.5491533Z (Reading database ... 35%
09 docker build	UNKNOWN STEP	2026-09-17T11:18:55.5491958Z (Reading database ... 40%
09 docker build	UNKNOWN STEP	2026-09-17T11:18:55.5492774Z (Reading database ... 45%
09 docker build	UNKNOWN STEP	2026-09-17T11:18:55.5493230Z (Reading database ... 50%
09 docker build	UNKNOWN STEP	2026-09-17T11:18:55.5493659Z (Reading database ... 55%
09 docker build	UNKNOWN STEP	2026-09-17T11:18:55.5494146Z (Reading database ... 60%
09 docker build	UNKNOWN STEP	2026-09-17T11:18:55.5494904Z (Reading database ... 65%
09 docker build	UNKNOWN STEP	2026-09-17T11:18:55.5495307Z (Reading database ... 70%
09 docker build	UNKNOWN STEP	2026-09-17T11:18:55.5495778Z (Reading database ... 75%
09 docker build	UNKNOWN STEP	2026-09-17T11:18:55.5496275Z (Reading database ... 80%
09 docker build	UNKNOWN STEP	2026-09-17T11:18:55.5496687Z (Reading database ... 85%
09 docker build	UNKNOWN STEP	2026-09-17T11:18:55.5497129Z (Reading database ... 90%
09 docker build	UNKNOWN STEP	2026-09-17T11:18:55.5497767Z (Reading database ... 95%
09 docker build	UNKNOWN STEP	2026-09-17T11:18:55.5498252Z (Reading database ... 100%
09 docker build	UNKNOWN STEP	2026-09-17T11:18:55.5498822Z (Reading database ... 5653 files and directories currently installed.)
09 docker build	UNKNOWN STEP	2026-09-17T11:18:55.5499704Z #18 9.393 Preparing to unpack .../libc6_2.41-12+deb13u4_amd64.deb ...
09 docker build	UNKNOWN STEP	2026-09-17T11:18:55.5500394Z #18 9.465 debconf: unable to initialize frontend: Dialog
09 docker build	UNKNOWN STEP	2026-09-17T11:18:55.5501096Z #18 9.465 debconf: (TERM is not set, so the dialog frontend is not usable.)
09 docker build	UNKNOWN STEP	2026-09-17T11:18:55.7714435Z #18 9.465 debconf: falling back to frontend: Readline
09 docker build	UNKNOWN STEP	2026-09-17T11:18:55.7715361Z #18 9.465 debconf: unable to initialize frontend: Readline
09 docker build	UNKNOWN STEP	2026-09-17T11:18:55.7717965Z #18 9.465 debconf: (Can't locate Term/ReadLine.pm in @INC (you may need to install the Term::ReadLine module) (@INC entries checked: /etc/perl /usr/local/lib/x86_64-linux-gnu/perl/5.40.1 /usr/local/share/perl/5.40.1 /usr/lib/x86_64-linux-gnu/perl5/5.40 /usr/share/perl5 /usr/lib/x86_64-linux-gnu/perl-base /usr/lib/x86_64-linux-gnu/perl/5.40 /usr/share/perl/5.40 /usr/local/lib/site_perl) at /usr/share/perl5/Debconf/FrontEnd/Readline.pm line 8.)
09 docker build	UNKNOWN STEP	2026-09-17T11:18:55.7720456Z #18 9.465 debconf: falling back to frontend: Teletype
09 docker build	UNKNOWN STEP	2026-09-17T11:18:55.7721159Z #18 9.470 debconf: unable to initialize frontend: Teletype
09 docker build	UNKNOWN STEP	2026-09-17T11:18:55.7721870Z #18 9.470 debconf: (This frontend requires a controlling tty.)
09 docker build	UNKNOWN STEP	2026-09-17T11:18:55.7722786Z #18 9.470 debconf: falling back to frontend: Noninteractive
09 docker build	UNKNOWN STEP	2026-09-17T11:18:55.7723844Z #18 9.537 Unpacking libc6:amd64 (2.41-12+deb13u4) over (2.41-12+deb13u3) ...
09 docker build	UNKNOWN STEP	2026-09-17T11:18:57.1458659Z #18 11.06 Setting up libc6:amd64 (2.41-12+deb13u4) ...
09 docker build	UNKNOWN STEP	2026-09-17T11:18:57.3138928Z #18 11.14 debconf: unable to initialize frontend: Dialog
09 docker build	UNKNOWN STEP	2026-09-17T11:18:57.3140247Z #18 11.14 debconf: (TERM is not set, so the dialog frontend is not usable.)
09 docker build	UNKNOWN STEP	2026-09-17T11:18:57.3140995Z #18 11.14 debconf: falling back to frontend: Readline
09 docker build	UNKNOWN STEP	2026-09-17T11:18:57.3151803Z #18 11.14 debconf: unable to initialize frontend: Readline
09 docker build	UNKNOWN STEP	2026-09-17T11:18:57.3162759Z #18 11.14 debconf: (Can't locate Term/ReadLine.pm in @INC (you may need to install the Term::ReadLine module) (@INC entries checked: /etc/perl /usr/local/lib/x86_64-linux-gnu/perl/5.40.1 /usr/local/share/perl/5.40.1 /usr/lib/x86_64-linux-gnu/perl5/5.40 /usr/share/perl5 /usr/lib/x86_64-linux-gnu/perl-base /usr/lib/x86_64-linux-gnu/perl/5.40 /usr/share/perl/5.40 /usr/local/lib/site_perl) at /usr/share/perl5/Debconf/FrontEnd/Readline.pm line 8.)
09 docker build	UNKNOWN STEP	2026-09-17T11:18:57.3170077Z #18 11.14 debconf: falling back to frontend: Teletype
09 docker build	UNKNOWN STEP	2026-09-17T11:18:57.3171023Z #18 11.15 debconf: unable to initialize frontend: Teletype
09 docker build	UNKNOWN STEP	2026-09-17T11:18:57.3171673Z #18 11.15 debconf: (This frontend requires a controlling tty.)
09 docker build	UNKNOWN STEP	2026-09-17T11:18:57.3172448Z #18 11.15 debconf: falling back to frontend: Noninteractive
09 docker build	UNKNOWN STEP	2026-09-17T11:18:57.4661780Z #18 11.23 (Reading database ... 
09 docker build	UNKNOWN STEP	2026-09-17T11:18:57.4662621Z (Reading database ... 5%
09 docker build	UNKNOWN STEP	2026-09-17T11:18:57.4662959Z (Reading database ... 10%
09 docker build	UNKNOWN STEP	2026-09-17T11:18:57.4663385Z (Reading database ... 15%
09 docker build	UNKNOWN STEP	2026-09-17T11:18:57.4663765Z (Reading database ... 20%
09 docker build	UNKNOWN STEP	2026-09-17T11:18:57.4664048Z (Reading database ... 25%
09 docker build	UNKNOWN STEP	2026-09-17T11:18:57.4664379Z (Reading database ... 30%
09 docker build	UNKNOWN STEP	2026-09-17T11:18:57.4664678Z (Reading database ... 35%
09 docker build	UNKNOWN STEP	2026-09-17T11:18:57.4664988Z (Reading database ... 40%
09 docker build	UNKNOWN STEP	2026-09-17T11:18:57.4665322Z (Reading database ... 45%
09 docker build	UNKNOWN STEP	2026-09-17T11:18:57.4665620Z (Reading database ... 50%
09 docker build	UNKNOWN STEP	2026-09-17T11:18:57.4665962Z (Reading database ... 55%
09 docker build	UNKNOWN STEP	2026-09-17T11:18:57.4666381Z (Reading database ... 60%
09 docker build	UNKNOWN STEP	2026-09-17T11:18:57.4667726Z (Reading database ... 65%
09 docker build	UNKNOWN STEP	2026-09-17T11:18:57.4668213Z (Reading database ... 70%
09 docker build	UNKNOWN STEP	2026-09-17T11:18:57.4668715Z (Reading database ... 75%
09 docker build	UNKNOWN STEP	2026-09-17T11:18:57.4669640Z (Reading database ... 80%
09 docker build	UNKNOWN STEP	2026-09-17T11:18:57.4670093Z (Reading database ... 85%
09 docker build	UNKNOWN STEP	2026-09-17T11:18:57.4670561Z (Reading database ... 90%
09 docker build	UNKNOWN STEP	2026-09-17T11:18:57.4671592Z (Reading database ... 95%
09 docker build	UNKNOWN STEP	2026-09-17T11:18:57.4674100Z (Reading database ... 100%
09 docker build	UNKNOWN STEP	2026-09-17T11:18:57.4676101Z (Reading database ... 5653 files and directories currently installed.)
09 docker build	UNKNOWN STEP	2026-09-17T11:18:57.4677159Z #18 11.24 Preparing to unpack .../libc-bin_2.41-12+deb13u4_amd64.deb ...
09 docker build	UNKNOWN STEP	2026-09-17T11:18:57.4677859Z #18 11.24 Unpacking libc-bin (2.41-12+deb13u4) over (2.41-12+deb13u3) ...
09 docker build	UNKNOWN STEP	2026-09-17T11:18:57.4678443Z #18 11.32 Setting up libc-bin (2.41-12+deb13u4) ...
09 docker build	UNKNOWN STEP	2026-09-17T11:18:57.5705621Z #18 11.38 Selecting previously unselected package bzip2.
09 docker build	UNKNOWN STEP	2026-09-17T11:18:57.5707501Z #18 11.38 (Reading database ... 
09 docker build	UNKNOWN STEP	2026-09-17T11:18:57.5709031Z (Reading database ... 5%
09 docker build	UNKNOWN STEP	2026-09-17T11:18:57.5709413Z (Reading database ... 10%
09 docker build	UNKNOWN STEP	2026-09-17T11:18:57.5710285Z (Reading database ... 15%
09 docker build	UNKNOWN STEP	2026-09-17T11:18:57.5710760Z (Reading database ... 20%
09 docker build	UNKNOWN STEP	2026-09-17T11:18:57.5711324Z (Reading database ... 25%
09 docker build	UNKNOWN STEP	2026-09-17T11:18:57.5713653Z (Reading database ... 30%
09 docker build	UNKNOWN STEP	2026-09-17T11:18:57.5714063Z (Reading database ... 35%
09 docker build	UNKNOWN STEP	2026-09-17T11:18:57.5714588Z (Reading database ... 40%
09 docker build	UNKNOWN STEP	2026-09-17T11:18:57.5714992Z (Reading database ... 45%
09 docker build	UNKNOWN STEP	2026-09-17T11:18:57.5715418Z (Reading database ... 50%
09 docker build	UNKNOWN STEP	2026-09-17T11:18:57.5715862Z (Reading database ... 55%
09 docker build	UNKNOWN STEP	2026-09-17T11:18:57.5716771Z (Reading database ... 60%
09 docker build	UNKNOWN STEP	2026-09-17T11:18:57.5717884Z (Reading database ... 65%
09 docker build	UNKNOWN STEP	2026-09-17T11:18:57.5718301Z (Reading database ... 70%
09 docker build	UNKNOWN STEP	2026-09-17T11:18:57.5718742Z (Reading database ... 75%
09 docker build	UNKNOWN STEP	2026-09-17T11:18:57.5719621Z (Reading database ... 80%
09 docker build	UNKNOWN STEP	2026-09-17T11:18:57.5720014Z (Reading database ... 85%
09 docker build	UNKNOWN STEP	2026-09-17T11:18:57.5720450Z (Reading database ... 90%
09 docker build	UNKNOWN STEP	2026-09-17T11:18:57.5720758Z (Reading database ... 95%
09 docker build	UNKNOWN STEP	2026-09-17T11:18:57.5721347Z (Reading database ... 100%
09 docker build	UNKNOWN STEP	2026-09-17T11:18:57.5722431Z (Reading database ... 5653 files and directories currently installed.)
09 docker build	UNKNOWN STEP	2026-09-17T11:18:57.5723176Z #18 11.39 Preparing to unpack .../00-bzip2_1.0.8-6_amd64.deb ...
09 docker build	UNKNOWN STEP	2026-09-17T11:18:57.5723709Z #18 11.45 Unpacking bzip2 (1.0.8-6) ...
09 docker build	UNKNOWN STEP	2026-09-17T11:18:57.5724176Z #18 11.48 Selecting previously unselected package perl-modules-5.40.
09 docker build	UNKNOWN STEP	2026-09-17T11:18:57.7230700Z #18 11.49 Preparing to unpack .../01-perl-modules-5.40_5.40.1-6+deb13u1_all.deb ...
09 docker build	UNKNOWN STEP	2026-09-17T11:18:57.7239109Z #18 11.49 Unpacking perl-modules-5.40 (5.40.1-6+deb13u1) ...
09 docker build	UNKNOWN STEP	2026-09-17T11:18:58.0750439Z #18 11.78 Selecting previously unselected package libgdbm-compat4t64:amd64.
09 docker build	UNKNOWN STEP	2026-09-17T11:18:58.0751416Z #18 11.78 Preparing to unpack .../02-libgdbm-compat4t64_1.24-2_amd64.deb ...
09 docker build	UNKNOWN STEP	2026-09-17T11:18:58.0752442Z #18 11.79 Unpacking libgdbm-compat4t64:amd64 (1.24-2) ...
09 docker build	UNKNOWN STEP	2026-09-17T11:18:58.0753145Z #18 11.83 Selecting previously unselected package libperl5.40:amd64.
09 docker build	UNKNOWN STEP	2026-09-17T11:18:58.0753998Z #18 11.83 Preparing to unpack .../03-libperl5.40_5.40.1-6+deb13u1_amd64.deb ...
09 docker build	UNKNOWN STEP	2026-09-17T11:18:58.0754783Z #18 11.83 Unpacking libperl5.40:amd64 (5.40.1-6+deb13u1) ...
09 docker build	UNKNOWN STEP	2026-09-17T11:18:58.2228105Z #18 12.14 Selecting previously unselected package perl.
09 docker build	UNKNOWN STEP	2026-09-17T11:18:58.4114461Z #18 12.14 Preparing to unpack .../04-perl_5.40.1-6+deb13u1_amd64.deb ...
09 docker build	UNKNOWN STEP	2026-09-17T11:18:58.4115156Z #18 12.14 Unpacking perl (5.40.1-6+deb13u1) ...
09 docker build	UNKNOWN STEP	2026-09-17T11:18:58.4116048Z #18 12.17 Selecting previously unselected package xz-utils.
09 docker build	UNKNOWN STEP	2026-09-17T11:18:58.4116785Z #18 12.18 Preparing to unpack .../05-xz-utils_5.8.1-1+deb13u1_amd64.deb ...
09 docker build	UNKNOWN STEP	2026-09-17T11:18:58.4117476Z #18 12.18 Unpacking xz-utils (5.8.1-1+deb13u1) ...
09 docker build	UNKNOWN STEP	2026-09-17T11:18:58.6975877Z #18 12.43 Selecting previously unselected package libsframe1:amd64.
09 docker build	UNKNOWN STEP	2026-09-17T11:18:58.6976868Z #18 12.43 Preparing to unpack .../06-libsframe1_2.44-3_amd64.deb ...
09 docker build	UNKNOWN STEP	2026-09-17T11:18:58.6977623Z #18 12.44 Unpacking libsframe1:amd64 (2.44-3) ...
09 docker build	UNKNOWN STEP	2026-09-17T11:18:58.6978231Z #18 12.46 Selecting previously unselected package binutils-common:amd64.
09 docker build	UNKNOWN STEP	2026-09-17T11:18:58.6978975Z #18 12.46 Preparing to unpack .../07-binutils-common_2.44-3_amd64.deb ...
09 docker build	UNKNOWN STEP	2026-09-17T11:18:58.7457270Z #18 12.46 Unpacking binutils-common:amd64 (2.44-3) ...
09 docker build	UNKNOWN STEP	2026-09-17T11:18:58.9666230Z #18 12.88 Selecting previously unselected package libbinutils:amd64.
09 docker build	UNKNOWN STEP	2026-09-17T11:18:59.1206938Z #18 12.88 Preparing to unpack .../08-libbinutils_2.44-3_amd64.deb ...
09 docker build	UNKNOWN STEP	2026-09-17T11:18:59.1208701Z #18 12.89 Unpacking libbinutils:amd64 (2.44-3) ...
09 docker build	UNKNOWN STEP	2026-09-17T11:18:59.2592749Z #18 13.05 Selecting previously unselected package libgprofng0:amd64.
09 docker build	UNKNOWN STEP	2026-09-17T11:18:59.2594083Z #18 13.05 Preparing to unpack .../09-libgprofng0_2.44-3_amd64.deb ...
09 docker build	UNKNOWN STEP	2026-09-17T11:18:59.2595382Z #18 13.05 Unpacking libgprofng0:amd64 (2.44-3) ...
09 docker build	UNKNOWN STEP	2026-09-17T11:18:59.2596269Z #18 13.12 Selecting previously unselected package libctf-nobfd0:amd64.
09 docker build	UNKNOWN STEP	2026-09-17T11:18:59.2597248Z #18 13.12 Preparing to unpack .../10-libctf-nobfd0_2.44-3_amd64.deb ...
09 docker build	UNKNOWN STEP	2026-09-17T11:18:59.2600357Z #18 13.13 Unpacking libctf-nobfd0:amd64 (2.44-3) ...
09 docker build	UNKNOWN STEP	2026-09-17T11:18:59.2601373Z #18 13.18 Selecting previously unselected package libctf0:amd64.
09 docker build	UNKNOWN STEP	2026-09-17T11:18:59.4573203Z #18 13.18 Preparing to unpack .../11-libctf0_2.44-3_amd64.deb ...
09 docker build	UNKNOWN STEP	2026-09-17T11:18:59.4573863Z #18 13.18 Unpacking libctf0:amd64 (2.44-3) ...
09 docker build	UNKNOWN STEP	2026-09-17T11:18:59.4574695Z #18 13.22 Selecting previously unselected package libjansson4:amd64.
09 docker build	UNKNOWN STEP	2026-09-17T11:18:59.4576156Z #18 13.22 Preparing to unpack .../12-libjansson4_2.14-2+b3_amd64.deb ...
09 docker build	UNKNOWN STEP	2026-09-17T11:18:59.4576763Z #18 13.25 Unpacking libjansson4:amd64 (2.14-2+b3) ...
09 docker build	UNKNOWN STEP	2026-09-17T11:18:59.4577329Z #18 13.27 Selecting previously unselected package binutils-x86-64-linux-gnu.
09 docker build	UNKNOWN STEP	2026-09-17T11:18:59.4577967Z #18 13.27 Preparing to unpack .../13-binutils-x86-64-linux-gnu_2.44-3_amd64.deb ...
09 docker build	UNKNOWN STEP	2026-09-17T11:18:59.4578586Z #18 13.27 Unpacking binutils-x86-64-linux-gnu (2.44-3) ...
09 docker build	UNKNOWN STEP	2026-09-17T11:18:59.6981199Z #18 13.37 Selecting previously unselected package binutils.
09 docker build	UNKNOWN STEP	2026-09-17T11:18:59.6982585Z #18 13.37 Preparing to unpack .../14-binutils_2.44-3_amd64.deb ...
09 docker build	UNKNOWN STEP	2026-09-17T11:18:59.6984147Z #18 13.38 Unpacking binutils (2.44-3) ...
09 docker build	UNKNOWN STEP	2026-09-17T11:18:59.6986512Z #18 13.43 Selecting previously unselected package libc-dev-bin.
09 docker build	UNKNOWN STEP	2026-09-17T11:18:59.6987488Z #18 13.43 Preparing to unpack .../15-libc-dev-bin_2.41-12+deb13u4_amd64.deb ...
09 docker build	UNKNOWN STEP	2026-09-17T11:18:59.6988229Z #18 13.43 Unpacking libc-dev-bin (2.41-12+deb13u4) ...
09 docker build	UNKNOWN STEP	2026-09-17T11:18:59.6988909Z #18 13.46 Selecting previously unselected package linux-libc-dev.
09 docker build	UNKNOWN STEP	2026-09-17T11:18:59.6989773Z #18 13.46 Preparing to unpack .../16-linux-libc-dev_6.12.107-1_all.deb ...
09 docker build	UNKNOWN STEP	2026-09-17T11:18:59.6990533Z #18 13.46 Unpacking linux-libc-dev (6.12.107-1) ...
09 docker build	UNKNOWN STEP	2026-09-17T11:18:59.9224875Z #18 13.73 Selecting previously unselected package libcrypt-dev:amd64.
09 docker build	UNKNOWN STEP	2026-09-17T11:18:59.9226631Z #18 13.73 Preparing to unpack .../17-libcrypt-dev_1%3a4.4.38-1_amd64.deb ...
09 docker build	UNKNOWN STEP	2026-09-17T11:18:59.9227424Z #18 13.74 Unpacking libcrypt-dev:amd64 (1:4.4.38-1) ...
09 docker build	UNKNOWN STEP	2026-09-17T11:19:00.1131139Z #18 13.84 Selecting previously unselected package rpcsvc-proto.
09 docker build	UNKNOWN STEP	2026-09-17T11:19:00.1132020Z #18 13.84 Preparing to unpack .../18-rpcsvc-proto_1.4.3-1_amd64.deb ...
09 docker build	UNKNOWN STEP	2026-09-17T11:19:00.1132771Z #18 13.84 Unpacking rpcsvc-proto (1.4.3-1) ...
09 docker build	UNKNOWN STEP	2026-09-17T11:19:00.1133195Z #18 13.87 Selecting previously unselected package libc6-dev:amd64.
09 docker build	UNKNOWN STEP	2026-09-17T11:19:00.1133809Z #18 13.88 Preparing to unpack .../19-libc6-dev_2.41-12+deb13u4_amd64.deb ...
09 docker build	UNKNOWN STEP	2026-09-17T11:19:00.1134286Z #18 13.88 Unpacking libc6-dev:amd64 (2.41-12+deb13u4) ...
09 docker build	UNKNOWN STEP	2026-09-17T11:19:00.1883379Z #18 14.10 Selecting previously unselected package libisl23:amd64.
09 docker build	UNKNOWN STEP	2026-09-17T11:19:00.3436779Z #18 14.11 Preparing to unpack .../20-libisl23_0.27-1_amd64.deb ...
09 docker build	UNKNOWN STEP	2026-09-17T11:19:00.3437529Z #18 14.11 Unpacking libisl23:amd64 (0.27-1) ...
09 docker build	UNKNOWN STEP	2026-09-17T11:19:00.5609931Z #18 14.48 Selecting previously unselected package libmpfr6:amd64.
09 docker build	UNKNOWN STEP	2026-09-17T11:19:00.7783640Z #18 14.48 Preparing to unpack .../21-libmpfr6_4.2.2-1_amd64.deb ...
09 docker build	UNKNOWN STEP	2026-09-17T11:19:00.7784412Z #18 14.48 Unpacking libmpfr6:amd64 (4.2.2-1) ...
09 docker build	UNKNOWN STEP	2026-09-17T11:19:00.7784925Z #18 14.52 Selecting previously unselected package libmpc3:amd64.
09 docker build	UNKNOWN STEP	2026-09-17T11:19:00.7785663Z #18 14.52 Preparing to unpack .../22-libmpc3_1.3.1-1+b3_amd64.deb ...
09 docker build	UNKNOWN STEP	2026-09-17T11:19:00.7786131Z #18 14.52 Unpacking libmpc3:amd64 (1.3.1-1+b3) ...
09 docker build	UNKNOWN STEP	2026-09-17T11:19:00.7786592Z #18 14.54 Selecting previously unselected package cpp-14-x86-64-linux-gnu.
09 docker build	UNKNOWN STEP	2026-09-17T11:19:00.7787123Z #18 14.54 Preparing to unpack .../23-cpp-14-x86-64-linux-gnu_14.2.0-19_amd64.deb ...
09 docker build	UNKNOWN STEP	2026-09-17T11:19:00.7787802Z #18 14.54 Unpacking cpp-14-x86-64-linux-gnu (14.2.0-19) ...
09 docker build	UNKNOWN STEP	2026-09-17T11:19:01.3310271Z #18 15.11 Selecting previously unselected package cpp-14.
09 docker build	UNKNOWN STEP	2026-09-17T11:19:01.3311487Z #18 15.11 Preparing to unpack .../24-cpp-14_14.2.0-19_amd64.deb ...
09 docker build	UNKNOWN STEP	2026-09-17T11:19:01.4528522Z #18 15.25 Unpacking cpp-14 (14.2.0-19) ...
09 docker build	UNKNOWN STEP	2026-09-17T11:19:01.4529565Z #18 15.27 Selecting previously unselected package cpp-x86-64-linux-gnu.
09 docker build	UNKNOWN STEP	2026-09-17T11:19:01.4531428Z #18 15.28 Preparing to unpack .../25-cpp-x86-64-linux-gnu_4%3a14.2.0-1_amd64.deb ...
09 docker build	UNKNOWN STEP	2026-09-17T11:19:01.4532735Z #18 15.28 Unpacking cpp-x86-64-linux-gnu (4:14.2.0-1) ...
09 docker build	UNKNOWN STEP	2026-09-17T11:19:01.4533448Z #18 15.30 Selecting previously unselected package cpp.
09 docker build	UNKNOWN STEP	2026-09-17T11:19:01.4534153Z #18 15.30 Preparing to unpack .../26-cpp_4%3a14.2.0-1_amd64.deb ...
09 docker build	UNKNOWN STEP	2026-09-17T11:19:01.4534882Z #18 15.31 Unpacking cpp (4:14.2.0-1) ...
09 docker build	UNKNOWN STEP	2026-09-17T11:19:01.4535504Z #18 15.32 Selecting previously unselected package libcc1-0:amd64.
09 docker build	UNKNOWN STEP	2026-09-17T11:19:01.4538636Z #18 15.32 Preparing to unpack .../27-libcc1-0_14.2.0-19_amd64.deb ...
09 docker build	UNKNOWN STEP	2026-09-17T11:19:01.4539573Z #18 15.32 Unpacking libcc1-0:amd64 (14.2.0-19) ...
09 docker build	UNKNOWN STEP	2026-09-17T11:19:01.4541584Z #18 15.34 Selecting previously unselected package libgomp1:amd64.
09 docker build	UNKNOWN STEP	2026-09-17T11:19:01.4542702Z #18 15.34 Preparing to unpack .../28-libgomp1_14.2.0-19_amd64.deb ...
09 docker build	UNKNOWN STEP	2026-09-17T11:19:01.4543437Z #18 15.35 Unpacking libgomp1:amd64 (14.2.0-19) ...
09 docker build	UNKNOWN STEP	2026-09-17T11:19:01.4544140Z #18 15.37 Selecting previously unselected package libitm1:amd64.
09 docker build	UNKNOWN STEP	2026-09-17T11:19:01.6515612Z #18 15.37 Preparing to unpack .../29-libitm1_14.2.0-19_amd64.deb ...
09 docker build	UNKNOWN STEP	2026-09-17T11:19:01.6516742Z #18 15.37 Unpacking libitm1:amd64 (14.2.0-19) ...
09 docker build	UNKNOWN STEP	2026-09-17T11:19:01.6517507Z #18 15.39 Selecting previously unselected package libatomic1:amd64.
09 docker build	UNKNOWN STEP	2026-09-17T11:19:01.6518564Z #18 15.39 Preparing to unpack .../30-libatomic1_14.2.0-19_amd64.deb ...
09 docker build	UNKNOWN STEP	2026-09-17T11:19:01.6519422Z #18 15.40 Unpacking libatomic1:amd64 (14.2.0-19) ...
09 docker build	UNKNOWN STEP	2026-09-17T11:19:01.6521007Z #18 15.41 Selecting previously unselected package libasan8:amd64.
09 docker build	UNKNOWN STEP	2026-09-17T11:19:01.6522001Z #18 15.41 Preparing to unpack .../31-libasan8_14.2.0-19_amd64.deb ...
09 docker build	UNKNOWN STEP	2026-09-17T11:19:01.6523076Z #18 15.42 Unpacking libasan8:amd64 (14.2.0-19) ...
09 docker build	UNKNOWN STEP	2026-09-17T11:19:01.8191556Z #18 15.58 Selecting previously unselected package liblsan0:amd64.
09 docker build	UNKNOWN STEP	2026-09-17T11:19:01.8192246Z #18 15.58 Preparing to unpack .../32-liblsan0_14.2.0-19_amd64.deb ...
09 docker build	UNKNOWN STEP	2026-09-17T11:19:01.8192913Z #18 15.59 Unpacking liblsan0:amd64 (14.2.0-19) ...
09 docker build	UNKNOWN STEP	2026-09-17T11:19:01.8316155Z #18 15.75 Selecting previously unselected package libtsan2:amd64.
09 docker build	UNKNOWN STEP	2026-09-17T11:19:01.9855500Z #18 15.75 Preparing to unpack .../33-libtsan2_14.2.0-19_amd64.deb ...
09 docker build	UNKNOWN STEP	2026-09-17T11:19:01.9856078Z #18 15.75 Unpacking libtsan2:amd64 (14.2.0-19) ...
09 docker build	UNKNOWN STEP	2026-09-17T11:19:02.4365068Z #18 16.11 Selecting previously unselected package libubsan1:amd64.
09 docker build	UNKNOWN STEP	2026-09-17T11:19:02.4366004Z #18 16.12 Preparing to unpack .../34-libubsan1_14.2.0-19_amd64.deb ...
09 docker build	UNKNOWN STEP	2026-09-17T11:19:02.4366699Z #18 16.12 Unpacking libubsan1:amd64 (14.2.0-19) ...
09 docker build	UNKNOWN STEP	2026-09-17T11:19:02.4367451Z #18 16.20 Selecting previously unselected package libhwasan0:amd64.
09 docker build	UNKNOWN STEP	2026-09-17T11:19:02.4368239Z #18 16.20 Preparing to unpack .../35-libhwasan0_14.2.0-19_amd64.deb ...
09 docker build	UNKNOWN STEP	2026-09-17T11:19:02.4368964Z #18 16.20 Unpacking libhwasan0:amd64 (14.2.0-19) ...
09 docker build	UNKNOWN STEP	2026-09-17T11:19:02.5230671Z #18 16.44 Selecting previously unselected package libquadmath0:amd64.
09 docker build	UNKNOWN STEP	2026-09-17T11:19:02.7231786Z #18 16.44 Preparing to unpack .../36-libquadmath0_14.2.0-19_amd64.deb ...
09 docker build	UNKNOWN STEP	2026-09-17T11:19:02.7232587Z #18 16.44 Unpacking libquadmath0:amd64 (14.2.0-19) ...
09 docker build	UNKNOWN STEP	2026-09-17T11:19:02.7233025Z #18 16.49 Selecting previously unselected package libgcc-14-dev:amd64.
09 docker build	UNKNOWN STEP	2026-09-17T11:19:02.7684663Z #18 16.49 Preparing to unpack .../37-libgcc-14-dev_14.2.0-19_amd64.deb ...
09 docker build	UNKNOWN STEP	2026-09-17T11:19:02.7685252Z #18 16.49 Unpacking libgcc-14-dev:amd64 (14.2.0-19) ...
09 docker build	UNKNOWN STEP	2026-09-17T11:19:02.8027268Z #18 16.72 Selecting previously unselected package gcc-14-x86-64-linux-gnu.
09 docker build	UNKNOWN STEP	2026-09-17T11:19:02.9556249Z #18 16.72 Preparing to unpack .../38-gcc-14-x86-64-linux-gnu_14.2.0-19_amd64.deb ...
09 docker build	UNKNOWN STEP	2026-09-17T11:19:02.9557370Z #18 16.72 Unpacking gcc-14-x86-64-linux-gnu (14.2.0-19) ...
09 docker build	UNKNOWN STEP	2026-09-17T11:19:03.5434543Z #18 17.46 Selecting previously unselected package gcc-14.
09 docker build	UNKNOWN STEP	2026-09-17T11:19:03.6833332Z #18 17.46 Preparing to unpack .../39-gcc-14_14.2.0-19_amd64.deb ...
09 docker build	UNKNOWN STEP	2026-09-17T11:19:03.6834293Z #18 17.60 Unpacking gcc-14 (14.2.0-19) ...
09 docker build	UNKNOWN STEP	2026-09-17T11:19:03.7888194Z #18 17.63 Selecting previously unselected package gcc-x86-64-linux-gnu.
09 docker build	UNKNOWN STEP	2026-09-17T11:19:03.7889851Z #18 17.63 Preparing to unpack .../40-gcc-x86-64-linux-gnu_4%3a14.2.0-1_amd64.deb ...
09 docker build	UNKNOWN STEP	2026-09-17T11:19:03.9835422Z #18 17.70 Unpacking gcc-x86-64-linux-gnu (4:14.2.0-1) ...
09 docker build	UNKNOWN STEP	2026-09-17T11:19:03.9835966Z #18 17.73 Selecting previously unselected package gcc.
09 docker build	UNKNOWN STEP	2026-09-17T11:19:03.9836545Z #18 17.73 Preparing to unpack .../41-gcc_4%3a14.2.0-1_amd64.deb ...
09 docker build	UNKNOWN STEP	2026-09-17T11:19:03.9836972Z #18 17.73 Unpacking gcc (4:14.2.0-1) ...
09 docker build	UNKNOWN STEP	2026-09-17T11:19:03.9837466Z #18 17.75 Selecting previously unselected package libstdc++-14-dev:amd64.
09 docker build	UNKNOWN STEP	2026-09-17T11:19:03.9838058Z #18 17.75 Preparing to unpack .../42-libstdc++-14-dev_14.2.0-19_amd64.deb ...
09 docker build	UNKNOWN STEP	2026-09-17T11:19:03.9838540Z #18 17.75 Unpacking libstdc++-14-dev:amd64 (14.2.0-19) ...
09 docker build	UNKNOWN STEP	2026-09-17T11:19:04.2673790Z #18 17.97 Selecting previously unselected package g++-14-x86-64-linux-gnu.
09 docker build	UNKNOWN STEP	2026-09-17T11:19:04.2676381Z #18 17.97 Preparing to unpack .../43-g++-14-x86-64-linux-gnu_14.2.0-19_amd64.deb ...
09 docker build	UNKNOWN STEP	2026-09-17T11:19:04.2677914Z #18 18.03 Unpacking g++-14-x86-64-linux-gnu (14.2.0-19) ...
09 docker build	UNKNOWN STEP	2026-09-17T11:19:05.0956976Z #18 18.78 Selecting previously unselected package g++-14.
09 docker build	UNKNOWN STEP	2026-09-17T11:19:05.0958179Z #18 18.78 Preparing to unpack .../44-g++-14_14.2.0-19_amd64.deb ...
09 docker build	UNKNOWN STEP	2026-09-17T11:19:05.0958838Z #18 18.78 Unpacking g++-14 (14.2.0-19) ...
09 docker build	UNKNOWN STEP	2026-09-17T11:19:05.0959461Z #18 18.80 Selecting previously unselected package g++-x86-64-linux-gnu.
09 docker build	UNKNOWN STEP	2026-09-17T11:19:05.0960414Z #18 18.80 Preparing to unpack .../45-g++-x86-64-linux-gnu_4%3a14.2.0-1_amd64.deb ...
09 docker build	UNKNOWN STEP	2026-09-17T11:19:05.0961243Z #18 18.80 Unpacking g++-x86-64-linux-gnu (4:14.2.0-1) ...
09 docker build	UNKNOWN STEP	2026-09-17T11:19:05.0961993Z #18 18.84 Selecting previously unselected package g++.
09 docker build	UNKNOWN STEP	2026-09-17T11:19:05.0962857Z #18 18.84 Preparing to unpack .../46-g++_4%3a14.2.0-1_amd64.deb ...
09 docker build	UNKNOWN STEP	2026-09-17T11:19:05.0963469Z #18 18.85 Unpacking g++ (4:14.2.0-1) ...
09 docker build	UNKNOWN STEP	2026-09-17T11:19:05.0964012Z #18 18.86 Selecting previously unselected package make.
09 docker build	UNKNOWN STEP	2026-09-17T11:19:05.0964754Z #18 18.86 Preparing to unpack .../47-make_4.4.1-2_amd64.deb ...
09 docker build	UNKNOWN STEP	2026-09-17T11:19:05.0965393Z #18 18.86 Unpacking make (4.4.1-2) ...
09 docker build	UNKNOWN STEP	2026-09-17T11:19:05.3188682Z #18 19.12 Selecting previously unselected package libdpkg-perl.
09 docker build	UNKNOWN STEP	2026-09-17T11:19:05.3189868Z #18 19.12 Preparing to unpack .../48-libdpkg-perl_1.22.22_all.deb ...
09 docker build	UNKNOWN STEP	2026-09-17T11:19:05.3190626Z #18 19.12 Unpacking libdpkg-perl (1.22.22) ...
09 docker build	UNKNOWN STEP	2026-09-17T11:19:05.3191234Z #18 19.24 Selecting previously unselected package patch.
09 docker build	UNKNOWN STEP	2026-09-17T11:19:05.4450395Z #18 19.24 Preparing to unpack .../49-patch_2.8-2_amd64.deb ...
09 docker build	UNKNOWN STEP	2026-09-17T11:19:05.4451380Z #18 19.24 Unpacking patch (2.8-2) ...
09 docker build	UNKNOWN STEP	2026-09-17T11:19:05.4452478Z #18 19.27 Selecting previously unselected package dpkg-dev.
09 docker build	UNKNOWN STEP	2026-09-17T11:19:05.4453322Z #18 19.27 Preparing to unpack .../50-dpkg-dev_1.22.22_all.deb ...
09 docker build	UNKNOWN STEP	2026-09-17T11:19:05.4454009Z #18 19.27 Unpacking dpkg-dev (1.22.22) ...
09 docker build	UNKNOWN STEP	2026-09-17T11:19:05.4454691Z #18 19.36 Selecting previously unselected package build-essential.
09 docker build	UNKNOWN STEP	2026-09-17T11:19:05.5640765Z #18 19.36 Preparing to unpack .../51-build-essential_12.12_amd64.deb ...
09 docker build	UNKNOWN STEP	2026-09-17T11:19:05.5641481Z #18 19.36 Unpacking build-essential (12.12) ...
09 docker build	UNKNOWN STEP	2026-09-17T11:19:05.5642647Z #18 19.42 Selecting previously unselected package libbrotli1:amd64.
09 docker build	UNKNOWN STEP	2026-09-17T11:19:05.5643628Z #18 19.42 Preparing to unpack .../52-libbrotli1_1.1.0-2+b7_amd64.deb ...
09 docker build	UNKNOWN STEP	2026-09-17T11:19:05.5644264Z #18 19.42 Unpacking libbrotli1:amd64 (1.1.0-2+b7) ...
09 docker build	UNKNOWN STEP	2026-09-17T11:19:05.5644869Z #18 19.46 Selecting previously unselected package libkrb5support0:amd64.
09 docker build	UNKNOWN STEP	2026-09-17T11:19:05.5645731Z #18 19.46 Preparing to unpack .../53-libkrb5support0_1.21.3-5+deb13u1_amd64.deb ...
09 docker build	UNKNOWN STEP	2026-09-17T11:19:05.5646396Z #18 19.46 Unpacking libkrb5support0:amd64 (1.21.3-5+deb13u1) ...
09 docker build	UNKNOWN STEP	2026-09-17T11:19:05.7368347Z #18 19.48 Selecting previously unselected package libcom-err2:amd64.
09 docker build	UNKNOWN STEP	2026-09-17T11:19:05.7369453Z #18 19.48 Preparing to unpack .../54-libcom-err2_1.47.2-3+b12_amd64.deb ...
09 docker build	UNKNOWN STEP	2026-09-17T11:19:05.7369968Z #18 19.48 Unpacking libcom-err2:amd64 (1.47.2-3+b12) ...
09 docker build	UNKNOWN STEP	2026-09-17T11:19:05.7370438Z #18 19.50 Selecting previously unselected package libk5crypto3:amd64.
09 docker build	UNKNOWN STEP	2026-09-17T11:19:05.7370968Z #18 19.50 Preparing to unpack .../55-libk5crypto3_1.21.3-5+deb13u1_amd64.deb ...
09 docker build	UNKNOWN STEP	2026-09-17T11:19:05.7559002Z #18 19.67 Unpacking libk5crypto3:amd64 (1.21.3-5+deb13u1) ...
09 docker build	UNKNOWN STEP	2026-09-17T11:19:06.5320377Z #18 20.45 Selecting previously unselected package libkeyutils1:amd64.
09 docker build	UNKNOWN STEP	2026-09-17T11:19:06.6727690Z #18 20.45 Preparing to unpack .../56-libkeyutils1_1.6.3-6_amd64.deb ...
09 docker build	UNKNOWN STEP	2026-09-17T11:19:06.8230981Z #18 20.59 Unpacking libkeyutils1:amd64 (1.6.3-6) ...
09 docker build	UNKNOWN STEP	2026-09-17T11:19:07.8361237Z #18 21.75 Selecting previously unselected package libkrb5-3:amd64.
09 docker build	UNKNOWN STEP	2026-09-17T11:19:07.9901404Z #18 21.75 Preparing to unpack .../57-libkrb5-3_1.21.3-5+deb13u1_amd64.deb ...
09 docker build	UNKNOWN STEP	2026-09-17T11:19:07.9902752Z #18 21.76 Unpacking libkrb5-3:amd64 (1.21.3-5+deb13u1) ...
09 docker build	UNKNOWN STEP	2026-09-17T11:19:08.7490196Z #18 22.67 Selecting previously unselected package libgssapi-krb5-2:amd64.
09 docker build	UNKNOWN STEP	2026-09-17T11:19:08.9471790Z #18 22.67 Preparing to unpack .../58-libgssapi-krb5-2_1.21.3-5+deb13u1_amd64.deb ...
09 docker build	UNKNOWN STEP	2026-09-17T11:19:08.9473123Z #18 22.71 Unpacking libgssapi-krb5-2:amd64 (1.21.3-5+deb13u1) ...
09 docker build	UNKNOWN STEP	2026-09-17T11:19:09.1403898Z #18 22.88 Selecting previously unselected package libunistring5:amd64.
09 docker build	UNKNOWN STEP	2026-09-17T11:19:09.1404657Z #18 22.88 Preparing to unpack .../59-libunistring5_1.3-2_amd64.deb ...
09 docker build	UNKNOWN STEP	2026-09-17T11:19:09.1405105Z #18 22.91 Unpacking libunistring5:amd64 (1.3-2) ...
09 docker build	UNKNOWN STEP	2026-09-17T11:19:09.6199863Z #18 23.54 Selecting previously unselected package libidn2-0:amd64.
09 docker build	UNKNOWN STEP	2026-09-17T11:19:09.8061553Z #18 23.54 Preparing to unpack .../60-libidn2-0_2.3.8-2_amd64.deb ...
09 docker build	UNKNOWN STEP	2026-09-17T11:19:09.8062832Z #18 23.55 Unpacking libidn2-0:amd64 (2.3.8-2) ...
09 docker build	UNKNOWN STEP	2026-09-17T11:19:09.8063696Z #18 23.57 Selecting previously unselected package libsasl2-modules-db:amd64.
09 docker build	UNKNOWN STEP	2026-09-17T11:19:09.8065017Z #18 23.57 Preparing to unpack .../61-libsasl2-modules-db_2.1.28+dfsg1-9_amd64.deb ...
09 docker build	UNKNOWN STEP	2026-09-17T11:19:09.8065874Z #18 23.57 Unpacking libsasl2-modules-db:amd64 (2.1.28+dfsg1-9) ...
09 docker build	UNKNOWN STEP	2026-09-17T11:19:09.8066437Z #18 23.58 Selecting previously unselected package libsasl2-2:amd64.
09 docker build	UNKNOWN STEP	2026-09-17T11:19:09.8067029Z #18 23.58 Preparing to unpack .../62-libsasl2-2_2.1.28+dfsg1-9_amd64.deb ...
09 docker build	UNKNOWN STEP	2026-09-17T11:19:09.8067608Z #18 23.59 Unpacking libsasl2-2:amd64 (2.1.28+dfsg1-9) ...
09 docker build	UNKNOWN STEP	2026-09-17T11:19:09.8068098Z #18 23.62 Selecting previously unselected package libldap2:amd64.
09 docker build	UNKNOWN STEP	2026-09-17T11:19:09.8068687Z #18 23.62 Preparing to unpack .../63-libldap2_2.6.10+dfsg-1_amd64.deb ...
09 docker build	UNKNOWN STEP	2026-09-17T11:19:09.8069392Z #18 23.62 Unpacking libldap2:amd64 (2.6.10+dfsg-1) ...
09 docker build	UNKNOWN STEP	2026-09-17T11:19:09.8069956Z #18 23.72 Selecting previously unselected package libnghttp2-14:amd64.
09 docker build	UNKNOWN STEP	2026-09-17T11:19:09.9068931Z #18 23.72 Preparing to unpack .../64-libnghttp2-14_1.64.0-1.1+deb13u1_amd64.deb ...
09 docker build	UNKNOWN STEP	2026-09-17T11:19:09.9069654Z #18 23.73 Unpacking libnghttp2-14:amd64 (1.64.0-1.1+deb13u1) ...
09 docker build	UNKNOWN STEP	2026-09-17T11:19:09.9070142Z #18 23.75 Selecting previously unselected package libnghttp3-9:amd64.
09 docker build	UNKNOWN STEP	2026-09-17T11:19:09.9070637Z #18 23.75 Preparing to unpack .../65-libnghttp3-9_1.8.0-1_amd64.deb ...
09 docker build	UNKNOWN STEP	2026-09-17T11:19:09.9071093Z #18 23.75 Unpacking libnghttp3-9:amd64 (1.8.0-1) ...
09 docker build	UNKNOWN STEP	2026-09-17T11:19:09.9071571Z #18 23.80 Selecting previously unselected package libpsl5t64:amd64.
09 docker build	UNKNOWN STEP	2026-09-17T11:19:09.9072668Z #18 23.80 Preparing to unpack .../66-libpsl5t64_0.21.2-1.1+b1_amd64.deb ...
09 docker build	UNKNOWN STEP	2026-09-17T11:19:09.9073136Z #18 23.80 Unpacking libpsl5t64:amd64 (0.21.2-1.1+b1) ...
09 docker build	UNKNOWN STEP	2026-09-17T11:19:09.9073588Z #18 23.82 Selecting previously unselected package libp11-kit0:amd64.
09 docker build	UNKNOWN STEP	2026-09-17T11:19:09.9074222Z #18 23.82 Preparing to unpack .../67-libp11-kit0_0.25.5-3_amd64.deb ...
09 docker build	UNKNOWN STEP	2026-09-17T11:19:09.9074669Z #18 23.82 Unpacking libp11-kit0:amd64 (0.25.5-3) ...
09 docker build	UNKNOWN STEP	2026-09-17T11:19:10.0441650Z #18 23.86 Selecting previously unselected package libtasn1-6:amd64.
09 docker build	UNKNOWN STEP	2026-09-17T11:19:10.0442683Z #18 23.86 Preparing to unpack .../68-libtasn1-6_4.20.0-2+deb13u1_amd64.deb ...
09 docker build	UNKNOWN STEP	2026-09-17T11:19:10.0443487Z #18 23.86 Unpacking libtasn1-6:amd64 (4.20.0-2+deb13u1) ...
09 docker build	UNKNOWN STEP	2026-09-17T11:19:10.0444020Z #18 23.89 Selecting previously unselected package libgnutls30t64:amd64.
09 docker build	UNKNOWN STEP	2026-09-17T11:19:10.0444544Z #18 23.90 Preparing to unpack .../69-libgnutls30t64_3.8.9-3+deb13u4_amd64.deb ...
09 docker build	UNKNOWN STEP	2026-09-17T11:19:10.0445091Z #18 23.90 Unpacking libgnutls30t64:amd64 (3.8.9-3+deb13u4) ...
09 docker build	UNKNOWN STEP	2026-09-17T11:19:10.2146634Z #18 23.96 Selecting previously unselected package librtmp1:amd64.
09 docker build	UNKNOWN STEP	2026-09-17T11:19:10.2147710Z #18 23.96 Preparing to unpack .../70-librtmp1_2.4+20151223.gitfa8646d.1-2+b5_amd64.deb ...
09 docker build	UNKNOWN STEP	2026-09-17T11:19:10.2148732Z #18 23.96 Unpacking librtmp1:amd64 (2.4+20151223.gitfa8646d.1-2+b5) ...
09 docker build	UNKNOWN STEP	2026-09-17T11:19:10.2149482Z #18 24.01 Selecting previously unselected package libssh2-1t64:amd64.
09 docker build	UNKNOWN STEP	2026-09-17T11:19:10.2150301Z #18 24.01 Preparing to unpack .../71-libssh2-1t64_1.11.1-1+deb13u2_amd64.deb ...
09 docker build	UNKNOWN STEP	2026-09-17T11:19:10.2151147Z #18 24.01 Unpacking libssh2-1t64:amd64 (1.11.1-1+deb13u2) ...
09 docker build	UNKNOWN STEP	2026-09-17T11:19:10.2151886Z #18 24.03 Selecting previously unselected package libcurl4t64:amd64.
09 docker build	UNKNOWN STEP	2026-09-17T11:19:10.2152719Z #18 24.04 Preparing to unpack .../72-libcurl4t64_8.14.1-2+deb13u5_amd64.deb ...
09 docker build	UNKNOWN STEP	2026-09-17T11:19:10.2153520Z #18 24.04 Unpacking libcurl4t64:amd64 (8.14.1-2+deb13u5) ...
09 docker build	UNKNOWN STEP	2026-09-17T11:19:10.2154280Z #18 24.13 Selecting previously unselected package curl.
09 docker build	UNKNOWN STEP	2026-09-17T11:19:10.4253428Z #18 24.13 Preparing to unpack .../73-curl_8.14.1-2+deb13u5_amd64.deb ...
09 docker build	UNKNOWN STEP	2026-09-17T11:19:10.4254149Z #18 24.13 Unpacking curl (8.14.1-2+deb13u5) ...
09 docker build	UNKNOWN STEP	2026-09-17T11:19:10.4254744Z #18 24.16 Selecting previously unselected package libpq5:amd64.
09 docker build	UNKNOWN STEP	2026-09-17T11:19:10.4255262Z #18 24.16 Preparing to unpack .../74-libpq5_17.11-0+deb13u1_amd64.deb ...
09 docker build	UNKNOWN STEP	2026-09-17T11:19:10.4255694Z #18 24.16 Unpacking libpq5:amd64 (17.11-0+deb13u1) ...
09 docker build	UNKNOWN STEP	2026-09-17T11:19:10.4256212Z #18 24.19 Selecting previously unselected package libssl-dev:amd64.
09 docker build	UNKNOWN STEP	2026-09-17T11:19:10.4256742Z #18 24.19 Preparing to unpack .../75-libssl-dev_3.5.7-1~deb13u2_amd64.deb ...
09 docker build	UNKNOWN STEP	2026-09-17T11:19:10.4257234Z #18 24.19 Unpacking libssl-dev:amd64 (3.5.7-1~deb13u2) ...
09 docker build	UNKNOWN STEP	2026-09-17T11:19:10.4352688Z #18 24.35 Selecting previously unselected package libpq-dev.
09 docker build	UNKNOWN STEP	2026-09-17T11:19:10.5883517Z #18 24.35 Preparing to unpack .../76-libpq-dev_17.11-0+deb13u1_amd64.deb ...
09 docker build	UNKNOWN STEP	2026-09-17T11:19:10.5884092Z #18 24.35 Unpacking libpq-dev (17.11-0+deb13u1) ...
09 docker build	UNKNOWN STEP	2026-09-17T11:19:10.5884609Z #18 24.39 Setting up libkeyutils1:amd64 (1.6.3-6) ...
09 docker build	UNKNOWN STEP	2026-09-17T11:19:10.5885048Z #18 24.40 Setting up libgdbm-compat4t64:amd64 (1.24-2) ...
09 docker build	UNKNOWN STEP	2026-09-17T11:19:10.5885486Z #18 24.40 Setting up libbrotli1:amd64 (1.1.0-2+b7) ...
09 docker build	UNKNOWN STEP	2026-09-17T11:19:10.5885974Z #18 24.40 Setting up binutils-common:amd64 (2.44-3) ...
09 docker build	UNKNOWN STEP	2026-09-17T11:19:10.5886405Z #18 24.40 Setting up libnghttp2-14:amd64 (1.64.0-1.1+deb13u1) ...
09 docker build	UNKNOWN STEP	2026-09-17T11:19:10.5886878Z #18 24.41 Setting up linux-libc-dev (6.12.107-1) ...
09 docker build	UNKNOWN STEP	2026-09-17T11:19:10.5887293Z #18 24.41 Setting up libctf-nobfd0:amd64 (2.44-3) ...
09 docker build	UNKNOWN STEP	2026-09-17T11:19:10.5887688Z #18 24.41 Setting up libcom-err2:amd64 (1.47.2-3+b12) ...
09 docker build	UNKNOWN STEP	2026-09-17T11:19:10.5888131Z #18 24.42 Setting up libgomp1:amd64 (14.2.0-19) ...
09 docker build	UNKNOWN STEP	2026-09-17T11:19:10.5888494Z #18 24.42 Setting up bzip2 (1.0.8-6) ...
09 docker build	UNKNOWN STEP	2026-09-17T11:19:10.5888843Z #18 24.43 Setting up libsframe1:amd64 (2.44-3) ...
09 docker build	UNKNOWN STEP	2026-09-17T11:19:10.5889492Z #18 24.43 Setting up libjansson4:amd64 (2.14-2+b3) ...
09 docker build	UNKNOWN STEP	2026-09-17T11:19:10.5890027Z #18 24.43 Setting up libkrb5support0:amd64 (1.21.3-5+deb13u1) ...
09 docker build	UNKNOWN STEP	2026-09-17T11:19:10.5890560Z #18 24.44 Setting up libsasl2-modules-db:amd64 (2.1.28+dfsg1-9) ...
09 docker build	UNKNOWN STEP	2026-09-17T11:19:10.5890987Z #18 24.44 Setting up rpcsvc-proto (1.4.3-1) ...
09 docker build	UNKNOWN STEP	2026-09-17T11:19:10.5891441Z #18 24.45 Setting up make (4.4.1-2) ...
09 docker build	UNKNOWN STEP	2026-09-17T11:19:10.7415347Z #18 24.50 Setting up libmpfr6:amd64 (4.2.2-1) ...
09 docker build	UNKNOWN STEP	2026-09-17T11:19:10.7415992Z #18 24.51 Setting up xz-utils (5.8.1-1+deb13u1) ...
09 docker build	UNKNOWN STEP	2026-09-17T11:19:10.7416831Z #18 24.55 update-alternatives: using /usr/bin/xz to provide /usr/bin/lzma (lzma) in auto mode
09 docker build	UNKNOWN STEP	2026-09-17T11:19:10.7417771Z #18 24.55 update-alternatives: warning: skip creation of /usr/share/man/man1/lzma.1.gz because associated file /usr/share/man/man1/xz.1.gz (of link group lzma) doesn't exist
09 docker build	UNKNOWN STEP	2026-09-17T11:19:10.7418977Z #18 24.55 update-alternatives: warning: skip creation of /usr/share/man/man1/unlzma.1.gz because associated file /usr/share/man/man1/unxz.1.gz (of link group lzma) doesn't exist
09 docker build	UNKNOWN STEP	2026-09-17T11:19:10.7420424Z #18 24.55 update-alternatives: warning: skip creation of /usr/share/man/man1/lzcat.1.gz because associated file /usr/share/man/man1/xzcat.1.gz (of link group lzma) doesn't exist
09 docker build	UNKNOWN STEP	2026-09-17T11:19:10.7421616Z #18 24.55 update-alternatives: warning: skip creation of /usr/share/man/man1/lzmore.1.gz because associated file /usr/share/man/man1/xzmore.1.gz (of link group lzma) doesn't exist
09 docker build	UNKNOWN STEP	2026-09-17T11:19:10.7423058Z #18 24.55 update-alternatives: warning: skip creation of /usr/share/man/man1/lzless.1.gz because associated file /usr/share/man/man1/xzless.1.gz (of link group lzma) doesn't exist
09 docker build	UNKNOWN STEP	2026-09-17T11:19:10.7424365Z #18 24.55 update-alternatives: warning: skip creation of /usr/share/man/man1/lzdiff.1.gz because associated file /usr/share/man/man1/xzdiff.1.gz (of link group lzma) doesn't exist
09 docker build	UNKNOWN STEP	2026-09-17T11:19:10.7425615Z #18 24.55 update-alternatives: warning: skip creation of /usr/share/man/man1/lzcmp.1.gz because associated file /usr/share/man/man1/xzcmp.1.gz (of link group lzma) doesn't exist
09 docker build	UNKNOWN STEP	2026-09-17T11:19:10.7427048Z #18 24.55 update-alternatives: warning: skip creation of /usr/share/man/man1/lzgrep.1.gz because associated file /usr/share/man/man1/xzgrep.1.gz (of link group lzma) doesn't exist
09 docker build	UNKNOWN STEP	2026-09-17T11:19:10.7428347Z #18 24.55 update-alternatives: warning: skip creation of /usr/share/man/man1/lzegrep.1.gz because associated file /usr/share/man/man1/xzegrep.1.gz (of link group lzma) doesn't exist
09 docker build	UNKNOWN STEP	2026-09-17T11:19:10.7429744Z #18 24.55 update-alternatives: warning: skip creation of /usr/share/man/man1/lzfgrep.1.gz because associated file /usr/share/man/man1/xzfgrep.1.gz (of link group lzma) doesn't exist
09 docker build	UNKNOWN STEP	2026-09-17T11:19:10.7430714Z #18 24.56 Setting up libquadmath0:amd64 (14.2.0-19) ...
09 docker build	UNKNOWN STEP	2026-09-17T11:19:10.7431199Z #18 24.56 Setting up libp11-kit0:amd64 (0.25.5-3) ...
09 docker build	UNKNOWN STEP	2026-09-17T11:19:10.7431663Z #18 24.56 Setting up libunistring5:amd64 (1.3-2) ...
09 docker build	UNKNOWN STEP	2026-09-17T11:19:10.9257542Z #18 24.66 Setting up libssl-dev:amd64 (3.5.7-1~deb13u2) ...
09 docker build	UNKNOWN STEP	2026-09-17T11:19:10.9258195Z #18 24.66 Setting up libmpc3:amd64 (1.3.1-1+b3) ...
09 docker build	UNKNOWN STEP	2026-09-17T11:19:10.9258818Z #18 24.66 Setting up libatomic1:amd64 (14.2.0-19) ...
09 docker build	UNKNOWN STEP	2026-09-17T11:19:10.9259207Z #18 24.67 Setting up patch (2.8-2) ...
09 docker build	UNKNOWN STEP	2026-09-17T11:19:10.9259605Z #18 24.67 Setting up libk5crypto3:amd64 (1.21.3-5+deb13u1) ...
09 docker build	UNKNOWN STEP	2026-09-17T11:19:10.9260137Z #18 24.68 Setting up libsasl2-2:amd64 (2.1.28+dfsg1-9) ...
09 docker build	UNKNOWN STEP	2026-09-17T11:19:10.9260595Z #18 24.68 Setting up libnghttp3-9:amd64 (1.8.0-1) ...
09 docker build	UNKNOWN STEP	2026-09-17T11:19:10.9261009Z #18 24.69 Setting up libubsan1:amd64 (14.2.0-19) ...
09 docker build	UNKNOWN STEP	2026-09-17T11:19:10.9261424Z #18 24.69 Setting up perl-modules-5.40 (5.40.1-6+deb13u1) ...
09 docker build	UNKNOWN STEP	2026-09-17T11:19:10.9261821Z #18 24.69 Setting up libhwasan0:amd64 (14.2.0-19) ...
09 docker build	UNKNOWN STEP	2026-09-17T11:19:10.9262574Z #18 24.69 Setting up libcrypt-dev:amd64 (1:4.4.38-1) ...
09 docker build	UNKNOWN STEP	2026-09-17T11:19:10.9262985Z #18 24.70 Setting up libasan8:amd64 (14.2.0-19) ...
09 docker build	UNKNOWN STEP	2026-09-17T11:19:10.9263482Z #18 24.70 Setting up libtasn1-6:amd64 (4.20.0-2+deb13u1) ...
09 docker build	UNKNOWN STEP	2026-09-17T11:19:10.9264299Z #18 24.72 Setting up libkrb5-3:amd64 (1.21.3-5+deb13u1) ...
09 docker build	UNKNOWN STEP	2026-09-17T11:19:10.9264774Z #18 24.74 Setting up libssh2-1t64:amd64 (1.11.1-1+deb13u2) ...
09 docker build	UNKNOWN STEP	2026-09-17T11:19:10.9265232Z #18 24.74 Setting up libtsan2:amd64 (14.2.0-19) ...
09 docker build	UNKNOWN STEP	2026-09-17T11:19:11.0882347Z #18 24.84 Setting up libbinutils:amd64 (2.44-3) ...
09 docker build	UNKNOWN STEP	2026-09-17T11:19:11.0883455Z #18 24.85 Setting up libisl23:amd64 (0.27-1) ...
09 docker build	UNKNOWN STEP	2026-09-17T11:19:11.0884039Z #18 24.85 Setting up libc-dev-bin (2.41-12+deb13u4) ...
09 docker build	UNKNOWN STEP	2026-09-17T11:19:11.0884626Z #18 24.85 Setting up libcc1-0:amd64 (14.2.0-19) ...
09 docker build	UNKNOWN STEP	2026-09-17T11:19:11.0885242Z #18 24.86 Setting up libldap2:amd64 (2.6.10+dfsg-1) ...
09 docker build	UNKNOWN STEP	2026-09-17T11:19:11.0885618Z #18 24.86 Setting up liblsan0:amd64 (14.2.0-19) ...
09 docker build	UNKNOWN STEP	2026-09-17T11:19:11.0886026Z #18 24.89 Setting up libitm1:amd64 (14.2.0-19) ...
09 docker build	UNKNOWN STEP	2026-09-17T11:19:11.0886417Z #18 25.00 Setting up libctf0:amd64 (2.44-3) ...
09 docker build	UNKNOWN STEP	2026-09-17T11:19:11.2128897Z #18 25.02 Setting up libidn2-0:amd64 (2.3.8-2) ...
09 docker build	UNKNOWN STEP	2026-09-17T11:19:11.2129540Z #18 25.03 Setting up libperl5.40:amd64 (5.40.1-6+deb13u1) ...
09 docker build	UNKNOWN STEP	2026-09-17T11:19:11.2129949Z #18 25.03 Setting up perl (5.40.1-6+deb13u1) ...
09 docker build	UNKNOWN STEP	2026-09-17T11:19:11.2130383Z #18 25.03 Setting up libgprofng0:amd64 (2.44-3) ...
09 docker build	UNKNOWN STEP	2026-09-17T11:19:11.2130853Z #18 25.04 Setting up libgssapi-krb5-2:amd64 (1.21.3-5+deb13u1) ...
09 docker build	UNKNOWN STEP	2026-09-17T11:19:11.2131340Z #18 25.04 Setting up cpp-14-x86-64-linux-gnu (14.2.0-19) ...
09 docker build	UNKNOWN STEP	2026-09-17T11:19:11.2131766Z #18 25.04 Setting up libdpkg-perl (1.22.22) ...
09 docker build	UNKNOWN STEP	2026-09-17T11:19:11.2132348Z #18 25.05 Setting up cpp-14 (14.2.0-19) ...
09 docker build	UNKNOWN STEP	2026-09-17T11:19:11.2132901Z #18 25.05 Setting up libc6-dev:amd64 (2.41-12+deb13u4) ...
09 docker build	UNKNOWN STEP	2026-09-17T11:19:11.2133537Z #18 25.05 Setting up libgcc-14-dev:amd64 (14.2.0-19) ...
09 docker build	UNKNOWN STEP	2026-09-17T11:19:11.2133963Z #18 25.06 Setting up libstdc++-14-dev:amd64 (14.2.0-19) ...
09 docker build	UNKNOWN STEP	2026-09-17T11:19:11.2134400Z #18 25.06 Setting up binutils-x86-64-linux-gnu (2.44-3) ...
09 docker build	UNKNOWN STEP	2026-09-17T11:19:11.2134819Z #18 25.06 Setting up cpp-x86-64-linux-gnu (4:14.2.0-1) ...
09 docker build	UNKNOWN STEP	2026-09-17T11:19:11.2135264Z #18 25.07 Setting up libgnutls30t64:amd64 (3.8.9-3+deb13u4) ...
09 docker build	UNKNOWN STEP	2026-09-17T11:19:11.2135713Z #18 25.08 Setting up libpsl5t64:amd64 (0.21.2-1.1+b1) ...
09 docker build	UNKNOWN STEP	2026-09-17T11:19:11.2136108Z #18 25.13 Setting up libpq5:amd64 (17.11-0+deb13u1) ...
09 docker build	UNKNOWN STEP	2026-09-17T11:19:11.3219271Z #18 25.13 Setting up libpq-dev (17.11-0+deb13u1) ...
09 docker build	UNKNOWN STEP	2026-09-17T11:19:11.3219796Z #18 25.14 Setting up binutils (2.44-3) ...
09 docker build	UNKNOWN STEP	2026-09-17T11:19:11.3220358Z #18 25.14 Setting up dpkg-dev (1.22.22) ...
09 docker build	UNKNOWN STEP	2026-09-17T11:19:11.3220895Z #18 25.14 Setting up librtmp1:amd64 (2.4+20151223.gitfa8646d.1-2+b5) ...
09 docker build	UNKNOWN STEP	2026-09-17T11:19:11.3221368Z #18 25.15 Setting up cpp (4:14.2.0-1) ...
09 docker build	UNKNOWN STEP	2026-09-17T11:19:11.3221831Z #18 25.16 Setting up gcc-14-x86-64-linux-gnu (14.2.0-19) ...
09 docker build	UNKNOWN STEP	2026-09-17T11:19:11.3222453Z #18 25.16 Setting up gcc-x86-64-linux-gnu (4:14.2.0-1) ...
09 docker build	UNKNOWN STEP	2026-09-17T11:19:11.3222898Z #18 25.24 Setting up libcurl4t64:amd64 (8.14.1-2+deb13u5) ...
09 docker build	UNKNOWN STEP	2026-09-17T11:19:11.5262355Z #18 25.26 Setting up gcc-14 (14.2.0-19) ...
09 docker build	UNKNOWN STEP	2026-09-17T11:19:11.5262895Z #18 25.26 Setting up g++-14-x86-64-linux-gnu (14.2.0-19) ...
09 docker build	UNKNOWN STEP	2026-09-17T11:19:11.5263367Z #18 25.26 Setting up g++-x86-64-linux-gnu (4:14.2.0-1) ...
09 docker build	UNKNOWN STEP	2026-09-17T11:19:11.5263822Z #18 25.27 Setting up curl (8.14.1-2+deb13u5) ...
09 docker build	UNKNOWN STEP	2026-09-17T11:19:11.5264270Z #18 25.27 Setting up g++-14 (14.2.0-19) ...
09 docker build	UNKNOWN STEP	2026-09-17T11:19:11.5264644Z #18 25.27 Setting up gcc (4:14.2.0-1) ...
09 docker build	UNKNOWN STEP	2026-09-17T11:19:11.5264999Z #18 25.28 Setting up g++ (4:14.2.0-1) ...
09 docker build	UNKNOWN STEP	2026-09-17T11:19:11.5265460Z #18 25.29 update-alternatives: using /usr/bin/g++ to provide /usr/bin/c++ (c++) in auto mode
09 docker build	UNKNOWN STEP	2026-09-17T11:19:11.5266001Z #18 25.29 Setting up build-essential (12.12) ...
09 docker build	UNKNOWN STEP	2026-09-17T11:19:11.5266450Z #18 25.29 Processing triggers for libc-bin (2.41-12+deb13u4) ...
09 docker build	UNKNOWN STEP	2026-09-17T11:19:15.9630518Z #18 DONE 29.7s
09 docker build	UNKNOWN STEP	2026-09-17T11:19:16.0945680Z 
09 docker build	UNKNOWN STEP	2026-09-17T11:19:16.0946550Z #19 [worker  4/17] COPY packages/contracts ./packages/contracts
09 docker build	UNKNOWN STEP	2026-09-17T11:19:16.0947389Z #19 DONE 0.1s
09 docker build	UNKNOWN STEP	2026-09-17T11:19:16.0947880Z 
09 docker build	UNKNOWN STEP	2026-09-17T11:19:16.0948912Z #20 [worker  5/17] COPY packages/solver ./packages/solver
09 docker build	UNKNOWN STEP	2026-09-17T11:19:16.0950294Z #20 DONE 0.1s
09 docker build	UNKNOWN STEP	2026-09-17T11:19:16.0950621Z 
09 docker build	UNKNOWN STEP	2026-09-17T11:19:16.0950871Z #21 [api  6/17] COPY packages/gates ./packages/gates
09 docker build	UNKNOWN STEP	2026-09-17T11:19:16.0951387Z #21 DONE 0.0s
09 docker build	UNKNOWN STEP	2026-09-17T11:19:16.0951608Z 
09 docker build	UNKNOWN STEP	2026-09-17T11:19:16.0951962Z #22 [worker  7/17] COPY packages/opsengine ./packages/opsengine
09 docker build	UNKNOWN STEP	2026-09-17T11:19:16.0953038Z #22 DONE 0.0s
09 docker build	UNKNOWN STEP	2026-09-17T11:19:16.0953274Z 
09 docker build	UNKNOWN STEP	2026-09-17T11:19:16.0953568Z #23 [worker  8/17] COPY packages/playbook ./packages/playbook
09 docker build	UNKNOWN STEP	2026-09-17T11:19:16.2410159Z #23 DONE 0.0s
09 docker build	UNKNOWN STEP	2026-09-17T11:19:16.2410466Z 
09 docker build	UNKNOWN STEP	2026-09-17T11:19:16.2410791Z #24 [api  9/17] COPY packages/agents ./packages/agents
09 docker build	UNKNOWN STEP	2026-09-17T11:19:16.2411223Z #24 DONE 0.0s
09 docker build	UNKNOWN STEP	2026-09-17T11:19:16.2411401Z 
09 docker build	UNKNOWN STEP	2026-09-17T11:19:16.2411610Z #25 [worker 10/17] COPY apps/api ./apps/api
09 docker build	UNKNOWN STEP	2026-09-17T11:19:16.2411997Z #25 DONE 0.0s
09 docker build	UNKNOWN STEP	2026-09-17T11:19:16.2412348Z 
09 docker build	UNKNOWN STEP	2026-09-17T11:19:16.2412552Z #16 [web deps 5/5] RUN npm ci --no-audit --no-fund
09 docker build	UNKNOWN STEP	2026-09-17T11:19:16.2412921Z #16 31.17 
09 docker build	UNKNOWN STEP	2026-09-17T11:19:16.2413264Z #16 31.17 added 176 packages in 24s
09 docker build	UNKNOWN STEP	2026-09-17T11:19:16.3860424Z #16 31.17 npm notice
09 docker build	UNKNOWN STEP	2026-09-17T11:19:16.3861186Z #16 31.17 npm notice New major version of npm available! 10.9.8 -> 12.0.2
09 docker build	UNKNOWN STEP	2026-09-17T11:19:16.3862179Z #16 31.17 npm notice Changelog: https://github.com/npm/cli/releases/tag/v12.0.2
09 docker build	UNKNOWN STEP	2026-09-17T11:19:16.3863069Z #16 31.17 npm notice To update run: npm install -g npm@12.0.2
09 docker build	UNKNOWN STEP	2026-09-17T11:19:16.3863654Z #16 31.17 npm notice
09 docker build	UNKNOWN STEP	2026-09-17T11:19:16.3864182Z #16 DONE 31.3s
09 docker build	UNKNOWN STEP	2026-09-17T11:19:16.3864463Z 
09 docker build	UNKNOWN STEP	2026-09-17T11:19:16.3865519Z #26 [api 11/17] RUN pip install --no-cache-dir     -e ./packages/contracts     -e ./packages/solver     -e ./packages/gates     -e ./packages/opsengine     -e ./packages/playbook     -e ./packages/agents     -e ./apps/api
09 docker build	UNKNOWN STEP	2026-09-17T11:19:17.8644098Z #26 1.701 Obtaining file:///app/packages/contracts
09 docker build	UNKNOWN STEP	2026-09-17T11:19:18.0878159Z #26 1.703   Installing build dependencies: started
09 docker build	UNKNOWN STEP	2026-09-17T11:19:19.3933568Z #26 3.230   Installing build dependencies: finished with status 'done'
09 docker build	UNKNOWN STEP	2026-09-17T11:19:19.5164756Z #26 3.231   Checking if build backend supports build_editable: started
09 docker build	UNKNOWN STEP	2026-09-17T11:19:19.5165862Z #26 3.266   Checking if build backend supports build_editable: finished with status 'done'
09 docker build	UNKNOWN STEP	2026-09-17T11:19:19.5166706Z #26 3.267   Getting requirements to build editable: started
09 docker build	UNKNOWN STEP	2026-09-17T11:19:19.5167725Z #26 3.353   Getting requirements to build editable: finished with status 'done'
09 docker build	UNKNOWN STEP	2026-09-17T11:19:19.6688192Z #26 3.355   Installing backend dependencies: started
09 docker build	UNKNOWN STEP	2026-09-17T11:19:21.2685992Z #26 5.105   Installing backend dependencies: finished with status 'done'
09 docker build	UNKNOWN STEP	2026-09-17T11:19:21.4060962Z #26 5.106   Preparing editable metadata (pyproject.toml): started
09 docker build	UNKNOWN STEP	2026-09-17T11:19:21.5609717Z #26 5.243   Preparing editable metadata (pyproject.toml): finished with status 'done'
09 docker build	UNKNOWN STEP	2026-09-17T11:19:21.5610796Z #26 5.246 Obtaining file:///app/packages/solver
09 docker build	UNKNOWN STEP	2026-09-17T11:19:21.5611502Z #26 5.247   Installing build dependencies: started
09 docker build	UNKNOWN STEP	2026-09-17T11:19:23.2316180Z #26 6.955   Installing build dependencies: finished with status 'done'
09 docker build	UNKNOWN STEP	2026-09-17T11:19:23.2317078Z #26 6.956   Checking if build backend supports build_editable: started
09 docker build	UNKNOWN STEP	2026-09-17T11:19:23.2317856Z #26 6.991   Checking if build backend supports build_editable: finished with status 'done'
09 docker build	UNKNOWN STEP	2026-09-17T11:19:23.2318419Z #26 6.992   Getting requirements to build editable: started
09 docker build	UNKNOWN STEP	2026-09-17T11:19:23.2318940Z #26 7.068   Getting requirements to build editable: finished with status 'done'
09 docker build	UNKNOWN STEP	2026-09-17T11:19:23.3833730Z #26 7.069   Installing backend dependencies: started
09 docker build	UNKNOWN STEP	2026-09-17T11:19:24.6001528Z #26 ...
09 docker build	UNKNOWN STEP	2026-09-17T11:19:24.6002235Z 
09 docker build	UNKNOWN STEP	2026-09-17T11:19:24.6002811Z #27 [web builder 3/5] COPY --from=deps /app/node_modules ./node_modules
09 docker build	UNKNOWN STEP	2026-09-17T11:19:24.6003716Z #27 DONE 6.6s
09 docker build	UNKNOWN STEP	2026-09-17T11:19:24.6004010Z 
09 docker build	UNKNOWN STEP	2026-09-17T11:19:24.6004306Z #28 [web builder 4/5] COPY apps/web ./
09 docker build	UNKNOWN STEP	2026-09-17T11:19:24.6004986Z #28 DONE 0.1s
09 docker build	UNKNOWN STEP	2026-09-17T11:19:24.6005363Z 
09 docker build	UNKNOWN STEP	2026-09-17T11:19:24.6006874Z #26 [api 11/17] RUN pip install --no-cache-dir     -e ./packages/contracts     -e ./packages/solver     -e ./packages/gates     -e ./packages/opsengine     -e ./packages/playbook     -e ./packages/agents     -e ./apps/api
09 docker build	UNKNOWN STEP	2026-09-17T11:19:24.6009170Z #26 8.300   Installing backend dependencies: finished with status 'done'
09 docker build	UNKNOWN STEP	2026-09-17T11:19:24.6009905Z #26 8.300   Preparing editable metadata (pyproject.toml): started
09 docker build	UNKNOWN STEP	2026-09-17T11:19:24.7773114Z #26 8.453   Preparing editable metadata (pyproject.toml): finished with status 'done'
09 docker build	UNKNOWN STEP	2026-09-17T11:19:24.7774018Z #26 8.459 Obtaining file:///app/packages/gates
09 docker build	UNKNOWN STEP	2026-09-17T11:19:24.7774870Z #26 8.463   Installing build dependencies: started
09 docker build	UNKNOWN STEP	2026-09-17T11:19:26.3854863Z #26 10.12   Installing build dependencies: finished with status 'done'
09 docker build	UNKNOWN STEP	2026-09-17T11:19:26.3855920Z #26 10.12   Checking if build backend supports build_editable: started
09 docker build	UNKNOWN STEP	2026-09-17T11:19:26.3856824Z #26 10.16   Checking if build backend supports build_editable: finished with status 'done'
09 docker build	UNKNOWN STEP	2026-09-17T11:19:26.3857704Z #26 10.16   Getting requirements to build editable: started
09 docker build	UNKNOWN STEP	2026-09-17T11:19:26.5736703Z #26 10.26   Getting requirements to build editable: finished with status 'done'
09 docker build	UNKNOWN STEP	2026-09-17T11:19:26.5738013Z #26 10.26   Installing backend dependencies: started
09 docker build	UNKNOWN STEP	2026-09-17T11:19:26.9038937Z #26 10.74   Installing backend dependencies: finished with status 'done'
09 docker build	UNKNOWN STEP	2026-09-17T11:19:27.0564565Z #26 10.74   Preparing editable metadata (pyproject.toml): started
09 docker build	UNKNOWN STEP	2026-09-17T11:19:27.2195117Z #26 10.90   Preparing editable metadata (pyproject.toml): finished with status 'done'
09 docker build	UNKNOWN STEP	2026-09-17T11:19:27.2196531Z #26 10.90 Obtaining file:///app/packages/opsengine
09 docker build	UNKNOWN STEP	2026-09-17T11:19:27.2197471Z #26 10.91   Installing build dependencies: started
09 docker build	UNKNOWN STEP	2026-09-17T11:19:28.3971393Z #26 12.23   Installing build dependencies: finished with status 'done'
09 docker build	UNKNOWN STEP	2026-09-17T11:19:28.5509866Z #26 12.24   Checking if build backend supports build_editable: started
09 docker build	UNKNOWN STEP	2026-09-17T11:19:28.5511578Z #26 12.28   Checking if build backend supports build_editable: finished with status 'done'
09 docker build	UNKNOWN STEP	2026-09-17T11:19:28.5512821Z #26 12.29   Getting requirements to build editable: started
09 docker build	UNKNOWN STEP	2026-09-17T11:19:28.7056314Z #26 12.39   Getting requirements to build editable: finished with status 'done'
09 docker build	UNKNOWN STEP	2026-09-17T11:19:28.7057110Z #26 12.39   Installing backend dependencies: started
09 docker build	UNKNOWN STEP	2026-09-17T11:19:29.0722329Z #26 12.91   Installing backend dependencies: finished with status 'done'
09 docker build	UNKNOWN STEP	2026-09-17T11:19:29.2167285Z #26 12.91   Preparing editable metadata (pyproject.toml): started
09 docker build	UNKNOWN STEP	2026-09-17T11:19:29.3734123Z #26 13.05   Preparing editable metadata (pyproject.toml): finished with status 'done'
09 docker build	UNKNOWN STEP	2026-09-17T11:19:29.3735900Z #26 13.06 Obtaining file:///app/packages/playbook
09 docker build	UNKNOWN STEP	2026-09-17T11:19:29.3736724Z #26 13.06   Installing build dependencies: started
09 docker build	UNKNOWN STEP	2026-09-17T11:19:30.3959269Z #26 14.08   Installing build dependencies: finished with status 'done'
09 docker build	UNKNOWN STEP	2026-09-17T11:19:30.3960523Z #26 14.08   Checking if build backend supports build_editable: started
09 docker build	UNKNOWN STEP	2026-09-17T11:19:30.3961460Z #26 14.13   Checking if build backend supports build_editable: finished with status 'done'
09 docker build	UNKNOWN STEP	2026-09-17T11:19:30.3962483Z #26 14.13   Getting requirements to build editable: started
09 docker build	UNKNOWN STEP	2026-09-17T11:19:30.5474356Z #26 14.23   Getting requirements to build editable: finished with status 'done'
09 docker build	UNKNOWN STEP	2026-09-17T11:19:30.5475389Z #26 14.23   Installing backend dependencies: started
09 docker build	UNKNOWN STEP	2026-09-17T11:19:30.9475198Z #26 14.78   Installing backend dependencies: finished with status 'done'
09 docker build	UNKNOWN STEP	2026-09-17T11:19:31.0985601Z #26 14.78   Preparing editable metadata (pyproject.toml): started
09 docker build	UNKNOWN STEP	2026-09-17T11:19:31.2699244Z #26 14.95   Preparing editable metadata (pyproject.toml): finished with status 'done'
09 docker build	UNKNOWN STEP	2026-09-17T11:19:31.2702361Z #26 14.95 Obtaining file:///app/packages/agents
09 docker build	UNKNOWN STEP	2026-09-17T11:19:31.2703224Z #26 14.96   Installing build dependencies: started
09 docker build	UNKNOWN STEP	2026-09-17T11:19:32.1120045Z #26 15.95   Installing build dependencies: finished with status 'done'
09 docker build	UNKNOWN STEP	2026-09-17T11:19:32.2616461Z #26 15.95   Checking if build backend supports build_editable: started
09 docker build	UNKNOWN STEP	2026-09-17T11:19:32.2617526Z #26 16.00   Checking if build backend supports build_editable: finished with status 'done'
09 docker build	UNKNOWN STEP	2026-09-17T11:19:32.2618588Z #26 16.00   Getting requirements to build editable: started
09 docker build	UNKNOWN STEP	2026-09-17T11:19:32.4134794Z #26 16.10   Getting requirements to build editable: finished with status 'done'
09 docker build	UNKNOWN STEP	2026-09-17T11:19:32.4163657Z #26 16.10   Installing backend dependencies: started
09 docker build	UNKNOWN STEP	2026-09-17T11:19:32.9592848Z #26 16.64   Installing backend dependencies: finished with status 'done'
09 docker build	UNKNOWN STEP	2026-09-17T11:19:32.9603626Z #26 16.64   Preparing editable metadata (pyproject.toml): started
09 docker build	UNKNOWN STEP	2026-09-17T11:19:32.9656735Z #26 16.80   Preparing editable metadata (pyproject.toml): finished with status 'done'
09 docker build	UNKNOWN STEP	2026-09-17T11:19:33.1241048Z #26 16.81 Obtaining file:///app/apps/api
09 docker build	UNKNOWN STEP	2026-09-17T11:19:33.1241907Z #26 16.81   Installing build dependencies: started
09 docker build	UNKNOWN STEP	2026-09-17T11:19:34.2923992Z #26 17.95   Installing build dependencies: finished with status 'done'
09 docker build	UNKNOWN STEP	2026-09-17T11:19:34.2943797Z #26 17.95   Checking if build backend supports build_editable: started
09 docker build	UNKNOWN STEP	2026-09-17T11:19:34.2973688Z #26 18.00   Checking if build backend supports build_editable: finished with status 'done'
09 docker build	UNKNOWN STEP	2026-09-17T11:19:34.2992673Z #26 18.01   Getting requirements to build editable: started
09 docker build	UNKNOWN STEP	2026-09-17T11:19:34.3003441Z #26 18.13   Getting requirements to build editable: finished with status 'done'
09 docker build	UNKNOWN STEP	2026-09-17T11:19:34.4423419Z #26 18.13   Installing backend dependencies: started
09 docker build	UNKNOWN STEP	2026-09-17T11:19:34.7437178Z #26 ...
09 docker build	UNKNOWN STEP	2026-09-17T11:19:34.7438449Z 
09 docker build	UNKNOWN STEP	2026-09-17T11:19:34.7439002Z #29 [web builder 5/5] RUN npm run build
09 docker build	UNKNOWN STEP	2026-09-17T11:19:34.7440698Z #29 0.463 
09 docker build	UNKNOWN STEP	2026-09-17T11:19:34.7441284Z #29 0.463 > ca-web@0.1.0 build
09 docker build	UNKNOWN STEP	2026-09-17T11:19:34.7441886Z #29 0.463 > next build
09 docker build	UNKNOWN STEP	2026-09-17T11:19:34.7442841Z #29 0.463 
09 docker build	UNKNOWN STEP	2026-09-17T11:19:34.7443879Z #29 1.781    Γû▓ Next.js 15.5.25
09 docker build	UNKNOWN STEP	2026-09-17T11:19:34.7444545Z #29 1.781 
09 docker build	UNKNOWN STEP	2026-09-17T11:19:34.7445383Z #29 1.819    Creating an optimized production build ...
09 docker build	UNKNOWN STEP	2026-09-17T11:19:35.0140221Z #29 ...
09 docker build	UNKNOWN STEP	2026-09-17T11:19:35.0146701Z 
09 docker build	UNKNOWN STEP	2026-09-17T11:19:35.0174531Z #26 [api 11/17] RUN pip install --no-cache-dir     -e ./packages/contracts     -e ./packages/solver     -e ./packages/gates     -e ./packages/opsengine     -e ./packages/playbook     -e ./packages/agents     -e ./apps/api
09 docker build	UNKNOWN STEP	2026-09-17T11:19:35.0187750Z #26 18.70   Installing backend dependencies: finished with status 'done'
09 docker build	UNKNOWN STEP	2026-09-17T11:19:35.0189553Z #26 18.70   Preparing editable metadata (pyproject.toml): started
09 docker build	UNKNOWN STEP	2026-09-17T11:19:35.0233722Z #26 18.86   Preparing editable metadata (pyproject.toml): finished with status 'done'
09 docker build	UNKNOWN STEP	2026-09-17T11:19:35.3019429Z #26 19.01 Collecting pydantic>=2.9.0 (from ca-contracts==0.1.0)
09 docker build	UNKNOWN STEP	2026-09-17T11:19:35.3020600Z #26 19.05   Downloading pydantic-2.13.5-py3-none-any.whl.metadata (110 kB)
09 docker build	UNKNOWN STEP	2026-09-17T11:19:35.3021804Z #26 19.09 Collecting ortools>=9.10 (from ca-solver==0.1.0)
09 docker build	UNKNOWN STEP	2026-09-17T11:19:35.3023106Z #26 19.10   Downloading ortools-9.15.6755-cp312-cp312-manylinux_2_27_x86_64.manylinux_2_28_x86_64.whl.metadata (3.3 kB)
09 docker build	UNKNOWN STEP	2026-09-17T11:19:35.4648568Z #26 19.14 Collecting pyyaml>=6.0 (from ca-solver==0.1.0)
09 docker build	UNKNOWN STEP	2026-09-17T11:19:35.4650217Z #26 19.15   Downloading pyyaml-6.0.3-cp312-cp312-manylinux2014_x86_64.manylinux_2_17_x86_64.manylinux_2_28_x86_64.whl.metadata (2.4 kB)
09 docker build	UNKNOWN STEP	2026-09-17T11:19:35.7081638Z #26 19.40 Collecting numpy>=2.0 (from ca-agents==0.1.0)
09 docker build	UNKNOWN STEP	2026-09-17T11:19:35.7083087Z #26 19.41   Downloading numpy-2.5.3-cp312-cp312-manylinux_2_27_x86_64.manylinux_2_28_x86_64.whl.metadata (6.6 kB)
09 docker build	UNKNOWN STEP	2026-09-17T11:19:35.7084154Z #26 19.54 Collecting websockets>=15.0 (from ca-agents==0.1.0)
09 docker build	UNKNOWN STEP	2026-09-17T11:19:35.8275354Z #26 19.55   Downloading websockets-17.1-cp312-cp312-manylinux1_x86_64.manylinux_2_28_x86_64.manylinux_2_5_x86_64.whl.metadata (6.3 kB)
09 docker build	UNKNOWN STEP	2026-09-17T11:19:35.8276288Z #26 19.58 Collecting alembic>=1.13.0 (from ca-api==0.1.0)
09 docker build	UNKNOWN STEP	2026-09-17T11:19:35.8276839Z #26 19.60   Downloading alembic-1.20.0-py3-none-any.whl.metadata (7.3 kB)
09 docker build	UNKNOWN STEP	2026-09-17T11:19:35.8278103Z #26 19.66 Collecting fastapi>=0.115.0 (from ca-api==0.1.0)
09 docker build	UNKNOWN STEP	2026-09-17T11:19:35.9349346Z #26 19.67   Downloading fastapi-0.141.1-py3-none-any.whl.metadata (27 kB)
09 docker build	UNKNOWN STEP	2026-09-17T11:19:35.9351050Z #26 19.70 Collecting httpx>=0.27.0 (from ca-api==0.1.0)
09 docker build	UNKNOWN STEP	2026-09-17T11:19:35.9351976Z #26 19.71   Downloading httpx-0.28.1-py3-none-any.whl.metadata (7.1 kB)
09 docker build	UNKNOWN STEP	2026-09-17T11:19:35.9353153Z #26 19.73 Collecting openpyxl>=3.1.5 (from ca-api==0.1.0)
09 docker build	UNKNOWN STEP	2026-09-17T11:19:35.9354176Z #26 19.74   Downloading openpyxl-3.1.5-py2.py3-none-any.whl.metadata (2.5 kB)
09 docker build	UNKNOWN STEP	2026-09-17T11:19:35.9355739Z #26 19.76 Collecting psycopg>=3.2.0 (from psycopg[binary]>=3.2.0->ca-api==0.1.0)
09 docker build	UNKNOWN STEP	2026-09-17T11:19:36.1330575Z #26 19.77   Downloading psycopg-3.3.5-py3-none-any.whl.metadata (4.3 kB)
09 docker build	UNKNOWN STEP	2026-09-17T11:19:36.1331683Z #26 19.79 Collecting python-multipart>=0.0.9 (from ca-api==0.1.0)
09 docker build	UNKNOWN STEP	2026-09-17T11:19:36.1332767Z #26 19.80   Downloading python_multipart-0.0.32-py3-none-any.whl.metadata (2.1 kB)
09 docker build	UNKNOWN STEP	2026-09-17T11:19:36.1333754Z #26 19.83 Collecting redis>=5.0.0 (from ca-api==0.1.0)
09 docker build	UNKNOWN STEP	2026-09-17T11:19:36.1334479Z #26 19.84   Downloading redis-8.1.0-py3-none-any.whl.metadata (16 kB)
09 docker build	UNKNOWN STEP	2026-09-17T11:19:36.1335198Z #26 19.97 Collecting reportlab>=4.2.5 (from ca-api==0.1.0)
09 docker build	UNKNOWN STEP	2026-09-17T11:19:36.2939490Z #26 19.98   Downloading reportlab-5.0.1-py3-none-any.whl.metadata (1.6 kB)
09 docker build	UNKNOWN STEP	2026-09-17T11:19:36.4731273Z #26 20.21 Collecting sqlalchemy>=2.0.0 (from ca-api==0.1.0)
09 docker build	UNKNOWN STEP	2026-09-17T11:19:36.4734666Z #26 20.22   Downloading sqlalchemy-2.0.54-cp312-cp312-manylinux2014_x86_64.manylinux_2_17_x86_64.manylinux_2_28_x86_64.whl.metadata (9.7 kB)
09 docker build	UNKNOWN STEP	2026-09-17T11:19:36.4736507Z #26 20.25 Collecting uvicorn>=0.32.0 (from uvicorn[standard]>=0.32.0->ca-api==0.1.0)
09 docker build	UNKNOWN STEP	2026-09-17T11:19:36.4737652Z #26 20.26   Downloading uvicorn-0.53.0-py3-none-any.whl.metadata (6.6 kB)
09 docker build	UNKNOWN STEP	2026-09-17T11:19:36.4738561Z #26 20.28 Collecting Mako (from alembic>=1.13.0->ca-api==0.1.0)
09 docker build	UNKNOWN STEP	2026-09-17T11:19:36.4739414Z #26 20.29   Downloading mako-1.4.1-py3-none-any.whl.metadata (2.9 kB)
09 docker build	UNKNOWN STEP	2026-09-17T11:19:36.4740480Z #26 20.31 Collecting typing-extensions>=4.12 (from alembic>=1.13.0->ca-api==0.1.0)
09 docker build	UNKNOWN STEP	2026-09-17T11:19:36.5917486Z #26 20.32   Downloading typing_extensions-4.16.0-py3-none-any.whl.metadata (3.3 kB)
09 docker build	UNKNOWN STEP	2026-09-17T11:19:36.5918779Z #26 20.35 Collecting starlette>=0.46.0 (from fastapi>=0.115.0->ca-api==0.1.0)
09 docker build	UNKNOWN STEP	2026-09-17T11:19:36.5920044Z #26 20.37   Downloading starlette-1.6.0-py3-none-any.whl.metadata (6.4 kB)
09 docker build	UNKNOWN STEP	2026-09-17T11:19:36.5921080Z #26 20.38 Collecting typing-inspection>=0.4.2 (from fastapi>=0.115.0->ca-api==0.1.0)
09 docker build	UNKNOWN STEP	2026-09-17T11:19:36.5922465Z #26 20.39   Downloading typing_inspection-0.4.4-py3-none-any.whl.metadata (2.6 kB)
09 docker build	UNKNOWN STEP	2026-09-17T11:19:36.5923569Z #26 20.40 Collecting annotated-doc>=0.0.2 (from fastapi>=0.115.0->ca-api==0.1.0)
09 docker build	UNKNOWN STEP	2026-09-17T11:19:36.5924685Z #26 20.41   Downloading annotated_doc-0.0.5-py3-none-any.whl.metadata (6.5 kB)
09 docker build	UNKNOWN STEP	2026-09-17T11:19:36.6967162Z #26 20.43 Collecting anyio (from httpx>=0.27.0->ca-api==0.1.0)
09 docker build	UNKNOWN STEP	2026-09-17T11:19:36.6968899Z #26 20.44   Downloading anyio-4.15.1-py3-none-any.whl.metadata (4.7 kB)
09 docker build	UNKNOWN STEP	2026-09-17T11:19:36.6970112Z #26 20.46 Collecting certifi (from httpx>=0.27.0->ca-api==0.1.0)
09 docker build	UNKNOWN STEP	2026-09-17T11:19:36.6971049Z #26 20.47   Downloading certifi-2026.7.22-py3-none-any.whl.metadata (2.5 kB)
09 docker build	UNKNOWN STEP	2026-09-17T11:19:36.6972243Z #26 20.49 Collecting httpcore==1.* (from httpx>=0.27.0->ca-api==0.1.0)
09 docker build	UNKNOWN STEP	2026-09-17T11:19:36.6973209Z #26 20.50   Downloading httpcore-1.0.9-py3-none-any.whl.metadata (21 kB)
09 docker build	UNKNOWN STEP	2026-09-17T11:19:36.6974104Z #26 20.51 Collecting idna (from httpx>=0.27.0->ca-api==0.1.0)
09 docker build	UNKNOWN STEP	2026-09-17T11:19:36.6974981Z #26 20.52   Downloading idna-3.19-py3-none-any.whl.metadata (9.2 kB)
09 docker build	UNKNOWN STEP	2026-09-17T11:19:36.8892355Z #26 20.53 Collecting h11>=0.16 (from httpcore==1.*->httpx>=0.27.0->ca-api==0.1.0)
09 docker build	UNKNOWN STEP	2026-09-17T11:19:36.8893492Z #26 20.54   Downloading h11-0.16.0-py3-none-any.whl.metadata (8.3 kB)
09 docker build	UNKNOWN STEP	2026-09-17T11:19:36.8894529Z #26 20.56 Collecting et-xmlfile (from openpyxl>=3.1.5->ca-api==0.1.0)
09 docker build	UNKNOWN STEP	2026-09-17T11:19:36.8895596Z #26 20.57   Downloading et_xmlfile-2.0.0-py3-none-any.whl.metadata (2.7 kB)
09 docker build	UNKNOWN STEP	2026-09-17T11:19:36.8896706Z #26 20.58 Collecting absl-py>=2.0.0 (from ortools>=9.10->ca-solver==0.1.0)
09 docker build	UNKNOWN STEP	2026-09-17T11:19:36.8897730Z #26 20.59   Downloading absl_py-2.5.0-py3-none-any.whl.metadata (3.3 kB)
09 docker build	UNKNOWN STEP	2026-09-17T11:19:36.8899144Z #26 20.73 Collecting pandas>=2.0.0 (from ortools>=9.10->ca-solver==0.1.0)
09 docker build	UNKNOWN STEP	2026-09-17T11:19:37.0485914Z #26 20.74   Downloading pandas-3.0.5-cp312-cp312-manylinux_2_24_x86_64.manylinux_2_28_x86_64.whl.metadata (79 kB)
09 docker build	UNKNOWN STEP	2026-09-17T11:19:37.2327391Z #26 20.88 Collecting protobuf<6.34,>=6.33.1 (from ortools>=9.10->ca-solver==0.1.0)
09 docker build	UNKNOWN STEP	2026-09-17T11:19:37.2328403Z #26 20.90   Downloading protobuf-6.33.6-cp39-abi3-manylinux2014_x86_64.whl.metadata (593 bytes)
09 docker build	UNKNOWN STEP	2026-09-17T11:19:37.2329319Z #26 20.91 Collecting immutabledict>=3.0.0 (from ortools>=9.10->ca-solver==0.1.0)
09 docker build	UNKNOWN STEP	2026-09-17T11:19:37.2330222Z #26 20.92   Downloading immutabledict-4.3.1-py3-none-any.whl.metadata (3.5 kB)
09 docker build	UNKNOWN STEP	2026-09-17T11:19:37.2585573Z #26 21.09 Collecting psycopg-binary==3.3.5 (from psycopg[binary]>=3.2.0->ca-api==0.1.0)
09 docker build	UNKNOWN STEP	2026-09-17T11:19:37.4416390Z #26 21.11   Downloading psycopg_binary-3.3.5-cp312-cp312-manylinux2014_x86_64.manylinux_2_17_x86_64.whl.metadata (2.7 kB)
09 docker build	UNKNOWN STEP	2026-09-17T11:19:37.4418024Z #26 21.12 Collecting annotated-types>=0.6.0 (from pydantic>=2.9.0->ca-contracts==0.1.0)
09 docker build	UNKNOWN STEP	2026-09-17T11:19:37.4419261Z #26 21.13   Downloading annotated_types-0.8.0-py3-none-any.whl.metadata (15 kB)
09 docker build	UNKNOWN STEP	2026-09-17T11:19:38.0409819Z #26 21.72 Collecting pydantic-core==2.46.5 (from pydantic>=2.9.0->ca-contracts==0.1.0)
09 docker build	UNKNOWN STEP	2026-09-17T11:19:38.0411673Z #26 21.73   Downloading pydantic_core-2.46.5-cp312-cp312-manylinux_2_17_x86_64.manylinux2014_x86_64.whl.metadata (6.6 kB)
09 docker build	UNKNOWN STEP	2026-09-17T11:19:38.1780818Z #26 21.89 Collecting pillow>=9.0.0 (from reportlab>=4.2.5->ca-api==0.1.0)
09 docker build	UNKNOWN STEP	2026-09-17T11:19:38.1783811Z #26 21.90   Downloading pillow-12.3.0-cp312-cp312-manylinux_2_27_x86_64.manylinux_2_28_x86_64.whl.metadata (9.1 kB)
09 docker build	UNKNOWN STEP	2026-09-17T11:19:38.3146137Z #26 22.01 Collecting charset-normalizer (from reportlab>=4.2.5->ca-api==0.1.0)
09 docker build	UNKNOWN STEP	2026-09-17T11:19:38.3149282Z #26 22.02   Downloading charset_normalizer-3.5.1-cp312-cp312-manylinux2014_x86_64.manylinux_2_17_x86_64.manylinux_2_28_x86_64.whl.metadata (45 kB)
09 docker build	UNKNOWN STEP	2026-09-17T11:19:38.4434156Z #26 22.15 Collecting greenlet>=1 (from sqlalchemy>=2.0.0->ca-api==0.1.0)
09 docker build	UNKNOWN STEP	2026-09-17T11:19:38.4435221Z #26 22.16   Downloading greenlet-3.5.6-cp312-cp312-manylinux_2_24_x86_64.manylinux_2_28_x86_64.whl.metadata (3.8 kB)
09 docker build	UNKNOWN STEP	2026-09-17T11:19:38.4436316Z #26 22.18 Collecting click>=7.0 (from uvicorn>=0.32.0->uvicorn[standard]>=0.32.0->ca-api==0.1.0)
09 docker build	UNKNOWN STEP	2026-09-17T11:19:38.4436915Z #26 22.19   Downloading click-8.5.0-py3-none-any.whl.metadata (2.6 kB)
09 docker build	UNKNOWN STEP	2026-09-17T11:19:38.4437426Z #26 22.22 Collecting httptools>=0.8.0 (from uvicorn[standard]>=0.32.0->ca-api==0.1.0)
09 docker build	UNKNOWN STEP	2026-09-17T11:19:38.4438237Z #26 22.23   Downloading httptools-0.8.0-cp312-cp312-manylinux1_x86_64.manylinux_2_28_x86_64.manylinux_2_5_x86_64.whl.metadata (3.5 kB)
09 docker build	UNKNOWN STEP	2026-09-17T11:19:38.4438945Z #26 22.24 Collecting python-dotenv>=0.13 (from uvicorn[standard]>=0.32.0->ca-api==0.1.0)
09 docker build	UNKNOWN STEP	2026-09-17T11:19:38.4439511Z #26 22.25   Downloading python_dotenv-1.2.3-py3-none-any.whl.metadata (29 kB)
09 docker build	UNKNOWN STEP	2026-09-17T11:19:38.4440031Z #26 22.28 Collecting uvloop>=0.15.1 (from uvicorn[standard]>=0.32.0->ca-api==0.1.0)
09 docker build	UNKNOWN STEP	2026-09-17T11:19:38.5466232Z #26 22.29   Downloading uvloop-0.22.1-cp312-cp312-manylinux2014_x86_64.manylinux_2_17_x86_64.manylinux_2_28_x86_64.whl.metadata (4.9 kB)
09 docker build	UNKNOWN STEP	2026-09-17T11:19:38.5467986Z #26 22.34 Collecting watchfiles>=0.20 (from uvicorn[standard]>=0.32.0->ca-api==0.1.0)
09 docker build	UNKNOWN STEP	2026-09-17T11:19:38.5469528Z #26 22.35   Downloading watchfiles-1.2.0-cp312-cp312-manylinux_2_17_x86_64.manylinux2014_x86_64.whl.metadata (4.9 kB)
09 docker build	UNKNOWN STEP	2026-09-17T11:19:38.6552885Z #26 22.38 Collecting python-dateutil>=2.8.2 (from pandas>=2.0.0->ortools>=9.10->ca-solver==0.1.0)
09 docker build	UNKNOWN STEP	2026-09-17T11:19:38.6554521Z #26 22.39   Downloading python_dateutil-2.9.0.post0-py2.py3-none-any.whl.metadata (8.4 kB)
09 docker build	UNKNOWN STEP	2026-09-17T11:19:38.6556015Z #26 22.47 Collecting MarkupSafe>=2.0 (from Mako->alembic>=1.13.0->ca-api==0.1.0)
09 docker build	UNKNOWN STEP	2026-09-17T11:19:38.6557523Z #26 22.48   Downloading markupsafe-3.0.3-cp312-cp312-manylinux2014_x86_64.manylinux_2_17_x86_64.manylinux_2_28_x86_64.whl.metadata (2.7 kB)
09 docker build	UNKNOWN STEP	2026-09-17T11:19:38.8180682Z #26 22.49 Collecting six>=1.5 (from python-dateutil>=2.8.2->pandas>=2.0.0->ortools>=9.10->ca-solver==0.1.0)
09 docker build	UNKNOWN STEP	2026-09-17T11:19:38.8182231Z #26 22.50   Downloading six-1.17.0-py2.py3-none-any.whl.metadata (1.7 kB)
09 docker build	UNKNOWN STEP	2026-09-17T11:19:38.8183244Z #26 22.52 Downloading alembic-1.20.0-py3-none-any.whl (268 kB)
09 docker build	UNKNOWN STEP	2026-09-17T11:19:38.8184616Z #26 22.54 Downloading fastapi-0.141.1-py3-none-any.whl (131 kB)
09 docker build	UNKNOWN STEP	2026-09-17T11:19:38.8185586Z #26 22.55 Downloading httpx-0.28.1-py3-none-any.whl (73 kB)
09 docker build	UNKNOWN STEP	2026-09-17T11:19:38.8186642Z #26 22.56 Downloading httpcore-1.0.9-py3-none-any.whl (78 kB)
09 docker build	UNKNOWN STEP	2026-09-17T11:19:38.8187818Z #26 22.57 Downloading numpy-2.5.3-cp312-cp312-manylinux_2_27_x86_64.manylinux_2_28_x86_64.whl (16.7 MB)
09 docker build	UNKNOWN STEP	2026-09-17T11:19:38.9282332Z #26 22.65    ΓöüΓöüΓöüΓöüΓöüΓöüΓöüΓöüΓöüΓöüΓöüΓöüΓöüΓöüΓöüΓöüΓöüΓöüΓöüΓöüΓöüΓöüΓöüΓöüΓöüΓöüΓöüΓöüΓöüΓöüΓöüΓöüΓöüΓöüΓöüΓöüΓöüΓöüΓöüΓöü 16.7/16.7 MB 203.2 MB/s eta 0:00:00
09 docker build	UNKNOWN STEP	2026-09-17T11:19:38.9283331Z #26 22.66 Downloading openpyxl-3.1.5-py2.py3-none-any.whl (250 kB)
09 docker build	UNKNOWN STEP	2026-09-17T11:19:38.9284328Z #26 22.68 Downloading ortools-9.15.6755-cp312-cp312-manylinux_2_27_x86_64.manylinux_2_28_x86_64.whl (29.8 MB)
09 docker build	UNKNOWN STEP	2026-09-17T11:19:38.9285693Z #26 22.72    ΓöüΓöüΓöüΓöüΓöüΓöüΓöüΓöüΓöüΓöüΓöüΓöüΓöüΓöüΓöüΓöüΓöüΓöüΓöüΓöüΓöüΓöüΓöüΓöüΓöüΓöüΓöüΓöüΓöüΓöüΓöüΓöüΓöüΓöüΓöüΓöüΓöüΓöüΓöüΓöü 29.8/29.8 MB 783.8 MB/s eta 0:00:00
09 docker build	UNKNOWN STEP	2026-09-17T11:19:38.9286562Z #26 22.73 Downloading psycopg-3.3.5-py3-none-any.whl (213 kB)
09 docker build	UNKNOWN STEP	2026-09-17T11:19:38.9287571Z #26 22.74 Downloading psycopg_binary-3.3.5-cp312-cp312-manylinux2014_x86_64.manylinux_2_17_x86_64.whl (5.2 MB)
09 docker build	UNKNOWN STEP	2026-09-17T11:19:38.9288829Z #26 22.74    ΓöüΓöüΓöüΓöüΓöüΓöüΓöüΓöüΓöüΓöüΓöüΓöüΓöüΓöüΓöüΓöüΓöüΓöüΓöüΓöüΓöüΓöüΓöüΓöüΓöüΓöüΓöüΓöüΓöüΓöüΓöüΓöüΓöüΓöüΓöüΓöüΓöüΓöüΓöüΓöü 5.2/5.2 MB 1.0 GB/s eta 0:00:00
09 docker build	UNKNOWN STEP	2026-09-17T11:19:38.9289639Z #26 22.75 Downloading pydantic-2.13.5-py3-none-any.whl (472 kB)
09 docker build	UNKNOWN STEP	2026-09-17T11:19:39.0382146Z #26 22.76 Downloading pydantic_core-2.46.5-cp312-cp312-manylinux_2_17_x86_64.manylinux2014_x86_64.whl (2.1 MB)
09 docker build	UNKNOWN STEP	2026-09-17T11:19:39.0383489Z #26 22.77    ΓöüΓöüΓöüΓöüΓöüΓöüΓöüΓöüΓöüΓöüΓöüΓöüΓöüΓöüΓöüΓöüΓöüΓöüΓöüΓöüΓöüΓöüΓöüΓöüΓöüΓöüΓöüΓöüΓöüΓöüΓöüΓöüΓöüΓöüΓöüΓöüΓöüΓöüΓöüΓöü 2.1/2.1 MB 847.2 MB/s eta 0:00:00
09 docker build	UNKNOWN STEP	2026-09-17T11:19:39.0384136Z #26 22.78 Downloading python_multipart-0.0.32-py3-none-any.whl (30 kB)
09 docker build	UNKNOWN STEP	2026-09-17T11:19:39.0385005Z #26 22.79 Downloading pyyaml-6.0.3-cp312-cp312-manylinux2014_x86_64.manylinux_2_17_x86_64.manylinux_2_28_x86_64.whl (807 kB)
09 docker build	UNKNOWN STEP	2026-09-17T11:19:39.0385803Z #26 22.79    ΓöüΓöüΓöüΓöüΓöüΓöüΓöüΓöüΓöüΓöüΓöüΓöüΓöüΓöüΓöüΓöüΓöüΓöüΓöüΓöüΓöüΓöüΓöüΓöüΓöüΓöüΓöüΓöüΓöüΓöüΓöüΓöüΓöüΓöüΓöüΓöüΓöüΓöüΓöü 807.9/807.9 kB 997.5 MB/s eta 0:00:00
09 docker build	UNKNOWN STEP	2026-09-17T11:19:39.0386389Z #26 22.80 Downloading redis-8.1.0-py3-none-any.whl (560 kB)
09 docker build	UNKNOWN STEP	2026-09-17T11:19:39.0386979Z #26 22.81    ΓöüΓöüΓöüΓöüΓöüΓöüΓöüΓöüΓöüΓöüΓöüΓöüΓöüΓöüΓöüΓöüΓöüΓöüΓöüΓöüΓöüΓöüΓöüΓöüΓöüΓöüΓöüΓöüΓöüΓöüΓöüΓöüΓöüΓöüΓöüΓöüΓöüΓöüΓöü 560.6/560.6 kB 714.7 MB/s eta 0:00:00
09 docker build	UNKNOWN STEP	2026-09-17T11:19:39.0387458Z #26 22.82 Downloading reportlab-5.0.1-py3-none-any.whl (2.0 MB)
09 docker build	UNKNOWN STEP	2026-09-17T11:19:39.0388059Z #26 22.82    ΓöüΓöüΓöüΓöüΓöüΓöüΓöüΓöüΓöüΓöüΓöüΓöüΓöüΓöüΓöüΓöüΓöüΓöüΓöüΓöüΓöüΓöüΓöüΓöüΓöüΓöüΓöüΓöüΓöüΓöüΓöüΓöüΓöüΓöüΓöüΓöüΓöüΓöüΓöüΓöü 2.0/2.0 MB 757.9 MB/s eta 0:00:00
09 docker build	UNKNOWN STEP	2026-09-17T11:19:39.0388745Z #26 22.83 Downloading sqlalchemy-2.0.54-cp312-cp312-manylinux2014_x86_64.manylinux_2_17_x86_64.manylinux_2_28_x86_64.whl (3.5 MB)
09 docker build	UNKNOWN STEP	2026-09-17T11:19:39.0389515Z #26 22.84    ΓöüΓöüΓöüΓöüΓöüΓöüΓöüΓöüΓöüΓöüΓöüΓöüΓöüΓöüΓöüΓöüΓöüΓöüΓöüΓöüΓöüΓöüΓöüΓöüΓöüΓöüΓöüΓöüΓöüΓöüΓöüΓöüΓöüΓöüΓöüΓöüΓöüΓöüΓöüΓöü 3.5/3.5 MB 748.1 MB/s eta 0:00:00
09 docker build	UNKNOWN STEP	2026-09-17T11:19:39.0389977Z #26 22.85 Downloading uvicorn-0.53.0-py3-none-any.whl (87 kB)
09 docker build	UNKNOWN STEP	2026-09-17T11:19:39.0390616Z #26 22.86 Downloading websockets-17.1-cp312-cp312-manylinux1_x86_64.manylinux_2_28_x86_64.manylinux_2_5_x86_64.whl (224 kB)
09 docker build	UNKNOWN STEP	2026-09-17T11:19:39.0391366Z #26 22.87 Downloading absl_py-2.5.0-py3-none-any.whl (137 kB)
09 docker build	UNKNOWN STEP	2026-09-17T11:19:39.1581030Z #26 22.89 Downloading annotated_doc-0.0.5-py3-none-any.whl (5.3 kB)
09 docker build	UNKNOWN STEP	2026-09-17T11:19:39.1581963Z #26 22.90 Downloading annotated_types-0.8.0-py3-none-any.whl (13 kB)
09 docker build	UNKNOWN STEP	2026-09-17T11:19:39.1582994Z #26 22.91 Downloading click-8.5.0-py3-none-any.whl (125 kB)
09 docker build	UNKNOWN STEP	2026-09-17T11:19:39.1584010Z #26 22.92 Downloading greenlet-3.5.6-cp312-cp312-manylinux_2_24_x86_64.manylinux_2_28_x86_64.whl (621 kB)
09 docker build	UNKNOWN STEP	2026-09-17T11:19:39.1585594Z #26 22.92    ΓöüΓöüΓöüΓöüΓöüΓöüΓöüΓöüΓöüΓöüΓöüΓöüΓöüΓöüΓöüΓöüΓöüΓöüΓöüΓöüΓöüΓöüΓöüΓöüΓöüΓöüΓöüΓöüΓöüΓöüΓöüΓöüΓöüΓöüΓöüΓöüΓöüΓöüΓöü 621.4/621.4 kB 667.2 MB/s eta 0:00:00
09 docker build	UNKNOWN STEP	2026-09-17T11:19:39.1586387Z #26 22.93 Downloading h11-0.16.0-py3-none-any.whl (37 kB)
09 docker build	UNKNOWN STEP	2026-09-17T11:19:39.1587405Z #26 22.94 Downloading httptools-0.8.0-cp312-cp312-manylinux1_x86_64.manylinux_2_28_x86_64.manylinux_2_5_x86_64.whl (523 kB)
09 docker build	UNKNOWN STEP	2026-09-17T11:19:39.1588871Z #26 22.95 Downloading immutabledict-4.3.1-py3-none-any.whl (5.0 kB)
09 docker build	UNKNOWN STEP	2026-09-17T11:19:39.1589899Z #26 22.97 Downloading pandas-3.0.5-cp312-cp312-manylinux_2_24_x86_64.manylinux_2_28_x86_64.whl (11.0 MB)
09 docker build	UNKNOWN STEP	2026-09-17T11:19:39.2630920Z #26 22.99    ΓöüΓöüΓöüΓöüΓöüΓöüΓöüΓöüΓöüΓöüΓöüΓöüΓöüΓöüΓöüΓöüΓöüΓöüΓöüΓöüΓöüΓöüΓöüΓöüΓöüΓöüΓöüΓöüΓöüΓöüΓöüΓöüΓöüΓöüΓöüΓöüΓöüΓöüΓöüΓöü 11.0/11.0 MB 426.5 MB/s eta 0:00:00
09 docker build	UNKNOWN STEP	2026-09-17T11:19:39.2636949Z #26 23.00 Downloading pillow-12.3.0-cp312-cp312-manylinux_2_27_x86_64.manylinux_2_28_x86_64.whl (6.9 MB)
09 docker build	UNKNOWN STEP	2026-09-17T11:19:39.2638488Z #26 23.01    ΓöüΓöüΓöüΓöüΓöüΓöüΓöüΓöüΓöüΓöüΓöüΓöüΓöüΓöüΓöüΓöüΓöüΓöüΓöüΓöüΓöüΓöüΓöüΓöüΓöüΓöüΓöüΓöüΓöüΓöüΓöüΓöüΓöüΓöüΓöüΓöüΓöüΓöüΓöüΓöü 6.9/6.9 MB 907.1 MB/s eta 0:00:00
09 docker build	UNKNOWN STEP	2026-09-17T11:19:39.2639730Z #26 23.02 Downloading protobuf-6.33.6-cp39-abi3-manylinux2014_x86_64.whl (323 kB)
09 docker build	UNKNOWN STEP	2026-09-17T11:19:39.2640880Z #26 23.04 Downloading python_dotenv-1.2.3-py3-none-any.whl (22 kB)
09 docker build	UNKNOWN STEP	2026-09-17T11:19:39.2641878Z #26 23.05 Downloading starlette-1.6.0-py3-none-any.whl (75 kB)
09 docker build	UNKNOWN STEP	2026-09-17T11:19:39.2642946Z #26 23.06 Downloading anyio-4.15.1-py3-none-any.whl (132 kB)
09 docker build	UNKNOWN STEP	2026-09-17T11:19:39.2643790Z #26 23.07 Downloading idna-3.19-py3-none-any.whl (68 kB)
09 docker build	UNKNOWN STEP	2026-09-17T11:19:39.2644879Z #26 23.08 Downloading typing_extensions-4.16.0-py3-none-any.whl (45 kB)
09 docker build	UNKNOWN STEP	2026-09-17T11:19:39.2645879Z #26 23.09 Downloading typing_inspection-0.4.4-py3-none-any.whl (14 kB)
09 docker build	UNKNOWN STEP	2026-09-17T11:19:39.4834073Z #26 23.10 Downloading uvloop-0.22.1-cp312-cp312-manylinux2014_x86_64.manylinux_2_17_x86_64.manylinux_2_28_x86_64.whl (4.4 MB)
09 docker build	UNKNOWN STEP	2026-09-17T11:19:39.4836465Z #26 23.11    ΓöüΓöüΓöüΓöüΓöüΓöüΓöüΓöüΓöüΓöüΓöüΓöüΓöüΓöüΓöüΓöüΓöüΓöüΓöüΓöüΓöüΓöüΓöüΓöüΓöüΓöüΓöüΓöüΓöüΓöüΓöüΓöüΓöüΓöüΓöüΓöüΓöüΓöüΓöüΓöü 4.4/4.4 MB 820.3 MB/s eta 0:00:00
09 docker build	UNKNOWN STEP	2026-09-17T11:19:39.4840930Z #26 23.12 Downloading watchfiles-1.2.0-cp312-cp312-manylinux_2_17_x86_64.manylinux2014_x86_64.whl (456 kB)
09 docker build	UNKNOWN STEP	2026-09-17T11:19:39.4843105Z #26 23.13 Downloading certifi-2026.7.22-py3-none-any.whl (136 kB)
09 docker build	UNKNOWN STEP	2026-09-17T11:19:39.4844611Z #26 23.14 Downloading charset_normalizer-3.5.1-cp312-cp312-manylinux2014_x86_64.manylinux_2_17_x86_64.manylinux_2_28_x86_64.whl (248 kB)
09 docker build	UNKNOWN STEP	2026-09-17T11:19:39.4846154Z #26 23.15 Downloading et_xmlfile-2.0.0-py3-none-any.whl (18 kB)
09 docker build	UNKNOWN STEP	2026-09-17T11:19:39.4847271Z #26 23.16 Downloading mako-1.4.1-py3-none-any.whl (80 kB)
09 docker build	UNKNOWN STEP	2026-09-17T11:19:39.4848723Z #26 23.17 Downloading markupsafe-3.0.3-cp312-cp312-manylinux2014_x86_64.manylinux_2_17_x86_64.manylinux_2_28_x86_64.whl (22 kB)
09 docker build	UNKNOWN STEP	2026-09-17T11:19:39.4850310Z #26 23.18 Downloading python_dateutil-2.9.0.post0-py2.py3-none-any.whl (229 kB)
09 docker build	UNKNOWN STEP	2026-09-17T11:19:39.4851524Z #26 23.19 Downloading six-1.17.0-py2.py3-none-any.whl (11 kB)
09 docker build	UNKNOWN STEP	2026-09-17T11:19:39.5956567Z #26 23.32 Building wheels for collected packages: ca-contracts, ca-solver, ca-gates, ca-ops, ca-playbook, ca-agents, ca-api
09 docker build	UNKNOWN STEP	2026-09-17T11:19:39.5957872Z #26 23.32   Building editable for ca-contracts (pyproject.toml): started
09 docker build	UNKNOWN STEP	2026-09-17T11:19:39.5959525Z #26 23.36   Building editable for ca-contracts (pyproject.toml): finished with status 'done'
09 docker build	UNKNOWN STEP	2026-09-17T11:19:39.5961161Z #26 23.36   Created wheel for ca-contracts: filename=ca_contracts-0.1.0-py3-none-any.whl size=1019 sha256=e93f4eb0a09c7cee5b5d6d5e04fc03fd8a3e1f87ba08c104689f2c1055d07333
09 docker build	UNKNOWN STEP	2026-09-17T11:19:39.5963051Z #26 23.36   Stored in directory: /tmp/pip-ephem-wheel-cache-voblpe5e/wheels/2a/21/44/f2c3f9465433d2896c6cb9a5070b6123b9d031e7932f3e4b23
09 docker build	UNKNOWN STEP	2026-09-17T11:19:39.5964195Z #26 23.36   Building editable for ca-solver (pyproject.toml): started
09 docker build	UNKNOWN STEP	2026-09-17T11:19:39.5965094Z #26 23.39   Building editable for ca-solver (pyproject.toml): finished with status 'done'
09 docker build	UNKNOWN STEP	2026-09-17T11:19:39.5966369Z #26 23.40   Created wheel for ca-solver: filename=ca_solver-0.1.0-py3-none-any.whl size=999 sha256=c6ea6dcaf2a078c6596249607e5d521f82660770b6559250774cce56833b3ff1
09 docker build	UNKNOWN STEP	2026-09-17T11:19:39.5967998Z #26 23.40   Stored in directory: /tmp/pip-ephem-wheel-cache-voblpe5e/wheels/7b/d1/57/862f206114b89892d2d47b7205273fee4084b6206161faa43e
09 docker build	UNKNOWN STEP	2026-09-17T11:19:39.5969038Z #26 23.40   Building editable for ca-gates (pyproject.toml): started
09 docker build	UNKNOWN STEP	2026-09-17T11:19:39.7179081Z #26 23.43   Building editable for ca-gates (pyproject.toml): finished with status 'done'
09 docker build	UNKNOWN STEP	2026-09-17T11:19:39.7180510Z #26 23.43   Created wheel for ca-gates: filename=ca_gates-0.1.0-py3-none-any.whl size=952 sha256=8e6d33c0bb5f113a218c0d8db97a5a141838cf7088e103aeb2f95066ec3c9fd7
09 docker build	UNKNOWN STEP	2026-09-17T11:19:39.7182554Z #26 23.43   Stored in directory: /tmp/pip-ephem-wheel-cache-voblpe5e/wheels/c3/0b/54/b3df7387e30fce92f12e6c28e5cc1413268514e90033d0bc60
09 docker build	UNKNOWN STEP	2026-09-17T11:19:39.7184811Z #26 23.43   Building editable for ca-ops (pyproject.toml): started
09 docker build	UNKNOWN STEP	2026-09-17T11:19:39.7188224Z #26 23.47   Building editable for ca-ops (pyproject.toml): finished with status 'done'
09 docker build	UNKNOWN STEP	2026-09-17T11:19:39.7189780Z #26 23.47   Created wheel for ca-ops: filename=ca_ops-0.1.0-py3-none-any.whl size=958 sha256=556eecbd472cfe52ddc55bf819610dc830afffdd11fbcdf8d28bc232eb7d6ab3
09 docker build	UNKNOWN STEP	2026-09-17T11:19:39.7190807Z #26 23.47   Stored in directory: /tmp/pip-ephem-wheel-cache-voblpe5e/wheels/3d/0b/c1/e61b5cd0de2d2fec3f408fa42545d51e2c22fbceb2ca25cb2a
09 docker build	UNKNOWN STEP	2026-09-17T11:19:39.7191494Z #26 23.48   Building editable for ca-playbook (pyproject.toml): started
09 docker build	UNKNOWN STEP	2026-09-17T11:19:39.7192173Z #26 23.52   Building editable for ca-playbook (pyproject.toml): finished with status 'done'
09 docker build	UNKNOWN STEP	2026-09-17T11:19:39.7193137Z #26 23.52   Created wheel for ca-playbook: filename=ca_playbook-0.1.0-py3-none-any.whl size=988 sha256=41898f692f34befc0695c03b5e12c2d09221abc8be36b351a779d1e16f6c0d73
09 docker build	UNKNOWN STEP	2026-09-17T11:19:39.7194128Z #26 23.52   Stored in directory: /tmp/pip-ephem-wheel-cache-voblpe5e/wheels/e0/11/13/f80ca8f55b328e152f4ed6ecefdff4a46522e20f277b7aa3b3
09 docker build	UNKNOWN STEP	2026-09-17T11:19:39.7194816Z #26 23.52   Building editable for ca-agents (pyproject.toml): started
09 docker build	UNKNOWN STEP	2026-09-17T11:19:39.9006151Z #26 23.55   Building editable for ca-agents (pyproject.toml): finished with status 'done'
09 docker build	UNKNOWN STEP	2026-09-17T11:19:39.9007613Z #26 23.56   Created wheel for ca-agents: filename=ca_agents-0.1.0-py3-none-any.whl size=1049 sha256=5e79326e80008921f56de8efe483d8ee80ddfd4bf63271abef0758bd16f6de80
09 docker build	UNKNOWN STEP	2026-09-17T11:19:39.9009289Z #26 23.56   Stored in directory: /tmp/pip-ephem-wheel-cache-voblpe5e/wheels/e2/9d/01/d8aa7254f53920328c23a08a98d801a9c52b7743043a16965b
09 docker build	UNKNOWN STEP	2026-09-17T11:19:39.9010386Z #26 23.56   Building editable for ca-api (pyproject.toml): started
09 docker build	UNKNOWN STEP	2026-09-17T11:19:39.9011466Z #26 23.60   Building editable for ca-api (pyproject.toml): finished with status 'done'
09 docker build	UNKNOWN STEP	2026-09-17T11:19:39.9012998Z #26 23.60   Created wheel for ca-api: filename=ca_api-0.1.0-py3-none-any.whl size=1095 sha256=be33861fa59e734f27badc6015545efbee2c2ab114ff65d07ca77f30a2e2451e
09 docker build	UNKNOWN STEP	2026-09-17T11:19:39.9014570Z #26 23.61   Stored in directory: /tmp/pip-ephem-wheel-cache-voblpe5e/wheels/42/87/85/b9d0116d5a27c85f86ff618f5455c40869ca44c1201b58006c
09 docker build	UNKNOWN STEP	2026-09-17T11:19:39.9015678Z #26 23.61 Successfully built ca-contracts ca-solver ca-gates ca-ops ca-playbook ca-agents ca-api
09 docker build	UNKNOWN STEP	2026-09-17T11:19:39.9019079Z #26 23.74 Installing collected packages: websockets, uvloop, typing-extensions, six, redis, pyyaml, python-multipart, python-dotenv, psycopg-binary, protobuf, pillow, numpy, MarkupSafe, immutabledict, idna, httptools, h11, greenlet, et-xmlfile, click, charset-normalizer, certifi, ca-playbook, ca-gates, annotated-types, annotated-doc, absl-py, uvicorn, typing-inspection, sqlalchemy, reportlab, python-dateutil, pydantic-core, psycopg, openpyxl, Mako, httpcore, ca-ops, ca-agents, anyio, watchfiles, starlette, pydantic, pandas, httpx, alembic, ortools, fastapi, ca-contracts, ca-solver, ca-api
09 docker build	UNKNOWN STEP	2026-09-17T11:19:49.0082903Z #26 ...
09 docker build	UNKNOWN STEP	2026-09-17T11:19:49.0083268Z 
09 docker build	UNKNOWN STEP	2026-09-17T11:19:49.0083469Z #29 [web builder 5/5] RUN npm run build
09 docker build	UNKNOWN STEP	2026-09-17T11:19:49.0084500Z #29 24.40  Γ£ô Compiled successfully in 19.8s
09 docker build	UNKNOWN STEP	2026-09-17T11:19:49.1613327Z #29 24.41    Linting and checking validity of types ...
09 docker build	UNKNOWN STEP	2026-09-17T11:19:55.6493741Z #29 ...
09 docker build	UNKNOWN STEP	2026-09-17T11:19:55.6494065Z 
09 docker build	UNKNOWN STEP	2026-09-17T11:19:55.6495161Z #26 [api 11/17] RUN pip install --no-cache-dir     -e ./packages/contracts     -e ./packages/solver     -e ./packages/gates     -e ./packages/opsengine     -e ./packages/playbook     -e ./packages/agents     -e ./apps/api
09 docker build	UNKNOWN STEP	2026-09-17T11:19:55.6500866Z #26 39.48 Successfully installed Mako-1.4.1 MarkupSafe-3.0.3 absl-py-2.5.0 alembic-1.20.0 annotated-doc-0.0.5 annotated-types-0.8.0 anyio-4.15.1 ca-agents-0.1.0 ca-api-0.1.0 ca-contracts-0.1.0 ca-gates-0.1.0 ca-ops-0.1.0 ca-playbook-0.1.0 ca-solver-0.1.0 certifi-2026.7.22 charset-normalizer-3.5.1 click-8.5.0 et-xmlfile-2.0.0 fastapi-0.141.1 greenlet-3.5.6 h11-0.16.0 httpcore-1.0.9 httptools-0.8.0 httpx-0.28.1 idna-3.19 immutabledict-4.3.1 numpy-2.5.3 openpyxl-3.1.5 ortools-9.15.6755 pandas-3.0.5 pillow-12.3.0 protobuf-6.33.6 psycopg-3.3.5 psycopg-binary-3.3.5 pydantic-2.13.5 pydantic-core-2.46.5 python-dateutil-2.9.0.post0 python-dotenv-1.2.3 python-multipart-0.0.32 pyyaml-6.0.3 redis-8.1.0 reportlab-5.0.1 six-1.17.0 sqlalchemy-2.0.54 starlette-1.6.0 typing-extensions-4.16.0 typing-inspection-0.4.4 uvicorn-0.53.0 uvloop-0.22.1 watchfiles-1.2.0 websockets-17.1
09 docker build	UNKNOWN STEP	2026-09-17T11:19:55.8896939Z #26 39.48 WARNING: Running pip as the 'root' user can result in broken permissions and conflicting behaviour with the system package manager, possibly rendering your system unusable. It is recommended to use a virtual environment instead: https://pip.pypa.io/warnings/venv. Use the --root-user-action option if you know what you are doing and want to suppress this warning.
09 docker build	UNKNOWN STEP	2026-09-17T11:19:55.8899878Z #26 39.58 
09 docker build	UNKNOWN STEP	2026-09-17T11:19:55.8900894Z #26 39.58 [notice] A new release of pip is available: 25.0.1 -> 26.2.1
09 docker build	UNKNOWN STEP	2026-09-17T11:19:55.8901858Z #26 39.58 [notice] To update, run: pip install --upgrade pip
09 docker build	UNKNOWN STEP	2026-09-17T11:19:58.1308125Z #26 DONE 41.8s
09 docker build	UNKNOWN STEP	2026-09-17T11:19:58.1308602Z 
09 docker build	UNKNOWN STEP	2026-09-17T11:19:58.1308830Z #29 [web builder 5/5] RUN npm run build
09 docker build	UNKNOWN STEP	2026-09-17T11:19:58.1821282Z #29 ...
09 docker build	UNKNOWN STEP	2026-09-17T11:19:58.1821571Z 
09 docker build	UNKNOWN STEP	2026-09-17T11:19:58.1821731Z #30 [api 12/17] COPY config ./config
09 docker build	UNKNOWN STEP	2026-09-17T11:19:58.7325802Z #30 DONE 0.5s
09 docker build	UNKNOWN STEP	2026-09-17T11:19:58.7326237Z 
09 docker build	UNKNOWN STEP	2026-09-17T11:19:58.7326457Z #31 [api 13/17] COPY data ./data
09 docker build	UNKNOWN STEP	2026-09-17T11:19:58.8403395Z #31 DONE 0.1s
09 docker build	UNKNOWN STEP	2026-09-17T11:19:58.8405038Z 
09 docker build	UNKNOWN STEP	2026-09-17T11:19:58.8405696Z #32 [api 14/17] COPY infra/templates ./infra/templates
09 docker build	UNKNOWN STEP	2026-09-17T11:19:58.8406482Z #32 DONE 0.0s
09 docker build	UNKNOWN STEP	2026-09-17T11:19:58.8406845Z 
09 docker build	UNKNOWN STEP	2026-09-17T11:19:58.8407280Z #33 [worker 15/17] COPY scripts ./scripts
09 docker build	UNKNOWN STEP	2026-09-17T11:19:58.8408135Z #33 DONE 0.0s
09 docker build	UNKNOWN STEP	2026-09-17T11:19:58.8408541Z 
09 docker build	UNKNOWN STEP	2026-09-17T11:19:58.8408864Z #34 [api 16/17] COPY skills ./skills
09 docker build	UNKNOWN STEP	2026-09-17T11:19:58.9918835Z #34 DONE 0.1s
09 docker build	UNKNOWN STEP	2026-09-17T11:19:58.9919774Z 
09 docker build	UNKNOWN STEP	2026-09-17T11:19:58.9920275Z #35 [api 17/17] RUN mkdir -p /app/var /app/data/out
09 docker build	UNKNOWN STEP	2026-09-17T11:19:59.1996146Z #35 DONE 0.2s
09 docker build	UNKNOWN STEP	2026-09-17T11:19:59.2022838Z 
09 docker build	UNKNOWN STEP	2026-09-17T11:19:59.2023474Z #36 [api] exporting to image
09 docker build	UNKNOWN STEP	2026-09-17T11:19:59.2024126Z #36 exporting layers
09 docker build	UNKNOWN STEP	2026-09-17T11:20:05.2455200Z #36 exporting layers 6.2s done
09 docker build	UNKNOWN STEP	2026-09-17T11:20:05.3721358Z #36 writing image sha256:30d1e333da5cb0dfde7348665cd157f0acf67e0b7cc5321846fa4f9f758aa57f done
09 docker build	UNKNOWN STEP	2026-09-17T11:20:05.3725387Z #36 naming to docker.io/library/docker-api done
09 docker build	UNKNOWN STEP	2026-09-17T11:20:05.3725975Z #36 DONE 6.2s
09 docker build	UNKNOWN STEP	2026-09-17T11:20:05.3726559Z 
09 docker build	UNKNOWN STEP	2026-09-17T11:20:05.3726973Z #37 [worker] exporting to image
09 docker build	UNKNOWN STEP	2026-09-17T11:20:05.3727716Z #37 exporting layers 6.2s done
09 docker build	UNKNOWN STEP	2026-09-17T11:20:05.3728773Z #37 writing image sha256:30d1e333da5cb0dfde7348665cd157f0acf67e0b7cc5321846fa4f9f758aa57f done
09 docker build	UNKNOWN STEP	2026-09-17T11:20:05.3729915Z #37 naming to docker.io/library/docker-worker done
09 docker build	UNKNOWN STEP	2026-09-17T11:20:05.3730677Z #37 DONE 6.2s
09 docker build	UNKNOWN STEP	2026-09-17T11:20:05.3731248Z 
09 docker build	UNKNOWN STEP	2026-09-17T11:20:05.3731665Z #38 [worker] resolving provenance for metadata file
09 docker build	UNKNOWN STEP	2026-09-17T11:20:05.5387120Z #38 DONE 0.0s
09 docker build	UNKNOWN STEP	2026-09-17T11:20:05.5387665Z 
09 docker build	UNKNOWN STEP	2026-09-17T11:20:05.5388470Z #39 [api] resolving provenance for metadata file
09 docker build	UNKNOWN STEP	2026-09-17T11:20:05.5389859Z #39 DONE 0.0s
09 docker build	UNKNOWN STEP	2026-09-17T11:20:05.5391050Z 
09 docker build	UNKNOWN STEP	2026-09-17T11:20:05.5393132Z #29 [web builder 5/5] RUN npm run build
09 docker build	UNKNOWN STEP	2026-09-17T11:20:05.5394681Z #29 34.01    Collecting page data ...
09 docker build	UNKNOWN STEP	2026-09-17T11:20:05.5395904Z #29 37.80    Generating static pages (0/39) ...
09 docker build	UNKNOWN STEP	2026-09-17T11:20:05.5397404Z #29 39.51    Generating static pages (9/39) 
09 docker build	UNKNOWN STEP	2026-09-17T11:20:05.5398691Z #29 39.51    Generating static pages (19/39) 
09 docker build	UNKNOWN STEP	2026-09-17T11:20:05.5399489Z #29 39.64    Generating static pages (29/39) 
09 docker build	UNKNOWN STEP	2026-09-17T11:20:05.5400685Z #29 39.67  Γ£ô Generating static pages (39/39)
09 docker build	UNKNOWN STEP	2026-09-17T11:20:05.5401775Z #29 40.54    Finalizing page optimization ...
09 docker build	UNKNOWN STEP	2026-09-17T11:20:05.5402589Z #29 40.54    Collecting build traces ...
09 docker build	UNKNOWN STEP	2026-09-17T11:20:21.0388268Z #29 56.43 
09 docker build	UNKNOWN STEP	2026-09-17T11:20:21.2102341Z #29 56.44 Route (app)                                 Size  First Load JS
09 docker build	UNKNOWN STEP	2026-09-17T11:20:21.2103223Z #29 56.44 Γöî Γùï /                                     7.4 kB         155 kB
09 docker build	UNKNOWN STEP	2026-09-17T11:20:21.2103980Z #29 56.44 Γö£ Γùï /_not-found                            996 B         104 kB
09 docker build	UNKNOWN STEP	2026-09-17T11:20:21.2104537Z #29 56.44 Γö£ Γùï /ai-learning                         3.47 kB         122 kB
09 docker build	UNKNOWN STEP	2026-09-17T11:20:21.2105029Z #29 56.44 Γö£ Γùï /cam-nang                            4.67 kB         138 kB
09 docker build	UNKNOWN STEP	2026-09-17T11:20:21.2105542Z #29 56.44 Γö£ Γùï /chat                                12.3 kB         128 kB
09 docker build	UNKNOWN STEP	2026-09-17T11:20:21.2106103Z #29 56.44 Γö£ Γùï /cong-bang                            3.1 kB         136 kB
09 docker build	UNKNOWN STEP	2026-09-17T11:20:21.2106602Z #29 56.44 Γö£ Γùï /contracts                           1.34 kB         120 kB
09 docker build	UNKNOWN STEP	2026-09-17T11:20:21.2107128Z #29 56.44 Γö£ Γùï /copilot                             1.76 kB         128 kB
09 docker build	UNKNOWN STEP	2026-09-17T11:20:21.2107640Z #29 56.44 Γö£ Γùï /cuoc-hop                            13.5 kB         132 kB
09 docker build	UNKNOWN STEP	2026-09-17T11:20:21.2108110Z #29 56.44 Γö£ Γùï /dang-ky                             2.86 kB         121 kB
09 docker build	UNKNOWN STEP	2026-09-17T11:20:21.2108623Z #29 56.44 Γö£ Γùï /doi-ca                              6.05 kB         139 kB
09 docker build	UNKNOWN STEP	2026-09-17T11:20:21.2109114Z #29 56.44 Γö£ Γùï /handover                            2.66 kB         136 kB
09 docker build	UNKNOWN STEP	2026-09-17T11:20:21.2109666Z #29 56.44 Γö£ Γùï /hao-phi                             3.51 kB         122 kB
09 docker build	UNKNOWN STEP	2026-09-17T11:20:21.2110176Z #29 56.44 Γö£ Γùï /hom-nay                             8.93 kB         169 kB
09 docker build	UNKNOWN STEP	2026-09-17T11:20:21.2110654Z #29 56.44 Γö£ Γùï /huong-dan                           4.28 kB         116 kB
09 docker build	UNKNOWN STEP	2026-09-17T11:20:21.2111169Z #29 56.44 Γö£ Γùï /inbox                               8.68 kB         127 kB
09 docker build	UNKNOWN STEP	2026-09-17T11:20:21.2111655Z #29 56.44 Γö£ Γùï /khao-sat-gia                        9.41 kB         169 kB
09 docker build	UNKNOWN STEP	2026-09-17T11:20:21.2112341Z #29 56.44 Γö£ Γùï /lich-tuan                             174 B         148 kB
09 docker build	UNKNOWN STEP	2026-09-17T11:20:21.2112888Z #29 56.44 Γö£ Γùï /login                               2.45 kB         162 kB
09 docker build	UNKNOWN STEP	2026-09-17T11:20:21.2113367Z #29 56.44 Γö£ Γùï /menu                                3.93 kB         122 kB
09 docker build	UNKNOWN STEP	2026-09-17T11:20:21.2113895Z #29 56.44 Γö£ Γùï /nguoi                               5.11 kB         165 kB
09 docker build	UNKNOWN STEP	2026-09-17T11:20:21.2114396Z #29 56.44 Γö£ Γùï /page-quan                           13.6 kB         132 kB
09 docker build	UNKNOWN STEP	2026-09-17T11:20:21.2114894Z #29 56.44 Γö£ Γùï /page-quan/dat-ban                   4.89 kB         123 kB
09 docker build	UNKNOWN STEP	2026-09-17T11:20:21.2115440Z #29 56.44 Γö£ Γùï /page-quan/fb-inbox                  4.91 kB         123 kB
09 docker build	UNKNOWN STEP	2026-09-17T11:20:21.2115937Z #29 56.44 Γö£ Γùï /pha                                 1.39 kB         120 kB
09 docker build	UNKNOWN STEP	2026-09-17T11:20:21.2116428Z #29 56.44 Γö£ Γùï /phieu                               6.15 kB         132 kB
09 docker build	UNKNOWN STEP	2026-09-17T11:20:21.2116898Z #29 56.44 Γö£ Γùï /qr                                  3.77 kB         137 kB
09 docker build	UNKNOWN STEP	2026-09-17T11:20:21.2117530Z #29 56.44 Γö£ Γùï /quay                                 2.8 kB         121 kB
09 docker build	UNKNOWN STEP	2026-09-17T11:20:21.2118057Z #29 56.44 Γö£ Γùï /roster                                176 B         148 kB
09 docker build	UNKNOWN STEP	2026-09-17T11:20:21.2118536Z #29 56.44 Γö£ Γùï /skills                              3.85 kB         122 kB
09 docker build	UNKNOWN STEP	2026-09-17T11:20:21.2119103Z #29 56.44 Γö£ Γùï /sop                                 2.73 kB         121 kB
09 docker build	UNKNOWN STEP	2026-09-17T11:20:21.2119579Z #29 56.44 Γö£ Γùï /them                                1.19 kB         116 kB
09 docker build	UNKNOWN STEP	2026-09-17T11:20:21.2120044Z #29 56.44 Γö£ Γùï /tieu-thu                             4.4 kB         116 kB
09 docker build	UNKNOWN STEP	2026-09-17T11:20:21.2120569Z #29 56.44 Γö£ Γùï /tkb                                 4.78 kB         138 kB
09 docker build	UNKNOWN STEP	2026-09-17T11:20:21.2121042Z #29 56.44 Γö£ Γùï /toi                                 1.87 kB         120 kB
09 docker build	UNKNOWN STEP	2026-09-17T11:20:21.2121555Z #29 56.44 Γö£ Γùï /treo                                4.48 kB         137 kB
09 docker build	UNKNOWN STEP	2026-09-17T11:20:21.2122021Z #29 56.44 Γöö Γùï /vet                                 7.06 kB         125 kB
09 docker build	UNKNOWN STEP	2026-09-17T11:20:21.2122891Z #29 56.44 + First Load JS shared by all             103 kB
09 docker build	UNKNOWN STEP	2026-09-17T11:20:21.2123451Z #29 56.44   Γö£ chunks/1255-7316b50163a428e6.js      46.4 kB
09 docker build	UNKNOWN STEP	2026-09-17T11:20:21.2123924Z #29 56.44   Γö£ chunks/4bd1b696-f785427dddbba9fb.js  54.2 kB
09 docker build	UNKNOWN STEP	2026-09-17T11:20:21.2124618Z #29 56.44   Γöö other shared chunks (total)          2.08 kB
09 docker build	UNKNOWN STEP	2026-09-17T11:20:21.2124996Z #29 56.44 
09 docker build	UNKNOWN STEP	2026-09-17T11:20:21.2125544Z #29 56.44 
09 docker build	UNKNOWN STEP	2026-09-17T11:20:21.2126059Z #29 56.44 Γùï  (Static)  prerendered as static content
09 docker build	UNKNOWN STEP	2026-09-17T11:20:21.2126419Z #29 56.44 
09 docker build	UNKNOWN STEP	2026-09-17T11:20:21.2126696Z #29 56.48 npm notice
09 docker build	UNKNOWN STEP	2026-09-17T11:20:21.2127086Z #29 56.48 npm notice New major version of npm available! 10.9.8 -> 12.0.2
09 docker build	UNKNOWN STEP	2026-09-17T11:20:21.2127649Z #29 56.48 npm notice Changelog: https://github.com/npm/cli/releases/tag/v12.0.2
09 docker build	UNKNOWN STEP	2026-09-17T11:20:21.2128158Z #29 56.48 npm notice To update run: npm install -g npm@12.0.2
09 docker build	UNKNOWN STEP	2026-09-17T11:20:21.2128541Z #29 56.48 npm notice
09 docker build	UNKNOWN STEP	2026-09-17T11:20:21.2128811Z #29 DONE 56.6s
09 docker build	UNKNOWN STEP	2026-09-17T11:20:21.6966908Z 
09 docker build	UNKNOWN STEP	2026-09-17T11:20:21.6968121Z #40 [web runner 3/5] COPY --from=builder /app/.next/standalone ./
09 docker build	UNKNOWN STEP	2026-09-17T11:20:22.3813217Z #40 DONE 0.7s
09 docker build	UNKNOWN STEP	2026-09-17T11:20:22.5864391Z 
09 docker build	UNKNOWN STEP	2026-09-17T11:20:22.5865558Z #41 [web runner 4/5] COPY --from=builder /app/.next/static ./.next/static
09 docker build	UNKNOWN STEP	2026-09-17T11:20:22.5866182Z #41 DONE 0.0s
09 docker build	UNKNOWN STEP	2026-09-17T11:20:22.5866368Z 
09 docker build	UNKNOWN STEP	2026-09-17T11:20:22.5866678Z #42 [web runner 5/5] COPY --from=builder /app/public ./public
09 docker build	UNKNOWN STEP	2026-09-17T11:20:22.5867341Z #42 DONE 0.0s
09 docker build	UNKNOWN STEP	2026-09-17T11:20:22.5867555Z 
09 docker build	UNKNOWN STEP	2026-09-17T11:20:22.5867717Z #43 [web] exporting to image
09 docker build	UNKNOWN STEP	2026-09-17T11:20:22.5868046Z #43 exporting layers
09 docker build	UNKNOWN STEP	2026-09-17T11:20:23.1944374Z #43 exporting layers 0.8s done
09 docker build	UNKNOWN STEP	2026-09-17T11:20:23.2301960Z #43 writing image sha256:427fd0a8ebe50244a116099da19132a1a4f7194a6cc66e04c1e3c525dbe2a11b done
09 docker build	UNKNOWN STEP	2026-09-17T11:20:23.2303092Z #43 naming to docker.io/library/docker-web done
09 docker build	UNKNOWN STEP	2026-09-17T11:20:23.2313327Z #43 DONE 0.8s
09 docker build	UNKNOWN STEP	2026-09-17T11:20:23.2313751Z 
09 docker build	UNKNOWN STEP	2026-09-17T11:20:23.2314276Z #44 [web] resolving provenance for metadata file
09 docker build	UNKNOWN STEP	2026-09-17T11:20:23.2315209Z #44 DONE 0.0s
09 docker build	UNKNOWN STEP	2026-09-17T11:20:23.2319193Z  web  Built
09 docker build	UNKNOWN STEP	2026-09-17T11:20:23.2320998Z  api  Built
09 docker build	UNKNOWN STEP	2026-09-17T11:20:23.2321632Z  worker  Built
09 docker build	UNKNOWN STEP	2026-09-17T11:20:23.2387747Z ##[group]Run docker compose -f infra/docker/compose.yml up -d --wait || docker compose -f infra/docker/compose.yml up -d
09 docker build	UNKNOWN STEP	2026-09-17T11:20:23.2388764Z [36;1mdocker compose -f infra/docker/compose.yml up -d --wait || docker compose -f infra/docker/compose.yml up -d[0m
09 docker build	UNKNOWN STEP	2026-09-17T11:20:23.2389500Z [36;1mdocker compose -f infra/docker/compose.yml exec -T api python /app/scripts/smoke_docker.py[0m
09 docker build	UNKNOWN STEP	2026-09-17T11:20:23.2415111Z shell: /usr/bin/bash -e {0}
09 docker build	UNKNOWN STEP	2026-09-17T11:20:23.2415466Z env:
09 docker build	UNKNOWN STEP	2026-09-17T11:20:23.2415783Z   CA_AGENT_MODE: replay
09 docker build	UNKNOWN STEP	2026-09-17T11:20:23.2416109Z ##[endgroup]
09 docker build	UNKNOWN STEP	2026-09-17T11:20:23.3199907Z  redis Pulling 
09 docker build	UNKNOWN STEP	2026-09-17T11:20:23.3200453Z  postgres Pulling 
09 docker build	UNKNOWN STEP	2026-09-17T11:20:24.2946832Z  897d797d2723 Pulling fs layer 
09 docker build	UNKNOWN STEP	2026-09-17T11:20:24.2947463Z  d85eda7b0b14 Pulling fs layer 
09 docker build	UNKNOWN STEP	2026-09-17T11:20:24.2948469Z  9516b0cd89c9 Pulling fs layer 
09 docker build	UNKNOWN STEP	2026-09-17T11:20:24.2948903Z  de4b872bfdc3 Pulling fs layer 
09 docker build	UNKNOWN STEP	2026-09-17T11:20:24.2949470Z  2c96e5a02ba0 Pulling fs layer 
09 docker build	UNKNOWN STEP	2026-09-17T11:20:24.2949981Z  4f4fb700ef54 Pulling fs layer 
09 docker build	UNKNOWN STEP	2026-09-17T11:20:24.2950309Z  41caa0265cb5 Pulling fs layer 
09 docker build	UNKNOWN STEP	2026-09-17T11:20:24.2950641Z  de4b872bfdc3 Waiting 
09 docker build	UNKNOWN STEP	2026-09-17T11:20:24.2950941Z  2c96e5a02ba0 Waiting 
09 docker build	UNKNOWN STEP	2026-09-17T11:20:24.2951275Z  4f4fb700ef54 Waiting 
09 docker build	UNKNOWN STEP	2026-09-17T11:20:24.2951570Z  41caa0265cb5 Waiting 
09 docker build	UNKNOWN STEP	2026-09-17T11:20:24.3116444Z  55afa1ecc21d Already exists 
09 docker build	UNKNOWN STEP	2026-09-17T11:20:24.3131718Z  6a47e1b9b254 Pulling fs layer 
09 docker build	UNKNOWN STEP	2026-09-17T11:20:24.3132351Z  19a2a5ab27c1 Pulling fs layer 
09 docker build	UNKNOWN STEP	2026-09-17T11:20:24.3132940Z  5e81018bec01 Pulling fs layer 
09 docker build	UNKNOWN STEP	2026-09-17T11:20:24.3133392Z  be6f407f5414 Pulling fs layer 
09 docker build	UNKNOWN STEP	2026-09-17T11:20:24.3133843Z  f0e7204f9584 Pulling fs layer 
09 docker build	UNKNOWN STEP	2026-09-17T11:20:24.3134300Z  8225e2970a7f Pulling fs layer 
09 docker build	UNKNOWN STEP	2026-09-17T11:20:24.3134627Z  48d0d8b0e136 Pulling fs layer 
09 docker build	UNKNOWN STEP	2026-09-17T11:20:24.3134992Z  27d0ba4f668a Pulling fs layer 
09 docker build	UNKNOWN STEP	2026-09-17T11:20:24.3135339Z  b053c4426c4a Pulling fs layer 
09 docker build	UNKNOWN STEP	2026-09-17T11:20:24.3135676Z  7f5de3d007ea Pulling fs layer 
09 docker build	UNKNOWN STEP	2026-09-17T11:20:24.3136011Z  be6f407f5414 Waiting 
09 docker build	UNKNOWN STEP	2026-09-17T11:20:24.3136313Z  6a47e1b9b254 Waiting 
09 docker build	UNKNOWN STEP	2026-09-17T11:20:24.3136626Z  8225e2970a7f Waiting 
09 docker build	UNKNOWN STEP	2026-09-17T11:20:24.3136915Z  19a2a5ab27c1 Waiting 
09 docker build	UNKNOWN STEP	2026-09-17T11:20:24.3137186Z  b053c4426c4a Waiting 
09 docker build	UNKNOWN STEP	2026-09-17T11:20:24.3137530Z  48d0d8b0e136 Waiting 
09 docker build	UNKNOWN STEP	2026-09-17T11:20:24.3137822Z  7f5de3d007ea Waiting 
09 docker build	UNKNOWN STEP	2026-09-17T11:20:24.3138157Z  f0e7204f9584 Waiting 
09 docker build	UNKNOWN STEP	2026-09-17T11:20:24.3138448Z  27d0ba4f668a Waiting 
09 docker build	UNKNOWN STEP	2026-09-17T11:20:24.3138753Z  5e81018bec01 Waiting 
09 docker build	UNKNOWN STEP	2026-09-17T11:20:24.4788847Z  d85eda7b0b14 Downloading [==================================================>]     952B/952B
09 docker build	UNKNOWN STEP	2026-09-17T11:20:24.4789909Z  d85eda7b0b14 Verifying Checksum 
09 docker build	UNKNOWN STEP	2026-09-17T11:20:24.4790654Z  d85eda7b0b14 Download complete 
09 docker build	UNKNOWN STEP	2026-09-17T11:20:24.4801139Z  897d797d2723 Downloading [>                                                  ]  48.51kB/3.647MB
09 docker build	UNKNOWN STEP	2026-09-17T11:20:24.4802356Z  9516b0cd89c9 Downloading [>                                                  ]  3.457kB/194.3kB
09 docker build	UNKNOWN STEP	2026-09-17T11:20:24.4841506Z  9516b0cd89c9 Download complete 
09 docker build	UNKNOWN STEP	2026-09-17T11:20:24.4967583Z  897d797d2723 Verifying Checksum 
09 docker build	UNKNOWN STEP	2026-09-17T11:20:24.4968500Z  897d797d2723 Download complete 
09 docker build	UNKNOWN STEP	2026-09-17T11:20:24.4979970Z  897d797d2723 Extracting [>                                                  ]  65.54kB/3.647MB
09 docker build	UNKNOWN STEP	2026-09-17T11:20:24.5783622Z  897d797d2723 Extracting [==================================================>]  3.647MB/3.647MB
09 docker build	UNKNOWN STEP	2026-09-17T11:20:24.5784801Z  897d797d2723 Extracting [==================================================>]  3.647MB/3.647MB
09 docker build	UNKNOWN STEP	2026-09-17T11:20:24.5953834Z  897d797d2723 Pull complete 
09 docker build	UNKNOWN STEP	2026-09-17T11:20:24.5966315Z  d85eda7b0b14 Extracting [==================================================>]     952B/952B
09 docker build	UNKNOWN STEP	2026-09-17T11:20:24.5969644Z  d85eda7b0b14 Extracting [==================================================>]     952B/952B
09 docker build	UNKNOWN STEP	2026-09-17T11:20:24.6620836Z  de4b872bfdc3 Downloading [>                                                  ]  130.4kB/12.42MB
09 docker build	UNKNOWN STEP	2026-09-17T11:20:24.6637202Z  4f4fb700ef54 Downloading [==================================================>]      32B/32B
09 docker build	UNKNOWN STEP	2026-09-17T11:20:24.6638064Z  4f4fb700ef54 Downloading [==================================================>]      32B/32B
09 docker build	UNKNOWN STEP	2026-09-17T11:20:24.6638890Z  4f4fb700ef54 Verifying Checksum 
09 docker build	UNKNOWN STEP	2026-09-17T11:20:24.6639387Z  4f4fb700ef54 Download complete 
09 docker build	UNKNOWN STEP	2026-09-17T11:20:24.6646342Z  2c96e5a02ba0 Downloading [==================================================>]     100B/100B
09 docker build	UNKNOWN STEP	2026-09-17T11:20:24.6647256Z  2c96e5a02ba0 Download complete 
09 docker build	UNKNOWN STEP	2026-09-17T11:20:24.6971796Z  de4b872bfdc3 Verifying Checksum 
09 docker build	UNKNOWN STEP	2026-09-17T11:20:24.6972884Z  de4b872bfdc3 Download complete 
09 docker build	UNKNOWN STEP	2026-09-17T11:20:24.8457566Z  6a47e1b9b254 Downloading [==================================================>]     969B/969B
09 docker build	UNKNOWN STEP	2026-09-17T11:20:24.8458381Z  6a47e1b9b254 Verifying Checksum 
09 docker build	UNKNOWN STEP	2026-09-17T11:20:24.8463931Z  6a47e1b9b254 Download complete 
09 docker build	UNKNOWN STEP	2026-09-17T11:20:24.8465280Z  6a47e1b9b254 Extracting [==================================================>]     969B/969B
09 docker build	UNKNOWN STEP	2026-09-17T11:20:24.8466414Z  6a47e1b9b254 Extracting [==================================================>]     969B/969B
09 docker build	UNKNOWN STEP	2026-09-17T11:20:24.8585295Z  41caa0265cb5 Downloading [==================================================>]     604B/604B
09 docker build	UNKNOWN STEP	2026-09-17T11:20:24.8586274Z  41caa0265cb5 Verifying Checksum 
09 docker build	UNKNOWN STEP	2026-09-17T11:20:24.8587011Z  41caa0265cb5 Download complete 
09 docker build	UNKNOWN STEP	2026-09-17T11:20:24.8679694Z  d85eda7b0b14 Pull complete 
09 docker build	UNKNOWN STEP	2026-09-17T11:20:24.8699939Z  9516b0cd89c9 Extracting [========>                                          ]  32.77kB/194.3kB
09 docker build	UNKNOWN STEP	2026-09-17T11:20:24.8728145Z  19a2a5ab27c1 Downloading [>                                                  ]  15.75kB/900.3kB
09 docker build	UNKNOWN STEP	2026-09-17T11:20:24.8734104Z  9516b0cd89c9 Extracting [==================================================>]  194.3kB/194.3kB
09 docker build	UNKNOWN STEP	2026-09-17T11:20:24.8817624Z  19a2a5ab27c1 Downloading [==================================================>]  900.3kB/900.3kB
09 docker build	UNKNOWN STEP	2026-09-17T11:20:24.8818734Z  19a2a5ab27c1 Verifying Checksum 
09 docker build	UNKNOWN STEP	2026-09-17T11:20:24.8819262Z  19a2a5ab27c1 Download complete 
09 docker build	UNKNOWN STEP	2026-09-17T11:20:25.0118754Z  5e81018bec01 Downloading [==================================================>]     172B/172B
09 docker build	UNKNOWN STEP	2026-09-17T11:20:25.0119858Z  5e81018bec01 Verifying Checksum 
09 docker build	UNKNOWN STEP	2026-09-17T11:20:25.0120363Z  5e81018bec01 Download complete 
09 docker build	UNKNOWN STEP	2026-09-17T11:20:25.0454243Z  be6f407f5414 Downloading [==================================================>]     116B/116B
09 docker build	UNKNOWN STEP	2026-09-17T11:20:25.0455112Z  be6f407f5414 Verifying Checksum 
09 docker build	UNKNOWN STEP	2026-09-17T11:20:25.0455457Z  be6f407f5414 Download complete 
09 docker build	UNKNOWN STEP	2026-09-17T11:20:25.0657943Z  f0e7204f9584 Downloading [>                                                  ]  538.8kB/111.3MB
09 docker build	UNKNOWN STEP	2026-09-17T11:20:25.1006826Z  6a47e1b9b254 Pull complete 
09 docker build	UNKNOWN STEP	2026-09-17T11:20:25.1036394Z  19a2a5ab27c1 Extracting [=>                                                 ]  32.77kB/900.3kB
09 docker build	UNKNOWN STEP	2026-09-17T11:20:25.1130742Z  9516b0cd89c9 Extracting [==================================================>]  194.3kB/194.3kB
09 docker build	UNKNOWN STEP	2026-09-17T11:20:25.1397834Z  19a2a5ab27c1 Extracting [==================================================>]  900.3kB/900.3kB
09 docker build	UNKNOWN STEP	2026-09-17T11:20:25.1402965Z  19a2a5ab27c1 Extracting [==================================================>]  900.3kB/900.3kB
09 docker build	UNKNOWN STEP	2026-09-17T11:20:25.1667428Z  f0e7204f9584 Downloading [==============>                                    ]  32.85MB/111.3MB
09 docker build	UNKNOWN STEP	2026-09-17T11:20:25.1804963Z  8225e2970a7f Downloading [==================>                                ]  3.502kB/9.673kB
09 docker build	UNKNOWN STEP	2026-09-17T11:20:25.1807270Z  8225e2970a7f Download complete 
09 docker build	UNKNOWN STEP	2026-09-17T11:20:25.2169277Z  48d0d8b0e136 Downloading [==================================================>]     129B/129B
09 docker build	UNKNOWN STEP	2026-09-17T11:20:25.2170415Z  48d0d8b0e136 Verifying Checksum 
09 docker build	UNKNOWN STEP	2026-09-17T11:20:25.2175323Z  48d0d8b0e136 Download complete 
09 docker build	UNKNOWN STEP	2026-09-17T11:20:25.2670553Z  f0e7204f9584 Downloading [=============================>                     ]  64.63MB/111.3MB
09 docker build	UNKNOWN STEP	2026-09-17T11:20:25.3560946Z  27d0ba4f668a Downloading [==================================================>]     169B/169B
09 docker build	UNKNOWN STEP	2026-09-17T11:20:25.3561907Z  27d0ba4f668a Download complete 
09 docker build	UNKNOWN STEP	2026-09-17T11:20:25.3676112Z  f0e7204f9584 Downloading [===============================================>   ]  106.6MB/111.3MB
09 docker build	UNKNOWN STEP	2026-09-17T11:20:25.3784249Z  f0e7204f9584 Verifying Checksum 
09 docker build	UNKNOWN STEP	2026-09-17T11:20:25.3784719Z  f0e7204f9584 Download complete 
09 docker build	UNKNOWN STEP	2026-09-17T11:20:25.4026943Z  b053c4426c4a Downloading [============================>                      ]  3.502kB/6.112kB
09 docker build	UNKNOWN STEP	2026-09-17T11:20:25.4027601Z  b053c4426c4a Downloading [==================================================>]  6.112kB/6.112kB
09 docker build	UNKNOWN STEP	2026-09-17T11:20:25.4028042Z  b053c4426c4a Verifying Checksum 
09 docker build	UNKNOWN STEP	2026-09-17T11:20:25.4028575Z  b053c4426c4a Download complete 
09 docker build	UNKNOWN STEP	2026-09-17T11:20:25.5384802Z  7f5de3d007ea Download complete 
09 docker build	UNKNOWN STEP	2026-09-17T11:20:25.8351111Z  19a2a5ab27c1 Pull complete 
09 docker build	UNKNOWN STEP	2026-09-17T11:20:25.8353589Z  9516b0cd89c9 Pull complete 
09 docker build	UNKNOWN STEP	2026-09-17T11:20:25.8366285Z  5e81018bec01 Extracting [==================================================>]     172B/172B
09 docker build	UNKNOWN STEP	2026-09-17T11:20:25.8371251Z  5e81018bec01 Extracting [==================================================>]     172B/172B
09 docker build	UNKNOWN STEP	2026-09-17T11:20:25.8391963Z  de4b872bfdc3 Extracting [>                                                  ]  131.1kB/12.42MB
09 docker build	UNKNOWN STEP	2026-09-17T11:20:25.8603560Z  5e81018bec01 Pull complete 
09 docker build	UNKNOWN STEP	2026-09-17T11:20:25.8619308Z  be6f407f5414 Extracting [==================================================>]     116B/116B
09 docker build	UNKNOWN STEP	2026-09-17T11:20:25.8621221Z  be6f407f5414 Extracting [==================================================>]     116B/116B
09 docker build	UNKNOWN STEP	2026-09-17T11:20:25.8893481Z  be6f407f5414 Pull complete 
09 docker build	UNKNOWN STEP	2026-09-17T11:20:25.8999924Z  f0e7204f9584 Extracting [>                                                  ]  557.1kB/111.3MB
09 docker build	UNKNOWN STEP	2026-09-17T11:20:25.9886988Z  de4b872bfdc3 Extracting [=====>                                             ]  1.442MB/12.42MB
09 docker build	UNKNOWN STEP	2026-09-17T11:20:26.0304882Z  f0e7204f9584 Extracting [>                                                  ]  1.114MB/111.3MB
09 docker build	UNKNOWN STEP	2026-09-17T11:20:26.0889225Z  de4b872bfdc3 Extracting [==============================>                    ]  7.602MB/12.42MB
09 docker build	UNKNOWN STEP	2026-09-17T11:20:26.1345039Z  f0e7204f9584 Extracting [===>                                               ]  7.242MB/111.3MB
09 docker build	UNKNOWN STEP	2026-09-17T11:20:26.1712424Z  de4b872bfdc3 Extracting [==================================================>]  12.42MB/12.42MB
09 docker build	UNKNOWN STEP	2026-09-17T11:20:26.2388430Z  f0e7204f9584 Extracting [======>                                            ]  14.48MB/111.3MB
09 docker build	UNKNOWN STEP	2026-09-17T11:20:26.3428201Z  f0e7204f9584 Extracting [==========>                                        ]  22.28MB/111.3MB
09 docker build	UNKNOWN STEP	2026-09-17T11:20:26.4460872Z  f0e7204f9584 Extracting [============>                                      ]  27.85MB/111.3MB
09 docker build	UNKNOWN STEP	2026-09-17T11:20:26.5493867Z  f0e7204f9584 Extracting [===============>                                   ]  35.09MB/111.3MB
09 docker build	UNKNOWN STEP	2026-09-17T11:20:26.6771097Z  f0e7204f9584 Extracting [=================>                                 ]  39.55MB/111.3MB
09 docker build	UNKNOWN STEP	2026-09-17T11:20:26.6800496Z  de4b872bfdc3 Pull complete 
09 docker build	UNKNOWN STEP	2026-09-17T11:20:26.6820442Z  2c96e5a02ba0 Extracting [==================================================>]     100B/100B
09 docker build	UNKNOWN STEP	2026-09-17T11:20:26.6822506Z  2c96e5a02ba0 Extracting [==================================================>]     100B/100B
09 docker build	UNKNOWN STEP	2026-09-17T11:20:26.7837380Z  f0e7204f9584 Extracting [=====================>                             ]  46.79MB/111.3MB
09 docker build	UNKNOWN STEP	2026-09-17T11:20:26.8918264Z  f0e7204f9584 Extracting [========================>                          ]  53.48MB/111.3MB
09 docker build	UNKNOWN STEP	2026-09-17T11:20:26.9729844Z  2c96e5a02ba0 Pull complete 
09 docker build	UNKNOWN STEP	2026-09-17T11:20:26.9745568Z  4f4fb700ef54 Extracting [==================================================>]      32B/32B
09 docker build	UNKNOWN STEP	2026-09-17T11:20:26.9753622Z  4f4fb700ef54 Extracting [==================================================>]      32B/32B
09 docker build	UNKNOWN STEP	2026-09-17T11:20:26.9946408Z  f0e7204f9584 Extracting [==========================>                        ]  57.93MB/111.3MB
09 docker build	UNKNOWN STEP	2026-09-17T11:20:27.1135716Z  f0e7204f9584 Extracting [============================>                      ]  64.06MB/111.3MB
09 docker build	UNKNOWN STEP	2026-09-17T11:20:27.2983957Z  f0e7204f9584 Extracting [=============================>                     ]  65.73MB/111.3MB
09 docker build	UNKNOWN STEP	2026-09-17T11:20:27.3864444Z  4f4fb700ef54 Pull complete 
09 docker build	UNKNOWN STEP	2026-09-17T11:20:27.3881859Z  41caa0265cb5 Extracting [==================================================>]     604B/604B
09 docker build	UNKNOWN STEP	2026-09-17T11:20:27.3885084Z  41caa0265cb5 Extracting [==================================================>]     604B/604B
09 docker build	UNKNOWN STEP	2026-09-17T11:20:27.4013612Z  f0e7204f9584 Extracting [================================>                  ]  72.97MB/111.3MB
09 docker build	UNKNOWN STEP	2026-09-17T11:20:27.5722767Z  f0e7204f9584 Extracting [=================================>                 ]  73.53MB/111.3MB
09 docker build	UNKNOWN STEP	2026-09-17T11:20:27.5891915Z  41caa0265cb5 Pull complete 
09 docker build	UNKNOWN STEP	2026-09-17T11:20:27.6884339Z  f0e7204f9584 Extracting [====================================>              ]  80.77MB/111.3MB
09 docker build	UNKNOWN STEP	2026-09-17T11:20:27.8050504Z  redis Pulled 
09 docker build	UNKNOWN STEP	2026-09-17T11:20:27.8248545Z  f0e7204f9584 Extracting [====================================>              ]  81.89MB/111.3MB
09 docker build	UNKNOWN STEP	2026-09-17T11:20:27.9338037Z  f0e7204f9584 Extracting [======================================>            ]  85.23MB/111.3MB
09 docker build	UNKNOWN STEP	2026-09-17T11:20:28.0455439Z  f0e7204f9584 Extracting [=========================================>         ]  91.36MB/111.3MB
09 docker build	UNKNOWN STEP	2026-09-17T11:20:28.1484325Z  f0e7204f9584 Extracting [===========================================>       ]  97.48MB/111.3MB
09 docker build	UNKNOWN STEP	2026-09-17T11:20:28.4622964Z  f0e7204f9584 Extracting [============================================>      ]  98.04MB/111.3MB
09 docker build	UNKNOWN STEP	2026-09-17T11:20:28.5688251Z  f0e7204f9584 Extracting [================================================>  ]    107MB/111.3MB
09 docker build	UNKNOWN STEP	2026-09-17T11:20:28.6430356Z  f0e7204f9584 Extracting [==================================================>]  111.3MB/111.3MB
09 docker build	UNKNOWN STEP	2026-09-17T11:20:29.2852618Z  f0e7204f9584 Pull complete 
09 docker build	UNKNOWN STEP	2026-09-17T11:20:29.2869757Z  8225e2970a7f Extracting [==================================================>]  9.673kB/9.673kB
09 docker build	UNKNOWN STEP	2026-09-17T11:20:29.2872868Z  8225e2970a7f Extracting [==================================================>]  9.673kB/9.673kB
09 docker build	UNKNOWN STEP	2026-09-17T11:20:29.4253711Z  8225e2970a7f Pull complete 
09 docker build	UNKNOWN STEP	2026-09-17T11:20:29.4270746Z  48d0d8b0e136 Extracting [==================================================>]     129B/129B
09 docker build	UNKNOWN STEP	2026-09-17T11:20:29.4274605Z  48d0d8b0e136 Extracting [==================================================>]     129B/129B
09 docker build	UNKNOWN STEP	2026-09-17T11:20:29.4357821Z  48d0d8b0e136 Pull complete 
09 docker build	UNKNOWN STEP	2026-09-17T11:20:29.4371080Z  27d0ba4f668a Extracting [==================================================>]     169B/169B
09 docker build	UNKNOWN STEP	2026-09-17T11:20:29.4374574Z  27d0ba4f668a Extracting [==================================================>]     169B/169B
09 docker build	UNKNOWN STEP	2026-09-17T11:20:29.4506671Z  27d0ba4f668a Pull complete 
09 docker build	UNKNOWN STEP	2026-09-17T11:20:29.4525295Z  b053c4426c4a Extracting [==================================================>]  6.112kB/6.112kB
09 docker build	UNKNOWN STEP	2026-09-17T11:20:29.4528586Z  b053c4426c4a Extracting [==================================================>]  6.112kB/6.112kB
09 docker build	UNKNOWN STEP	2026-09-17T11:20:29.4654948Z  b053c4426c4a Pull complete 
09 docker build	UNKNOWN STEP	2026-09-17T11:20:29.4701376Z  7f5de3d007ea Extracting [==================================================>]     185B/185B
09 docker build	UNKNOWN STEP	2026-09-17T11:20:29.4706207Z  7f5de3d007ea Extracting [==================================================>]     185B/185B
09 docker build	UNKNOWN STEP	2026-09-17T11:20:29.4912255Z  7f5de3d007ea Pull complete 
09 docker build	UNKNOWN STEP	2026-09-17T11:20:29.4992611Z  postgres Pulled 
09 docker build	UNKNOWN STEP	2026-09-17T11:20:29.5015668Z  Network docker_default  Creating
09 docker build	UNKNOWN STEP	2026-09-17T11:20:29.5358184Z  Network docker_default  Created
09 docker build	UNKNOWN STEP	2026-09-17T11:20:29.5520139Z  Volume "docker_nhipquan_pg"  Creating
09 docker build	UNKNOWN STEP	2026-09-17T11:20:29.5536101Z  Volume "docker_nhipquan_pg"  Created
09 docker build	UNKNOWN STEP	2026-09-17T11:20:29.5538989Z  Volume "docker_nhipquan_var"  Creating
09 docker build	UNKNOWN STEP	2026-09-17T11:20:29.5549068Z  Volume "docker_nhipquan_var"  Created
09 docker build	UNKNOWN STEP	2026-09-17T11:20:29.5552837Z  Volume "docker_nhipquan_uploads"  Creating
09 docker build	UNKNOWN STEP	2026-09-17T11:20:29.5569936Z  Volume "docker_nhipquan_uploads"  Created
09 docker build	UNKNOWN STEP	2026-09-17T11:20:29.5575673Z  Container docker-redis-1  Creating
09 docker build	UNKNOWN STEP	2026-09-17T11:20:29.5576725Z  Container docker-postgres-1  Creating
09 docker build	UNKNOWN STEP	2026-09-17T11:20:29.7798909Z  Container docker-redis-1  Created
09 docker build	UNKNOWN STEP	2026-09-17T11:20:29.7799906Z  Container docker-postgres-1  Created
09 docker build	UNKNOWN STEP	2026-09-17T11:20:29.7800402Z  Container docker-api-1  Creating
09 docker build	UNKNOWN STEP	2026-09-17T11:20:29.8994597Z  Container docker-api-1  Created
09 docker build	UNKNOWN STEP	2026-09-17T11:20:29.8996984Z  Container docker-web-1  Creating
09 docker build	UNKNOWN STEP	2026-09-17T11:20:29.8997545Z  Container docker-worker-1  Creating
09 docker build	UNKNOWN STEP	2026-09-17T11:20:29.9180058Z  Container docker-web-1  Created
09 docker build	UNKNOWN STEP	2026-09-17T11:20:29.9180838Z  Container docker-worker-1  Created
09 docker build	UNKNOWN STEP	2026-09-17T11:20:29.9211764Z  Container docker-redis-1  Starting
09 docker build	UNKNOWN STEP	2026-09-17T11:20:29.9213174Z  Container docker-postgres-1  Starting
09 docker build	UNKNOWN STEP	2026-09-17T11:20:30.2535882Z  Container docker-postgres-1  Started
09 docker build	UNKNOWN STEP	2026-09-17T11:20:30.2541180Z  Container docker-redis-1  Started
09 docker build	UNKNOWN STEP	2026-09-17T11:20:30.2542472Z  Container docker-postgres-1  Waiting
09 docker build	UNKNOWN STEP	2026-09-17T11:20:30.2542988Z  Container docker-redis-1  Waiting
09 docker build	UNKNOWN STEP	2026-09-17T11:20:35.7552337Z  Container docker-redis-1  Healthy
09 docker build	UNKNOWN STEP	2026-09-17T11:20:35.7553464Z  Container docker-postgres-1  Healthy
09 docker build	UNKNOWN STEP	2026-09-17T11:20:35.7554192Z  Container docker-api-1  Starting
09 docker build	UNKNOWN STEP	2026-09-17T11:20:35.9495089Z  Container docker-api-1  Started
09 docker build	UNKNOWN STEP	2026-09-17T11:20:35.9496114Z  Container docker-redis-1  Waiting
09 docker build	UNKNOWN STEP	2026-09-17T11:20:35.9497020Z  Container docker-api-1  Waiting
09 docker build	UNKNOWN STEP	2026-09-17T11:20:35.9497850Z  Container docker-api-1  Waiting
09 docker build	UNKNOWN STEP	2026-09-17T11:20:35.9498512Z  Container docker-postgres-1  Waiting
09 docker build	UNKNOWN STEP	2026-09-17T11:20:36.4514863Z  Container docker-redis-1  Healthy
09 docker build	UNKNOWN STEP	2026-09-17T11:20:36.4515852Z  Container docker-postgres-1  Healthy
09 docker build	UNKNOWN STEP	2026-09-17T11:20:41.4507358Z  Container docker-api-1  Healthy
09 docker build	UNKNOWN STEP	2026-09-17T11:20:41.4507960Z  Container docker-worker-1  Starting
09 docker build	UNKNOWN STEP	2026-09-17T11:20:41.4508718Z  Container docker-api-1  Healthy
09 docker build	UNKNOWN STEP	2026-09-17T11:20:41.4509209Z  Container docker-web-1  Starting
09 docker build	UNKNOWN STEP	2026-09-17T11:20:41.6255285Z  Container docker-web-1  Started
09 docker build	UNKNOWN STEP	2026-09-17T11:20:41.7008665Z  Container docker-worker-1  Started
09 docker build	UNKNOWN STEP	2026-09-17T11:20:41.7009253Z  Container docker-redis-1  Waiting
09 docker build	UNKNOWN STEP	2026-09-17T11:20:41.7009701Z  Container docker-api-1  Waiting
09 docker build	UNKNOWN STEP	2026-09-17T11:20:41.7010054Z  Container docker-worker-1  Waiting
09 docker build	UNKNOWN STEP	2026-09-17T11:20:41.7010426Z  Container docker-web-1  Waiting
09 docker build	UNKNOWN STEP	2026-09-17T11:20:41.7010833Z  Container docker-postgres-1  Waiting
09 docker build	UNKNOWN STEP	2026-09-17T11:20:42.2032277Z  Container docker-redis-1  Healthy
09 docker build	UNKNOWN STEP	2026-09-17T11:20:42.2033284Z  Container docker-postgres-1  Healthy
09 docker build	UNKNOWN STEP	2026-09-17T11:20:42.2046929Z  Container docker-web-1  Healthy
09 docker build	UNKNOWN STEP	2026-09-17T11:20:42.2048060Z  Container docker-worker-1  Healthy
09 docker build	UNKNOWN STEP	2026-09-17T11:20:42.2049093Z  Container docker-api-1  Healthy
09 docker build	UNKNOWN STEP	2026-09-17T11:20:42.3902451Z == 1. health ==
09 docker build	UNKNOWN STEP	2026-09-17T11:20:42.4020050Z   health: {"status": "ok", "service": "ca-api", "minimal_data_mode": false}
09 docker build	UNKNOWN STEP	2026-09-17T11:20:42.4021329Z == 2. ─æ─âng nhß║¡p (lan / quß║ún l├╜) ==
09 docker build	UNKNOWN STEP	2026-09-17T11:20:42.4174967Z Traceback (most recent call last):
09 docker build	UNKNOWN STEP	2026-09-17T11:20:42.4176234Z   File "/app/scripts/smoke_docker.py", line 134, in <module>
09 docker build	UNKNOWN STEP	2026-09-17T11:20:42.4178129Z     sys.exit(main())
09 docker build	UNKNOWN STEP	2026-09-17T11:20:42.4182515Z              ^^^^^^
09 docker build	UNKNOWN STEP	2026-09-17T11:20:42.4186414Z   File "/app/scripts/smoke_docker.py", line 62, in main
09 docker build	UNKNOWN STEP	2026-09-17T11:20:42.4188140Z     login = call(base, "/api/v1/auth/login", body={"username": "lan", "password": "nhipquan"})
09 docker build	UNKNOWN STEP	2026-09-17T11:20:42.4188849Z             ^^^^^^^^^^^^^^^^^^^^^^^^^^^^^^^^^^^^^^^^^^^^^^^^^^^^^^^^^^^^^^^^^^^^^^^^^^^^^^^^^^
09 docker build	UNKNOWN STEP	2026-09-17T11:20:42.4189508Z   File "/app/scripts/smoke_docker.py", line 30, in call
09 docker build	UNKNOWN STEP	2026-09-17T11:20:42.4190180Z     with urllib.request.urlopen(req, timeout=TIMEOUT) as resp:  # noqa: S310
09 docker build	UNKNOWN STEP	2026-09-17T11:20:42.4197287Z          ^^^^^^^^^^^^^^^^^^^^^^^^^^^^^^^^^^^^^^^^^^^^
09 docker build	UNKNOWN STEP	2026-09-17T11:20:42.4198678Z   File "/usr/local/lib/python3.12/urllib/request.py", line 215, in urlopen
09 docker build	UNKNOWN STEP	2026-09-17T11:20:42.4204478Z     return opener.open(url, data, timeout)
09 docker build	UNKNOWN STEP	2026-09-17T11:20:42.4205305Z            ^^^^^^^^^^^^^^^^^^^^^^^^^^^^^^^
09 docker build	UNKNOWN STEP	2026-09-17T11:20:42.4206388Z   File "/usr/local/lib/python3.12/urllib/request.py", line 521, in open
09 docker build	UNKNOWN STEP	2026-09-17T11:20:42.4207224Z     response = meth(req, response)
09 docker build	UNKNOWN STEP	2026-09-17T11:20:42.4207880Z                ^^^^^^^^^^^^^^^^^^^
09 docker build	UNKNOWN STEP	2026-09-17T11:20:42.4208874Z   File "/usr/local/lib/python3.12/urllib/request.py", line 630, in http_response
09 docker build	UNKNOWN STEP	2026-09-17T11:20:42.4209381Z     response = self.parent.error(
09 docker build	UNKNOWN STEP	2026-09-17T11:20:42.4209759Z                ^^^^^^^^^^^^^^^^^^
09 docker build	UNKNOWN STEP	2026-09-17T11:20:42.4210131Z   File "/usr/local/lib/python3.12/urllib/request.py", line 559, in error
09 docker build	UNKNOWN STEP	2026-09-17T11:20:42.4210582Z     return self._call_chain(*args)
09 docker build	UNKNOWN STEP	2026-09-17T11:20:42.4210928Z            ^^^^^^^^^^^^^^^^^^^^^^^
09 docker build	UNKNOWN STEP	2026-09-17T11:20:42.4211336Z   File "/usr/local/lib/python3.12/urllib/request.py", line 492, in _call_chain
09 docker build	UNKNOWN STEP	2026-09-17T11:20:42.4211775Z     result = func(*args)
09 docker build	UNKNOWN STEP	2026-09-17T11:20:42.4212225Z              ^^^^^^^^^^^
09 docker build	UNKNOWN STEP	2026-09-17T11:20:42.4212683Z   File "/usr/local/lib/python3.12/urllib/request.py", line 639, in http_error_default
09 docker build	UNKNOWN STEP	2026-09-17T11:20:42.4213246Z     raise HTTPError(req.full_url, code, msg, hdrs, fp)
09 docker build	UNKNOWN STEP	2026-09-17T11:20:42.4213700Z urllib.error.HTTPError: HTTP Error 500: Internal Server Error
09 docker build	UNKNOWN STEP	2026-09-17T11:20:42.4371897Z ##[error]Process completed with exit code 1.
09 docker build	UNKNOWN STEP	2026-09-17T11:20:42.4434722Z ##[group]Run docker compose -f infra/docker/compose.yml logs --tail=200
09 docker build	UNKNOWN STEP	2026-09-17T11:20:42.4435554Z [36;1mdocker compose -f infra/docker/compose.yml logs --tail=200[0m
09 docker build	UNKNOWN STEP	2026-09-17T11:20:42.4469300Z shell: /usr/bin/bash -e {0}
09 docker build	UNKNOWN STEP	2026-09-17T11:20:42.4469686Z env:
09 docker build	UNKNOWN STEP	2026-09-17T11:20:42.4470055Z   CA_AGENT_MODE: replay
09 docker build	UNKNOWN STEP	2026-09-17T11:20:42.4470380Z ##[endgroup]
09 docker build	UNKNOWN STEP	2026-09-17T11:20:42.5380826Z redis-1  | 1:C 17 Sep 2026 11:20:30.253 # WARNING Memory overcommit must be enabled! Without it, a background save or replication may fail under low memory condition. Being disabled, it can also cause failures without low memory condition, see https://github.com/jemalloc/jemalloc/issues/1328. To fix this issue add 'vm.overcommit_memory = 1' to /etc/sysctl.conf and then reboot or run the command 'sysctl vm.overcommit_memory=1' for this to take effect.
09 docker build	UNKNOWN STEP	2026-09-17T11:20:42.5383980Z postgres-1  | The files belonging to this database system will be owned by user "postgres".
09 docker build	UNKNOWN STEP	2026-09-17T11:20:42.5385170Z redis-1     | 1:C 17 Sep 2026 11:20:30.253 * oO0OoO0OoO0Oo Redis is starting oO0OoO0OoO0Oo
09 docker build	UNKNOWN STEP	2026-09-17T11:20:42.5385823Z postgres-1  | This user must also own the server process.
09 docker build	UNKNOWN STEP	2026-09-17T11:20:42.5386721Z redis-1     | 1:C 17 Sep 2026 11:20:30.253 * Redis version=7.4.11, bits=64, commit=00000000, modified=0, pid=1, just started
09 docker build	UNKNOWN STEP	2026-09-17T11:20:42.5387414Z postgres-1  | 
09 docker build	UNKNOWN STEP	2026-09-17T11:20:42.5388426Z redis-1     | 1:C 17 Sep 2026 11:20:30.253 # Warning: no config file specified, using the default config. In order to specify a config file use redis-server /path/to/redis.conf
09 docker build	UNKNOWN STEP	2026-09-17T11:20:42.5389551Z redis-1     | 1:M 17 Sep 2026 11:20:30.254 * monotonic clock: POSIX clock_gettime
09 docker build	UNKNOWN STEP	2026-09-17T11:20:42.5390116Z redis-1     | 1:M 17 Sep 2026 11:20:30.254 * Running mode=standalone, port=6379.
09 docker build	UNKNOWN STEP	2026-09-17T11:20:42.5390585Z redis-1     | 1:M 17 Sep 2026 11:20:30.254 * Server initialized
09 docker build	UNKNOWN STEP	2026-09-17T11:20:42.5391036Z redis-1     | 1:M 17 Sep 2026 11:20:30.255 * Ready to accept connections tcp
09 docker build	UNKNOWN STEP	2026-09-17T11:20:42.5391596Z postgres-1  | The database cluster will be initialized with locale "en_US.utf8".
09 docker build	UNKNOWN STEP	2026-09-17T11:20:42.5392321Z postgres-1  | The default database encoding has accordingly been set to "UTF8".
09 docker build	UNKNOWN STEP	2026-09-17T11:20:42.5393141Z postgres-1  | The default text search configuration will be set to "english".
09 docker build	UNKNOWN STEP	2026-09-17T11:20:42.5394085Z web-1       |    Γû▓ Next.js 15.5.25
09 docker build	UNKNOWN STEP	2026-09-17T11:20:42.5394762Z web-1       |    - Local:        http://localhost:3000
09 docker build	UNKNOWN STEP	2026-09-17T11:20:42.5395396Z web-1       |    - Network:      http://0.0.0.0:3000
09 docker build	UNKNOWN STEP	2026-09-17T11:20:42.5395900Z web-1       | 
09 docker build	UNKNOWN STEP	2026-09-17T11:20:42.5396433Z web-1       |  Γ£ô Starting...
09 docker build	UNKNOWN STEP	2026-09-17T11:20:42.5396949Z web-1       |  Γ£ô Ready in 149ms
09 docker build	UNKNOWN STEP	2026-09-17T11:20:42.5397526Z api-1       | INFO  [alembic.runtime.migration] Context impl PostgresqlImpl.
09 docker build	UNKNOWN STEP	2026-09-17T11:20:42.5398309Z api-1       | INFO  [alembic.runtime.migration] Will assume transactional DDL.
09 docker build	UNKNOWN STEP	2026-09-17T11:20:42.5399416Z worker-1    | INFO:ca_api.worker:worker nhß║»c viß╗çc chß║íy (backend=console, han=30 ph├║t, chu kß╗│=30 gi├óy)
09 docker build	UNKNOWN STEP	2026-09-17T11:20:42.5400457Z worker-1    | INFO:ca_api.worker:dinh ky: brief_sang: ca=0 treo=0 canh_bao=0
09 docker build	UNKNOWN STEP	2026-09-17T11:20:42.5401504Z api-1       | INFO  [alembic.runtime.migration] Running upgrade  -> 0001, Initial tables: nhan_vien, ca, lich_tuan_phan_cong.
09 docker build	UNKNOWN STEP	2026-09-17T11:20:42.5402872Z api-1       | INFO  [alembic.runtime.migration] Running upgrade 0001 -> 0002, Create the operational runtime store used by the API and worker.
09 docker build	UNKNOWN STEP	2026-09-17T11:20:42.5404176Z api-1       | INFO  [alembic.runtime.migration] Running upgrade 0002 -> 0003, Facebook Chatbot System - Database Schema
09 docker build	UNKNOWN STEP	2026-09-17T11:20:42.5405440Z api-1       | INFO  [alembic.runtime.migration] Running upgrade 0003 -> 0004, Add Facebook moderation review queue and webhook idempotency.
09 docker build	UNKNOWN STEP	2026-09-17T11:20:42.5406979Z api-1       | INFO  [alembic.runtime.migration] Running upgrade 0004 -> 0005, Store Facebook customer event time for messaging-window enforcement.
09 docker build	UNKNOWN STEP	2026-09-17T11:20:42.5408712Z api-1       | INFO  [alembic.runtime.migration] Running upgrade 0005 -> 0006, Add store scope to users and sessions.
09 docker build	UNKNOWN STEP	2026-09-17T11:20:42.5409911Z api-1       | INFO  [alembic.runtime.migration] Running upgrade 0006 -> 0007, AI-learning record store and Facebook event-receipt idempotency.
09 docker build	UNKNOWN STEP	2026-09-17T11:20:42.5411202Z api-1       | INFO  [alembic.runtime.migration] Running upgrade 0007 -> 0008, Add enterprise chat tables and user status column.
09 docker build	UNKNOWN STEP	2026-09-17T11:20:42.5412656Z api-1       | INFO  [alembic.runtime.migration] Running upgrade 0008 -> 0009, Add table reservation and copilot receipt tables.
09 docker build	UNKNOWN STEP	2026-09-17T11:20:42.5413905Z api-1       | INFO  [alembic.runtime.migration] Running upgrade 0009 -> 0010, Add created_at to sessions for TTL enforcement.
09 docker build	UNKNOWN STEP	2026-09-17T11:20:42.5414732Z api-1       | INFO  [alembic.runtime.migration] Running upgrade 0010 -> 0011, Add store_id to fb_review_queue for multi-store scoping.
09 docker build	UNKNOWN STEP	2026-09-17T11:20:42.5415329Z api-1       | INFO:     Started server process [8]
09 docker build	UNKNOWN STEP	2026-09-17T11:20:42.5415883Z api-1       | INFO:     Waiting for application startup.
09 docker build	UNKNOWN STEP	2026-09-17T11:20:42.5416512Z api-1       | INFO:     Application startup complete.
09 docker build	UNKNOWN STEP	2026-09-17T11:20:42.5417616Z api-1       | INFO:     Uvicorn running on http://0.0.0.0:8000 (Press CTRL+C to quit)
09 docker build	UNKNOWN STEP	2026-09-17T11:20:42.5418186Z api-1       | INFO:     127.0.0.1:49922 - "GET /health HTTP/1.1" 200 OK
09 docker build	UNKNOWN STEP	2026-09-17T11:20:42.5418659Z api-1       | INFO:     127.0.0.1:38272 - "GET /health HTTP/1.1" 200 OK
09 docker build	UNKNOWN STEP	2026-09-17T11:20:42.5419207Z api-1       | INFO:     127.0.0.1:38288 - "POST /api/v1/auth/login HTTP/1.1" 500 Internal Server Error
09 docker build	UNKNOWN STEP	2026-09-17T11:20:42.5419725Z api-1       | ERROR:    Exception in ASGI application
09 docker build	UNKNOWN STEP	2026-09-17T11:20:42.5420143Z api-1       | Traceback (most recent call last):
09 docker build	UNKNOWN STEP	2026-09-17T11:20:42.5420741Z api-1       |   File "/usr/local/lib/python3.12/site-packages/uvicorn/protocols/http/httptools_impl.py", line 422, in run_asgi
09 docker build	UNKNOWN STEP	2026-09-17T11:20:42.5421386Z api-1       |     result = await app(  # type: ignore[func-returns-value]
09 docker build	UNKNOWN STEP	2026-09-17T11:20:42.5421927Z api-1       |              ^^^^^^^^^^^^^^^^^^^^^^^^^^^^^^^^^^^^^^^^^^^^^^
09 docker build	UNKNOWN STEP	2026-09-17T11:20:42.5422735Z api-1       |   File "/usr/local/lib/python3.12/site-packages/uvicorn/middleware/proxy_headers.py", line 63, in __call__
09 docker build	UNKNOWN STEP	2026-09-17T11:20:42.5423372Z api-1       |     return await self.app(scope, receive, send)
09 docker build	UNKNOWN STEP	2026-09-17T11:20:42.5423785Z api-1       |            ^^^^^^^^^^^^^^^^^^^^^^^^^^^^^^^^^^^^
09 docker build	UNKNOWN STEP	2026-09-17T11:20:42.5424323Z api-1       |   File "/usr/local/lib/python3.12/site-packages/fastapi/applications.py", line 1163, in __call__
09 docker build	UNKNOWN STEP	2026-09-17T11:20:42.5424913Z api-1       |     await super().__call__(scope, receive, send)
09 docker build	UNKNOWN STEP	2026-09-17T11:20:42.5425465Z api-1       |   File "/usr/local/lib/python3.12/site-packages/starlette/applications.py", line 96, in __call__
09 docker build	UNKNOWN STEP	2026-09-17T11:20:42.5426015Z postgres-1  | 
09 docker build	UNKNOWN STEP	2026-09-17T11:20:42.5426360Z api-1       |     await self.middleware_stack(scope, receive, send)
09 docker build	UNKNOWN STEP	2026-09-17T11:20:42.5426954Z api-1       |   File "/usr/local/lib/python3.12/site-packages/starlette/middleware/errors.py", line 186, in __call__
09 docker build	UNKNOWN STEP	2026-09-17T11:20:42.5427514Z api-1       |     raise exc
09 docker build	UNKNOWN STEP	2026-09-17T11:20:42.5428012Z api-1       |   File "/usr/local/lib/python3.12/site-packages/starlette/middleware/errors.py", line 164, in __call__
09 docker build	UNKNOWN STEP	2026-09-17T11:20:42.5428580Z api-1       |     await self.app(scope, receive, _send)
09 docker build	UNKNOWN STEP	2026-09-17T11:20:42.5429122Z api-1       |   File "/usr/local/lib/python3.12/site-packages/starlette/middleware/base.py", line 193, in __call__
09 docker build	UNKNOWN STEP	2026-09-17T11:20:42.5429743Z api-1       |     response = await self.dispatch_func(request, call_next)
09 docker build	UNKNOWN STEP	2026-09-17T11:20:42.5430222Z api-1       |                ^^^^^^^^^^^^^^^^^^^^^^^^^^^^^^^^^^^^^^^^^^^^
09 docker build	UNKNOWN STEP	2026-09-17T11:20:42.5430793Z api-1       |   File "/app/apps/api/src/ca_api/interfaces/http/main.py", line 179, in broadcast_successful_mutation
09 docker build	UNKNOWN STEP	2026-09-17T11:20:42.5431394Z api-1       |     auth_session(request.headers.get("authorization"))
09 docker build	UNKNOWN STEP	2026-09-17T11:20:42.5431997Z api-1       |   File "/app/apps/api/src/ca_api/persist.py", line 1408, in session
09 docker build	UNKNOWN STEP	2026-09-17T11:20:42.5432648Z api-1       |     init_db()
09 docker build	UNKNOWN STEP	2026-09-17T11:20:42.5433122Z api-1       |   File "/app/apps/api/src/ca_api/persist.py", line 545, in init_db
09 docker build	UNKNOWN STEP	2026-09-17T11:20:42.5433569Z api-1       |     _ensure_scheduling_schema(cx)
09 docker build	UNKNOWN STEP	2026-09-17T11:20:42.5434108Z api-1       |   File "/app/apps/api/src/ca_api/persist.py", line 567, in _ensure_scheduling_schema
09 docker build	UNKNOWN STEP	2026-09-17T11:20:42.5434586Z api-1       |     cx.execute(
09 docker build	UNKNOWN STEP	2026-09-17T11:20:42.5434966Z api-1       |   File "/app/apps/api/src/ca_api/persist.py", line 172, in execute
09 docker build	UNKNOWN STEP	2026-09-17T11:20:42.5435494Z api-1       |     cursor = self._connection.execute(sql, params)
09 docker build	UNKNOWN STEP	2026-09-17T11:20:42.5435911Z api-1       |              ^^^^^^^^^^^^^^^^^^^^^^^^^^^^^^^^^^^^^
09 docker build	UNKNOWN STEP	2026-09-17T11:20:42.5436838Z api-1       |   File "/usr/local/lib/python3.12/site-packages/psycopg/connection.py", line 300, in execute
09 docker build	UNKNOWN STEP	2026-09-17T11:20:42.5437395Z api-1       |     raise ex.with_traceback(None)
09 docker build	UNKNOWN STEP	2026-09-17T11:20:42.5438050Z api-1       | psycopg.errors.UniqueViolation: duplicate key value violates unique constraint "pg_type_typname_nsp_index"
09 docker build	UNKNOWN STEP	2026-09-17T11:20:42.5438798Z api-1       | DETAIL:  Key (typname, typnamespace)=(availability_confirmations, 2200) already exists.
09 docker build	UNKNOWN STEP	2026-09-17T11:20:42.5439317Z postgres-1  | Data page checksums are disabled.
09 docker build	UNKNOWN STEP	2026-09-17T11:20:42.5439676Z postgres-1  | 
09 docker build	UNKNOWN STEP	2026-09-17T11:20:42.5440104Z postgres-1  | fixing permissions on existing directory /var/lib/postgresql/data ... ok
09 docker build	UNKNOWN STEP	2026-09-17T11:20:42.5440629Z postgres-1  | creating subdirectories ... ok
09 docker build	UNKNOWN STEP	2026-09-17T11:20:42.5441084Z postgres-1  | selecting dynamic shared memory implementation ... posix
09 docker build	UNKNOWN STEP	2026-09-17T11:20:42.5441551Z postgres-1  | selecting default max_connections ... 100
09 docker build	UNKNOWN STEP	2026-09-17T11:20:42.5442014Z postgres-1  | selecting default shared_buffers ... 128MB
09 docker build	UNKNOWN STEP	2026-09-17T11:20:42.5442585Z postgres-1  | selecting default time zone ... UTC
09 docker build	UNKNOWN STEP	2026-09-17T11:20:42.5443010Z postgres-1  | creating configuration files ... ok
09 docker build	UNKNOWN STEP	2026-09-17T11:20:42.5443592Z postgres-1  | running bootstrap script ... ok
09 docker build	UNKNOWN STEP	2026-09-17T11:20:42.5443969Z postgres-1  | sh: locale: not found
09 docker build	UNKNOWN STEP	2026-09-17T11:20:42.5444413Z postgres-1  | 2026-09-17 11:20:30.733 UTC [36] WARNING:  no usable system locales were found
09 docker build	UNKNOWN STEP	2026-09-17T11:20:42.5444977Z postgres-1  | performing post-bootstrap initialization ... ok
09 docker build	UNKNOWN STEP	2026-09-17T11:20:42.5445415Z postgres-1  | syncing data to disk ... ok
09 docker build	UNKNOWN STEP	2026-09-17T11:20:42.5445801Z postgres-1  | 
09 docker build	UNKNOWN STEP	2026-09-17T11:20:42.5446077Z postgres-1  | 
09 docker build	UNKNOWN STEP	2026-09-17T11:20:42.5446423Z postgres-1  | Success. You can now start the database server using:
09 docker build	UNKNOWN STEP	2026-09-17T11:20:42.5446848Z postgres-1  | 
09 docker build	UNKNOWN STEP	2026-09-17T11:20:42.5447234Z postgres-1  |     pg_ctl -D /var/lib/postgresql/data -l logfile start
09 docker build	UNKNOWN STEP	2026-09-17T11:20:42.5447636Z postgres-1  | 
09 docker build	UNKNOWN STEP	2026-09-17T11:20:42.5448044Z postgres-1  | initdb: warning: enabling "trust" authentication for local connections
09 docker build	UNKNOWN STEP	2026-09-17T11:20:42.5448817Z postgres-1  | initdb: hint: You can change this by editing pg_hba.conf or using the option -A, or --auth-local and --auth-host, the next time you run initdb.
09 docker build	UNKNOWN STEP	2026-09-17T11:20:42.5449875Z postgres-1  | waiting for server to start....2026-09-17 11:20:31.447 UTC [42] LOG:  starting PostgreSQL 16.15 on x86_64-pc-linux-musl, compiled by gcc (Alpine 15.2.0) 15.2.0, 64-bit
09 docker build	UNKNOWN STEP	2026-09-17T11:20:42.5450754Z postgres-1  | 2026-09-17 11:20:31.449 UTC [42] LOG:  listening on Unix socket "/var/run/postgresql/.s.PGSQL.5432"
09 docker build	UNKNOWN STEP	2026-09-17T11:20:42.5451412Z postgres-1  | 2026-09-17 11:20:31.452 UTC [45] LOG:  database system was shut down at 2026-09-17 11:20:31 UTC
09 docker build	UNKNOWN STEP	2026-09-17T11:20:42.5452169Z postgres-1  | 2026-09-17 11:20:31.455 UTC [42] LOG:  database system is ready to accept connections
09 docker build	UNKNOWN STEP	2026-09-17T11:20:42.5452642Z postgres-1  |  done
09 docker build	UNKNOWN STEP	2026-09-17T11:20:42.5452961Z postgres-1  | server started
09 docker build	UNKNOWN STEP	2026-09-17T11:20:42.5453303Z postgres-1  | CREATE DATABASE
09 docker build	UNKNOWN STEP	2026-09-17T11:20:42.5453643Z postgres-1  | 
09 docker build	UNKNOWN STEP	2026-09-17T11:20:42.5453928Z postgres-1  | 
09 docker build	UNKNOWN STEP	2026-09-17T11:20:42.5454365Z postgres-1  | /usr/local/bin/docker-entrypoint.sh: ignoring /docker-entrypoint-initdb.d/*
09 docker build	UNKNOWN STEP	2026-09-17T11:20:42.5454968Z postgres-1  | 
09 docker build	UNKNOWN STEP	2026-09-17T11:20:42.5455541Z postgres-1  | waiting for server to shut down....2026-09-17 11:20:31.647 UTC [42] LOG:  received fast shutdown request
09 docker build	UNKNOWN STEP	2026-09-17T11:20:42.5456145Z postgres-1  | 2026-09-17 11:20:31.648 UTC [42] LOG:  aborting any active transactions
09 docker build	UNKNOWN STEP	2026-09-17T11:20:42.5456836Z postgres-1  | 2026-09-17 11:20:31.650 UTC [42] LOG:  background worker "logical replication launcher" (PID 48) exited with exit code 1
09 docker build	UNKNOWN STEP	2026-09-17T11:20:42.5457460Z postgres-1  | 2026-09-17 11:20:31.651 UTC [43] LOG:  shutting down
09 docker build	UNKNOWN STEP	2026-09-17T11:20:42.5458047Z postgres-1  | 2026-09-17 11:20:31.693 UTC [43] LOG:  checkpoint starting: shutdown immediate
09 docker build	UNKNOWN STEP	2026-09-17T11:20:42.5459193Z postgres-1  | 2026-09-17 11:20:31.760 UTC [43] LOG:  checkpoint complete: wrote 926 buffers (5.7%); 0 WAL file(s) added, 0 removed, 0 recycled; write=0.035 s, sync=0.029 s, total=0.109 s; sync files=301, longest=0.009 s, average=0.001 s; distance=4283 kB, estimate=4283 kB; lsn=0/1925D68, redo lsn=0/1925D68
09 docker build	UNKNOWN STEP	2026-09-17T11:20:42.5460285Z postgres-1  | 2026-09-17 11:20:31.765 UTC [42] LOG:  database system is shut down
09 docker build	UNKNOWN STEP	2026-09-17T11:20:42.5460737Z postgres-1  |  done
09 docker build	UNKNOWN STEP	2026-09-17T11:20:42.5461036Z postgres-1  | server stopped
09 docker build	UNKNOWN STEP	2026-09-17T11:20:42.5461377Z postgres-1  | 
09 docker build	UNKNOWN STEP	2026-09-17T11:20:42.5461757Z postgres-1  | PostgreSQL init process complete; ready for start up.
09 docker build	UNKNOWN STEP	2026-09-17T11:20:42.5462411Z postgres-1  | 
09 docker build	UNKNOWN STEP	2026-09-17T11:20:42.5463154Z postgres-1  | 2026-09-17 11:20:31.866 UTC [1] LOG:  starting PostgreSQL 16.15 on x86_64-pc-linux-musl, compiled by gcc (Alpine 15.2.0) 15.2.0, 64-bit
09 docker build	UNKNOWN STEP	2026-09-17T11:20:42.5463880Z postgres-1  | 2026-09-17 11:20:31.866 UTC [1] LOG:  listening on IPv4 address "0.0.0.0", port 5432
09 docker build	UNKNOWN STEP	2026-09-17T11:20:42.5464557Z postgres-1  | 2026-09-17 11:20:31.866 UTC [1] LOG:  listening on IPv6 address "::", port 5432
09 docker build	UNKNOWN STEP	2026-09-17T11:20:42.5465193Z postgres-1  | 2026-09-17 11:20:31.871 UTC [1] LOG:  listening on Unix socket "/var/run/postgresql/.s.PGSQL.5432"
09 docker build	UNKNOWN STEP	2026-09-17T11:20:42.5465863Z postgres-1  | 2026-09-17 11:20:31.873 UTC [58] LOG:  database system was shut down at 2026-09-17 11:20:31 UTC
09 docker build	UNKNOWN STEP	2026-09-17T11:20:42.5466480Z postgres-1  | 2026-09-17 11:20:31.877 UTC [1] LOG:  database system is ready to accept connections
09 docker build	UNKNOWN STEP	2026-09-17T11:20:42.5467197Z postgres-1  | 2026-09-17 11:20:42.412 UTC [78] ERROR:  duplicate key value violates unique constraint "pg_type_typname_nsp_index"
09 docker build	UNKNOWN STEP	2026-09-17T11:20:42.5467993Z postgres-1  | 2026-09-17 11:20:42.412 UTC [78] DETAIL:  Key (typname, typnamespace)=(availability_confirmations, 2200) already exists.
09 docker build	UNKNOWN STEP	2026-09-17T11:20:42.5468618Z postgres-1  | 2026-09-17 11:20:42.412 UTC [78] STATEMENT:  
09 docker build	UNKNOWN STEP	2026-09-17T11:20:42.5469103Z postgres-1  | 	        CREATE TABLE IF NOT EXISTS availability_confirmations (
09 docker build	UNKNOWN STEP	2026-09-17T11:20:42.5469574Z postgres-1  | 	            id TEXT PRIMARY KEY,
09 docker build	UNKNOWN STEP	2026-09-17T11:20:42.5469967Z postgres-1  | 	            store_id TEXT NOT NULL,
09 docker build	UNKNOWN STEP	2026-09-17T11:20:42.5470430Z postgres-1  | 	            nv_id TEXT NOT NULL,
09 docker build	UNKNOWN STEP	2026-09-17T11:20:42.5470823Z postgres-1  | 	            tuan_iso TEXT NOT NULL,
09 docker build	UNKNOWN STEP	2026-09-17T11:20:42.5471228Z postgres-1  | 	            availability TEXT NOT NULL,
09 docker build	UNKNOWN STEP	2026-09-17T11:20:42.5471633Z postgres-1  | 	            status TEXT NOT NULL,
09 docker build	UNKNOWN STEP	2026-09-17T11:20:42.5472150Z postgres-1  | 	            source TEXT NOT NULL DEFAULT 'chat',
09 docker build	UNKNOWN STEP	2026-09-17T11:20:42.5472598Z postgres-1  | 	            created_at TEXT NOT NULL,
09 docker build	UNKNOWN STEP	2026-09-17T11:20:42.5473015Z postgres-1  | 	            updated_at TEXT NOT NULL,
09 docker build	UNKNOWN STEP	2026-09-17T11:20:42.5473424Z postgres-1  | 	            UNIQUE(store_id, nv_id, tuan_iso)
09 docker build	UNKNOWN STEP	2026-09-17T11:20:42.5473806Z postgres-1  | 	        )
09 docker build	UNKNOWN STEP	2026-09-17T11:20:42.5474164Z postgres-1  | 	        
09 docker build	UNKNOWN STEP	2026-09-17T11:20:42.5474608Z postgres-1  | 2026-09-17 11:20:42.499 UTC [88] WARNING:  there is already a transaction in progress
09 docker build	UNKNOWN STEP	2026-09-17T11:20:42.5506477Z ##[group]Run docker compose -f infra/docker/compose.yml down -v
09 docker build	UNKNOWN STEP	2026-09-17T11:20:42.5507028Z [36;1mdocker compose -f infra/docker/compose.yml down -v[0m
09 docker build	UNKNOWN STEP	2026-09-17T11:20:42.5530567Z shell: /usr/bin/bash -e {0}
09 docker build	UNKNOWN STEP	2026-09-17T11:20:42.5530926Z env:
09 docker build	UNKNOWN STEP	2026-09-17T11:20:42.5531279Z   CA_AGENT_MODE: replay
09 docker build	UNKNOWN STEP	2026-09-17T11:20:42.5531585Z ##[endgroup]
09 docker build	UNKNOWN STEP	2026-09-17T11:20:42.6264853Z  Container docker-web-1  Stopping
09 docker build	UNKNOWN STEP	2026-09-17T11:20:42.6266159Z  Container docker-worker-1  Stopping
09 docker build	UNKNOWN STEP	2026-09-17T11:20:42.7867899Z  Container docker-web-1  Stopped
09 docker build	UNKNOWN STEP	2026-09-17T11:20:42.7868791Z  Container docker-web-1  Removing
09 docker build	UNKNOWN STEP	2026-09-17T11:20:42.7910046Z  Container docker-web-1  Removed
09 docker build	UNKNOWN STEP	2026-09-17T11:20:52.8148484Z  Container docker-worker-1  Stopped
09 docker build	UNKNOWN STEP	2026-09-17T11:20:52.8149052Z  Container docker-worker-1  Removing
09 docker build	UNKNOWN STEP	2026-09-17T11:20:52.8211902Z  Container docker-worker-1  Removed
09 docker build	UNKNOWN STEP	2026-09-17T11:20:52.8212696Z  Container docker-api-1  Stopping
09 docker build	UNKNOWN STEP	2026-09-17T11:21:03.0295049Z  Container docker-api-1  Stopped
09 docker build	UNKNOWN STEP	2026-09-17T11:21:03.0295937Z  Container docker-api-1  Removing
09 docker build	UNKNOWN STEP	2026-09-17T11:21:03.0377636Z  Container docker-api-1  Removed
09 docker build	UNKNOWN STEP	2026-09-17T11:21:03.0378394Z  Container docker-redis-1  Stopping
09 docker build	UNKNOWN STEP	2026-09-17T11:21:03.0379219Z  Container docker-postgres-1  Stopping
09 docker build	UNKNOWN STEP	2026-09-17T11:21:03.4971471Z  Container docker-redis-1  Stopped
09 docker build	UNKNOWN STEP	2026-09-17T11:21:03.4973784Z  Container docker-redis-1  Removing
09 docker build	UNKNOWN STEP	2026-09-17T11:21:03.5031617Z  Container docker-postgres-1  Stopped
09 docker build	UNKNOWN STEP	2026-09-17T11:21:03.5034869Z  Container docker-postgres-1  Removing
09 docker build	UNKNOWN STEP	2026-09-17T11:21:03.5054950Z  Container docker-redis-1  Removed
09 docker build	UNKNOWN STEP	2026-09-17T11:21:03.5080224Z  Container docker-postgres-1  Removed
09 docker build	UNKNOWN STEP	2026-09-17T11:21:03.5088605Z  Volume docker_nhipquan_uploads  Removing
09 docker build	UNKNOWN STEP	2026-09-17T11:21:03.5093219Z  Network docker_default  Removing
09 docker build	UNKNOWN STEP	2026-09-17T11:21:03.5093937Z  Volume docker_nhipquan_pg  Removing
09 docker build	UNKNOWN STEP	2026-09-17T11:21:03.5094650Z  Volume docker_nhipquan_var  Removing
09 docker build	UNKNOWN STEP	2026-09-17T11:21:03.5102763Z  Volume docker_nhipquan_uploads  Removed
09 docker build	UNKNOWN STEP	2026-09-17T11:21:03.5305247Z  Volume docker_nhipquan_pg  Removed
09 docker build	UNKNOWN STEP	2026-09-17T11:21:03.5308726Z  Volume docker_nhipquan_var  Removed
09 docker build	UNKNOWN STEP	2026-09-17T11:21:03.6933586Z  Network docker_default  Removed
09 docker build	UNKNOWN STEP	2026-09-17T11:21:03.7074865Z Node 20 is being deprecated. This workflow is running with Node 24 by default. If you need to temporarily use Node 20, you can set the ACTIONS_ALLOW_USE_UNSECURE_NODE_VERSION=true environment variable. For more information see: https://github.blog/changelog/2025-09-19-deprecation-of-node-20-on-github-actions-runners/
09 docker build	UNKNOWN STEP	2026-09-17T11:21:03.7076388Z Post job cleanup.
09 docker build	UNKNOWN STEP	2026-09-17T11:21:03.8047342Z [command]/usr/bin/git version
09 docker build	UNKNOWN STEP	2026-09-17T11:21:03.8091692Z git version 2.55.0
09 docker build	UNKNOWN STEP	2026-09-17T11:21:03.8133263Z Temporarily overriding HOME='/home/runner/work/_temp/502a0d52-6128-4625-90d7-963650df2a5c' before making global git config changes
09 docker build	UNKNOWN STEP	2026-09-17T11:21:03.8134351Z Adding repository directory to the temporary git global config as a safe directory
09 docker build	UNKNOWN STEP	2026-09-17T11:21:03.8139832Z [command]/usr/bin/git config --global --add safe.directory /home/runner/work/Crew-Operations/Crew-Operations
09 docker build	UNKNOWN STEP	2026-09-17T11:21:03.8177941Z [command]/usr/bin/git config --local --name-only --get-regexp core\.sshCommand
09 docker build	UNKNOWN STEP	2026-09-17T11:21:03.8210280Z [command]/usr/bin/git submodule foreach --recursive sh -c "git config --local --name-only --get-regexp 'core\.sshCommand' && git config --local --unset-all 'core.sshCommand' || :"
09 docker build	UNKNOWN STEP	2026-09-17T11:21:03.8416644Z [command]/usr/bin/git config --local --name-only --get-regexp http\.https\:\/\/github\.com\/\.extraheader
09 docker build	UNKNOWN STEP	2026-09-17T11:21:03.8438721Z http.https://github.com/.extraheader
09 docker build	UNKNOWN STEP	2026-09-17T11:21:03.8447949Z [command]/usr/bin/git config --local --unset-all http.https://github.com/.extraheader
09 docker build	UNKNOWN STEP	2026-09-17T11:21:03.8478498Z [command]/usr/bin/git submodule foreach --recursive sh -c "git config --local --name-only --get-regexp 'http\.https\:\/\/github\.com\/\.extraheader' && git config --local --unset-all 'http.https://github.com/.extraheader' || :"
09 docker build	UNKNOWN STEP	2026-09-17T11:21:03.8691543Z [command]/usr/bin/git config --local --name-only --get-regexp ^includeIf\.gitdir:
09 docker build	UNKNOWN STEP	2026-09-17T11:21:03.8722428Z [command]/usr/bin/git submodule foreach --recursive git config --local --show-origin --name-only --get-regexp remote.origin.url
09 docker build	UNKNOWN STEP	2026-09-17T11:21:03.9079273Z Cleaning up orphan processes
09 docker build	UNKNOWN STEP	2026-09-17T11:21:03.9453555Z ##[warning]Node.js 20 is deprecated. The following actions target Node.js 20 but are being forced to run on Node.js 24: actions/checkout@v4. For more information see: https://github.blog/changelog/2025-09-19-deprecation-of-node-20-on-github-actions-runners/
02 unit	Set up job	∩╗┐2026-09-17T11:18:32.7010713Z Current runner version: '2.337.0'
02 unit	Set up job	2026-09-17T11:18:32.7035381Z ##[group]Runner Image Provisioner
02 unit	Set up job	2026-09-17T11:18:32.7036201Z Hosted Compute Agent
02 unit	Set up job	2026-09-17T11:18:32.7036773Z Version: 20260828.587
02 unit	Set up job	2026-09-17T11:18:32.7037347Z Commit: abac92662cab4cc7352de4f9f9d2e2419aad9c29
02 unit	Set up job	2026-09-17T11:18:32.7038175Z Build Date: 2026-08-28T16:44:25Z
02 unit	Set up job	2026-09-17T11:18:32.7038853Z Worker ID: {b3b04e29-613a-42fe-a67d-8126d28b2738}
02 unit	Set up job	2026-09-17T11:18:32.7039502Z Azure Region: westcentralus
02 unit	Set up job	2026-09-17T11:18:32.7040058Z ##[endgroup]
02 unit	Set up job	2026-09-17T11:18:32.7041478Z ##[group]Operating System
02 unit	Set up job	2026-09-17T11:18:32.7042058Z Ubuntu
02 unit	Set up job	2026-09-17T11:18:32.7042601Z 24.04.5
02 unit	Set up job	2026-09-17T11:18:32.7043056Z LTS
02 unit	Set up job	2026-09-17T11:18:32.7043524Z ##[endgroup]
02 unit	Set up job	2026-09-17T11:18:32.7044024Z ##[group]Runner Image
02 unit	Set up job	2026-09-17T11:18:32.7044612Z Image: ubuntu-24.04
02 unit	Set up job	2026-09-17T11:18:32.7045171Z Version: 20260907.300.1
02 unit	Set up job	2026-09-17T11:18:32.7046107Z Included Software: https://github.com/actions/runner-images/blob/ubuntu24/20260907.300/images/ubuntu/Ubuntu2404-Readme.md
02 unit	Set up job	2026-09-17T11:18:32.7047659Z Image Release: https://github.com/actions/runner-images/releases/tag/ubuntu24%2F20260907.300
02 unit	Set up job	2026-09-17T11:18:32.7048675Z ##[endgroup]
02 unit	Set up job	2026-09-17T11:18:32.7049770Z ##[group]GITHUB_TOKEN Permissions
02 unit	Set up job	2026-09-17T11:18:32.7051598Z Contents: read
02 unit	Set up job	2026-09-17T11:18:32.7052508Z Metadata: read
02 unit	Set up job	2026-09-17T11:18:32.7053005Z Packages: read
02 unit	Set up job	2026-09-17T11:18:32.7053569Z ##[endgroup]
02 unit	Set up job	2026-09-17T11:18:32.7055546Z Secret source: Actions
02 unit	Set up job	2026-09-17T11:18:32.7056353Z Cache mode: write
02 unit	Set up job	2026-09-17T11:18:32.7057086Z Prepare workflow directory
02 unit	Set up job	2026-09-17T11:18:32.7428907Z Prepare all required actions
02 unit	Set up job	2026-09-17T11:18:32.7479638Z Getting action download info
02 unit	Set up job	2026-09-17T11:18:33.0608220Z Download action repository 'actions/checkout@v4' (SHA:11d5960a326750d5838078e36cf38b85af677262)
02 unit	Set up job	2026-09-17T11:18:33.1488278Z Download action repository 'actions/setup-python@v5' (SHA:a26af69be951a213d495a4c3e4e4022e16d87065)
02 unit	Set up job	2026-09-17T11:18:33.2150731Z Download action repository 'actions/cache@v4' (SHA:0057852bfaa89a56745cba8c7296529d2fc39830)
02 unit	Set up job	2026-09-17T11:18:33.3856147Z Complete job name: 02 unit
02 unit	Run actions/checkout@v4	∩╗┐2026-09-17T11:18:33.4639546Z Node 20 is being deprecated. This workflow is running with Node 24 by default. If you need to temporarily use Node 20, you can set the ACTIONS_ALLOW_USE_UNSECURE_NODE_VERSION=true environment variable. For more information see: https://github.blog/changelog/2025-09-19-deprecation-of-node-20-on-github-actions-runners/
02 unit	Run actions/checkout@v4	2026-09-17T11:18:33.4648783Z ##[group]Run actions/checkout@v4
02 unit	Run actions/checkout@v4	2026-09-17T11:18:33.4649443Z with:
02 unit	Run actions/checkout@v4	2026-09-17T11:18:33.4649846Z   repository: KanTrun/Crew-Operations
02 unit	Run actions/checkout@v4	2026-09-17T11:18:33.4653671Z   token: ***
02 unit	Run actions/checkout@v4	2026-09-17T11:18:33.4654047Z   ssh-strict: true
02 unit	Run actions/checkout@v4	2026-09-17T11:18:33.4654431Z   ssh-user: git
02 unit	Run actions/checkout@v4	2026-09-17T11:18:33.4654829Z   persist-credentials: true
02 unit	Run actions/checkout@v4	2026-09-17T11:18:33.4655441Z   clean: true
02 unit	Run actions/checkout@v4	2026-09-17T11:18:33.4655827Z   sparse-checkout-cone-mode: true
02 unit	Run actions/checkout@v4	2026-09-17T11:18:33.4656283Z   fetch-depth: 1
02 unit	Run actions/checkout@v4	2026-09-17T11:18:33.4656668Z   fetch-tags: false
02 unit	Run actions/checkout@v4	2026-09-17T11:18:33.4657062Z   show-progress: true
02 unit	Run actions/checkout@v4	2026-09-17T11:18:33.4657470Z   lfs: false
02 unit	Run actions/checkout@v4	2026-09-17T11:18:33.4658035Z   submodules: false
02 unit	Run actions/checkout@v4	2026-09-17T11:18:33.4658610Z   set-safe-directory: true
02 unit	Run actions/checkout@v4	2026-09-17T11:18:33.4659069Z   allow-unsafe-pr-checkout: false
02 unit	Run actions/checkout@v4	2026-09-17T11:18:33.4659818Z env:
02 unit	Run actions/checkout@v4	2026-09-17T11:18:33.4660254Z   CA_AGENT_MODE: replay
02 unit	Run actions/checkout@v4	2026-09-17T11:18:33.4660804Z ##[endgroup]
02 unit	Run actions/checkout@v4	2026-09-17T11:18:33.5613794Z Syncing repository: KanTrun/Crew-Operations
02 unit	Run actions/checkout@v4	2026-09-17T11:18:33.5615545Z ##[group]Getting Git version info
02 unit	Run actions/checkout@v4	2026-09-17T11:18:33.5616247Z Working directory is '/home/runner/work/Crew-Operations/Crew-Operations'
02 unit	Run actions/checkout@v4	2026-09-17T11:18:33.5617212Z [command]/usr/bin/git version
02 unit	Run actions/checkout@v4	2026-09-17T11:18:33.5740357Z git version 2.55.0
02 unit	Run actions/checkout@v4	2026-09-17T11:18:33.5770663Z ##[endgroup]
02 unit	Run actions/checkout@v4	2026-09-17T11:18:33.5787888Z Temporarily overriding HOME='/home/runner/work/_temp/b5405af6-9700-4fe3-94ac-b5920afe2934' before making global git config changes
02 unit	Run actions/checkout@v4	2026-09-17T11:18:33.5789224Z Adding repository directory to the temporary git global config as a safe directory
02 unit	Run actions/checkout@v4	2026-09-17T11:18:33.5794203Z [command]/usr/bin/git config --global --add safe.directory /home/runner/work/Crew-Operations/Crew-Operations
02 unit	Run actions/checkout@v4	2026-09-17T11:18:33.5849280Z Deleting the contents of '/home/runner/work/Crew-Operations/Crew-Operations'
02 unit	Run actions/checkout@v4	2026-09-17T11:18:33.5854096Z ##[group]Initializing the repository
02 unit	Run actions/checkout@v4	2026-09-17T11:18:33.5859470Z [command]/usr/bin/git init /home/runner/work/Crew-Operations/Crew-Operations
02 unit	Run actions/checkout@v4	2026-09-17T11:18:33.5982900Z hint: Using 'master' as the name for the initial branch. This default branch name
02 unit	Run actions/checkout@v4	2026-09-17T11:18:33.5985520Z hint: will change to "main" in Git 3.0. To configure the initial branch name
02 unit	Run actions/checkout@v4	2026-09-17T11:18:33.5987342Z hint: to use in all of your new repositories, which will suppress this warning,
02 unit	Run actions/checkout@v4	2026-09-17T11:18:33.5988550Z hint: call:
02 unit	Run actions/checkout@v4	2026-09-17T11:18:33.5989347Z hint:
02 unit	Run actions/checkout@v4	2026-09-17T11:18:33.5990414Z hint: 	git config --global init.defaultBranch <name>
02 unit	Run actions/checkout@v4	2026-09-17T11:18:33.5991330Z hint:
02 unit	Run actions/checkout@v4	2026-09-17T11:18:33.5992520Z hint: Names commonly chosen instead of 'master' are 'main', 'trunk' and
02 unit	Run actions/checkout@v4	2026-09-17T11:18:33.5994197Z hint: 'development'. The just-created branch can be renamed via this command:
02 unit	Run actions/checkout@v4	2026-09-17T11:18:33.5995417Z hint:
02 unit	Run actions/checkout@v4	2026-09-17T11:18:33.5996280Z hint: 	git branch -m <name>
02 unit	Run actions/checkout@v4	2026-09-17T11:18:33.5997147Z hint:
02 unit	Run actions/checkout@v4	2026-09-17T11:18:33.5998403Z hint: Disable this message with "git config set advice.defaultBranchName false"
02 unit	Run actions/checkout@v4	2026-09-17T11:18:33.6000131Z Initialized empty Git repository in /home/runner/work/Crew-Operations/Crew-Operations/.git/
02 unit	Run actions/checkout@v4	2026-09-17T11:18:33.6003016Z [command]/usr/bin/git remote add origin https://github.com/KanTrun/Crew-Operations
02 unit	Run actions/checkout@v4	2026-09-17T11:18:33.6050931Z ##[endgroup]
02 unit	Run actions/checkout@v4	2026-09-17T11:18:33.6051694Z ##[group]Disabling automatic garbage collection
02 unit	Run actions/checkout@v4	2026-09-17T11:18:33.6055523Z [command]/usr/bin/git config --local gc.auto 0
02 unit	Run actions/checkout@v4	2026-09-17T11:18:33.6082725Z ##[endgroup]
02 unit	Run actions/checkout@v4	2026-09-17T11:18:33.6083435Z ##[group]Setting up auth
02 unit	Run actions/checkout@v4	2026-09-17T11:18:33.6091538Z [command]/usr/bin/git config --local --name-only --get-regexp core\.sshCommand
02 unit	Run actions/checkout@v4	2026-09-17T11:18:33.6122913Z [command]/usr/bin/git submodule foreach --recursive sh -c "git config --local --name-only --get-regexp 'core\.sshCommand' && git config --local --unset-all 'core.sshCommand' || :"
02 unit	Run actions/checkout@v4	2026-09-17T11:18:33.6475688Z [command]/usr/bin/git config --local --name-only --get-regexp http\.https\:\/\/github\.com\/\.extraheader
02 unit	Run actions/checkout@v4	2026-09-17T11:18:33.6512382Z [command]/usr/bin/git submodule foreach --recursive sh -c "git config --local --name-only --get-regexp 'http\.https\:\/\/github\.com\/\.extraheader' && git config --local --unset-all 'http.https://github.com/.extraheader' || :"
02 unit	Run actions/checkout@v4	2026-09-17T11:18:33.6709375Z [command]/usr/bin/git config --local --name-only --get-regexp ^includeIf\.gitdir:
02 unit	Run actions/checkout@v4	2026-09-17T11:18:33.6742527Z [command]/usr/bin/git submodule foreach --recursive git config --local --show-origin --name-only --get-regexp remote.origin.url
02 unit	Run actions/checkout@v4	2026-09-17T11:18:33.6922383Z [command]/usr/bin/git config --local http.https://github.com/.extraheader AUTHORIZATION: basic ***
02 unit	Run actions/checkout@v4	2026-09-17T11:18:33.6952359Z ##[endgroup]
02 unit	Run actions/checkout@v4	2026-09-17T11:18:33.6961468Z ##[group]Fetching the repository
02 unit	Run actions/checkout@v4	2026-09-17T11:18:33.6963898Z [command]/usr/bin/git -c protocol.version=2 fetch --no-tags --prune --no-recurse-submodules --depth=1 origin +a6ee707a664b71558e72eff4ac334b63193b03a2:refs/remotes/origin/main
02 unit	Run actions/checkout@v4	2026-09-17T11:18:34.9952412Z From https://github.com/KanTrun/Crew-Operations
02 unit	Run actions/checkout@v4	2026-09-17T11:18:34.9954459Z  * [new ref]         a6ee707a664b71558e72eff4ac334b63193b03a2 -> origin/main
02 unit	Run actions/checkout@v4	2026-09-17T11:18:34.9959285Z ##[endgroup]
02 unit	Run actions/checkout@v4	2026-09-17T11:18:34.9960540Z ##[group]Determining the checkout info
02 unit	Run actions/checkout@v4	2026-09-17T11:18:34.9962032Z ##[endgroup]
02 unit	Run actions/checkout@v4	2026-09-17T11:18:34.9967668Z [command]/usr/bin/git sparse-checkout disable
02 unit	Run actions/checkout@v4	2026-09-17T11:18:35.0018028Z [command]/usr/bin/git config --local --unset-all extensions.worktreeConfig
02 unit	Run actions/checkout@v4	2026-09-17T11:18:35.0046382Z ##[group]Checking out the ref
02 unit	Run actions/checkout@v4	2026-09-17T11:18:35.0052103Z [command]/usr/bin/git checkout --progress --force -B main refs/remotes/origin/main
02 unit	Run actions/checkout@v4	2026-09-17T11:18:35.0873881Z Switched to a new branch 'main'
02 unit	Run actions/checkout@v4	2026-09-17T11:18:35.0878524Z branch 'main' set up to track 'origin/main'.
02 unit	Run actions/checkout@v4	2026-09-17T11:18:35.0883860Z ##[endgroup]
02 unit	Run actions/checkout@v4	2026-09-17T11:18:35.0922562Z [command]/usr/bin/git log -1 --format=%H
02 unit	Run actions/checkout@v4	2026-09-17T11:18:35.0943492Z a6ee707a664b71558e72eff4ac334b63193b03a2
02 unit	Run actions/setup-python@v5	∩╗┐2026-09-17T11:18:35.1274727Z Node 20 is being deprecated. This workflow is running with Node 24 by default. If you need to temporarily use Node 20, you can set the ACTIONS_ALLOW_USE_UNSECURE_NODE_VERSION=true environment variable. For more information see: https://github.blog/changelog/2025-09-19-deprecation-of-node-20-on-github-actions-runners/
02 unit	Run actions/setup-python@v5	2026-09-17T11:18:35.1279619Z ##[group]Run actions/setup-python@v5
02 unit	Run actions/setup-python@v5	2026-09-17T11:18:35.1280772Z with:
02 unit	Run actions/setup-python@v5	2026-09-17T11:18:35.1281704Z   python-version: 3.12
02 unit	Run actions/setup-python@v5	2026-09-17T11:18:35.1282737Z   check-latest: false
02 unit	Run actions/setup-python@v5	2026-09-17T11:18:35.1291347Z   token: ***
02 unit	Run actions/setup-python@v5	2026-09-17T11:18:35.1292342Z   update-environment: true
02 unit	Run actions/setup-python@v5	2026-09-17T11:18:35.1293444Z   allow-prereleases: false
02 unit	Run actions/setup-python@v5	2026-09-17T11:18:35.1294521Z   freethreaded: false
02 unit	Run actions/setup-python@v5	2026-09-17T11:18:35.1295501Z env:
02 unit	Run actions/setup-python@v5	2026-09-17T11:18:35.1296403Z   CA_AGENT_MODE: replay
02 unit	Run actions/setup-python@v5	2026-09-17T11:18:35.1297356Z ##[endgroup]
02 unit	Run actions/setup-python@v5	2026-09-17T11:18:35.2620317Z ##[group]Installed versions
02 unit	Run actions/setup-python@v5	2026-09-17T11:18:35.2730026Z (node:2231) [DEP0040] DeprecationWarning: The `punycode` module is deprecated. Please use a userland alternative instead.
02 unit	Run actions/setup-python@v5	2026-09-17T11:18:35.2733404Z (Use `node --trace-deprecation ...` to show where the warning was created)
02 unit	Run actions/setup-python@v5	2026-09-17T11:18:35.2736097Z Successfully set up CPython (3.12.14)
02 unit	Run actions/setup-python@v5	2026-09-17T11:18:35.2741024Z ##[endgroup]
02 unit	Cache pip	∩╗┐2026-09-17T11:18:35.3711187Z Node 20 is being deprecated. This workflow is running with Node 24 by default. If you need to temporarily use Node 20, you can set the ACTIONS_ALLOW_USE_UNSECURE_NODE_VERSION=true environment variable. For more information see: https://github.blog/changelog/2025-09-19-deprecation-of-node-20-on-github-actions-runners/
02 unit	Cache pip	2026-09-17T11:18:35.3715008Z ##[group]Run actions/cache@v4
02 unit	Cache pip	2026-09-17T11:18:35.3715968Z with:
02 unit	Cache pip	2026-09-17T11:18:35.3716772Z   path: ~/.cache/pip
02 unit	Cache pip	2026-09-17T11:18:35.3718513Z   key: pip-unit-Linux-401709aa0cea91a843128c262b898e02c31d20a51e3b14fef49f6ffd29c45d1c
02 unit	Cache pip	2026-09-17T11:18:35.3720178Z   restore-keys: pip-unit-Linux-
02 unit	Cache pip	2026-09-17T11:18:35.3721221Z   enableCrossOsArchive: false
02 unit	Cache pip	2026-09-17T11:18:35.3722217Z   fail-on-cache-miss: false
02 unit	Cache pip	2026-09-17T11:18:35.3723172Z   lookup-only: false
02 unit	Cache pip	2026-09-17T11:18:35.3724053Z   save-always: false
02 unit	Cache pip	2026-09-17T11:18:35.3724937Z env:
02 unit	Cache pip	2026-09-17T11:18:35.3725715Z   CA_AGENT_MODE: replay
02 unit	Cache pip	2026-09-17T11:18:35.3726807Z   pythonLocation: /opt/hostedtoolcache/Python/3.12.14/x64
02 unit	Cache pip	2026-09-17T11:18:35.3728686Z   PKG_CONFIG_PATH: /opt/hostedtoolcache/Python/3.12.14/x64/lib/pkgconfig
02 unit	Cache pip	2026-09-17T11:18:35.3730211Z   Python_ROOT_DIR: /opt/hostedtoolcache/Python/3.12.14/x64
02 unit	Cache pip	2026-09-17T11:18:35.3731593Z   Python2_ROOT_DIR: /opt/hostedtoolcache/Python/3.12.14/x64
02 unit	Cache pip	2026-09-17T11:18:35.3732987Z   Python3_ROOT_DIR: /opt/hostedtoolcache/Python/3.12.14/x64
02 unit	Cache pip	2026-09-17T11:18:35.3734399Z   LD_LIBRARY_PATH: /opt/hostedtoolcache/Python/3.12.14/x64/lib
02 unit	Cache pip	2026-09-17T11:18:35.3735589Z ##[endgroup]
02 unit	Cache pip	2026-09-17T11:18:35.4806991Z (node:2251) [DEP0040] DeprecationWarning: The `punycode` module is deprecated. Please use a userland alternative instead.
02 unit	Cache pip	2026-09-17T11:18:35.4809439Z (Use `node --trace-deprecation ...` to show where the warning was created)
02 unit	Cache pip	2026-09-17T11:18:35.6982102Z Cache hit for restore-key: pip-unit-Linux-f90c408864d75b62dbf449390669ed54c1b6616bb103b1b6b10e2b5bb30dbd53
02 unit	Cache pip	2026-09-17T11:18:35.7082117Z (node:2251) [DEP0169] DeprecationWarning: `url.parse()` behavior is not standardized and prone to errors that have security implications. Use the WHATWG URL API instead. CVEs are not issued for `url.parse()` vulnerabilities.
02 unit	Cache pip	2026-09-17T11:18:36.9214938Z Received 37748736 of 98279177 (38.4%), 36.0 MBs/sec
02 unit	Cache pip	2026-09-17T11:18:37.2879821Z Received 98279177 of 98279177 (100.0%), 68.6 MBs/sec
02 unit	Cache pip	2026-09-17T11:18:37.2881536Z Cache Size: ~94 MB (98279177 B)
02 unit	Cache pip	2026-09-17T11:18:37.2923723Z [command]/usr/bin/tar -xf /home/runner/work/_temp/3db5e3b1-11f9-426d-b151-bdcc56391eda/cache.tzst -P -C /home/runner/work/Crew-Operations/Crew-Operations --use-compress-program unzstd
02 unit	Cache pip	2026-09-17T11:18:37.3995818Z Cache restored successfully
02 unit	Cache pip	2026-09-17T11:18:37.4109580Z Cache restored from key: pip-unit-Linux-f90c408864d75b62dbf449390669ed54c1b6616bb103b1b6b10e2b5bb30dbd53
02 unit	Install workspace	∩╗┐2026-09-17T11:18:37.4223993Z ##[group]Run pip install -e ./packages/contracts -e ./packages/solver -e ./packages/agents -e ./packages/gates -e ./packages/opsengine -e ./packages/playbook -e ./apps/api pytest pytest-xdist httpx pyyaml ortools hypothesis
02 unit	Install workspace	2026-09-17T11:18:37.4225472Z [36;1mpip install -e ./packages/contracts -e ./packages/solver -e ./packages/agents -e ./packages/gates -e ./packages/opsengine -e ./packages/playbook -e ./apps/api pytest pytest-xdist httpx pyyaml ortools hypothesis[0m
02 unit	Install workspace	2026-09-17T11:18:37.4259954Z shell: /usr/bin/bash -e {0}
02 unit	Install workspace	2026-09-17T11:18:37.4260272Z env:
02 unit	Install workspace	2026-09-17T11:18:37.4260492Z   CA_AGENT_MODE: replay
02 unit	Install workspace	2026-09-17T11:18:37.4260795Z   pythonLocation: /opt/hostedtoolcache/Python/3.12.14/x64
02 unit	Install workspace	2026-09-17T11:18:37.4261304Z   PKG_CONFIG_PATH: /opt/hostedtoolcache/Python/3.12.14/x64/lib/pkgconfig
02 unit	Install workspace	2026-09-17T11:18:37.4261755Z   Python_ROOT_DIR: /opt/hostedtoolcache/Python/3.12.14/x64
02 unit	Install workspace	2026-09-17T11:18:37.4262142Z   Python2_ROOT_DIR: /opt/hostedtoolcache/Python/3.12.14/x64
02 unit	Install workspace	2026-09-17T11:18:37.4262560Z   Python3_ROOT_DIR: /opt/hostedtoolcache/Python/3.12.14/x64
02 unit	Install workspace	2026-09-17T11:18:37.4262984Z   LD_LIBRARY_PATH: /opt/hostedtoolcache/Python/3.12.14/x64/lib
02 unit	Install workspace	2026-09-17T11:18:37.4263303Z ##[endgroup]
02 unit	Install workspace	2026-09-17T11:18:38.2203459Z Obtaining file:///home/runner/work/Crew-Operations/Crew-Operations/packages/contracts
02 unit	Install workspace	2026-09-17T11:18:38.2217631Z   Installing build dependencies: started
02 unit	Install workspace	2026-09-17T11:18:38.9166666Z   Installing build dependencies: finished with status 'done'
02 unit	Install workspace	2026-09-17T11:18:38.9173112Z   Checking if build backend supports build_editable: started
02 unit	Install workspace	2026-09-17T11:18:38.9538084Z   Checking if build backend supports build_editable: finished with status 'done'
02 unit	Install workspace	2026-09-17T11:18:38.9543776Z   Getting requirements to build editable: started
02 unit	Install workspace	2026-09-17T11:18:39.0878794Z   Getting requirements to build editable: finished with status 'done'
02 unit	Install workspace	2026-09-17T11:18:39.0895389Z   Installing backend dependencies: started
02 unit	Install workspace	2026-09-17T11:18:39.5404176Z   Installing backend dependencies: finished with status 'done'
02 unit	Install workspace	2026-09-17T11:18:39.5412510Z   Preparing editable metadata (pyproject.toml): started
02 unit	Install workspace	2026-09-17T11:18:39.7143975Z   Preparing editable metadata (pyproject.toml): finished with status 'done'
02 unit	Install workspace	2026-09-17T11:18:39.7170990Z Obtaining file:///home/runner/work/Crew-Operations/Crew-Operations/packages/solver
02 unit	Install workspace	2026-09-17T11:18:39.7183665Z   Installing build dependencies: started
02 unit	Install workspace	2026-09-17T11:18:40.1860989Z   Installing build dependencies: finished with status 'done'
02 unit	Install workspace	2026-09-17T11:18:40.1865502Z   Checking if build backend supports build_editable: started
02 unit	Install workspace	2026-09-17T11:18:40.2247134Z   Checking if build backend supports build_editable: finished with status 'done'
02 unit	Install workspace	2026-09-17T11:18:40.2250360Z   Getting requirements to build editable: started
02 unit	Install workspace	2026-09-17T11:18:40.3631981Z   Getting requirements to build editable: finished with status 'done'
02 unit	Install workspace	2026-09-17T11:18:40.3642468Z   Installing backend dependencies: started
02 unit	Install workspace	2026-09-17T11:18:40.7205084Z   Installing backend dependencies: finished with status 'done'
02 unit	Install workspace	2026-09-17T11:18:40.7212507Z   Preparing editable metadata (pyproject.toml): started
02 unit	Install workspace	2026-09-17T11:18:40.8723277Z   Preparing editable metadata (pyproject.toml): finished with status 'done'
02 unit	Install workspace	2026-09-17T11:18:40.8768890Z Obtaining file:///home/runner/work/Crew-Operations/Crew-Operations/packages/agents
02 unit	Install workspace	2026-09-17T11:18:40.8789228Z   Installing build dependencies: started
02 unit	Install workspace	2026-09-17T11:18:41.3535208Z   Installing build dependencies: finished with status 'done'
02 unit	Install workspace	2026-09-17T11:18:41.3540288Z   Checking if build backend supports build_editable: started
02 unit	Install workspace	2026-09-17T11:18:41.3896222Z   Checking if build backend supports build_editable: finished with status 'done'
02 unit	Install workspace	2026-09-17T11:18:41.3904601Z   Getting requirements to build editable: started
02 unit	Install workspace	2026-09-17T11:18:41.5261132Z   Getting requirements to build editable: finished with status 'done'
02 unit	Install workspace	2026-09-17T11:18:41.5273943Z   Installing backend dependencies: started
02 unit	Install workspace	2026-09-17T11:18:41.8871113Z   Installing backend dependencies: finished with status 'done'
02 unit	Install workspace	2026-09-17T11:18:41.8879145Z   Preparing editable metadata (pyproject.toml): started
02 unit	Install workspace	2026-09-17T11:18:42.0403343Z   Preparing editable metadata (pyproject.toml): finished with status 'done'
02 unit	Install workspace	2026-09-17T11:18:42.0428772Z Obtaining file:///home/runner/work/Crew-Operations/Crew-Operations/packages/gates
02 unit	Install workspace	2026-09-17T11:18:42.0440970Z   Installing build dependencies: started
02 unit	Install workspace	2026-09-17T11:18:42.5118193Z   Installing build dependencies: finished with status 'done'
02 unit	Install workspace	2026-09-17T11:18:42.5125242Z   Checking if build backend supports build_editable: started
02 unit	Install workspace	2026-09-17T11:18:42.5480886Z   Checking if build backend supports build_editable: finished with status 'done'
02 unit	Install workspace	2026-09-17T11:18:42.5485868Z   Getting requirements to build editable: started
02 unit	Install workspace	2026-09-17T11:18:42.6818288Z   Getting requirements to build editable: finished with status 'done'
02 unit	Install workspace	2026-09-17T11:18:42.6827950Z   Installing backend dependencies: started
02 unit	Install workspace	2026-09-17T11:18:43.0372353Z   Installing backend dependencies: finished with status 'done'
02 unit	Install workspace	2026-09-17T11:18:43.0378043Z   Preparing editable metadata (pyproject.toml): started
02 unit	Install workspace	2026-09-17T11:18:43.1884272Z   Preparing editable metadata (pyproject.toml): finished with status 'done'
02 unit	Install workspace	2026-09-17T11:18:43.1910715Z Obtaining file:///home/runner/work/Crew-Operations/Crew-Operations/packages/opsengine
02 unit	Install workspace	2026-09-17T11:18:43.1924197Z   Installing build dependencies: started
02 unit	Install workspace	2026-09-17T11:18:43.6611322Z   Installing build dependencies: finished with status 'done'
02 unit	Install workspace	2026-09-17T11:18:43.6616270Z   Checking if build backend supports build_editable: started
02 unit	Install workspace	2026-09-17T11:18:43.6964654Z   Checking if build backend supports build_editable: finished with status 'done'
02 unit	Install workspace	2026-09-17T11:18:43.6972323Z   Getting requirements to build editable: started
02 unit	Install workspace	2026-09-17T11:18:43.8313665Z   Getting requirements to build editable: finished with status 'done'
02 unit	Install workspace	2026-09-17T11:18:43.8326414Z   Installing backend dependencies: started
02 unit	Install workspace	2026-09-17T11:18:44.1859107Z   Installing backend dependencies: finished with status 'done'
02 unit	Install workspace	2026-09-17T11:18:44.1866631Z   Preparing editable metadata (pyproject.toml): started
02 unit	Install workspace	2026-09-17T11:18:44.3350255Z   Preparing editable metadata (pyproject.toml): finished with status 'done'
02 unit	Install workspace	2026-09-17T11:18:44.3377552Z Obtaining file:///home/runner/work/Crew-Operations/Crew-Operations/packages/playbook
02 unit	Install workspace	2026-09-17T11:18:44.3393378Z   Installing build dependencies: started
02 unit	Install workspace	2026-09-17T11:18:44.8042774Z   Installing build dependencies: finished with status 'done'
02 unit	Install workspace	2026-09-17T11:18:44.8047330Z   Checking if build backend supports build_editable: started
02 unit	Install workspace	2026-09-17T11:18:44.8410079Z   Checking if build backend supports build_editable: finished with status 'done'
02 unit	Install workspace	2026-09-17T11:18:44.8413580Z   Getting requirements to build editable: started
02 unit	Install workspace	2026-09-17T11:18:44.9741781Z   Getting requirements to build editable: finished with status 'done'
02 unit	Install workspace	2026-09-17T11:18:44.9753323Z   Installing backend dependencies: started
02 unit	Install workspace	2026-09-17T11:18:45.3304629Z   Installing backend dependencies: finished with status 'done'
02 unit	Install workspace	2026-09-17T11:18:45.3311359Z   Preparing editable metadata (pyproject.toml): started
02 unit	Install workspace	2026-09-17T11:18:45.4811746Z   Preparing editable metadata (pyproject.toml): finished with status 'done'
02 unit	Install workspace	2026-09-17T11:18:45.4838460Z Obtaining file:///home/runner/work/Crew-Operations/Crew-Operations/apps/api
02 unit	Install workspace	2026-09-17T11:18:45.4852552Z   Installing build dependencies: started
02 unit	Install workspace	2026-09-17T11:18:45.9869830Z   Installing build dependencies: finished with status 'done'
02 unit	Install workspace	2026-09-17T11:18:45.9875403Z   Checking if build backend supports build_editable: started
02 unit	Install workspace	2026-09-17T11:18:46.0231472Z   Checking if build backend supports build_editable: finished with status 'done'
02 unit	Install workspace	2026-09-17T11:18:46.0237204Z   Getting requirements to build editable: started
02 unit	Install workspace	2026-09-17T11:18:46.1606188Z   Getting requirements to build editable: finished with status 'done'
02 unit	Install workspace	2026-09-17T11:18:46.1616834Z   Installing backend dependencies: started
02 unit	Install workspace	2026-09-17T11:18:46.5167438Z   Installing backend dependencies: finished with status 'done'
02 unit	Install workspace	2026-09-17T11:18:46.5173225Z   Preparing editable metadata (pyproject.toml): started
02 unit	Install workspace	2026-09-17T11:18:46.6674887Z   Preparing editable metadata (pyproject.toml): finished with status 'done'
02 unit	Install workspace	2026-09-17T11:18:46.7934018Z Collecting pytest
02 unit	Install workspace	2026-09-17T11:18:46.7947374Z   Using cached pytest-9.1.1-py3-none-any.whl.metadata (7.6 kB)
02 unit	Install workspace	2026-09-17T11:18:46.8261219Z Collecting pytest-xdist
02 unit	Install workspace	2026-09-17T11:18:46.8273950Z   Using cached pytest_xdist-3.8.0-py3-none-any.whl.metadata (3.0 kB)
02 unit	Install workspace	2026-09-17T11:18:46.8587999Z Collecting httpx
02 unit	Install workspace	2026-09-17T11:18:46.8600641Z   Using cached httpx-0.28.1-py3-none-any.whl.metadata (7.1 kB)
02 unit	Install workspace	2026-09-17T11:18:46.9055735Z Collecting pyyaml
02 unit	Install workspace	2026-09-17T11:18:46.9069169Z   Using cached pyyaml-6.0.3-cp312-cp312-manylinux2014_x86_64.manylinux_2_17_x86_64.manylinux_2_28_x86_64.whl.metadata (2.4 kB)
02 unit	Install workspace	2026-09-17T11:18:46.9458718Z Collecting ortools
02 unit	Install workspace	2026-09-17T11:18:46.9471040Z   Using cached ortools-9.15.6755-cp312-cp312-manylinux_2_27_x86_64.manylinux_2_28_x86_64.whl.metadata (3.3 kB)
02 unit	Install workspace	2026-09-17T11:18:47.2452445Z Collecting hypothesis
02 unit	Install workspace	2026-09-17T11:18:47.2467011Z   Using cached hypothesis-6.168.0-cp312-cp312-manylinux_2_17_x86_64.manylinux2014_x86_64.whl.metadata (5.7 kB)
02 unit	Install workspace	2026-09-17T11:18:47.3496853Z Collecting pydantic>=2.9.0 (from ca-contracts==0.1.0)
02 unit	Install workspace	2026-09-17T11:18:47.3510257Z   Using cached pydantic-2.13.5-py3-none-any.whl.metadata (110 kB)
02 unit	Install workspace	2026-09-17T11:18:47.5305394Z Collecting numpy>=2.0 (from ca-agents==0.1.0)
02 unit	Install workspace	2026-09-17T11:18:47.5318939Z   Using cached numpy-2.5.3-cp312-cp312-manylinux_2_27_x86_64.manylinux_2_28_x86_64.whl.metadata (6.6 kB)
02 unit	Install workspace	2026-09-17T11:18:47.6527209Z Collecting websockets>=15.0 (from ca-agents==0.1.0)
02 unit	Install workspace	2026-09-17T11:18:47.6541012Z   Using cached websockets-17.1-cp312-cp312-manylinux1_x86_64.manylinux_2_28_x86_64.manylinux_2_5_x86_64.whl.metadata (6.3 kB)
02 unit	Install workspace	2026-09-17T11:18:47.6900809Z Collecting alembic>=1.13.0 (from ca-api==0.1.0)
02 unit	Install workspace	2026-09-17T11:18:47.6919874Z   Using cached alembic-1.20.0-py3-none-any.whl.metadata (7.3 kB)
02 unit	Install workspace	2026-09-17T11:18:47.7778909Z Collecting fastapi>=0.115.0 (from ca-api==0.1.0)
02 unit	Install workspace	2026-09-17T11:18:47.7793208Z   Using cached fastapi-0.141.1-py3-none-any.whl.metadata (27 kB)
02 unit	Install workspace	2026-09-17T11:18:47.8115013Z Collecting openpyxl>=3.1.5 (from ca-api==0.1.0)
02 unit	Install workspace	2026-09-17T11:18:47.8127900Z   Using cached openpyxl-3.1.5-py2.py3-none-any.whl.metadata (2.5 kB)
02 unit	Install workspace	2026-09-17T11:18:47.8413453Z Collecting psycopg>=3.2.0 (from psycopg[binary]>=3.2.0->ca-api==0.1.0)
02 unit	Install workspace	2026-09-17T11:18:47.8424443Z   Using cached psycopg-3.3.5-py3-none-any.whl.metadata (4.3 kB)
02 unit	Install workspace	2026-09-17T11:18:47.8718525Z Collecting python-multipart>=0.0.9 (from ca-api==0.1.0)
02 unit	Install workspace	2026-09-17T11:18:47.8730785Z   Using cached python_multipart-0.0.32-py3-none-any.whl.metadata (2.1 kB)
02 unit	Install workspace	2026-09-17T11:18:47.9085998Z Collecting redis>=5.0.0 (from ca-api==0.1.0)
02 unit	Install workspace	2026-09-17T11:18:47.9097599Z   Using cached redis-8.1.0-py3-none-any.whl.metadata (16 kB)
02 unit	Install workspace	2026-09-17T11:18:48.0116894Z Collecting reportlab>=4.2.5 (from ca-api==0.1.0)
02 unit	Install workspace	2026-09-17T11:18:48.0129943Z   Using cached reportlab-5.0.1-py3-none-any.whl.metadata (1.6 kB)
02 unit	Install workspace	2026-09-17T11:18:48.2504842Z Collecting sqlalchemy>=2.0.0 (from ca-api==0.1.0)
02 unit	Install workspace	2026-09-17T11:18:48.2518335Z   Using cached sqlalchemy-2.0.54-cp312-cp312-manylinux2014_x86_64.manylinux_2_17_x86_64.manylinux_2_28_x86_64.whl.metadata (9.7 kB)
02 unit	Install workspace	2026-09-17T11:18:48.2899409Z Collecting uvicorn>=0.32.0 (from uvicorn[standard]>=0.32.0->ca-api==0.1.0)
02 unit	Install workspace	2026-09-17T11:18:48.2911701Z   Using cached uvicorn-0.53.0-py3-none-any.whl.metadata (6.6 kB)
02 unit	Install workspace	2026-09-17T11:18:48.3172295Z Collecting iniconfig>=1.0.1 (from pytest)
02 unit	Install workspace	2026-09-17T11:18:48.3183805Z   Using cached iniconfig-2.3.0-py3-none-any.whl.metadata (2.5 kB)
02 unit	Install workspace	2026-09-17T11:18:48.3256634Z Collecting packaging>=22 (from pytest)
02 unit	Install workspace	2026-09-17T11:18:48.3268949Z   Using cached packaging-26.3-py3-none-any.whl.metadata (3.5 kB)
02 unit	Install workspace	2026-09-17T11:18:48.3318133Z Collecting pluggy<2,>=1.5 (from pytest)
02 unit	Install workspace	2026-09-17T11:18:48.3329584Z   Using cached pluggy-1.6.0-py3-none-any.whl.metadata (4.8 kB)
02 unit	Install workspace	2026-09-17T11:18:48.3634335Z Collecting pygments>=2.7.2 (from pytest)
02 unit	Install workspace	2026-09-17T11:18:48.3646017Z   Using cached pygments-2.21.0-py3-none-any.whl.metadata (2.5 kB)
02 unit	Install workspace	2026-09-17T11:18:48.3909287Z Collecting execnet>=2.1 (from pytest-xdist)
02 unit	Install workspace	2026-09-17T11:18:48.3920515Z   Using cached execnet-2.1.2-py3-none-any.whl.metadata (2.9 kB)
02 unit	Install workspace	2026-09-17T11:18:48.4256986Z Collecting anyio (from httpx)
02 unit	Install workspace	2026-09-17T11:18:48.4269090Z   Using cached anyio-4.15.1-py3-none-any.whl.metadata (4.7 kB)
02 unit	Install workspace	2026-09-17T11:18:48.4574677Z Collecting certifi (from httpx)
02 unit	Install workspace	2026-09-17T11:18:48.4586356Z   Using cached certifi-2026.7.22-py3-none-any.whl.metadata (2.5 kB)
02 unit	Install workspace	2026-09-17T11:18:48.4870078Z Collecting httpcore==1.* (from httpx)
02 unit	Install workspace	2026-09-17T11:18:48.4882624Z   Using cached httpcore-1.0.9-py3-none-any.whl.metadata (21 kB)
02 unit	Install workspace	2026-09-17T11:18:48.5171226Z Collecting idna (from httpx)
02 unit	Install workspace	2026-09-17T11:18:48.5183034Z   Using cached idna-3.19-py3-none-any.whl.metadata (9.2 kB)
02 unit	Install workspace	2026-09-17T11:18:48.5442188Z Collecting h11>=0.16 (from httpcore==1.*->httpx)
02 unit	Install workspace	2026-09-17T11:18:48.5453859Z   Using cached h11-0.16.0-py3-none-any.whl.metadata (8.3 kB)
02 unit	Install workspace	2026-09-17T11:18:48.5744344Z Collecting absl-py>=2.0.0 (from ortools)
02 unit	Install workspace	2026-09-17T11:18:48.5756281Z   Using cached absl_py-2.5.0-py3-none-any.whl.metadata (3.3 kB)
02 unit	Install workspace	2026-09-17T11:18:48.7125584Z Collecting pandas>=2.0.0 (from ortools)
02 unit	Install workspace	2026-09-17T11:18:48.7138307Z   Using cached pandas-3.0.5-cp312-cp312-manylinux_2_24_x86_64.manylinux_2_28_x86_64.whl.metadata (79 kB)
02 unit	Install workspace	2026-09-17T11:18:48.8682525Z Collecting protobuf<6.34,>=6.33.1 (from ortools)
02 unit	Install workspace	2026-09-17T11:18:48.8695398Z   Using cached protobuf-6.33.6-cp39-abi3-manylinux2014_x86_64.whl.metadata (593 bytes)
02 unit	Install workspace	2026-09-17T11:18:48.8984837Z Collecting typing-extensions>=4.12 (from ortools)
02 unit	Install workspace	2026-09-17T11:18:48.8998441Z   Using cached typing_extensions-4.16.0-py3-none-any.whl.metadata (3.3 kB)
02 unit	Install workspace	2026-09-17T11:18:48.9254011Z Collecting immutabledict>=3.0.0 (from ortools)
02 unit	Install workspace	2026-09-17T11:18:48.9265904Z   Using cached immutabledict-4.3.1-py3-none-any.whl.metadata (3.5 kB)
02 unit	Install workspace	2026-09-17T11:18:48.9538561Z Collecting sortedcontainers<3.0.0,>=2.1.0 (from hypothesis)
02 unit	Install workspace	2026-09-17T11:18:48.9550685Z   Using cached sortedcontainers-2.4.0-py2.py3-none-any.whl.metadata (10 kB)
02 unit	Install workspace	2026-09-17T11:18:48.9866486Z Collecting Mako (from alembic>=1.13.0->ca-api==0.1.0)
02 unit	Install workspace	2026-09-17T11:18:48.9878722Z   Using cached mako-1.4.1-py3-none-any.whl.metadata (2.9 kB)
02 unit	Install workspace	2026-09-17T11:18:49.0249048Z Collecting starlette>=0.46.0 (from fastapi>=0.115.0->ca-api==0.1.0)
02 unit	Install workspace	2026-09-17T11:18:49.0261601Z   Using cached starlette-1.6.0-py3-none-any.whl.metadata (6.4 kB)
02 unit	Install workspace	2026-09-17T11:18:49.0529142Z Collecting typing-inspection>=0.4.2 (from fastapi>=0.115.0->ca-api==0.1.0)
02 unit	Install workspace	2026-09-17T11:18:49.0541256Z   Using cached typing_inspection-0.4.4-py3-none-any.whl.metadata (2.6 kB)
02 unit	Install workspace	2026-09-17T11:18:49.0778743Z Collecting annotated-doc>=0.0.2 (from fastapi>=0.115.0->ca-api==0.1.0)
02 unit	Install workspace	2026-09-17T11:18:49.0790341Z   Using cached annotated_doc-0.0.5-py3-none-any.whl.metadata (6.5 kB)
02 unit	Install workspace	2026-09-17T11:18:49.1058372Z Collecting et-xmlfile (from openpyxl>=3.1.5->ca-api==0.1.0)
02 unit	Install workspace	2026-09-17T11:18:49.1070338Z   Using cached et_xmlfile-2.0.0-py3-none-any.whl.metadata (2.7 kB)
02 unit	Install workspace	2026-09-17T11:18:49.1364363Z Collecting python-dateutil>=2.8.2 (from pandas>=2.0.0->ortools)
02 unit	Install workspace	2026-09-17T11:18:49.1376062Z   Using cached python_dateutil-2.9.0.post0-py2.py3-none-any.whl.metadata (8.4 kB)
02 unit	Install workspace	2026-09-17T11:18:49.2840947Z Collecting psycopg-binary==3.3.5 (from psycopg[binary]>=3.2.0->ca-api==0.1.0)
02 unit	Install workspace	2026-09-17T11:18:49.2853813Z   Using cached psycopg_binary-3.3.5-cp312-cp312-manylinux2014_x86_64.manylinux_2_17_x86_64.whl.metadata (2.7 kB)
02 unit	Install workspace	2026-09-17T11:18:49.3105800Z Collecting annotated-types>=0.6.0 (from pydantic>=2.9.0->ca-contracts==0.1.0)
02 unit	Install workspace	2026-09-17T11:18:49.3116803Z   Using cached annotated_types-0.8.0-py3-none-any.whl.metadata (15 kB)
02 unit	Install workspace	2026-09-17T11:18:49.8949225Z Collecting pydantic-core==2.46.5 (from pydantic>=2.9.0->ca-contracts==0.1.0)
02 unit	Install workspace	2026-09-17T11:18:49.8963275Z   Using cached pydantic_core-2.46.5-cp312-cp312-manylinux_2_17_x86_64.manylinux2014_x86_64.whl.metadata (6.6 kB)
02 unit	Install workspace	2026-09-17T11:18:49.9257360Z Collecting six>=1.5 (from python-dateutil>=2.8.2->pandas>=2.0.0->ortools)
02 unit	Install workspace	2026-09-17T11:18:49.9270396Z   Using cached six-1.17.0-py2.py3-none-any.whl.metadata (1.7 kB)
02 unit	Install workspace	2026-09-17T11:18:50.0773637Z Collecting pillow>=9.0.0 (from reportlab>=4.2.5->ca-api==0.1.0)
02 unit	Install workspace	2026-09-17T11:18:50.0788152Z   Using cached pillow-12.3.0-cp312-cp312-manylinux_2_27_x86_64.manylinux_2_28_x86_64.whl.metadata (9.1 kB)
02 unit	Install workspace	2026-09-17T11:18:50.2366794Z Collecting charset-normalizer (from reportlab>=4.2.5->ca-api==0.1.0)
02 unit	Install workspace	2026-09-17T11:18:50.2380087Z   Using cached charset_normalizer-3.5.1-cp312-cp312-manylinux2014_x86_64.manylinux_2_17_x86_64.manylinux_2_28_x86_64.whl.metadata (45 kB)
02 unit	Install workspace	2026-09-17T11:18:50.4042802Z Collecting greenlet>=1 (from sqlalchemy>=2.0.0->ca-api==0.1.0)
02 unit	Install workspace	2026-09-17T11:18:50.4055540Z   Using cached greenlet-3.5.6-cp312-cp312-manylinux_2_24_x86_64.manylinux_2_28_x86_64.whl.metadata (3.8 kB)
02 unit	Install workspace	2026-09-17T11:18:50.4445971Z Collecting click>=7.0 (from uvicorn>=0.32.0->uvicorn[standard]>=0.32.0->ca-api==0.1.0)
02 unit	Install workspace	2026-09-17T11:18:50.4458125Z   Using cached click-8.5.0-py3-none-any.whl.metadata (2.6 kB)
02 unit	Install workspace	2026-09-17T11:18:50.4882705Z Collecting httptools>=0.8.0 (from uvicorn[standard]>=0.32.0->ca-api==0.1.0)
02 unit	Install workspace	2026-09-17T11:18:50.4895530Z   Using cached httptools-0.8.0-cp312-cp312-manylinux1_x86_64.manylinux_2_28_x86_64.manylinux_2_5_x86_64.whl.metadata (3.5 kB)
02 unit	Install workspace	2026-09-17T11:18:50.5182924Z Collecting python-dotenv>=0.13 (from uvicorn[standard]>=0.32.0->ca-api==0.1.0)
02 unit	Install workspace	2026-09-17T11:18:50.5195126Z   Using cached python_dotenv-1.2.3-py3-none-any.whl.metadata (29 kB)
02 unit	Install workspace	2026-09-17T11:18:50.5675587Z Collecting uvloop>=0.15.1 (from uvicorn[standard]>=0.32.0->ca-api==0.1.0)
02 unit	Install workspace	2026-09-17T11:18:50.5688132Z   Using cached uvloop-0.22.1-cp312-cp312-manylinux2014_x86_64.manylinux_2_17_x86_64.manylinux_2_28_x86_64.whl.metadata (4.9 kB)
02 unit	Install workspace	2026-09-17T11:18:50.6444411Z Collecting watchfiles>=0.20 (from uvicorn[standard]>=0.32.0->ca-api==0.1.0)
02 unit	Install workspace	2026-09-17T11:18:50.6456933Z   Using cached watchfiles-1.2.0-cp312-cp312-manylinux_2_17_x86_64.manylinux2014_x86_64.whl.metadata (4.9 kB)
02 unit	Install workspace	2026-09-17T11:18:50.7100380Z Collecting MarkupSafe>=2.0 (from Mako->alembic>=1.13.0->ca-api==0.1.0)
02 unit	Install workspace	2026-09-17T11:18:50.7113541Z   Using cached markupsafe-3.0.3-cp312-cp312-manylinux2014_x86_64.manylinux_2_17_x86_64.manylinux_2_28_x86_64.whl.metadata (2.7 kB)
02 unit	Install workspace	2026-09-17T11:18:50.7153180Z Using cached pytest-9.1.1-py3-none-any.whl (386 kB)
02 unit	Install workspace	2026-09-17T11:18:50.7165776Z Using cached pluggy-1.6.0-py3-none-any.whl (20 kB)
02 unit	Install workspace	2026-09-17T11:18:50.7176194Z Using cached pytest_xdist-3.8.0-py3-none-any.whl (46 kB)
02 unit	Install workspace	2026-09-17T11:18:50.7186549Z Using cached httpx-0.28.1-py3-none-any.whl (73 kB)
02 unit	Install workspace	2026-09-17T11:18:50.7197005Z Using cached httpcore-1.0.9-py3-none-any.whl (78 kB)
02 unit	Install workspace	2026-09-17T11:18:50.7208099Z Using cached pyyaml-6.0.3-cp312-cp312-manylinux2014_x86_64.manylinux_2_17_x86_64.manylinux_2_28_x86_64.whl (807 kB)
02 unit	Install workspace	2026-09-17T11:18:50.7221705Z Using cached ortools-9.15.6755-cp312-cp312-manylinux_2_27_x86_64.manylinux_2_28_x86_64.whl (29.8 MB)
02 unit	Install workspace	2026-09-17T11:18:50.7346984Z Using cached protobuf-6.33.6-cp39-abi3-manylinux2014_x86_64.whl (323 kB)
02 unit	Install workspace	2026-09-17T11:18:50.7359342Z Using cached hypothesis-6.168.0-cp312-cp312-manylinux_2_17_x86_64.manylinux2014_x86_64.whl (1.2 MB)
02 unit	Install workspace	2026-09-17T11:18:50.7374500Z Using cached sortedcontainers-2.4.0-py2.py3-none-any.whl (29 kB)
02 unit	Install workspace	2026-09-17T11:18:50.7384665Z Using cached absl_py-2.5.0-py3-none-any.whl (137 kB)
02 unit	Install workspace	2026-09-17T11:18:50.7395603Z Using cached alembic-1.20.0-py3-none-any.whl (268 kB)
02 unit	Install workspace	2026-09-17T11:18:50.7406656Z Using cached execnet-2.1.2-py3-none-any.whl (40 kB)
02 unit	Install workspace	2026-09-17T11:18:50.7417103Z Using cached fastapi-0.141.1-py3-none-any.whl (131 kB)
02 unit	Install workspace	2026-09-17T11:18:50.7427672Z Using cached annotated_doc-0.0.5-py3-none-any.whl (5.3 kB)
02 unit	Install workspace	2026-09-17T11:18:50.7437674Z Using cached h11-0.16.0-py3-none-any.whl (37 kB)
02 unit	Install workspace	2026-09-17T11:18:50.7447958Z Using cached immutabledict-4.3.1-py3-none-any.whl (5.0 kB)
02 unit	Install workspace	2026-09-17T11:18:50.7457999Z Using cached iniconfig-2.3.0-py3-none-any.whl (7.5 kB)
02 unit	Install workspace	2026-09-17T11:18:50.7468436Z Using cached numpy-2.5.3-cp312-cp312-manylinux_2_27_x86_64.manylinux_2_28_x86_64.whl (16.7 MB)
02 unit	Install workspace	2026-09-17T11:18:50.7543176Z Using cached openpyxl-3.1.5-py2.py3-none-any.whl (250 kB)
02 unit	Install workspace	2026-09-17T11:18:50.7555609Z Using cached packaging-26.3-py3-none-any.whl (129 kB)
02 unit	Install workspace	2026-09-17T11:18:50.7566679Z Using cached pandas-3.0.5-cp312-cp312-manylinux_2_24_x86_64.manylinux_2_28_x86_64.whl (11.0 MB)
02 unit	Install workspace	2026-09-17T11:18:50.7621232Z Using cached psycopg-3.3.5-py3-none-any.whl (213 kB)
02 unit	Install workspace	2026-09-17T11:18:50.7632205Z Using cached psycopg_binary-3.3.5-cp312-cp312-manylinux2014_x86_64.manylinux_2_17_x86_64.whl (5.2 MB)
02 unit	Install workspace	2026-09-17T11:18:50.7661937Z Using cached pydantic-2.13.5-py3-none-any.whl (472 kB)
02 unit	Install workspace	2026-09-17T11:18:50.7673973Z Using cached pydantic_core-2.46.5-cp312-cp312-manylinux_2_17_x86_64.manylinux2014_x86_64.whl (2.1 MB)
02 unit	Install workspace	2026-09-17T11:18:50.7692203Z Using cached annotated_types-0.8.0-py3-none-any.whl (13 kB)
02 unit	Install workspace	2026-09-17T11:18:50.7702067Z Using cached pygments-2.21.0-py3-none-any.whl (1.3 MB)
02 unit	Install workspace	2026-09-17T11:18:50.7716884Z Using cached python_dateutil-2.9.0.post0-py2.py3-none-any.whl (229 kB)
02 unit	Install workspace	2026-09-17T11:18:50.7727996Z Using cached python_multipart-0.0.32-py3-none-any.whl (30 kB)
02 unit	Install workspace	2026-09-17T11:18:50.7738216Z Using cached redis-8.1.0-py3-none-any.whl (560 kB)
02 unit	Install workspace	2026-09-17T11:18:50.7750631Z Using cached reportlab-5.0.1-py3-none-any.whl (2.0 MB)
02 unit	Install workspace	2026-09-17T11:18:50.7768852Z Using cached pillow-12.3.0-cp312-cp312-manylinux_2_27_x86_64.manylinux_2_28_x86_64.whl (6.9 MB)
02 unit	Install workspace	2026-09-17T11:18:50.7807223Z Using cached six-1.17.0-py2.py3-none-any.whl (11 kB)
02 unit	Install workspace	2026-09-17T11:18:50.7817639Z Using cached sqlalchemy-2.0.54-cp312-cp312-manylinux2014_x86_64.manylinux_2_17_x86_64.manylinux_2_28_x86_64.whl (3.5 MB)
02 unit	Install workspace	2026-09-17T11:18:50.7841538Z Using cached greenlet-3.5.6-cp312-cp312-manylinux_2_24_x86_64.manylinux_2_28_x86_64.whl (621 kB)
02 unit	Install workspace	2026-09-17T11:18:50.7854199Z Using cached starlette-1.6.0-py3-none-any.whl (75 kB)
02 unit	Install workspace	2026-09-17T11:18:50.7864623Z Using cached anyio-4.15.1-py3-none-any.whl (132 kB)
02 unit	Install workspace	2026-09-17T11:18:50.7875464Z Using cached idna-3.19-py3-none-any.whl (68 kB)
02 unit	Install workspace	2026-09-17T11:18:50.7885957Z Using cached typing_extensions-4.16.0-py3-none-any.whl (45 kB)
02 unit	Install workspace	2026-09-17T11:18:50.7896891Z Using cached typing_inspection-0.4.4-py3-none-any.whl (14 kB)
02 unit	Install workspace	2026-09-17T11:18:50.7907596Z Using cached uvicorn-0.53.0-py3-none-any.whl (87 kB)
02 unit	Install workspace	2026-09-17T11:18:50.7919215Z Using cached click-8.5.0-py3-none-any.whl (125 kB)
02 unit	Install workspace	2026-09-17T11:18:50.7931428Z Using cached httptools-0.8.0-cp312-cp312-manylinux1_x86_64.manylinux_2_28_x86_64.manylinux_2_5_x86_64.whl (523 kB)
02 unit	Install workspace	2026-09-17T11:18:50.7945060Z Using cached python_dotenv-1.2.3-py3-none-any.whl (22 kB)
02 unit	Install workspace	2026-09-17T11:18:50.7957308Z Using cached uvloop-0.22.1-cp312-cp312-manylinux2014_x86_64.manylinux_2_17_x86_64.manylinux_2_28_x86_64.whl (4.4 MB)
02 unit	Install workspace	2026-09-17T11:18:50.7987117Z Using cached watchfiles-1.2.0-cp312-cp312-manylinux_2_17_x86_64.manylinux2014_x86_64.whl (456 kB)
02 unit	Install workspace	2026-09-17T11:18:50.8000885Z Using cached websockets-17.1-cp312-cp312-manylinux1_x86_64.manylinux_2_28_x86_64.manylinux_2_5_x86_64.whl (224 kB)
02 unit	Install workspace	2026-09-17T11:18:50.8012468Z Using cached certifi-2026.7.22-py3-none-any.whl (136 kB)
02 unit	Install workspace	2026-09-17T11:18:50.8024593Z Using cached charset_normalizer-3.5.1-cp312-cp312-manylinux2014_x86_64.manylinux_2_17_x86_64.manylinux_2_28_x86_64.whl (248 kB)
02 unit	Install workspace	2026-09-17T11:18:50.8036337Z Using cached et_xmlfile-2.0.0-py3-none-any.whl (18 kB)
02 unit	Install workspace	2026-09-17T11:18:50.8047060Z Using cached mako-1.4.1-py3-none-any.whl (80 kB)
02 unit	Install workspace	2026-09-17T11:18:50.8058879Z Using cached markupsafe-3.0.3-cp312-cp312-manylinux2014_x86_64.manylinux_2_17_x86_64.manylinux_2_28_x86_64.whl (22 kB)
02 unit	Install workspace	2026-09-17T11:18:51.0304651Z Building wheels for collected packages: ca-contracts, ca-solver, ca-agents, ca-gates, ca-ops, ca-playbook, ca-api
02 unit	Install workspace	2026-09-17T11:18:51.0311761Z   Building editable for ca-contracts (pyproject.toml): started
02 unit	Install workspace	2026-09-17T11:18:51.0666827Z   Building editable for ca-contracts (pyproject.toml): finished with status 'done'
02 unit	Install workspace	2026-09-17T11:18:51.0671430Z   Created wheel for ca-contracts: filename=ca_contracts-0.1.0-py3-none-any.whl size=1048 sha256=e6985992e702156008d0c255ae928f11468c702f4bc10010ab62b937bbae49f2
02 unit	Install workspace	2026-09-17T11:18:51.0673693Z   Stored in directory: /tmp/pip-ephem-wheel-cache-o5ha0apv/wheels/ae/31/3e/c90099f82aa608ba604815fec62068d75bab82b240dc2a2cd6
02 unit	Install workspace	2026-09-17T11:18:51.0691495Z   Building editable for ca-solver (pyproject.toml): started
02 unit	Install workspace	2026-09-17T11:18:51.1023109Z   Building editable for ca-solver (pyproject.toml): finished with status 'done'
02 unit	Install workspace	2026-09-17T11:18:51.1029052Z   Created wheel for ca-solver: filename=ca_solver-0.1.0-py3-none-any.whl size=1028 sha256=6a80af0f7c3310b1929b55bf406766a2eacba1d8e8de408f8d53ff65cc071d68
02 unit	Install workspace	2026-09-17T11:18:51.1030709Z   Stored in directory: /tmp/pip-ephem-wheel-cache-o5ha0apv/wheels/24/dd/b7/73d4129de13b6b8f553654f8b235a6569fe6440efd35ae8f6f
02 unit	Install workspace	2026-09-17T11:18:51.1048638Z   Building editable for ca-agents (pyproject.toml): started
02 unit	Install workspace	2026-09-17T11:18:51.1384486Z   Building editable for ca-agents (pyproject.toml): finished with status 'done'
02 unit	Install workspace	2026-09-17T11:18:51.1390649Z   Created wheel for ca-agents: filename=ca_agents-0.1.0-py3-none-any.whl size=1079 sha256=97cbb170c64ab31351a09aa939ccc03921d023c3734d4b21044db463523bf5eb
02 unit	Install workspace	2026-09-17T11:18:51.1392300Z   Stored in directory: /tmp/pip-ephem-wheel-cache-o5ha0apv/wheels/7d/74/45/097989308b6b90c0a1b2ac54580ddccf77df0c68c4c591fb75
02 unit	Install workspace	2026-09-17T11:18:51.1409533Z   Building editable for ca-gates (pyproject.toml): started
02 unit	Install workspace	2026-09-17T11:18:51.1754357Z   Building editable for ca-gates (pyproject.toml): finished with status 'done'
02 unit	Install workspace	2026-09-17T11:18:51.1760275Z   Created wheel for ca-gates: filename=ca_gates-0.1.0-py3-none-any.whl size=983 sha256=a88aaee0837d39e8b5ff400afca45e78fe64f2fd8a425acb81d3605a556a7ae7
02 unit	Install workspace	2026-09-17T11:18:51.1761912Z   Stored in directory: /tmp/pip-ephem-wheel-cache-o5ha0apv/wheels/3c/98/6e/da1ae25287c2a97e4673f588b6d11befba1ecc0a9e78790f59
02 unit	Install workspace	2026-09-17T11:18:51.1779589Z   Building editable for ca-ops (pyproject.toml): started
02 unit	Install workspace	2026-09-17T11:18:51.2115475Z   Building editable for ca-ops (pyproject.toml): finished with status 'done'
02 unit	Install workspace	2026-09-17T11:18:51.2121031Z   Created wheel for ca-ops: filename=ca_ops-0.1.0-py3-none-any.whl size=988 sha256=87b2d0bd80c60e37650299ac3378290b45ef9205d91da7f6e97d378fa9fdfab9
02 unit	Install workspace	2026-09-17T11:18:51.2122641Z   Stored in directory: /tmp/pip-ephem-wheel-cache-o5ha0apv/wheels/bc/bf/a6/9a8940687cb526a2e770189f6bb62d9662084e9802ca609132
02 unit	Install workspace	2026-09-17T11:18:51.2139745Z   Building editable for ca-playbook (pyproject.toml): started
02 unit	Install workspace	2026-09-17T11:18:51.2473467Z   Building editable for ca-playbook (pyproject.toml): finished with status 'done'
02 unit	Install workspace	2026-09-17T11:18:51.2478021Z   Created wheel for ca-playbook: filename=ca_playbook-0.1.0-py3-none-any.whl size=1015 sha256=5ddb64b35755e16a64c285f4a891989adc0768c0ceee6bdc2ce2e191d3befb1d
02 unit	Install workspace	2026-09-17T11:18:51.2479433Z   Stored in directory: /tmp/pip-ephem-wheel-cache-o5ha0apv/wheels/a6/47/36/dd0db4bb9605425b2141d20b3b5f5d9e0628c0f9ee002736f4
02 unit	Install workspace	2026-09-17T11:18:51.2495838Z   Building editable for ca-api (pyproject.toml): started
02 unit	Install workspace	2026-09-17T11:18:51.2836614Z   Building editable for ca-api (pyproject.toml): finished with status 'done'
02 unit	Install workspace	2026-09-17T11:18:51.2839141Z   Created wheel for ca-api: filename=ca_api-0.1.0-py3-none-any.whl size=1126 sha256=5fa845276ae14b3783b82d08c812bb5f32d1bd38295cca12dcc11656926deb3d
02 unit	Install workspace	2026-09-17T11:18:51.2840900Z   Stored in directory: /tmp/pip-ephem-wheel-cache-o5ha0apv/wheels/14/dc/31/15fa128282adf8c964a77e8499ec61783d8c71fa4efe063d1a
02 unit	Install workspace	2026-09-17T11:18:51.2854507Z Successfully built ca-contracts ca-solver ca-agents ca-gates ca-ops ca-playbook ca-api
02 unit	Install workspace	2026-09-17T11:18:51.3954664Z Installing collected packages: sortedcontainers, websockets, uvloop, typing-extensions, six, redis, pyyaml, python-multipart, python-dotenv, pygments, psycopg-binary, protobuf, pluggy, pillow, packaging, numpy, MarkupSafe, iniconfig, immutabledict, idna, hypothesis, httptools, h11, greenlet, execnet, et-xmlfile, click, charset-normalizer, certifi, ca-playbook, ca-gates, annotated-types, annotated-doc, absl-py, uvicorn, typing-inspection, sqlalchemy, reportlab, python-dateutil, pytest, pydantic-core, psycopg, openpyxl, Mako, httpcore, ca-ops, ca-agents, anyio, watchfiles, starlette, pytest-xdist, pydantic, pandas, httpx, alembic, ortools, fastapi, ca-contracts, ca-solver, ca-api
02 unit	Install workspace	2026-09-17T11:19:04.8068722Z 
02 unit	Install workspace	2026-09-17T11:19:04.8115366Z Successfully installed Mako-1.4.1 MarkupSafe-3.0.3 absl-py-2.5.0 alembic-1.20.0 annotated-doc-0.0.5 annotated-types-0.8.0 anyio-4.15.1 ca-agents-0.1.0 ca-api-0.1.0 ca-contracts-0.1.0 ca-gates-0.1.0 ca-ops-0.1.0 ca-playbook-0.1.0 ca-solver-0.1.0 certifi-2026.7.22 charset-normalizer-3.5.1 click-8.5.0 et-xmlfile-2.0.0 execnet-2.1.2 fastapi-0.141.1 greenlet-3.5.6 h11-0.16.0 httpcore-1.0.9 httptools-0.8.0 httpx-0.28.1 hypothesis-6.168.0 idna-3.19 immutabledict-4.3.1 iniconfig-2.3.0 numpy-2.5.3 openpyxl-3.1.5 ortools-9.15.6755 packaging-26.3 pandas-3.0.5 pillow-12.3.0 pluggy-1.6.0 protobuf-6.33.6 psycopg-3.3.5 psycopg-binary-3.3.5 pydantic-2.13.5 pydantic-core-2.46.5 pygments-2.21.0 pytest-9.1.1 pytest-xdist-3.8.0 python-dateutil-2.9.0.post0 python-dotenv-1.2.3 python-multipart-0.0.32 pyyaml-6.0.3 redis-8.1.0 reportlab-5.0.1 six-1.17.0 sortedcontainers-2.4.0 sqlalchemy-2.0.54 starlette-1.6.0 typing-extensions-4.16.0 typing-inspection-0.4.4 uvicorn-0.53.0 uvloop-0.22.1 watchfiles-1.2.0 websockets-17.1
02 unit	Run CA_AGENT_MODE=replay pytest -q -n auto	∩╗┐2026-09-17T11:19:05.0626647Z ##[group]Run CA_AGENT_MODE=replay pytest -q -n auto
02 unit	Run CA_AGENT_MODE=replay pytest -q -n auto	2026-09-17T11:19:05.0627076Z [36;1mCA_AGENT_MODE=replay pytest -q -n auto[0m
02 unit	Run CA_AGENT_MODE=replay pytest -q -n auto	2026-09-17T11:19:05.0651392Z shell: /usr/bin/bash -e {0}
02 unit	Run CA_AGENT_MODE=replay pytest -q -n auto	2026-09-17T11:19:05.0651667Z env:
02 unit	Run CA_AGENT_MODE=replay pytest -q -n auto	2026-09-17T11:19:05.0651865Z   CA_AGENT_MODE: replay
02 unit	Run CA_AGENT_MODE=replay pytest -q -n auto	2026-09-17T11:19:05.0652163Z   pythonLocation: /opt/hostedtoolcache/Python/3.12.14/x64
02 unit	Run CA_AGENT_MODE=replay pytest -q -n auto	2026-09-17T11:19:05.0652579Z   PKG_CONFIG_PATH: /opt/hostedtoolcache/Python/3.12.14/x64/lib/pkgconfig
02 unit	Run CA_AGENT_MODE=replay pytest -q -n auto	2026-09-17T11:19:05.0652991Z   Python_ROOT_DIR: /opt/hostedtoolcache/Python/3.12.14/x64
02 unit	Run CA_AGENT_MODE=replay pytest -q -n auto	2026-09-17T11:19:05.0653363Z   Python2_ROOT_DIR: /opt/hostedtoolcache/Python/3.12.14/x64
02 unit	Run CA_AGENT_MODE=replay pytest -q -n auto	2026-09-17T11:19:05.0653827Z   Python3_ROOT_DIR: /opt/hostedtoolcache/Python/3.12.14/x64
02 unit	Run CA_AGENT_MODE=replay pytest -q -n auto	2026-09-17T11:19:05.0654225Z   LD_LIBRARY_PATH: /opt/hostedtoolcache/Python/3.12.14/x64/lib
02 unit	Run CA_AGENT_MODE=replay pytest -q -n auto	2026-09-17T11:19:05.0654576Z ##[endgroup]
02 unit	Run CA_AGENT_MODE=replay pytest -q -n auto	2026-09-17T11:19:17.4896806Z bringing up nodes...
02 unit	Run CA_AGENT_MODE=replay pytest -q -n auto	2026-09-17T11:19:17.4925188Z bringing up nodes...
02 unit	Run CA_AGENT_MODE=replay pytest -q -n auto	2026-09-17T11:19:17.4935690Z 
02 unit	Run CA_AGENT_MODE=replay pytest -q -n auto	2026-09-17T11:19:20.7188827Z ........................................................................ [  4%]
02 unit	Run CA_AGENT_MODE=replay pytest -q -n auto	2026-09-17T11:19:31.0488859Z ........................................................................ [  8%]
02 unit	Run CA_AGENT_MODE=replay pytest -q -n auto	2026-09-17T11:20:15.9128874Z .....................................F.................................. [ 12%]
02 unit	Run CA_AGENT_MODE=replay pytest -q -n auto	2026-09-17T11:22:40.9278778Z ........................................................................ [ 17%]
02 unit	Run CA_AGENT_MODE=replay pytest -q -n auto	2026-09-17T11:22:42.1358838Z ........................................................................ [ 21%]
02 unit	Run CA_AGENT_MODE=replay pytest -q -n auto	2026-09-17T11:22:43.9189165Z ........................................................................ [ 25%]
02 unit	Run CA_AGENT_MODE=replay pytest -q -n auto	2026-09-17T11:22:48.9048989Z ........................................................................ [ 30%]
02 unit	Run CA_AGENT_MODE=replay pytest -q -n auto	2026-09-17T11:22:49.7938782Z ........................................................................ [ 34%]
02 unit	Run CA_AGENT_MODE=replay pytest -q -n auto	2026-09-17T11:22:50.8928900Z ........................................................................ [ 38%]
02 unit	Run CA_AGENT_MODE=replay pytest -q -n auto	2026-09-17T11:22:52.8319084Z ........................................................................ [ 43%]
02 unit	Run CA_AGENT_MODE=replay pytest -q -n auto	2026-09-17T11:22:53.8138996Z ........................................................................ [ 47%]
02 unit	Run CA_AGENT_MODE=replay pytest -q -n auto	2026-09-17T11:24:19.8568840Z ........................................................................ [ 51%]
02 unit	Run CA_AGENT_MODE=replay pytest -q -n auto	2026-09-17T11:24:27.0978768Z ........................................................................ [ 55%]
02 unit	Run CA_AGENT_MODE=replay pytest -q -n auto	2026-09-17T11:24:28.3668855Z ........................................................................ [ 60%]
02 unit	Run CA_AGENT_MODE=replay pytest -q -n auto	2026-09-17T11:24:29.7698825Z ........................................................................ [ 64%]
02 unit	Run CA_AGENT_MODE=replay pytest -q -n auto	2026-09-17T11:24:32.1458816Z ........................................................................ [ 68%]
02 unit	Run CA_AGENT_MODE=replay pytest -q -n auto	2026-09-17T11:24:32.8488902Z ........................................................................ [ 73%]
02 unit	Run CA_AGENT_MODE=replay pytest -q -n auto	2026-09-17T11:24:34.0138798Z ........................................................................ [ 77%]
02 unit	Run CA_AGENT_MODE=replay pytest -q -n auto	2026-09-17T11:24:36.1478933Z ........................................................................ [ 81%]
02 unit	Run CA_AGENT_MODE=replay pytest -q -n auto	2026-09-17T11:26:01.4598829Z ........................................................................ [ 86%]
02 unit	Run CA_AGENT_MODE=replay pytest -q -n auto	2026-09-17T11:26:24.8238869Z ........................................................................ [ 90%]
02 unit	Run CA_AGENT_MODE=replay pytest -q -n auto	2026-09-17T11:26:38.0928826Z ........................................................................ [ 94%]
02 unit	Run CA_AGENT_MODE=replay pytest -q -n auto	2026-09-17T11:30:32.0666093Z ........................................................................ [ 98%]
02 unit	Run CA_AGENT_MODE=replay pytest -q -n auto	2026-09-17T11:30:33.7226042Z ..................                                                       [100%]
02 unit	Run CA_AGENT_MODE=replay pytest -q -n auto	2026-09-17T11:30:33.7226815Z =================================== FAILURES ===================================
02 unit	Run CA_AGENT_MODE=replay pytest -q -n auto	2026-09-17T11:30:33.7227678Z __________________ test_copilot_voice_concurrency_superseded ___________________
02 unit	Run CA_AGENT_MODE=replay pytest -q -n auto	2026-09-17T11:30:33.7228550Z [gw0] linux -- Python 3.12.14 /opt/hostedtoolcache/Python/3.12.14/x64/bin/python
02 unit	Run CA_AGENT_MODE=replay pytest -q -n auto	2026-09-17T11:30:33.7228898Z 
02 unit	Run CA_AGENT_MODE=replay pytest -q -n auto	2026-09-17T11:30:33.7229154Z monkeypatch = <_pytest.monkeypatch.MonkeyPatch object at 0x7f3a5bf699a0>
02 unit	Run CA_AGENT_MODE=replay pytest -q -n auto	2026-09-17T11:30:33.7229957Z 
02 unit	Run CA_AGENT_MODE=replay pytest -q -n auto	2026-09-17T11:30:33.7230294Z     def test_copilot_voice_concurrency_superseded(monkeypatch: pytest.MonkeyPatch) -> None:
02 unit	Run CA_AGENT_MODE=replay pytest -q -n auto	2026-09-17T11:30:33.7230909Z         import ca_api.interfaces.http.copilot_voice as voice_module
02 unit	Run CA_AGENT_MODE=replay pytest -q -n auto	2026-09-17T11:30:33.7231291Z     
02 unit	Run CA_AGENT_MODE=replay pytest -q -n auto	2026-09-17T11:30:33.7231524Z         class FakeLiveSession:
02 unit	Run CA_AGENT_MODE=replay pytest -q -n auto	2026-09-17T11:30:33.7231861Z             def __init__(self, context: object) -> None:
02 unit	Run CA_AGENT_MODE=replay pytest -q -n auto	2026-09-17T11:30:33.7232208Z                 pass
02 unit	Run CA_AGENT_MODE=replay pytest -q -n auto	2026-09-17T11:30:33.7232440Z     
02 unit	Run CA_AGENT_MODE=replay pytest -q -n auto	2026-09-17T11:30:33.7232673Z             async def open(self) -> None:
02 unit	Run CA_AGENT_MODE=replay pytest -q -n auto	2026-09-17T11:30:33.7232986Z                 return None
02 unit	Run CA_AGENT_MODE=replay pytest -q -n auto	2026-09-17T11:30:33.7233241Z     
02 unit	Run CA_AGENT_MODE=replay pytest -q -n auto	2026-09-17T11:30:33.7233501Z             async def receive(self) -> dict[str, object]:
02 unit	Run CA_AGENT_MODE=replay pytest -q -n auto	2026-09-17T11:30:33.7233880Z                 await __import__("asyncio").sleep(60)
02 unit	Run CA_AGENT_MODE=replay pytest -q -n auto	2026-09-17T11:30:33.7234217Z                 return {}
02 unit	Run CA_AGENT_MODE=replay pytest -q -n auto	2026-09-17T11:30:33.7234464Z     
02 unit	Run CA_AGENT_MODE=replay pytest -q -n auto	2026-09-17T11:30:33.7234731Z             async def send_audio(self, audio: bytes) -> None:
02 unit	Run CA_AGENT_MODE=replay pytest -q -n auto	2026-09-17T11:30:33.7235093Z                 return None
02 unit	Run CA_AGENT_MODE=replay pytest -q -n auto	2026-09-17T11:30:33.7235339Z     
02 unit	Run CA_AGENT_MODE=replay pytest -q -n auto	2026-09-17T11:30:33.7235593Z             async def send_text(self, text: str) -> None:
02 unit	Run CA_AGENT_MODE=replay pytest -q -n auto	2026-09-17T11:30:33.7235939Z                 return None
02 unit	Run CA_AGENT_MODE=replay pytest -q -n auto	2026-09-17T11:30:33.7236183Z     
02 unit	Run CA_AGENT_MODE=replay pytest -q -n auto	2026-09-17T11:30:33.7236409Z             async def close(self) -> None:
02 unit	Run CA_AGENT_MODE=replay pytest -q -n auto	2026-09-17T11:30:33.7236712Z                 return None
02 unit	Run CA_AGENT_MODE=replay pytest -q -n auto	2026-09-17T11:30:33.7236964Z     
02 unit	Run CA_AGENT_MODE=replay pytest -q -n auto	2026-09-17T11:30:33.7237324Z         monkeypatch.setattr(voice_module, "GeminiLiveSession", FakeLiveSession)
02 unit	Run CA_AGENT_MODE=replay pytest -q -n auto	2026-09-17T11:30:33.7238052Z         token = _login_manager()
02 unit	Run CA_AGENT_MODE=replay pytest -q -n auto	2026-09-17T11:30:33.7238394Z     
02 unit	Run CA_AGENT_MODE=replay pytest -q -n auto	2026-09-17T11:30:33.7238715Z >       with client.websocket_connect("/api/v1/copilot/voice") as ws1:
02 unit	Run CA_AGENT_MODE=replay pytest -q -n auto	2026-09-17T11:30:33.7239152Z              ^^^^^^^^^^^^^^^^^^^^^^^^^^^^^^^^^^^^^^^^^^^^^^^^^
02 unit	Run CA_AGENT_MODE=replay pytest -q -n auto	2026-09-17T11:30:33.7239394Z 
02 unit	Run CA_AGENT_MODE=replay pytest -q -n auto	2026-09-17T11:30:33.7239541Z apps/api/tests/unit/test_copilot_api.py:165: 
02 unit	Run CA_AGENT_MODE=replay pytest -q -n auto	2026-09-17T11:30:33.7239944Z _ _ _ _ _ _ _ _ _ _ _ _ _ _ _ _ _ _ _ _ _ _ _ _ _ _ _ _ _ _ _ _ _ _ _ _ _ _ _ _ 
02 unit	Run CA_AGENT_MODE=replay pytest -q -n auto	2026-09-17T11:30:33.7240589Z /opt/hostedtoolcache/Python/3.12.14/x64/lib/python3.12/site-packages/starlette/testclient.py:131: in __exit__
02 unit	Run CA_AGENT_MODE=replay pytest -q -n auto	2026-09-17T11:30:33.7241199Z     return self.exit_stack.__exit__(*args)
02 unit	Run CA_AGENT_MODE=replay pytest -q -n auto	2026-09-17T11:30:33.7241513Z            ^^^^^^^^^^^^^^^^^^^^^^^^^^^^^^^
02 unit	Run CA_AGENT_MODE=replay pytest -q -n auto	2026-09-17T11:30:33.7241979Z /opt/hostedtoolcache/Python/3.12.14/x64/lib/python3.12/contextlib.py:610: in __exit__
02 unit	Run CA_AGENT_MODE=replay pytest -q -n auto	2026-09-17T11:30:33.7242449Z     raise exc_details[1]
02 unit	Run CA_AGENT_MODE=replay pytest -q -n auto	2026-09-17T11:30:33.7242867Z /opt/hostedtoolcache/Python/3.12.14/x64/lib/python3.12/contextlib.py:595: in __exit__
02 unit	Run CA_AGENT_MODE=replay pytest -q -n auto	2026-09-17T11:30:33.7243326Z     if cb(*exc_details):
02 unit	Run CA_AGENT_MODE=replay pytest -q -n auto	2026-09-17T11:30:33.7243589Z        ^^^^^^^^^^^^^^^^
02 unit	Run CA_AGENT_MODE=replay pytest -q -n auto	2026-09-17T11:30:33.7244022Z /opt/hostedtoolcache/Python/3.12.14/x64/lib/python3.12/contextlib.py:478: in _exit_wrapper
02 unit	Run CA_AGENT_MODE=replay pytest -q -n auto	2026-09-17T11:30:33.7244751Z     callback(*args, **kwds)
02 unit	Run CA_AGENT_MODE=replay pytest -q -n auto	2026-09-17T11:30:33.7245091Z _ _ _ _ _ _ _ _ _ _ _ _ _ _ _ _ _ _ _ _ _ _ _ _ _ _ _ _ _ _ _ _ _ _ _ _ _ _ _ _ 
02 unit	Run CA_AGENT_MODE=replay pytest -q -n auto	2026-09-17T11:30:33.7245362Z 
02 unit	Run CA_AGENT_MODE=replay pytest -q -n auto	2026-09-17T11:30:33.7245481Z self = None, timeout = None
02 unit	Run CA_AGENT_MODE=replay pytest -q -n auto	2026-09-17T11:30:33.7245659Z 
02 unit	Run CA_AGENT_MODE=replay pytest -q -n auto	2026-09-17T11:30:33.7245788Z     def result(self, timeout=None):
02 unit	Run CA_AGENT_MODE=replay pytest -q -n auto	2026-09-17T11:30:33.7246180Z         """Return the result of the call that the future represents.
02 unit	Run CA_AGENT_MODE=replay pytest -q -n auto	2026-09-17T11:30:33.7246553Z     
02 unit	Run CA_AGENT_MODE=replay pytest -q -n auto	2026-09-17T11:30:33.7246767Z         Args:
02 unit	Run CA_AGENT_MODE=replay pytest -q -n auto	2026-09-17T11:30:33.7247119Z             timeout: The number of seconds to wait for the result if the future
02 unit	Run CA_AGENT_MODE=replay pytest -q -n auto	2026-09-17T11:30:33.7247622Z                 isn't done. If None, then there is no limit on the wait time.
02 unit	Run CA_AGENT_MODE=replay pytest -q -n auto	2026-09-17T11:30:33.7248205Z     
02 unit	Run CA_AGENT_MODE=replay pytest -q -n auto	2026-09-17T11:30:33.7248428Z         Returns:
02 unit	Run CA_AGENT_MODE=replay pytest -q -n auto	2026-09-17T11:30:33.7248736Z             The result of the call that the future represents.
02 unit	Run CA_AGENT_MODE=replay pytest -q -n auto	2026-09-17T11:30:33.7249080Z     
02 unit	Run CA_AGENT_MODE=replay pytest -q -n auto	2026-09-17T11:30:33.7249281Z         Raises:
02 unit	Run CA_AGENT_MODE=replay pytest -q -n auto	2026-09-17T11:30:33.7249573Z             CancelledError: If the future was cancelled.
02 unit	Run CA_AGENT_MODE=replay pytest -q -n auto	2026-09-17T11:30:33.7250053Z             TimeoutError: If the future didn't finish executing before the given
02 unit	Run CA_AGENT_MODE=replay pytest -q -n auto	2026-09-17T11:30:33.7250467Z                 timeout.
02 unit	Run CA_AGENT_MODE=replay pytest -q -n auto	2026-09-17T11:30:33.7250962Z             Exception: If the call raised then that exception will be raised.
02 unit	Run CA_AGENT_MODE=replay pytest -q -n auto	2026-09-17T11:30:33.7251367Z         """
02 unit	Run CA_AGENT_MODE=replay pytest -q -n auto	2026-09-17T11:30:33.7251588Z         try:
02 unit	Run CA_AGENT_MODE=replay pytest -q -n auto	2026-09-17T11:30:33.7251834Z             with self._condition:
02 unit	Run CA_AGENT_MODE=replay pytest -q -n auto	2026-09-17T11:30:33.7252240Z                 if self._state in [CANCELLED, CANCELLED_AND_NOTIFIED]:
02 unit	Run CA_AGENT_MODE=replay pytest -q -n auto	2026-09-17T11:30:33.7252744Z                     raise CancelledError()
02 unit	Run CA_AGENT_MODE=replay pytest -q -n auto	2026-09-17T11:30:33.7253079Z                 elif self._state == FINISHED:
02 unit	Run CA_AGENT_MODE=replay pytest -q -n auto	2026-09-17T11:30:33.7253417Z                     return self.__get_result()
02 unit	Run CA_AGENT_MODE=replay pytest -q -n auto	2026-09-17T11:30:33.7253727Z     
02 unit	Run CA_AGENT_MODE=replay pytest -q -n auto	2026-09-17T11:30:33.7253966Z                 self._condition.wait(timeout)
02 unit	Run CA_AGENT_MODE=replay pytest -q -n auto	2026-09-17T11:30:33.7254275Z     
02 unit	Run CA_AGENT_MODE=replay pytest -q -n auto	2026-09-17T11:30:33.7254565Z                 if self._state in [CANCELLED, CANCELLED_AND_NOTIFIED]:
02 unit	Run CA_AGENT_MODE=replay pytest -q -n auto	2026-09-17T11:30:33.7254969Z >                   raise CancelledError()
02 unit	Run CA_AGENT_MODE=replay pytest -q -n auto	2026-09-17T11:30:33.7255341Z E                   concurrent.futures._base.CancelledError
02 unit	Run CA_AGENT_MODE=replay pytest -q -n auto	2026-09-17T11:30:33.7255595Z 
02 unit	Run CA_AGENT_MODE=replay pytest -q -n auto	2026-09-17T11:30:33.7255929Z /opt/hostedtoolcache/Python/3.12.14/x64/lib/python3.12/concurrent/futures/_base.py:454: CancelledError
02 unit	Run CA_AGENT_MODE=replay pytest -q -n auto	2026-09-17T11:30:33.7256539Z =========================== short test summary info ============================
02 unit	Run CA_AGENT_MODE=replay pytest -q -n auto	2026-09-17T11:30:33.7257400Z FAILED apps/api/tests/unit/test_copilot_api.py::test_copilot_voice_concurrency_superseded - concurrent.futures._base.CancelledError
02 unit	Run CA_AGENT_MODE=replay pytest -q -n auto	2026-09-17T11:30:33.7258189Z 1 failed, 1673 passed in 688.00s (0:11:28)
02 unit	Run CA_AGENT_MODE=replay pytest -q -n auto	2026-09-17T11:30:33.7996567Z ##[error]Process completed with exit code 1.
02 unit	Post Run actions/checkout@v4	∩╗┐2026-09-17T11:30:33.8141324Z Node 20 is being deprecated. This workflow is running with Node 24 by default. If you need to temporarily use Node 20, you can set the ACTIONS_ALLOW_USE_UNSECURE_NODE_VERSION=true environment variable. For more information see: https://github.blog/changelog/2025-09-19-deprecation-of-node-20-on-github-actions-runners/
02 unit	Post Run actions/checkout@v4	2026-09-17T11:30:33.8142499Z Post job cleanup.
02 unit	Post Run actions/checkout@v4	2026-09-17T11:30:33.8992388Z [command]/usr/bin/git version
02 unit	Post Run actions/checkout@v4	2026-09-17T11:30:33.9031082Z git version 2.55.0
02 unit	Post Run actions/checkout@v4	2026-09-17T11:30:33.9068536Z Temporarily overriding HOME='/home/runner/work/_temp/0598f504-fdf4-4a91-a662-61340eea660a' before making global git config changes
02 unit	Post Run actions/checkout@v4	2026-09-17T11:30:33.9070054Z Adding repository directory to the temporary git global config as a safe directory
02 unit	Post Run actions/checkout@v4	2026-09-17T11:30:33.9072288Z [command]/usr/bin/git config --global --add safe.directory /home/runner/work/Crew-Operations/Crew-Operations
02 unit	Post Run actions/checkout@v4	2026-09-17T11:30:33.9108039Z [command]/usr/bin/git config --local --name-only --get-regexp core\.sshCommand
02 unit	Post Run actions/checkout@v4	2026-09-17T11:30:33.9139181Z [command]/usr/bin/git submodule foreach --recursive sh -c "git config --local --name-only --get-regexp 'core\.sshCommand' && git config --local --unset-all 'core.sshCommand' || :"
02 unit	Post Run actions/checkout@v4	2026-09-17T11:30:33.9360760Z [command]/usr/bin/git config --local --name-only --get-regexp http\.https\:\/\/github\.com\/\.extraheader
02 unit	Post Run actions/checkout@v4	2026-09-17T11:30:33.9388171Z http.https://github.com/.extraheader
02 unit	Post Run actions/checkout@v4	2026-09-17T11:30:33.9401023Z [command]/usr/bin/git config --local --unset-all http.https://github.com/.extraheader
02 unit	Post Run actions/checkout@v4	2026-09-17T11:30:33.9431750Z [command]/usr/bin/git submodule foreach --recursive sh -c "git config --local --name-only --get-regexp 'http\.https\:\/\/github\.com\/\.extraheader' && git config --local --unset-all 'http.https://github.com/.extraheader' || :"
02 unit	Post Run actions/checkout@v4	2026-09-17T11:30:33.9638088Z [command]/usr/bin/git config --local --name-only --get-regexp ^includeIf\.gitdir:
02 unit	Post Run actions/checkout@v4	2026-09-17T11:30:33.9684797Z [command]/usr/bin/git submodule foreach --recursive git config --local --show-origin --name-only --get-regexp remote.origin.url
02 unit	Complete job	∩╗┐2026-09-17T11:30:34.0076547Z Cleaning up orphan processes
02 unit	Complete job	2026-09-17T11:30:34.0308455Z ##[warning]Node.js 20 is deprecated. The following actions target Node.js 20 but are being forced to run on Node.js 24: actions/cache@v4, actions/checkout@v4, actions/setup-python@v5. For more information see: https://github.blog/changelog/2025-09-19-deprecation-of-node-20-on-github-actions-runners/
01 lint + type	UNKNOWN STEP	∩╗┐2026-09-17T11:18:32.5568804Z Current runner version: '2.337.0'
01 lint + type	UNKNOWN STEP	2026-09-17T11:18:32.5586372Z ##[group]Runner Image Provisioner
01 lint + type	UNKNOWN STEP	2026-09-17T11:18:32.5587019Z Hosted Compute Agent
01 lint + type	UNKNOWN STEP	2026-09-17T11:18:32.5587356Z Version: 20260828.587
01 lint + type	UNKNOWN STEP	2026-09-17T11:18:32.5587708Z Commit: abac92662cab4cc7352de4f9f9d2e2419aad9c29
01 lint + type	UNKNOWN STEP	2026-09-17T11:18:32.5588168Z Build Date: 2026-08-28T16:44:25Z
01 lint + type	UNKNOWN STEP	2026-09-17T11:18:32.5588561Z Worker ID: {aeb5cb7f-af35-4d15-9462-46cd08c3ff81}
01 lint + type	UNKNOWN STEP	2026-09-17T11:18:32.5589016Z Azure Region: westus3
01 lint + type	UNKNOWN STEP	2026-09-17T11:18:32.5589534Z ##[endgroup]
01 lint + type	UNKNOWN STEP	2026-09-17T11:18:32.5590361Z ##[group]Operating System
01 lint + type	UNKNOWN STEP	2026-09-17T11:18:32.5590746Z Ubuntu
01 lint + type	UNKNOWN STEP	2026-09-17T11:18:32.5591050Z 24.04.5
01 lint + type	UNKNOWN STEP	2026-09-17T11:18:32.5591426Z LTS
01 lint + type	UNKNOWN STEP	2026-09-17T11:18:32.5591735Z ##[endgroup]
01 lint + type	UNKNOWN STEP	2026-09-17T11:18:32.5592048Z ##[group]Runner Image
01 lint + type	UNKNOWN STEP	2026-09-17T11:18:32.5592426Z Image: ubuntu-24.04
01 lint + type	UNKNOWN STEP	2026-09-17T11:18:32.5592782Z Version: 20260907.300.1
01 lint + type	UNKNOWN STEP	2026-09-17T11:18:32.5593533Z Included Software: https://github.com/actions/runner-images/blob/ubuntu24/20260907.300/images/ubuntu/Ubuntu2404-Readme.md
01 lint + type	UNKNOWN STEP	2026-09-17T11:18:32.5594356Z Image Release: https://github.com/actions/runner-images/releases/tag/ubuntu24%2F20260907.300
01 lint + type	UNKNOWN STEP	2026-09-17T11:18:32.5594920Z ##[endgroup]
01 lint + type	UNKNOWN STEP	2026-09-17T11:18:32.5595627Z ##[group]GITHUB_TOKEN Permissions
01 lint + type	UNKNOWN STEP	2026-09-17T11:18:32.5597038Z Contents: read
01 lint + type	UNKNOWN STEP	2026-09-17T11:18:32.5597388Z Metadata: read
01 lint + type	UNKNOWN STEP	2026-09-17T11:18:32.5597933Z Packages: read
01 lint + type	UNKNOWN STEP	2026-09-17T11:18:32.5598298Z ##[endgroup]
01 lint + type	UNKNOWN STEP	2026-09-17T11:18:32.5599716Z Secret source: Actions
01 lint + type	UNKNOWN STEP	2026-09-17T11:18:32.5600296Z Cache mode: write
01 lint + type	UNKNOWN STEP	2026-09-17T11:18:32.5600815Z Prepare workflow directory
01 lint + type	UNKNOWN STEP	2026-09-17T11:18:32.5831287Z Prepare all required actions
01 lint + type	UNKNOWN STEP	2026-09-17T11:18:32.5861228Z Getting action download info
01 lint + type	UNKNOWN STEP	2026-09-17T11:18:32.8808931Z Download action repository 'actions/checkout@v4' (SHA:11d5960a326750d5838078e36cf38b85af677262)
01 lint + type	UNKNOWN STEP	2026-09-17T11:18:33.2101251Z Download action repository 'actions/setup-python@v5' (SHA:a26af69be951a213d495a4c3e4e4022e16d87065)
01 lint + type	UNKNOWN STEP	2026-09-17T11:18:33.3302449Z Download action repository 'actions/setup-node@v4' (SHA:49933ea5288caeca8642d1e84afbd3f7d6820020)
01 lint + type	UNKNOWN STEP	2026-09-17T11:18:33.6975063Z Complete job name: 01 lint + type
01 lint + type	UNKNOWN STEP	2026-09-17T11:18:33.7512771Z Node 20 is being deprecated. This workflow is running with Node 24 by default. If you need to temporarily use Node 20, you can set the ACTIONS_ALLOW_USE_UNSECURE_NODE_VERSION=true environment variable. For more information see: https://github.blog/changelog/2025-09-19-deprecation-of-node-20-on-github-actions-runners/
01 lint + type	UNKNOWN STEP	2026-09-17T11:18:33.7519020Z ##[group]Run actions/checkout@v4
01 lint + type	UNKNOWN STEP	2026-09-17T11:18:33.7519826Z with:
01 lint + type	UNKNOWN STEP	2026-09-17T11:18:33.7520342Z   repository: KanTrun/Crew-Operations
01 lint + type	UNKNOWN STEP	2026-09-17T11:18:33.7525573Z   token: ***
01 lint + type	UNKNOWN STEP	2026-09-17T11:18:33.7526071Z   ssh-strict: true
01 lint + type	UNKNOWN STEP	2026-09-17T11:18:33.7526580Z   ssh-user: git
01 lint + type	UNKNOWN STEP	2026-09-17T11:18:33.7527103Z   persist-credentials: true
01 lint + type	UNKNOWN STEP	2026-09-17T11:18:33.7527666Z   clean: true
01 lint + type	UNKNOWN STEP	2026-09-17T11:18:33.7528195Z   sparse-checkout-cone-mode: true
01 lint + type	UNKNOWN STEP	2026-09-17T11:18:33.7528805Z   fetch-depth: 1
01 lint + type	UNKNOWN STEP	2026-09-17T11:18:33.7529382Z   fetch-tags: false
01 lint + type	UNKNOWN STEP	2026-09-17T11:18:33.7529902Z   show-progress: true
01 lint + type	UNKNOWN STEP	2026-09-17T11:18:33.7530466Z   lfs: false
01 lint + type	UNKNOWN STEP	2026-09-17T11:18:33.7530990Z   submodules: false
01 lint + type	UNKNOWN STEP	2026-09-17T11:18:33.7531518Z   set-safe-directory: true
01 lint + type	UNKNOWN STEP	2026-09-17T11:18:33.7532114Z   allow-unsafe-pr-checkout: false
01 lint + type	UNKNOWN STEP	2026-09-17T11:18:33.7532792Z env:
01 lint + type	UNKNOWN STEP	2026-09-17T11:18:33.7533263Z   CA_AGENT_MODE: replay
01 lint + type	UNKNOWN STEP	2026-09-17T11:18:33.7533791Z ##[endgroup]
01 lint + type	UNKNOWN STEP	2026-09-17T11:18:33.8183092Z Syncing repository: KanTrun/Crew-Operations
01 lint + type	UNKNOWN STEP	2026-09-17T11:18:33.8184834Z ##[group]Getting Git version info
01 lint + type	UNKNOWN STEP	2026-09-17T11:18:33.8185896Z Working directory is '/home/runner/work/Crew-Operations/Crew-Operations'
01 lint + type	UNKNOWN STEP	2026-09-17T11:18:33.8187183Z [command]/usr/bin/git version
01 lint + type	UNKNOWN STEP	2026-09-17T11:18:33.8351034Z git version 2.55.0
01 lint + type	UNKNOWN STEP	2026-09-17T11:18:33.8366724Z ##[endgroup]
01 lint + type	UNKNOWN STEP	2026-09-17T11:18:33.8379549Z Temporarily overriding HOME='/home/runner/work/_temp/9477bd99-42e6-4c06-ba31-7976ddfcecb1' before making global git config changes
01 lint + type	UNKNOWN STEP	2026-09-17T11:18:33.8382004Z Adding repository directory to the temporary git global config as a safe directory
01 lint + type	UNKNOWN STEP	2026-09-17T11:18:33.8384520Z [command]/usr/bin/git config --global --add safe.directory /home/runner/work/Crew-Operations/Crew-Operations
01 lint + type	UNKNOWN STEP	2026-09-17T11:18:33.8655387Z Deleting the contents of '/home/runner/work/Crew-Operations/Crew-Operations'
01 lint + type	UNKNOWN STEP	2026-09-17T11:18:33.8658965Z ##[group]Initializing the repository
01 lint + type	UNKNOWN STEP	2026-09-17T11:18:33.8662600Z [command]/usr/bin/git init /home/runner/work/Crew-Operations/Crew-Operations
01 lint + type	UNKNOWN STEP	2026-09-17T11:18:33.8877910Z hint: Using 'master' as the name for the initial branch. This default branch name
01 lint + type	UNKNOWN STEP	2026-09-17T11:18:33.8879144Z hint: will change to "main" in Git 3.0. To configure the initial branch name
01 lint + type	UNKNOWN STEP	2026-09-17T11:18:33.8880388Z hint: to use in all of your new repositories, which will suppress this warning,
01 lint + type	UNKNOWN STEP	2026-09-17T11:18:33.8881599Z hint: call:
01 lint + type	UNKNOWN STEP	2026-09-17T11:18:33.8882154Z hint:
01 lint + type	UNKNOWN STEP	2026-09-17T11:18:33.8883067Z hint: 	git config --global init.defaultBranch <name>
01 lint + type	UNKNOWN STEP	2026-09-17T11:18:33.8884189Z hint:
01 lint + type	UNKNOWN STEP	2026-09-17T11:18:33.8885232Z hint: Names commonly chosen instead of 'master' are 'main', 'trunk' and
01 lint + type	UNKNOWN STEP	2026-09-17T11:18:33.8886990Z hint: 'development'. The just-created branch can be renamed via this command:
01 lint + type	UNKNOWN STEP	2026-09-17T11:18:33.8888316Z hint:
01 lint + type	UNKNOWN STEP	2026-09-17T11:18:33.8889099Z hint: 	git branch -m <name>
01 lint + type	UNKNOWN STEP	2026-09-17T11:18:33.8890088Z hint:
01 lint + type	UNKNOWN STEP	2026-09-17T11:18:33.8891501Z hint: Disable this message with "git config set advice.defaultBranchName false"
01 lint + type	UNKNOWN STEP	2026-09-17T11:18:33.8893406Z Initialized empty Git repository in /home/runner/work/Crew-Operations/Crew-Operations/.git/
01 lint + type	UNKNOWN STEP	2026-09-17T11:18:33.8896560Z [command]/usr/bin/git remote add origin https://github.com/KanTrun/Crew-Operations
01 lint + type	UNKNOWN STEP	2026-09-17T11:18:33.8931052Z ##[endgroup]
01 lint + type	UNKNOWN STEP	2026-09-17T11:18:33.8932975Z ##[group]Disabling automatic garbage collection
01 lint + type	UNKNOWN STEP	2026-09-17T11:18:33.8934210Z [command]/usr/bin/git config --local gc.auto 0
01 lint + type	UNKNOWN STEP	2026-09-17T11:18:33.8959054Z ##[endgroup]
01 lint + type	UNKNOWN STEP	2026-09-17T11:18:33.8960480Z ##[group]Setting up auth
01 lint + type	UNKNOWN STEP	2026-09-17T11:18:33.8963533Z [command]/usr/bin/git config --local --name-only --get-regexp core\.sshCommand
01 lint + type	UNKNOWN STEP	2026-09-17T11:18:33.8989930Z [command]/usr/bin/git submodule foreach --recursive sh -c "git config --local --name-only --get-regexp 'core\.sshCommand' && git config --local --unset-all 'core.sshCommand' || :"
01 lint + type	UNKNOWN STEP	2026-09-17T11:18:33.9526769Z [command]/usr/bin/git config --local --name-only --get-regexp http\.https\:\/\/github\.com\/\.extraheader
01 lint + type	UNKNOWN STEP	2026-09-17T11:18:33.9555891Z [command]/usr/bin/git submodule foreach --recursive sh -c "git config --local --name-only --get-regexp 'http\.https\:\/\/github\.com\/\.extraheader' && git config --local --unset-all 'http.https://github.com/.extraheader' || :"
01 lint + type	UNKNOWN STEP	2026-09-17T11:18:33.9720674Z [command]/usr/bin/git config --local --name-only --get-regexp ^includeIf\.gitdir:
01 lint + type	UNKNOWN STEP	2026-09-17T11:18:33.9747646Z [command]/usr/bin/git submodule foreach --recursive git config --local --show-origin --name-only --get-regexp remote.origin.url
01 lint + type	UNKNOWN STEP	2026-09-17T11:18:33.9910720Z [command]/usr/bin/git config --local http.https://github.com/.extraheader AUTHORIZATION: basic ***
01 lint + type	UNKNOWN STEP	2026-09-17T11:18:33.9940143Z ##[endgroup]
01 lint + type	UNKNOWN STEP	2026-09-17T11:18:33.9941010Z ##[group]Fetching the repository
01 lint + type	UNKNOWN STEP	2026-09-17T11:18:33.9946385Z [command]/usr/bin/git -c protocol.version=2 fetch --no-tags --prune --no-recurse-submodules --depth=1 origin +a6ee707a664b71558e72eff4ac334b63193b03a2:refs/remotes/origin/main
01 lint + type	UNKNOWN STEP	2026-09-17T11:18:35.5319861Z From https://github.com/KanTrun/Crew-Operations
01 lint + type	UNKNOWN STEP	2026-09-17T11:18:35.5320465Z  * [new ref]         a6ee707a664b71558e72eff4ac334b63193b03a2 -> origin/main
01 lint + type	UNKNOWN STEP	2026-09-17T11:18:35.5322472Z ##[endgroup]
01 lint + type	UNKNOWN STEP	2026-09-17T11:18:35.5322936Z ##[group]Determining the checkout info
01 lint + type	UNKNOWN STEP	2026-09-17T11:18:35.5324938Z ##[endgroup]
01 lint + type	UNKNOWN STEP	2026-09-17T11:18:35.5329636Z [command]/usr/bin/git sparse-checkout disable
01 lint + type	UNKNOWN STEP	2026-09-17T11:18:35.5373494Z [command]/usr/bin/git config --local --unset-all extensions.worktreeConfig
01 lint + type	UNKNOWN STEP	2026-09-17T11:18:35.5399863Z ##[group]Checking out the ref
01 lint + type	UNKNOWN STEP	2026-09-17T11:18:35.5403823Z [command]/usr/bin/git checkout --progress --force -B main refs/remotes/origin/main
01 lint + type	UNKNOWN STEP	2026-09-17T11:18:35.6523391Z Switched to a new branch 'main'
01 lint + type	UNKNOWN STEP	2026-09-17T11:18:35.6525305Z branch 'main' set up to track 'origin/main'.
01 lint + type	UNKNOWN STEP	2026-09-17T11:18:35.6532794Z ##[endgroup]
01 lint + type	UNKNOWN STEP	2026-09-17T11:18:35.6570913Z [command]/usr/bin/git log -1 --format=%H
01 lint + type	UNKNOWN STEP	2026-09-17T11:18:35.6593167Z a6ee707a664b71558e72eff4ac334b63193b03a2
01 lint + type	UNKNOWN STEP	2026-09-17T11:18:35.6769626Z Node 20 is being deprecated. This workflow is running with Node 24 by default. If you need to temporarily use Node 20, you can set the ACTIONS_ALLOW_USE_UNSECURE_NODE_VERSION=true environment variable. For more information see: https://github.blog/changelog/2025-09-19-deprecation-of-node-20-on-github-actions-runners/
01 lint + type	UNKNOWN STEP	2026-09-17T11:18:35.6770559Z ##[group]Run actions/setup-python@v5
01 lint + type	UNKNOWN STEP	2026-09-17T11:18:35.6770699Z with:
01 lint + type	UNKNOWN STEP	2026-09-17T11:18:35.6770816Z   python-version: 3.12
01 lint + type	UNKNOWN STEP	2026-09-17T11:18:35.6770937Z   check-latest: false
01 lint + type	UNKNOWN STEP	2026-09-17T11:18:35.6772302Z   token: ***
01 lint + type	UNKNOWN STEP	2026-09-17T11:18:35.6772419Z   update-environment: true
01 lint + type	UNKNOWN STEP	2026-09-17T11:18:35.6772563Z   allow-prereleases: false
01 lint + type	UNKNOWN STEP	2026-09-17T11:18:35.6772684Z   freethreaded: false
01 lint + type	UNKNOWN STEP	2026-09-17T11:18:35.6772797Z env:
01 lint + type	UNKNOWN STEP	2026-09-17T11:18:35.6772918Z   CA_AGENT_MODE: replay
01 lint + type	UNKNOWN STEP	2026-09-17T11:18:35.6773040Z ##[endgroup]
01 lint + type	UNKNOWN STEP	2026-09-17T11:18:35.7664785Z ##[group]Installed versions
01 lint + type	UNKNOWN STEP	2026-09-17T11:18:35.7865512Z (node:2039) [DEP0040] DeprecationWarning: The `punycode` module is deprecated. Please use a userland alternative instead.
01 lint + type	UNKNOWN STEP	2026-09-17T11:18:35.7865918Z (Use `node --trace-deprecation ...` to show where the warning was created)
01 lint + type	UNKNOWN STEP	2026-09-17T11:18:35.7866477Z Successfully set up CPython (3.12.14)
01 lint + type	UNKNOWN STEP	2026-09-17T11:18:35.7866913Z ##[endgroup]
01 lint + type	UNKNOWN STEP	2026-09-17T11:18:35.8020934Z Node 20 is being deprecated. This workflow is running with Node 24 by default. If you need to temporarily use Node 20, you can set the ACTIONS_ALLOW_USE_UNSECURE_NODE_VERSION=true environment variable. For more information see: https://github.blog/changelog/2025-09-19-deprecation-of-node-20-on-github-actions-runners/
01 lint + type	UNKNOWN STEP	2026-09-17T11:18:35.8022104Z ##[group]Run actions/setup-node@v4
01 lint + type	UNKNOWN STEP	2026-09-17T11:18:35.8022426Z with:
01 lint + type	UNKNOWN STEP	2026-09-17T11:18:35.8022737Z   node-version: 22
01 lint + type	UNKNOWN STEP	2026-09-17T11:18:35.8022935Z   always-auth: false
01 lint + type	UNKNOWN STEP	2026-09-17T11:18:35.8023198Z   check-latest: false
01 lint + type	UNKNOWN STEP	2026-09-17T11:18:35.8025675Z   token: ***
01 lint + type	UNKNOWN STEP	2026-09-17T11:18:35.8025848Z env:
01 lint + type	UNKNOWN STEP	2026-09-17T11:18:35.8026013Z   CA_AGENT_MODE: replay
01 lint + type	UNKNOWN STEP	2026-09-17T11:18:35.8026246Z   pythonLocation: /opt/hostedtoolcache/Python/3.12.14/x64
01 lint + type	UNKNOWN STEP	2026-09-17T11:18:35.8026596Z   PKG_CONFIG_PATH: /opt/hostedtoolcache/Python/3.12.14/x64/lib/pkgconfig
01 lint + type	UNKNOWN STEP	2026-09-17T11:18:35.8026824Z   Python_ROOT_DIR: /opt/hostedtoolcache/Python/3.12.14/x64
01 lint + type	UNKNOWN STEP	2026-09-17T11:18:35.8027075Z   Python2_ROOT_DIR: /opt/hostedtoolcache/Python/3.12.14/x64
01 lint + type	UNKNOWN STEP	2026-09-17T11:18:35.8027275Z   Python3_ROOT_DIR: /opt/hostedtoolcache/Python/3.12.14/x64
01 lint + type	UNKNOWN STEP	2026-09-17T11:18:35.8027481Z   LD_LIBRARY_PATH: /opt/hostedtoolcache/Python/3.12.14/x64/lib
01 lint + type	UNKNOWN STEP	2026-09-17T11:18:35.8027750Z ##[endgroup]
01 lint + type	UNKNOWN STEP	2026-09-17T11:18:35.8938148Z Found in cache @ /opt/hostedtoolcache/node/22.23.2/x64
01 lint + type	UNKNOWN STEP	2026-09-17T11:18:35.8941139Z (node:2048) [DEP0040] DeprecationWarning: The `punycode` module is deprecated. Please use a userland alternative instead.
01 lint + type	UNKNOWN STEP	2026-09-17T11:18:35.8941559Z (Use `node --trace-deprecation ...` to show where the warning was created)
01 lint + type	UNKNOWN STEP	2026-09-17T11:18:35.8943052Z ##[group]Environment details
01 lint + type	UNKNOWN STEP	2026-09-17T11:18:36.8219134Z node: v22.23.2
01 lint + type	UNKNOWN STEP	2026-09-17T11:18:36.8219499Z npm: 10.9.8
01 lint + type	UNKNOWN STEP	2026-09-17T11:18:36.8219697Z yarn: 1.22.22
01 lint + type	UNKNOWN STEP	2026-09-17T11:18:36.8220320Z ##[endgroup]
01 lint + type	UNKNOWN STEP	2026-09-17T11:18:36.8326008Z ##[group]Run pip install ruff mypy
01 lint + type	UNKNOWN STEP	2026-09-17T11:18:36.8326263Z [36;1mpip install ruff mypy[0m
01 lint + type	UNKNOWN STEP	2026-09-17T11:18:36.8370123Z shell: /usr/bin/bash -e {0}
01 lint + type	UNKNOWN STEP	2026-09-17T11:18:36.8370274Z env:
01 lint + type	UNKNOWN STEP	2026-09-17T11:18:36.8370386Z   CA_AGENT_MODE: replay
01 lint + type	UNKNOWN STEP	2026-09-17T11:18:36.8370557Z   pythonLocation: /opt/hostedtoolcache/Python/3.12.14/x64
01 lint + type	UNKNOWN STEP	2026-09-17T11:18:36.8370797Z   PKG_CONFIG_PATH: /opt/hostedtoolcache/Python/3.12.14/x64/lib/pkgconfig
01 lint + type	UNKNOWN STEP	2026-09-17T11:18:36.8371026Z   Python_ROOT_DIR: /opt/hostedtoolcache/Python/3.12.14/x64
01 lint + type	UNKNOWN STEP	2026-09-17T11:18:36.8371234Z   Python2_ROOT_DIR: /opt/hostedtoolcache/Python/3.12.14/x64
01 lint + type	UNKNOWN STEP	2026-09-17T11:18:36.8371443Z   Python3_ROOT_DIR: /opt/hostedtoolcache/Python/3.12.14/x64
01 lint + type	UNKNOWN STEP	2026-09-17T11:18:36.8371812Z   LD_LIBRARY_PATH: /opt/hostedtoolcache/Python/3.12.14/x64/lib
01 lint + type	UNKNOWN STEP	2026-09-17T11:18:36.8371994Z ##[endgroup]
01 lint + type	UNKNOWN STEP	2026-09-17T11:18:39.7976093Z Collecting ruff
01 lint + type	UNKNOWN STEP	2026-09-17T11:18:39.8454620Z   Downloading ruff-0.16.8-py3-none-manylinux_2_17_x86_64.manylinux2014_x86_64.whl.metadata (20 kB)
01 lint + type	UNKNOWN STEP	2026-09-17T11:18:40.1097330Z Collecting mypy
01 lint + type	UNKNOWN STEP	2026-09-17T11:18:40.1126925Z   Downloading mypy-2.3.1-cp312-cp312-manylinux2014_x86_64.manylinux_2_17_x86_64.manylinux_2_28_x86_64.whl.metadata (2.4 kB)
01 lint + type	UNKNOWN STEP	2026-09-17T11:18:40.7481050Z Collecting typing_extensions>=4.6.0 (from mypy)
01 lint + type	UNKNOWN STEP	2026-09-17T11:18:40.7507601Z   Downloading typing_extensions-4.16.0-py3-none-any.whl.metadata (3.3 kB)
01 lint + type	UNKNOWN STEP	2026-09-17T11:18:41.1879064Z Collecting mypy_extensions>=1.0.0 (from mypy)
01 lint + type	UNKNOWN STEP	2026-09-17T11:18:41.1907185Z   Downloading mypy_extensions-1.1.0-py3-none-any.whl.metadata (1.1 kB)
01 lint + type	UNKNOWN STEP	2026-09-17T11:18:41.7366206Z Collecting pathspec>=1.0.0 (from mypy)
01 lint + type	UNKNOWN STEP	2026-09-17T11:18:41.7395320Z   Downloading pathspec-1.1.1-py3-none-any.whl.metadata (14 kB)
01 lint + type	UNKNOWN STEP	2026-09-17T11:18:42.4185892Z Collecting librt>=0.13.0 (from mypy)
01 lint + type	UNKNOWN STEP	2026-09-17T11:18:42.4214240Z   Downloading librt-0.15.0-cp312-cp312-manylinux2014_x86_64.manylinux_2_17_x86_64.manylinux_2_28_x86_64.whl.metadata (1.3 kB)
01 lint + type	UNKNOWN STEP	2026-09-17T11:18:42.9354832Z Collecting ast-serialize<1.0.0,>=0.6.0 (from mypy)
01 lint + type	UNKNOWN STEP	2026-09-17T11:18:42.9382325Z   Downloading ast_serialize-0.11.2-cp39-abi3-manylinux_2_17_x86_64.manylinux2014_x86_64.whl.metadata (1.4 kB)
01 lint + type	UNKNOWN STEP	2026-09-17T11:18:43.2296944Z Downloading ruff-0.16.8-py3-none-manylinux_2_17_x86_64.manylinux2014_x86_64.whl (10.3 MB)
01 lint + type	UNKNOWN STEP	2026-09-17T11:18:43.6715210Z    ΓöüΓöüΓöüΓöüΓöüΓöüΓöüΓöüΓöüΓöüΓöüΓöüΓöüΓöüΓöüΓöüΓöüΓöüΓöüΓöüΓöüΓöüΓöüΓöüΓöüΓöüΓöüΓöüΓöüΓöüΓöüΓöüΓöüΓöüΓöüΓöüΓöüΓöüΓöüΓöü 10.3/10.3 MB 23.2 MB/s  0:00:00
01 lint + type	UNKNOWN STEP	2026-09-17T11:18:43.6748629Z Downloading mypy-2.3.1-cp312-cp312-manylinux2014_x86_64.manylinux_2_17_x86_64.manylinux_2_28_x86_64.whl (15.3 MB)
01 lint + type	UNKNOWN STEP	2026-09-17T11:18:43.9313230Z    ΓöüΓöüΓöüΓöüΓöüΓöüΓöüΓöüΓöüΓöüΓöüΓöüΓöüΓöüΓöüΓöüΓöüΓöüΓöüΓöüΓöüΓöüΓöüΓöüΓöüΓöüΓöüΓöüΓöüΓöüΓöüΓöüΓöüΓöüΓöüΓöüΓöüΓöüΓöüΓöü 15.3/15.3 MB 59.7 MB/s  0:00:00
01 lint + type	UNKNOWN STEP	2026-09-17T11:18:43.9343724Z Downloading ast_serialize-0.11.2-cp39-abi3-manylinux_2_17_x86_64.manylinux2014_x86_64.whl (1.3 MB)
01 lint + type	UNKNOWN STEP	2026-09-17T11:18:44.3316042Z    ΓöüΓöüΓöüΓöüΓöüΓöüΓöüΓöüΓöüΓöüΓöüΓöüΓöüΓöüΓöüΓöüΓöüΓöüΓöüΓöüΓöüΓöüΓöüΓöüΓöüΓöüΓöüΓöüΓöüΓöüΓöüΓöüΓöüΓöüΓöüΓöüΓöüΓöüΓöüΓöü 1.3/1.3 MB 2.7 MB/s  0:00:00
01 lint + type	UNKNOWN STEP	2026-09-17T11:18:44.3343519Z Downloading librt-0.15.0-cp312-cp312-manylinux2014_x86_64.manylinux_2_17_x86_64.manylinux_2_28_x86_64.whl (531 kB)
01 lint + type	UNKNOWN STEP	2026-09-17T11:18:44.6619529Z    ΓöüΓöüΓöüΓöüΓöüΓöüΓöüΓöüΓöüΓöüΓöüΓöüΓöüΓöüΓöüΓöüΓöüΓöüΓöüΓöüΓöüΓöüΓöüΓöüΓöüΓöüΓöüΓöüΓöüΓöüΓöüΓöüΓöüΓöüΓöüΓöüΓöüΓöüΓöüΓöü 531.9/531.9 kB 827.8 kB/s  0:00:00
01 lint + type	UNKNOWN STEP	2026-09-17T11:18:44.6649546Z Downloading mypy_extensions-1.1.0-py3-none-any.whl (5.0 kB)
01 lint + type	UNKNOWN STEP	2026-09-17T11:18:44.7344994Z Downloading pathspec-1.1.1-py3-none-any.whl (57 kB)
01 lint + type	UNKNOWN STEP	2026-09-17T11:18:44.7561025Z Downloading typing_extensions-4.16.0-py3-none-any.whl (45 kB)
01 lint + type	UNKNOWN STEP	2026-09-17T11:18:45.0217912Z Installing collected packages: typing_extensions, ruff, pathspec, mypy_extensions, librt, ast-serialize, mypy
01 lint + type	UNKNOWN STEP	2026-09-17T11:18:46.6287624Z 
01 lint + type	UNKNOWN STEP	2026-09-17T11:18:46.6299075Z Successfully installed ast-serialize-0.11.2 librt-0.15.0 mypy-2.3.1 mypy_extensions-1.1.0 pathspec-1.1.1 ruff-0.16.8 typing_extensions-4.16.0
01 lint + type	UNKNOWN STEP	2026-09-17T11:18:46.6965495Z ##[group]Run ruff check apps/api/src packages scripts
01 lint + type	UNKNOWN STEP	2026-09-17T11:18:46.6965740Z [36;1mruff check apps/api/src packages scripts[0m
01 lint + type	UNKNOWN STEP	2026-09-17T11:18:46.6995849Z shell: /usr/bin/bash -e {0}
01 lint + type	UNKNOWN STEP	2026-09-17T11:18:46.6995991Z env:
01 lint + type	UNKNOWN STEP	2026-09-17T11:18:46.6996104Z   CA_AGENT_MODE: replay
01 lint + type	UNKNOWN STEP	2026-09-17T11:18:46.6996261Z   pythonLocation: /opt/hostedtoolcache/Python/3.12.14/x64
01 lint + type	UNKNOWN STEP	2026-09-17T11:18:46.6996493Z   PKG_CONFIG_PATH: /opt/hostedtoolcache/Python/3.12.14/x64/lib/pkgconfig
01 lint + type	UNKNOWN STEP	2026-09-17T11:18:46.6996719Z   Python_ROOT_DIR: /opt/hostedtoolcache/Python/3.12.14/x64
01 lint + type	UNKNOWN STEP	2026-09-17T11:18:46.6996926Z   Python2_ROOT_DIR: /opt/hostedtoolcache/Python/3.12.14/x64
01 lint + type	UNKNOWN STEP	2026-09-17T11:18:46.6997133Z   Python3_ROOT_DIR: /opt/hostedtoolcache/Python/3.12.14/x64
01 lint + type	UNKNOWN STEP	2026-09-17T11:18:46.6997338Z   LD_LIBRARY_PATH: /opt/hostedtoolcache/Python/3.12.14/x64/lib
01 lint + type	UNKNOWN STEP	2026-09-17T11:18:46.6997515Z ##[endgroup]
01 lint + type	UNKNOWN STEP	2026-09-17T11:18:46.7389672Z All checks passed!
01 lint + type	UNKNOWN STEP	2026-09-17T11:18:46.7418161Z ##[group]Run if [ -f pyproject.toml ]; then mypy packages apps/api/src --ignore-missing-imports || true; fi
01 lint + type	UNKNOWN STEP	2026-09-17T11:18:46.7418719Z [36;1mif [ -f pyproject.toml ]; then mypy packages apps/api/src --ignore-missing-imports || true; fi[0m
01 lint + type	UNKNOWN STEP	2026-09-17T11:18:46.7450461Z shell: /usr/bin/bash -e {0}
01 lint + type	UNKNOWN STEP	2026-09-17T11:18:46.7450609Z env:
01 lint + type	UNKNOWN STEP	2026-09-17T11:18:46.7450722Z   CA_AGENT_MODE: replay
01 lint + type	UNKNOWN STEP	2026-09-17T11:18:46.7450887Z   pythonLocation: /opt/hostedtoolcache/Python/3.12.14/x64
01 lint + type	UNKNOWN STEP	2026-09-17T11:18:46.7451123Z   PKG_CONFIG_PATH: /opt/hostedtoolcache/Python/3.12.14/x64/lib/pkgconfig
01 lint + type	UNKNOWN STEP	2026-09-17T11:18:46.7451354Z   Python_ROOT_DIR: /opt/hostedtoolcache/Python/3.12.14/x64
01 lint + type	UNKNOWN STEP	2026-09-17T11:18:46.7451562Z   Python2_ROOT_DIR: /opt/hostedtoolcache/Python/3.12.14/x64
01 lint + type	UNKNOWN STEP	2026-09-17T11:18:46.7451768Z   Python3_ROOT_DIR: /opt/hostedtoolcache/Python/3.12.14/x64
01 lint + type	UNKNOWN STEP	2026-09-17T11:18:46.7451976Z   LD_LIBRARY_PATH: /opt/hostedtoolcache/Python/3.12.14/x64/lib
01 lint + type	UNKNOWN STEP	2026-09-17T11:18:46.7452154Z ##[endgroup]
01 lint + type	UNKNOWN STEP	2026-09-17T11:18:48.1118209Z packages/solver/tests/test_solver_skill.py:9: error: Argument 1 to "module_from_spec" has incompatible type "ModuleSpec | None"; expected "ModuleSpec"  [arg-type]
01 lint + type	UNKNOWN STEP	2026-09-17T11:18:48.1118868Z packages/solver/tests/test_solver_skill.py:10: error: Item "None" of "ModuleSpec | None" has no attribute "loader"  [union-attr]
01 lint + type	UNKNOWN STEP	2026-09-17T11:18:48.1119560Z packages/solver/tests/test_solver_skill.py:10: error: Item "None" of "Loader | Any | None" has no attribute "exec_module"  [union-attr]
01 lint + type	UNKNOWN STEP	2026-09-17T11:18:48.1134445Z packages/opsengine/tests/test_ops_skills.py:9: error: Argument 1 to "module_from_spec" has incompatible type "ModuleSpec | None"; expected "ModuleSpec"  [arg-type]
01 lint + type	UNKNOWN STEP	2026-09-17T11:18:48.1135060Z packages/opsengine/tests/test_ops_skills.py:10: error: Item "None" of "ModuleSpec | None" has no attribute "loader"  [union-attr]
01 lint + type	UNKNOWN STEP	2026-09-17T11:18:48.1135554Z packages/opsengine/tests/test_ops_skills.py:10: error: Item "None" of "Loader | Any | None" has no attribute "exec_module"  [union-attr]
01 lint + type	UNKNOWN STEP	2026-09-17T11:18:48.1136169Z packages/opsengine/tests/test_ops_skills.py:16: error: Argument 1 to "module_from_spec" has incompatible type "ModuleSpec | None"; expected "ModuleSpec"  [arg-type]
01 lint + type	UNKNOWN STEP	2026-09-17T11:18:48.1136707Z packages/opsengine/tests/test_ops_skills.py:17: error: Item "None" of "ModuleSpec | None" has no attribute "loader"  [union-attr]
01 lint + type	UNKNOWN STEP	2026-09-17T11:18:48.1137183Z packages/opsengine/tests/test_ops_skills.py:17: error: Item "None" of "Loader | Any | None" has no attribute "exec_module"  [union-attr]
01 lint + type	UNKNOWN STEP	2026-09-17T11:18:48.1153381Z packages/gates/tests/test_gate_skill.py:9: error: Argument 1 to "module_from_spec" has incompatible type "ModuleSpec | None"; expected "ModuleSpec"  [arg-type]
01 lint + type	UNKNOWN STEP	2026-09-17T11:18:48.1154009Z packages/gates/tests/test_gate_skill.py:10: error: Item "None" of "ModuleSpec | None" has no attribute "loader"  [union-attr]
01 lint + type	UNKNOWN STEP	2026-09-17T11:18:48.1154473Z packages/gates/tests/test_gate_skill.py:10: error: Item "None" of "Loader | Any | None" has no attribute "exec_module"  [union-attr]
01 lint + type	UNKNOWN STEP	2026-09-17T11:18:48.1675992Z packages/contracts/src/ca_contracts/catchment_survey_v2.py:144: error: Class cannot subclass "BaseModel" (has type "Any")  [misc]
01 lint + type	UNKNOWN STEP	2026-09-17T11:18:48.1676531Z packages/contracts/src/ca_contracts/catchment_survey_v2.py:155: error: Class cannot subclass "BaseModel" (has type "Any")  [misc]
01 lint + type	UNKNOWN STEP	2026-09-17T11:18:48.1682109Z packages/contracts/src/ca_contracts/catchment_survey_v2.py:173: error: Class cannot subclass "BaseModel" (has type "Any")  [misc]
01 lint + type	UNKNOWN STEP	2026-09-17T11:18:48.1682905Z packages/contracts/src/ca_contracts/catchment_survey_v2.py:197: error: Untyped decorator makes function "_schema_version_phai_dung_dinh_dang" untyped  [untyped-decorator]
01 lint + type	UNKNOWN STEP	2026-09-17T11:18:48.1683467Z packages/contracts/src/ca_contracts/catchment_survey_v2.py:210: error: Class cannot subclass "BaseModel" (has type "Any")  [misc]
01 lint + type	UNKNOWN STEP	2026-09-17T11:18:48.1683949Z packages/contracts/src/ca_contracts/catchment_survey_v2.py:243: error: Class cannot subclass "BaseModel" (has type "Any")  [misc]
01 lint + type	UNKNOWN STEP	2026-09-17T11:18:48.1684725Z packages/contracts/src/ca_contracts/catchment_survey_v2.py:269: error: Class cannot subclass "BaseModel" (has type "Any")  [misc]
01 lint + type	UNKNOWN STEP	2026-09-17T11:18:48.1685314Z packages/contracts/src/ca_contracts/catchment_survey_v2.py:305: error: Class cannot subclass "BaseModel" (has type "Any")  [misc]
01 lint + type	UNKNOWN STEP	2026-09-17T11:18:48.1685791Z packages/contracts/src/ca_contracts/catchment_survey_v2.py:321: error: Class cannot subclass "BaseModel" (has type "Any")  [misc]
01 lint + type	UNKNOWN STEP	2026-09-17T11:18:48.1686266Z packages/contracts/src/ca_contracts/catchment_survey_v2.py:328: error: Class cannot subclass "BaseModel" (has type "Any")  [misc]
01 lint + type	UNKNOWN STEP	2026-09-17T11:18:48.1686743Z packages/contracts/src/ca_contracts/catchment_survey_v2.py:356: error: Class cannot subclass "BaseModel" (has type "Any")  [misc]
01 lint + type	UNKNOWN STEP	2026-09-17T11:18:48.1687227Z packages/contracts/src/ca_contracts/catchment_survey_v2.py:371: error: Class cannot subclass "BaseModel" (has type "Any")  [misc]
01 lint + type	UNKNOWN STEP	2026-09-17T11:18:48.1687713Z packages/contracts/src/ca_contracts/catchment_survey_v2.py:401: error: Class cannot subclass "BaseModel" (has type "Any")  [misc]
01 lint + type	UNKNOWN STEP	2026-09-17T11:18:48.1688254Z packages/contracts/src/ca_contracts/catchment_survey_v2.py:414: error: Class cannot subclass "BaseModel" (has type "Any")  [misc]
01 lint + type	UNKNOWN STEP	2026-09-17T11:18:48.1688730Z packages/contracts/src/ca_contracts/catchment_survey_v2.py:424: error: Class cannot subclass "BaseModel" (has type "Any")  [misc]
01 lint + type	UNKNOWN STEP	2026-09-17T11:18:48.1689209Z packages/contracts/src/ca_contracts/catchment_survey_v2.py:440: error: Class cannot subclass "BaseModel" (has type "Any")  [misc]
01 lint + type	UNKNOWN STEP	2026-09-17T11:18:48.1708481Z packages/contracts/src/ca_contracts/catchment_survey.py:18: error: Class cannot subclass "BaseModel" (has type "Any")  [misc]
01 lint + type	UNKNOWN STEP	2026-09-17T11:18:48.1709107Z packages/contracts/src/ca_contracts/catchment_survey.py:28: error: Class cannot subclass "BaseModel" (has type "Any")  [misc]
01 lint + type	UNKNOWN STEP	2026-09-17T11:18:48.1709676Z packages/contracts/src/ca_contracts/catchment_survey.py:50: error: Untyped decorator makes function "_sync_ids" untyped  [untyped-decorator]
01 lint + type	UNKNOWN STEP	2026-09-17T11:18:48.1710174Z packages/contracts/src/ca_contracts/catchment_survey.py:61: error: Class cannot subclass "BaseModel" (has type "Any")  [misc]
01 lint + type	UNKNOWN STEP	2026-09-17T11:18:48.1710643Z packages/contracts/src/ca_contracts/catchment_survey.py:77: error: Class cannot subclass "BaseModel" (has type "Any")  [misc]
01 lint + type	UNKNOWN STEP	2026-09-17T11:18:48.1711103Z packages/contracts/src/ca_contracts/catchment_survey.py:94: error: Class cannot subclass "BaseModel" (has type "Any")  [misc]
01 lint + type	UNKNOWN STEP	2026-09-17T11:18:48.1711571Z packages/contracts/src/ca_contracts/catchment_survey.py:104: error: Class cannot subclass "BaseModel" (has type "Any")  [misc]
01 lint + type	UNKNOWN STEP	2026-09-17T11:18:48.1712047Z packages/contracts/src/ca_contracts/catchment_survey.py:114: error: Class cannot subclass "BaseModel" (has type "Any")  [misc]
01 lint + type	UNKNOWN STEP	2026-09-17T11:18:48.1712515Z packages/contracts/src/ca_contracts/catchment_survey.py:127: error: Class cannot subclass "BaseModel" (has type "Any")  [misc]
01 lint + type	UNKNOWN STEP	2026-09-17T11:18:48.1712987Z packages/contracts/src/ca_contracts/catchment_survey.py:138: error: Class cannot subclass "BaseModel" (has type "Any")  [misc]
01 lint + type	UNKNOWN STEP	2026-09-17T11:18:48.1713538Z packages/contracts/src/ca_contracts/catchment_survey.py:168: error: Class cannot subclass "BaseModel" (has type "Any")  [misc]
01 lint + type	UNKNOWN STEP	2026-09-17T11:18:48.1719056Z packages/agents/tests/test_no_network.py:11: error: Untyped decorator makes function "_block_network_in_replay" untyped  [untyped-decorator]
01 lint + type	UNKNOWN STEP	2026-09-17T11:18:48.3257415Z packages/contracts/src/ca_contracts/trend_item.py:14: error: Class cannot subclass "BaseModel" (has type "Any")  [misc]
01 lint + type	UNKNOWN STEP	2026-09-17T11:18:48.3274856Z packages/contracts/src/ca_contracts/threads_trending.py:21: error: Class cannot subclass "BaseModel" (has type "Any")  [misc]
01 lint + type	UNKNOWN STEP	2026-09-17T11:18:48.3275861Z packages/contracts/src/ca_contracts/threads_trending.py:36: error: Untyped decorator makes function "_strip_whitespace" untyped  [untyped-decorator]
01 lint + type	UNKNOWN STEP	2026-09-17T11:18:48.3276767Z packages/contracts/src/ca_contracts/threads_trending.py:42: error: Class cannot subclass "BaseModel" (has type "Any")  [misc]
01 lint + type	UNKNOWN STEP	2026-09-17T11:18:48.3278083Z packages/contracts/src/ca_contracts/threads_trending.py:49: error: Untyped decorator makes function "_ranks_unique_and_sorted" untyped  [untyped-decorator]
01 lint + type	UNKNOWN STEP	2026-09-17T11:18:48.4509635Z packages/playbook/tests/test_derive.py:8: error: Missing type arguments for generic type "dict"  [type-arg]
01 lint + type	UNKNOWN STEP	2026-09-17T11:18:48.4710633Z packages/contracts/tests/test_trend_contracts.py:49: error: Unused "type: ignore" comment  [unused-ignore]
01 lint + type	UNKNOWN STEP	2026-09-17T11:18:48.4832958Z packages/contracts/src/ca_contracts/__init__.py:10: error: Name "StrEnum" already defined (possibly by an import)  [no-redef]
01 lint + type	UNKNOWN STEP	2026-09-17T11:18:48.4833597Z packages/contracts/src/ca_contracts/__init__.py:24: error: Class cannot subclass "BaseModel" (has type "Any")  [misc]
01 lint + type	UNKNOWN STEP	2026-09-17T11:18:48.4834067Z packages/contracts/src/ca_contracts/__init__.py:32: error: Class cannot subclass "BaseModel" (has type "Any")  [misc]
01 lint + type	UNKNOWN STEP	2026-09-17T11:18:48.4834562Z packages/contracts/src/ca_contracts/__init__.py:41: error: Class cannot subclass "BaseModel" (has type "Any")  [misc]
01 lint + type	UNKNOWN STEP	2026-09-17T11:18:48.4835012Z packages/contracts/src/ca_contracts/__init__.py:63: error: Class cannot subclass "BaseModel" (has type "Any")  [misc]
01 lint + type	UNKNOWN STEP	2026-09-17T11:18:48.4835464Z packages/contracts/src/ca_contracts/__init__.py:69: error: Class cannot subclass "BaseModel" (has type "Any")  [misc]
01 lint + type	UNKNOWN STEP	2026-09-17T11:18:48.4835905Z packages/contracts/src/ca_contracts/__init__.py:76: error: Class cannot subclass "BaseModel" (has type "Any")  [misc]
01 lint + type	UNKNOWN STEP	2026-09-17T11:18:48.4836349Z packages/contracts/src/ca_contracts/__init__.py:86: error: Class cannot subclass "BaseModel" (has type "Any")  [misc]
01 lint + type	UNKNOWN STEP	2026-09-17T11:18:48.4836790Z packages/contracts/src/ca_contracts/__init__.py:93: error: Class cannot subclass "BaseModel" (has type "Any")  [misc]
01 lint + type	UNKNOWN STEP	2026-09-17T11:18:48.4837239Z packages/contracts/src/ca_contracts/__init__.py:105: error: Class cannot subclass "BaseModel" (has type "Any")  [misc]
01 lint + type	UNKNOWN STEP	2026-09-17T11:18:48.4837690Z packages/contracts/src/ca_contracts/__init__.py:116: error: Class cannot subclass "BaseModel" (has type "Any")  [misc]
01 lint + type	UNKNOWN STEP	2026-09-17T11:18:48.4838131Z packages/contracts/src/ca_contracts/__init__.py:123: error: Class cannot subclass "BaseModel" (has type "Any")  [misc]
01 lint + type	UNKNOWN STEP	2026-09-17T11:18:48.4838578Z packages/contracts/src/ca_contracts/__init__.py:149: error: Class cannot subclass "BaseModel" (has type "Any")  [misc]
01 lint + type	UNKNOWN STEP	2026-09-17T11:18:48.4839019Z packages/contracts/src/ca_contracts/__init__.py:162: error: Class cannot subclass "BaseModel" (has type "Any")  [misc]
01 lint + type	UNKNOWN STEP	2026-09-17T11:18:48.4839615Z packages/contracts/src/ca_contracts/__init__.py:178: error: Class cannot subclass "BaseModel" (has type "Any")  [misc]
01 lint + type	UNKNOWN STEP	2026-09-17T11:18:48.4840300Z packages/contracts/src/ca_contracts/__init__.py:194: error: Class cannot subclass "BaseModel" (has type "Any")  [misc]
01 lint + type	UNKNOWN STEP	2026-09-17T11:18:48.4840995Z packages/contracts/src/ca_contracts/__init__.py:201: error: Class cannot subclass "BaseModel" (has type "Any")  [misc]
01 lint + type	UNKNOWN STEP	2026-09-17T11:18:48.4841684Z packages/contracts/src/ca_contracts/__init__.py:208: error: Class cannot subclass "BaseModel" (has type "Any")  [misc]
01 lint + type	UNKNOWN STEP	2026-09-17T11:18:48.4842370Z packages/contracts/src/ca_contracts/__init__.py:216: error: Class cannot subclass "BaseModel" (has type "Any")  [misc]
01 lint + type	UNKNOWN STEP	2026-09-17T11:18:48.4843048Z packages/contracts/src/ca_contracts/__init__.py:224: error: Class cannot subclass "BaseModel" (has type "Any")  [misc]
01 lint + type	UNKNOWN STEP	2026-09-17T11:18:48.4843616Z packages/contracts/src/ca_contracts/__init__.py:233: error: Class cannot subclass "BaseModel" (has type "Any")  [misc]
01 lint + type	UNKNOWN STEP	2026-09-17T11:18:48.4844065Z packages/contracts/src/ca_contracts/__init__.py:259: error: Class cannot subclass "BaseModel" (has type "Any")  [misc]
01 lint + type	UNKNOWN STEP	2026-09-17T11:18:48.4844514Z packages/contracts/src/ca_contracts/__init__.py:420: error: Class cannot subclass "BaseModel" (has type "Any")  [misc]
01 lint + type	UNKNOWN STEP	2026-09-17T11:18:48.4844963Z packages/contracts/src/ca_contracts/__init__.py:429: error: Class cannot subclass "BaseModel" (has type "Any")  [misc]
01 lint + type	UNKNOWN STEP	2026-09-17T11:18:48.4845653Z packages/contracts/src/ca_contracts/__init__.py:434: error: Class cannot subclass "BaseModel" (has type "Any")  [misc]
01 lint + type	UNKNOWN STEP	2026-09-17T11:18:48.4846101Z packages/contracts/src/ca_contracts/__init__.py:452: error: Class cannot subclass "BaseModel" (has type "Any")  [misc]
01 lint + type	UNKNOWN STEP	2026-09-17T11:18:48.4846645Z packages/contracts/src/ca_contracts/__init__.py:467: error: Class cannot subclass "BaseModel" (has type "Any")  [misc]
01 lint + type	UNKNOWN STEP	2026-09-17T11:18:48.4847091Z packages/contracts/src/ca_contracts/__init__.py:677: error: Class cannot subclass "BaseModel" (has type "Any")  [misc]
01 lint + type	UNKNOWN STEP	2026-09-17T11:18:48.4847537Z packages/contracts/src/ca_contracts/__init__.py:693: error: Class cannot subclass "BaseModel" (has type "Any")  [misc]
01 lint + type	UNKNOWN STEP	2026-09-17T11:18:48.4847984Z packages/contracts/src/ca_contracts/__init__.py:698: error: Class cannot subclass "BaseModel" (has type "Any")  [misc]
01 lint + type	UNKNOWN STEP	2026-09-17T11:18:48.4848432Z packages/contracts/src/ca_contracts/__init__.py:706: error: Class cannot subclass "BaseModel" (has type "Any")  [misc]
01 lint + type	UNKNOWN STEP	2026-09-17T11:18:48.4848887Z packages/contracts/src/ca_contracts/__init__.py:727: error: Class cannot subclass "BaseModel" (has type "Any")  [misc]
01 lint + type	UNKNOWN STEP	2026-09-17T11:18:48.4849422Z packages/contracts/src/ca_contracts/__init__.py:732: error: Class cannot subclass "BaseModel" (has type "Any")  [misc]
01 lint + type	UNKNOWN STEP	2026-09-17T11:18:48.4849873Z packages/contracts/src/ca_contracts/__init__.py:760: error: Class cannot subclass "BaseModel" (has type "Any")  [misc]
01 lint + type	UNKNOWN STEP	2026-09-17T11:18:48.4850325Z packages/contracts/src/ca_contracts/__init__.py:774: error: Class cannot subclass "BaseModel" (has type "Any")  [misc]
01 lint + type	UNKNOWN STEP	2026-09-17T11:18:48.4850767Z packages/contracts/src/ca_contracts/__init__.py:794: error: Class cannot subclass "BaseModel" (has type "Any")  [misc]
01 lint + type	UNKNOWN STEP	2026-09-17T11:18:48.4851214Z packages/contracts/src/ca_contracts/__init__.py:801: error: Class cannot subclass "BaseModel" (has type "Any")  [misc]
01 lint + type	UNKNOWN STEP	2026-09-17T11:18:48.4851659Z packages/contracts/src/ca_contracts/__init__.py:809: error: Class cannot subclass "BaseModel" (has type "Any")  [misc]
01 lint + type	UNKNOWN STEP	2026-09-17T11:18:48.4852111Z packages/contracts/src/ca_contracts/__init__.py:838: error: Class cannot subclass "BaseModel" (has type "Any")  [misc]
01 lint + type	UNKNOWN STEP	2026-09-17T11:18:48.5056414Z packages/agents/tests/test_substitute_taxonomy.py:57: error: Untyped decorator makes function "test_normalize_category_name_chuan_hoa_dung" untyped  [untyped-decorator]
01 lint + type	UNKNOWN STEP	2026-09-17T11:18:48.5057249Z packages/agents/tests/test_substitute_taxonomy.py:190: error: Untyped decorator makes function "test_parse_version_phai_la_so_nguyen_lon_hon_hoac_bang_1" untyped  [untyped-decorator]
01 lint + type	UNKNOWN STEP	2026-09-17T11:18:48.5057978Z packages/agents/tests/test_substitute_taxonomy.py:198: error: Untyped decorator makes function "test_parse_schema_version_phai_la_so_nguyen_lon_hon_hoac_bang_1" untyped  [untyped-decorator]
01 lint + type	UNKNOWN STEP	2026-09-17T11:18:48.5136529Z packages/agents/tests/test_pricing_math_properties.py:79: error: Unused "type: ignore" comment  [unused-ignore]
01 lint + type	UNKNOWN STEP	2026-09-17T11:18:48.5137260Z packages/agents/tests/test_pricing_math_properties.py:85: error: Untyped decorator makes function "test_bat_bien_1_phan_vi_luon_don_dieu" untyped  [untyped-decorator]
01 lint + type	UNKNOWN STEP	2026-09-17T11:18:48.5137914Z packages/agents/tests/test_pricing_math_properties.py:86: error: Untyped decorator makes function "test_bat_bien_1_phan_vi_luon_don_dieu" untyped  [untyped-decorator]
01 lint + type	UNKNOWN STEP	2026-09-17T11:18:48.5138578Z packages/agents/tests/test_pricing_math_properties.py:100: error: Untyped decorator makes function "test_bat_bien_1_phan_vi_don_dieu_theo_q" untyped  [untyped-decorator]
01 lint + type	UNKNOWN STEP	2026-09-17T11:18:48.5139233Z packages/agents/tests/test_pricing_math_properties.py:101: error: Untyped decorator makes function "test_bat_bien_1_phan_vi_don_dieu_theo_q" untyped  [untyped-decorator]
01 lint + type	UNKNOWN STEP	2026-09-17T11:18:48.5140138Z packages/agents/tests/test_pricing_math_properties.py:108: error: Untyped decorator makes function "test_bat_bien_insufficient_data_khop_dung_dieu_kien" untyped  [untyped-decorator]
01 lint + type	UNKNOWN STEP	2026-09-17T11:18:48.5141006Z packages/agents/tests/test_pricing_math_properties.py:109: error: Untyped decorator makes function "test_bat_bien_insufficient_data_khop_dung_dieu_kien" untyped  [untyped-decorator]
01 lint + type	UNKNOWN STEP	2026-09-17T11:18:48.5141694Z packages/agents/tests/test_pricing_math_properties.py:126: error: Untyped decorator makes function "test_bat_bien_2_wr_nam_giua_rating_va_prior" untyped  [untyped-decorator]
01 lint + type	UNKNOWN STEP	2026-09-17T11:18:48.5142455Z packages/agents/tests/test_pricing_math_properties.py:127: error: Untyped decorator makes function "test_bat_bien_2_wr_nam_giua_rating_va_prior" untyped  [untyped-decorator]
01 lint + type	UNKNOWN STEP	2026-09-17T11:18:48.5143107Z packages/agents/tests/test_pricing_math_properties.py:139: error: Untyped decorator makes function "test_bat_bien_2_wr_voi_prior_chuan_4_2" untyped  [untyped-decorator]
01 lint + type	UNKNOWN STEP	2026-09-17T11:18:48.5143752Z packages/agents/tests/test_pricing_math_properties.py:140: error: Untyped decorator makes function "test_bat_bien_2_wr_voi_prior_chuan_4_2" untyped  [untyped-decorator]
01 lint + type	UNKNOWN STEP	2026-09-17T11:18:48.5144413Z packages/agents/tests/test_pricing_math_properties.py:149: error: Untyped decorator makes function "test_bat_bien_2_wr_tien_ve_rating_khi_mau_lon" untyped  [untyped-decorator]
01 lint + type	UNKNOWN STEP	2026-09-17T11:18:48.5145087Z packages/agents/tests/test_pricing_math_properties.py:150: error: Untyped decorator makes function "test_bat_bien_2_wr_tien_ve_rating_khi_mau_lon" untyped  [untyped-decorator]
01 lint + type	UNKNOWN STEP	2026-09-17T11:18:48.5145768Z packages/agents/tests/test_pricing_math_properties.py:165: error: Untyped decorator makes function "test_bat_bien_3_ambi_nam_trong_khoang_trung_vi" untyped  [untyped-decorator]
01 lint + type	UNKNOWN STEP	2026-09-17T11:18:48.5146445Z packages/agents/tests/test_pricing_math_properties.py:166: error: Untyped decorator makes function "test_bat_bien_3_ambi_nam_trong_khoang_trung_vi" untyped  [untyped-decorator]
01 lint + type	UNKNOWN STEP	2026-09-17T11:18:48.5147113Z packages/agents/tests/test_pricing_math_properties.py:185: error: Untyped decorator makes function "test_bat_bien_3_ambi_voi_trong_so_chuan_0_5" untyped  [untyped-decorator]
01 lint + type	UNKNOWN STEP	2026-09-17T11:18:48.5147781Z packages/agents/tests/test_pricing_math_properties.py:186: error: Untyped decorator makes function "test_bat_bien_3_ambi_voi_trong_so_chuan_0_5" untyped  [untyped-decorator]
01 lint + type	UNKNOWN STEP	2026-09-17T11:18:48.5148477Z packages/agents/tests/test_pricing_math_properties.py:198: error: Untyped decorator makes function "test_bat_bien_3_ambi_khong_co_substitute_thi_bang_core" untyped  [untyped-decorator]
01 lint + type	UNKNOWN STEP	2026-09-17T11:18:48.5149191Z packages/agents/tests/test_pricing_math_properties.py:199: error: Untyped decorator makes function "test_bat_bien_3_ambi_khong_co_substitute_thi_bang_core" untyped  [untyped-decorator]
01 lint + type	UNKNOWN STEP	2026-09-17T11:18:48.5149980Z packages/agents/tests/test_pricing_math_properties.py:209: error: Untyped decorator makes function "test_bat_bien_3_vung_rui_ro_luon_lon_hon_hoac_bang_ambi" untyped  [untyped-decorator]
01 lint + type	UNKNOWN STEP	2026-09-17T11:18:48.5150691Z packages/agents/tests/test_pricing_math_properties.py:210: error: Untyped decorator makes function "test_bat_bien_3_vung_rui_ro_luon_lon_hon_hoac_bang_ambi" untyped  [untyped-decorator]
01 lint + type	UNKNOWN STEP	2026-09-17T11:18:48.5151423Z packages/agents/tests/test_pricing_math_properties.py:221: error: Untyped decorator makes function "test_bat_bien_4_lam_tron_khong_lech_qua_nua_buoc" untyped  [untyped-decorator]
01 lint + type	UNKNOWN STEP	2026-09-17T11:18:48.5152142Z packages/agents/tests/test_pricing_math_properties.py:222: error: Untyped decorator makes function "test_bat_bien_4_lam_tron_khong_lech_qua_nua_buoc" untyped  [untyped-decorator]
01 lint + type	UNKNOWN STEP	2026-09-17T11:18:48.5152852Z packages/agents/tests/test_pricing_math_properties.py:243: error: Untyped decorator makes function "test_bat_bien_4_sweet_spot_display_lech_raw_trong_nua_buoc" untyped  [untyped-decorator]
01 lint + type	UNKNOWN STEP	2026-09-17T11:18:48.5153582Z packages/agents/tests/test_pricing_math_properties.py:244: error: Untyped decorator makes function "test_bat_bien_4_sweet_spot_display_lech_raw_trong_nua_buoc" untyped  [untyped-decorator]
01 lint + type	UNKNOWN STEP	2026-09-17T11:18:48.5154295Z packages/agents/tests/test_pricing_math_properties.py:273: error: Untyped decorator makes function "test_bat_bien_sweet_spot_co_inverted_dung_dieu_kien" untyped  [untyped-decorator]
01 lint + type	UNKNOWN STEP	2026-09-17T11:18:48.5155089Z packages/agents/tests/test_pricing_math_properties.py:274: error: Untyped decorator makes function "test_bat_bien_sweet_spot_co_inverted_dung_dieu_kien" untyped  [untyped-decorator]
01 lint + type	UNKNOWN STEP	2026-09-17T11:18:48.5155772Z packages/agents/tests/test_pricing_math_properties.py:296: error: Untyped decorator makes function "test_bat_bien_sweet_spot_high_khong_vuot_ambi" untyped  [untyped-decorator]
01 lint + type	UNKNOWN STEP	2026-09-17T11:18:48.5156533Z packages/agents/tests/test_pricing_math_properties.py:297: error: Untyped decorator makes function "test_bat_bien_sweet_spot_high_khong_vuot_ambi" untyped  [untyped-decorator]
01 lint + type	UNKNOWN STEP	2026-09-17T11:18:48.5157230Z packages/agents/tests/test_pricing_math_properties.py:308: error: Untyped decorator makes function "test_bat_bien_competitive_intensity_khong_am_khong_nan" untyped  [untyped-decorator]
01 lint + type	UNKNOWN STEP	2026-09-17T11:18:48.5157947Z packages/agents/tests/test_pricing_math_properties.py:309: error: Untyped decorator makes function "test_bat_bien_competitive_intensity_khong_am_khong_nan" untyped  [untyped-decorator]
01 lint + type	UNKNOWN STEP	2026-09-17T11:18:48.5174511Z packages/agents/tests/test_pricing_math_properties.py:322: error: Untyped decorator makes function "test_bat_bien_distance_decay_nam_trong_0_1" untyped  [untyped-decorator]
01 lint + type	UNKNOWN STEP	2026-09-17T11:18:48.5175647Z packages/agents/tests/test_pricing_math_properties.py:323: error: Untyped decorator makes function "test_bat_bien_distance_decay_nam_trong_0_1" untyped  [untyped-decorator]
01 lint + type	UNKNOWN STEP	2026-09-17T11:18:48.5176394Z packages/agents/tests/test_pricing_math_properties.py:332: error: Untyped decorator makes function "test_bat_bien_sample_weight_chi_nhan_ba_gia_tri" untyped  [untyped-decorator]
01 lint + type	UNKNOWN STEP	2026-09-17T11:18:48.5177088Z packages/agents/tests/test_pricing_math_properties.py:333: error: Untyped decorator makes function "test_bat_bien_sample_weight_chi_nhan_ba_gia_tri" untyped  [untyped-decorator]
01 lint + type	UNKNOWN STEP	2026-09-17T11:18:48.5177776Z packages/agents/tests/test_pricing_math_properties.py:357: error: Untyped decorator makes function "test_bat_bien_passes_gates_dung_chu_cong_thuc" untyped  [untyped-decorator]
01 lint + type	UNKNOWN STEP	2026-09-17T11:18:48.5178482Z packages/agents/tests/test_pricing_math_properties.py:358: error: Untyped decorator makes function "test_bat_bien_passes_gates_dung_chu_cong_thuc" untyped  [untyped-decorator]
01 lint + type	UNKNOWN STEP	2026-09-17T11:18:48.5179180Z packages/agents/tests/test_pricing_math_properties.py:383: error: Untyped decorator makes function "test_bat_bien_min_viable_price_khong_thap_hon_cogs" untyped  [untyped-decorator]
01 lint + type	UNKNOWN STEP	2026-09-17T11:18:48.5180133Z packages/agents/tests/test_pricing_math_properties.py:384: error: Untyped decorator makes function "test_bat_bien_min_viable_price_khong_thap_hon_cogs" untyped  [untyped-decorator]
01 lint + type	UNKNOWN STEP	2026-09-17T11:18:48.5180874Z packages/agents/tests/test_pricing_math_properties.py:393: error: Untyped decorator makes function "test_bat_bien_cost_plus_warning_chi_true_khi_tran_thap_hon_hoa_von" untyped  [untyped-decorator]
01 lint + type	UNKNOWN STEP	2026-09-17T11:18:48.5182982Z packages/agents/tests/test_pricing_math_properties.py:394: error: Untyped decorator makes function "test_bat_bien_cost_plus_warning_chi_true_khi_tran_thap_hon_hoa_von" untyped  [untyped-decorator]
01 lint + type	UNKNOWN STEP	2026-09-17T11:18:48.5183701Z packages/agents/tests/test_pricing_math_properties.py:403: error: Untyped decorator makes function "test_bat_bien_price_zone_tra_ve_dung_ba_ma" untyped  [untyped-decorator]
01 lint + type	UNKNOWN STEP	2026-09-17T11:18:48.5184376Z packages/agents/tests/test_pricing_math_properties.py:404: error: Untyped decorator makes function "test_bat_bien_price_zone_tra_ve_dung_ba_ma" untyped  [untyped-decorator]
01 lint + type	UNKNOWN STEP	2026-09-17T11:18:48.5185089Z packages/agents/tests/test_pricing_math_properties.py:419: error: Untyped decorator makes function "test_bat_bien_is_valid_price_khong_bao_gio_true_voi_nan_hay_inf" untyped  [untyped-decorator]
01 lint + type	UNKNOWN STEP	2026-09-17T11:18:48.5185838Z packages/agents/tests/test_pricing_math_properties.py:420: error: Untyped decorator makes function "test_bat_bien_is_valid_price_khong_bao_gio_true_voi_nan_hay_inf" untyped  [untyped-decorator]
01 lint + type	UNKNOWN STEP	2026-09-17T11:18:48.5616678Z packages/agents/src/ca_agents/clients/camoufox_client.py:128: error: Unused "type: ignore" comment  [unused-ignore]
01 lint + type	UNKNOWN STEP	2026-09-17T11:18:48.5660754Z packages/agents/tests/test_pricing_job_manager.py:39: error: Returning Any from function declared to return "CatchmentSurveyRequest"  [no-any-return]
01 lint + type	UNKNOWN STEP	2026-09-17T11:18:48.5661942Z packages/agents/tests/test_pricing_job_manager.py:42: error: Untyped decorator makes function "_clean_global_store" untyped  [untyped-decorator]
01 lint + type	UNKNOWN STEP	2026-09-17T11:18:48.5662835Z packages/agents/tests/test_pricing_job_manager.py:49: error: Untyped decorator makes function "store" untyped  [untyped-decorator]
01 lint + type	UNKNOWN STEP	2026-09-17T11:18:48.5663823Z packages/agents/tests/test_pricing_job_manager.py:105: error: Untyped decorator makes function "test_failed_is_reachable_from_every_state" untyped  [untyped-decorator]
01 lint + type	UNKNOWN STEP	2026-09-17T11:18:48.5664935Z packages/agents/tests/test_pricing_job_manager.py:114: error: Untyped decorator makes function "test_terminal_states_have_no_exits" untyped  [untyped-decorator]
01 lint + type	UNKNOWN STEP	2026-09-17T11:18:48.5908558Z packages/contracts/tests/test_copilot_contracts.py:57: error: Item "None" of "ActionProposal | None" has no attribute "action_id"  [union-attr]
01 lint + type	UNKNOWN STEP	2026-09-17T11:18:48.5943187Z packages/contracts/tests/test_contracts.py:33: error: Function is missing a return type annotation  [no-untyped-def]
01 lint + type	UNKNOWN STEP	2026-09-17T11:18:48.5944120Z packages/contracts/tests/test_contracts.py:73: error: Call to untyped function "_load_export_contracts" in typed context  [no-untyped-call]
01 lint + type	UNKNOWN STEP	2026-09-17T11:18:48.5944957Z packages/contracts/tests/test_contracts.py:74: error: "type[object]" has no attribute "model_json_schema"  [attr-defined]
01 lint + type	UNKNOWN STEP	2026-09-17T11:18:48.5945660Z packages/contracts/tests/test_contracts.py:201: error: Unused "type: ignore" comment  [unused-ignore]
01 lint + type	UNKNOWN STEP	2026-09-17T11:18:48.5946300Z packages/contracts/tests/test_contracts.py:207: error: Unused "type: ignore" comment  [unused-ignore]
01 lint + type	UNKNOWN STEP	2026-09-17T11:18:48.6028341Z packages/contracts/tests/test_catchment_survey_v2_contracts.py:59: error: Unused "type: ignore" comment  [unused-ignore]
01 lint + type	UNKNOWN STEP	2026-09-17T11:18:48.6029449Z packages/contracts/tests/test_catchment_survey_v2_contracts.py:73: error: Unused "type: ignore" comment  [unused-ignore]
01 lint + type	UNKNOWN STEP	2026-09-17T11:18:48.6030498Z packages/contracts/tests/test_catchment_survey_v2_contracts.py:161: error: Untyped decorator makes function "test_schema_major_trich_dung_phan_major" untyped  [untyped-decorator]
01 lint + type	UNKNOWN STEP	2026-09-17T11:18:48.6031440Z packages/contracts/tests/test_catchment_survey_v2_contracts.py:232: error: Unused "type: ignore" comment  [unused-ignore]
01 lint + type	UNKNOWN STEP	2026-09-17T11:18:48.6032208Z packages/contracts/tests/test_catchment_survey_v2_contracts.py:334: error: Unused "type: ignore" comment  [unused-ignore]
01 lint + type	UNKNOWN STEP	2026-09-17T11:18:48.6032958Z packages/contracts/tests/test_catchment_survey_v2_contracts.py:433: error: Unused "type: ignore" comment  [unused-ignore]
01 lint + type	UNKNOWN STEP	2026-09-17T11:18:48.6033745Z packages/contracts/tests/test_catchment_survey_v2_contracts.py:449: error: Unused "type: ignore" comment  [unused-ignore]
01 lint + type	UNKNOWN STEP	2026-09-17T11:18:48.6823660Z apps/api/src/ca_api/persist.py:1669: error: Returning Any from function declared to return "bool"  [no-any-return]
01 lint + type	UNKNOWN STEP	2026-09-17T11:18:48.6824249Z apps/api/src/ca_api/persist.py:1973: error: Returning Any from function declared to return "dict[str, list[str]]"  [no-any-return]
01 lint + type	UNKNOWN STEP	2026-09-17T11:18:48.6863419Z packages/agents/tests/test_ag_squad.py:8: error: Function is missing a return type annotation  [no-untyped-def]
01 lint + type	UNKNOWN STEP	2026-09-17T11:18:48.6864174Z packages/agents/tests/test_ag_squad.py:8: note: Use "-> None" if function does not return a value
01 lint + type	UNKNOWN STEP	2026-09-17T11:18:48.6864858Z packages/agents/tests/test_ag_squad.py:25: error: Function is missing a return type annotation  [no-untyped-def]
01 lint + type	UNKNOWN STEP	2026-09-17T11:18:48.6865488Z packages/agents/tests/test_ag_squad.py:25: note: Use "-> None" if function does not return a value
01 lint + type	UNKNOWN STEP	2026-09-17T11:18:48.6866119Z packages/agents/tests/test_ag_squad.py:42: error: Function is missing a return type annotation  [no-untyped-def]
01 lint + type	UNKNOWN STEP	2026-09-17T11:18:48.6866745Z packages/agents/tests/test_ag_squad.py:42: note: Use "-> None" if function does not return a value
01 lint + type	UNKNOWN STEP	2026-09-17T11:18:48.6867385Z packages/agents/tests/test_ag_squad.py:89: error: Function is missing a return type annotation  [no-untyped-def]
01 lint + type	UNKNOWN STEP	2026-09-17T11:18:48.6868368Z packages/agents/tests/test_ag_squad.py:89: note: Use "-> None" if function does not return a value
01 lint + type	UNKNOWN STEP	2026-09-17T11:18:48.6876316Z packages/agents/tests/conftest.py:8: error: Untyped decorator makes function "_default_to_replay" untyped  [untyped-decorator]
01 lint + type	UNKNOWN STEP	2026-09-17T11:18:48.7581074Z packages/agents/tests/test_fb_policy.py:33: error: Untyped decorator makes function "test_autonomous_default_intents_auto_send" untyped  [untyped-decorator]
01 lint + type	UNKNOWN STEP	2026-09-17T11:18:48.7582836Z packages/agents/tests/test_fb_policy.py:95: error: Untyped decorator makes function "test_mß╗Ñc_4_1_health_safety_escalates" untyped  [untyped-decorator]
01 lint + type	UNKNOWN STEP	2026-09-17T11:18:48.7583948Z packages/agents/tests/test_fb_policy.py:113: error: Untyped decorator makes function "test_mß╗Ñc_4_2_legal_threat_escalates" untyped  [untyped-decorator]
01 lint + type	UNKNOWN STEP	2026-09-17T11:18:48.7585063Z packages/agents/tests/test_fb_policy.py:166: error: Untyped decorator makes function "test_mß╗Ñc_4_5_customer_asked_human_escalates" untyped  [untyped-decorator]
01 lint + type	UNKNOWN STEP	2026-09-17T11:18:48.7586228Z packages/agents/tests/test_fb_policy.py:184: error: Untyped decorator makes function "test_mß╗Ñc_4_6_hostile_escalation_priority" untyped  [untyped-decorator]
01 lint + type	UNKNOWN STEP	2026-09-17T11:18:48.7587312Z packages/agents/tests/test_fb_policy.py:201: error: Untyped decorator makes function "test_mß╗Ñc_4_7_internal_scope_escalates" untyped  [untyped-decorator]
01 lint + type	UNKNOWN STEP	2026-09-17T11:18:48.7588311Z packages/agents/tests/test_fb_policy.py:238: error: Untyped decorator makes function "test_keyword_match_survives_evasion_and_case" untyped  [untyped-decorator]
01 lint + type	UNKNOWN STEP	2026-09-17T11:18:48.8298672Z packages/agents/src/ca_agents/ag_pricing/vision_menu_extractor.py:177: error: Unused "type: ignore" comment  [unused-ignore]
01 lint + type	UNKNOWN STEP	2026-09-17T11:18:48.8299754Z packages/agents/src/ca_agents/ag_pricing/vision_menu_extractor.py:274: error: Unused "type: ignore" comment  [unused-ignore]
01 lint + type	UNKNOWN STEP	2026-09-17T11:18:48.9762659Z packages/agents/src/ca_agents/ag_copilot/tool_registry.py:277: error: Item "None" of "Any | dict[Any, Any] | None" has no attribute "get"  [union-attr]
01 lint + type	UNKNOWN STEP	2026-09-17T11:18:48.9763688Z packages/agents/src/ca_agents/ag_copilot/tool_registry.py:280: error: Item "None" of "Any | dict[Any, Any] | None" has no attribute "get"  [union-attr]
01 lint + type	UNKNOWN STEP	2026-09-17T11:18:48.9764538Z packages/agents/src/ca_agents/ag_copilot/tool_registry.py:283: error: Item "None" of "Any | dict[Any, Any] | None" has no attribute "get"  [union-attr]
01 lint + type	UNKNOWN STEP	2026-09-17T11:18:48.9765380Z packages/agents/src/ca_agents/ag_copilot/tool_registry.py:288: error: Item "None" of "Any | dict[Any, Any] | None" has no attribute "get"  [union-attr]
01 lint + type	UNKNOWN STEP	2026-09-17T11:18:48.9766249Z packages/agents/src/ca_agents/ag_copilot/tool_registry.py:289: error: Item "None" of "Any | dict[Any, Any] | None" has no attribute "get"  [union-attr]
01 lint + type	UNKNOWN STEP	2026-09-17T11:18:48.9767130Z packages/agents/src/ca_agents/ag_copilot/tool_registry.py:1363: error: Item "None" of "Any | dict[Any, Any] | None" has no attribute "get"  [union-attr]
01 lint + type	UNKNOWN STEP	2026-09-17T11:18:48.9768093Z packages/agents/src/ca_agents/ag_copilot/tool_registry.py:1364: error: Incompatible types in assignment (expression has type "Any | None", variable has type "str")  [assignment]
01 lint + type	UNKNOWN STEP	2026-09-17T11:18:48.9769061Z packages/agents/src/ca_agents/ag_copilot/tool_registry.py:1364: error: Item "None" of "Any | dict[Any, Any] | None" has no attribute "get"  [union-attr]
01 lint + type	UNKNOWN STEP	2026-09-17T11:18:48.9844935Z packages/agents/tests/test_serpapi_client.py:23: error: Untyped decorator makes function "temp_cache_dir" untyped  [untyped-decorator]
01 lint + type	UNKNOWN STEP	2026-09-17T11:18:48.9845804Z packages/agents/tests/test_serpapi_client.py:30: error: Untyped decorator makes function "temp_quota_file" untyped  [untyped-decorator]
01 lint + type	UNKNOWN STEP	2026-09-17T11:18:49.1333044Z apps/api/src/ca_api/services/solver_adapter.py:108: error: Incompatible types in assignment (expression has type "Any | None", variable has type "tuple[str, str]")  [assignment]
01 lint + type	UNKNOWN STEP	2026-09-17T11:18:49.1334078Z apps/api/src/ca_api/services/solver_adapter.py:157: error: Item "None" of "Any | dict[Any, Any] | None" has no attribute "get"  [union-attr]
01 lint + type	UNKNOWN STEP	2026-09-17T11:18:49.1335193Z apps/api/src/ca_api/services/solver_adapter.py:160: error: Item "None" of "Any | dict[Any, Any] | None" has no attribute "get"  [union-attr]
01 lint + type	UNKNOWN STEP	2026-09-17T11:18:49.1336219Z apps/api/src/ca_api/services/solver_adapter.py:162: error: Item "None" of "Any | dict[Any, Any] | None" has no attribute "get"  [union-attr]
01 lint + type	UNKNOWN STEP	2026-09-17T11:18:49.1337003Z apps/api/src/ca_api/services/solver_adapter.py:163: error: Item "None" of "Any | dict[Any, Any] | None" has no attribute "get"  [union-attr]
01 lint + type	UNKNOWN STEP	2026-09-17T11:18:49.1337782Z apps/api/src/ca_api/services/solver_adapter.py:172: error: Item "None" of "Any | dict[Any, Any] | None" has no attribute "get"  [union-attr]
01 lint + type	UNKNOWN STEP	2026-09-17T11:18:49.1338584Z apps/api/src/ca_api/services/solver_adapter.py:173: error: Item "None" of "Any | dict[Any, Any] | None" has no attribute "get"  [union-attr]
01 lint + type	UNKNOWN STEP	2026-09-17T11:18:49.1520842Z apps/api/src/ca_api/services/fb_attachment_processor.py:140: error: Argument "source_channel" to "extract_menu_from_image" has incompatible type "str"; expected "ChannelMode"  [arg-type]
01 lint + type	UNKNOWN STEP	2026-09-17T11:18:49.1749211Z packages/agents/tests/test_smart_swap.py:13: error: Missing type arguments for generic type "dict"  [type-arg]
01 lint + type	UNKNOWN STEP	2026-09-17T11:18:49.1750215Z packages/agents/tests/test_smart_swap.py:22: error: Missing type arguments for generic type "dict"  [type-arg]
01 lint + type	UNKNOWN STEP	2026-09-17T11:18:49.1947894Z packages/agents/tests/test_shopeefood_serpapi_source.py:20: error: Untyped decorator makes function "sample_serpapi_payload" untyped  [untyped-decorator]
01 lint + type	UNKNOWN STEP	2026-09-17T11:18:49.1949033Z packages/agents/tests/test_shopeefood_serpapi_source.py:75: error: Untyped decorator makes function "sample_shopeefood_only_payload" untyped  [untyped-decorator]
01 lint + type	UNKNOWN STEP	2026-09-17T11:18:49.1984578Z packages/agents/tests/test_gmaps_serpapi_source.py:20: error: Untyped decorator makes function "sample_maps_fixture" untyped  [untyped-decorator]
01 lint + type	UNKNOWN STEP	2026-09-17T11:18:49.2096228Z packages/agents/tests/test_camoufox_client.py:50: error: Untyped decorator makes function "_reset_caches" untyped  [untyped-decorator]
01 lint + type	UNKNOWN STEP	2026-09-17T11:18:49.2097200Z packages/agents/tests/test_camoufox_client.py:51: error: Function is missing a return type annotation  [no-untyped-def]
01 lint + type	UNKNOWN STEP	2026-09-17T11:18:49.2098024Z packages/agents/tests/test_camoufox_client.py:83: error: Function is missing a return type annotation  [no-untyped-def]
01 lint + type	UNKNOWN STEP	2026-09-17T11:18:49.2098809Z packages/agents/tests/test_camoufox_client.py:89: error: Function is missing a return type annotation  [no-untyped-def]
01 lint + type	UNKNOWN STEP	2026-09-17T11:18:49.2099837Z packages/agents/tests/test_camoufox_client.py:99: error: Function is missing a return type annotation  [no-untyped-def]
01 lint + type	UNKNOWN STEP	2026-09-17T11:18:49.2100663Z packages/agents/tests/test_camoufox_client.py:108: error: Function is missing a return type annotation  [no-untyped-def]
01 lint + type	UNKNOWN STEP	2026-09-17T11:18:49.2101459Z packages/agents/tests/test_camoufox_client.py:121: error: Function is missing a return type annotation  [no-untyped-def]
01 lint + type	UNKNOWN STEP	2026-09-17T11:18:49.2102285Z packages/agents/tests/test_camoufox_client.py:132: error: Function is missing a return type annotation  [no-untyped-def]
01 lint + type	UNKNOWN STEP	2026-09-17T11:18:49.2103108Z packages/agents/tests/test_camoufox_client.py:144: error: Function is missing a return type annotation  [no-untyped-def]
01 lint + type	UNKNOWN STEP	2026-09-17T11:18:49.2103955Z packages/agents/tests/test_camoufox_client.py:153: error: Function is missing a return type annotation  [no-untyped-def]
01 lint + type	UNKNOWN STEP	2026-09-17T11:18:49.2104779Z packages/agents/tests/test_camoufox_client.py:167: error: Function is missing a return type annotation  [no-untyped-def]
01 lint + type	UNKNOWN STEP	2026-09-17T11:18:49.2105588Z packages/agents/tests/test_camoufox_client.py:183: error: Function is missing a return type annotation  [no-untyped-def]
01 lint + type	UNKNOWN STEP	2026-09-17T11:18:49.2106373Z packages/agents/tests/test_camoufox_client.py:201: error: Function is missing a return type annotation  [no-untyped-def]
01 lint + type	UNKNOWN STEP	2026-09-17T11:18:49.2107153Z packages/agents/tests/test_camoufox_client.py:214: error: Function is missing a return type annotation  [no-untyped-def]
01 lint + type	UNKNOWN STEP	2026-09-17T11:18:49.2108233Z packages/agents/tests/test_camoufox_client.py:233: error: Function is missing a return type annotation  [no-untyped-def]
01 lint + type	UNKNOWN STEP	2026-09-17T11:18:49.2109046Z packages/agents/tests/test_camoufox_client.py:240: error: Function is missing a return type annotation  [no-untyped-def]
01 lint + type	UNKNOWN STEP	2026-09-17T11:18:49.2110141Z packages/agents/tests/test_camoufox_client.py:245: error: Function is missing a return type annotation  [no-untyped-def]
01 lint + type	UNKNOWN STEP	2026-09-17T11:18:49.2110933Z packages/agents/tests/test_camoufox_client.py:258: error: Function is missing a return type annotation  [no-untyped-def]
01 lint + type	UNKNOWN STEP	2026-09-17T11:18:49.2119259Z apps/api/src/ca_api/interfaces/http/trends.py:58: error: Untyped decorator makes function "get_apify_usage_status" untyped  [untyped-decorator]
01 lint + type	UNKNOWN STEP	2026-09-17T11:18:49.2120355Z apps/api/src/ca_api/interfaces/http/trends.py:68: error: Untyped decorator makes function "get_trends_radar" untyped  [untyped-decorator]
01 lint + type	UNKNOWN STEP	2026-09-17T11:18:49.2121252Z apps/api/src/ca_api/interfaces/http/trends.py:92: error: Untyped decorator makes function "get_trend_detail" untyped  [untyped-decorator]
01 lint + type	UNKNOWN STEP	2026-09-17T11:18:49.2145993Z packages/agents/tests/test_gtrends_serpapi_source.py:18: error: Untyped decorator makes function "sample_trends_fixture" untyped  [untyped-decorator]
01 lint + type	UNKNOWN STEP	2026-09-17T11:18:49.2170617Z packages/agents/tests/test_ag_trend.py:56: error: Function is missing a return type annotation  [no-untyped-def]
01 lint + type	UNKNOWN STEP	2026-09-17T11:18:49.2171337Z packages/agents/tests/test_ag_trend.py:56: note: Use "-> None" if function does not return a value
01 lint + type	UNKNOWN STEP	2026-09-17T11:18:49.2265635Z packages/agents/tests/test_ag_sop_ops.py:29: error: Argument 1 to "filter_luat_for_sop" has incompatible type "list[object]"; expected "list[dict[str, Any]]"  [arg-type]
01 lint + type	UNKNOWN STEP	2026-09-17T11:18:49.2290755Z packages/agents/tests/test_ag_sop.py:11: error: Missing type arguments for generic type "dict"  [type-arg]
01 lint + type	UNKNOWN STEP	2026-09-17T11:18:49.2291513Z packages/agents/tests/test_ag_sop.py:28: error: Missing type arguments for generic type "dict"  [type-arg]
01 lint + type	UNKNOWN STEP	2026-09-17T11:18:49.2292189Z packages/agents/tests/test_ag_sop.py:37: error: Missing type arguments for generic type "dict"  [type-arg]
01 lint + type	UNKNOWN STEP	2026-09-17T11:18:49.2292893Z packages/agents/tests/test_ag_sop.py:53: error: Missing type arguments for generic type "dict"  [type-arg]
01 lint + type	UNKNOWN STEP	2026-09-17T11:18:49.2293587Z packages/agents/tests/test_ag_sop.py:86: error: Missing type arguments for generic type "dict"  [type-arg]
01 lint + type	UNKNOWN STEP	2026-09-17T11:18:49.2294294Z packages/agents/tests/test_ag_sop.py:104: error: Missing type arguments for generic type "dict"  [type-arg]
01 lint + type	UNKNOWN STEP	2026-09-17T11:18:49.2294976Z packages/agents/tests/test_ag_sop.py:117: error: Missing type arguments for generic type "dict"  [type-arg]
01 lint + type	UNKNOWN STEP	2026-09-17T11:18:49.2407735Z packages/agents/tests/test_pricing_orchestrator_v2.py:101: error: Untyped decorator makes function "_clean_state" untyped  [untyped-decorator]
01 lint + type	UNKNOWN STEP	2026-09-17T11:18:49.2408691Z packages/agents/tests/test_pricing_orchestrator_v2.py:110: error: Untyped decorator makes function "store" untyped  [untyped-decorator]
01 lint + type	UNKNOWN STEP	2026-09-17T11:18:49.2426630Z packages/agents/tests/test_ag_msg.py:47: error: Function is missing a type annotation for one or more parameters  [no-untyped-def]
01 lint + type	UNKNOWN STEP	2026-09-17T11:18:49.2427523Z packages/agents/tests/test_ag_msg.py:66: error: Function is missing a type annotation for one or more parameters  [no-untyped-def]
01 lint + type	UNKNOWN STEP	2026-09-17T11:18:49.2511931Z apps/api/src/ca_api/interfaces/http/ai_learning.py:40: error: Class cannot subclass "BaseModel" (has type "Any")  [misc]
01 lint + type	UNKNOWN STEP	2026-09-17T11:18:49.2512728Z apps/api/src/ca_api/interfaces/http/ai_learning.py:44: error: Class cannot subclass "BaseModel" (has type "Any")  [misc]
01 lint + type	UNKNOWN STEP	2026-09-17T11:18:49.2513488Z apps/api/src/ca_api/interfaces/http/ai_learning.py:59: error: Class cannot subclass "BaseModel" (has type "Any")  [misc]
01 lint + type	UNKNOWN STEP	2026-09-17T11:18:49.2514354Z apps/api/src/ca_api/interfaces/http/ai_learning.py:65: error: Untyped decorator makes function "list_rule_proposals" untyped  [untyped-decorator]
01 lint + type	UNKNOWN STEP	2026-09-17T11:18:49.2515279Z apps/api/src/ca_api/interfaces/http/ai_learning.py:75: error: Untyped decorator makes function "list_generations" untyped  [untyped-decorator]
01 lint + type	UNKNOWN STEP	2026-09-17T11:18:49.2516409Z apps/api/src/ca_api/interfaces/http/ai_learning.py:84: error: Untyped decorator makes function "add_feedback" untyped  [untyped-decorator]
01 lint + type	UNKNOWN STEP	2026-09-17T11:18:49.2517489Z apps/api/src/ca_api/interfaces/http/ai_learning.py:99: error: Untyped decorator makes function "evaluation_summary" untyped  [untyped-decorator]
01 lint + type	UNKNOWN STEP	2026-09-17T11:18:49.2518457Z apps/api/src/ca_api/interfaces/http/ai_learning.py:108: error: Untyped decorator makes function "operations_status" untyped  [untyped-decorator]
01 lint + type	UNKNOWN STEP	2026-09-17T11:18:49.2519833Z apps/api/src/ca_api/interfaces/http/ai_learning.py:123: error: Untyped decorator makes function "set_circuit_breaker" untyped  [untyped-decorator]
01 lint + type	UNKNOWN STEP	2026-09-17T11:18:49.2520494Z apps/api/src/ca_api/interfaces/http/ai_learning.py:134: error: Untyped decorator makes function "retention_dry_run" untyped  [untyped-decorator]
01 lint + type	UNKNOWN STEP	2026-09-17T11:18:49.2521062Z apps/api/src/ca_api/interfaces/http/ai_learning.py:150: error: Untyped decorator makes function "run_reflection" untyped  [untyped-decorator]
01 lint + type	UNKNOWN STEP	2026-09-17T11:18:49.2521645Z apps/api/src/ca_api/interfaces/http/ai_learning.py:174: error: Untyped decorator makes function "run_facebook_reflection_job" untyped  [untyped-decorator]
01 lint + type	UNKNOWN STEP	2026-09-17T11:18:49.2522214Z apps/api/src/ca_api/interfaces/http/ai_learning.py:210: error: Untyped decorator makes function "approve_rule" untyped  [untyped-decorator]
01 lint + type	UNKNOWN STEP	2026-09-17T11:18:49.2522757Z apps/api/src/ca_api/interfaces/http/ai_learning.py:224: error: Untyped decorator makes function "activate_rule" untyped  [untyped-decorator]
01 lint + type	UNKNOWN STEP	2026-09-17T11:18:49.2523301Z apps/api/src/ca_api/interfaces/http/ai_learning.py:229: error: Untyped decorator makes function "reject_rule" untyped  [untyped-decorator]
01 lint + type	UNKNOWN STEP	2026-09-17T11:18:49.2523838Z apps/api/src/ca_api/interfaces/http/ai_learning.py:236: error: Untyped decorator makes function "pause_rule" untyped  [untyped-decorator]
01 lint + type	UNKNOWN STEP	2026-09-17T11:18:49.2524383Z apps/api/src/ca_api/interfaces/http/ai_learning.py:241: error: Untyped decorator makes function "rollback_rule" untyped  [untyped-decorator]
01 lint + type	UNKNOWN STEP	2026-09-17T11:18:49.2631766Z packages/agents/tests/test_tiktok_camoufox_source.py:31: error: Function is missing a return type annotation  [no-untyped-def]
01 lint + type	UNKNOWN STEP	2026-09-17T11:18:49.2632325Z packages/agents/tests/test_tiktok_camoufox_source.py:41: error: Untyped decorator makes function "test_parse_count" untyped  [untyped-decorator]
01 lint + type	UNKNOWN STEP	2026-09-17T11:18:49.2632855Z packages/agents/tests/test_tiktok_camoufox_source.py:54: error: Function is missing a return type annotation  [no-untyped-def]
01 lint + type	UNKNOWN STEP	2026-09-17T11:18:49.2633333Z packages/agents/tests/test_tiktok_camoufox_source.py:61: error: Function is missing a return type annotation  [no-untyped-def]
01 lint + type	UNKNOWN STEP	2026-09-17T11:18:49.2633782Z packages/agents/tests/test_tiktok_camoufox_source.py:61: note: Use "-> None" if function does not return a value
01 lint + type	UNKNOWN STEP	2026-09-17T11:18:49.2634242Z packages/agents/tests/test_tiktok_camoufox_source.py:81: error: Function is missing a return type annotation  [no-untyped-def]
01 lint + type	UNKNOWN STEP	2026-09-17T11:18:49.2634688Z packages/agents/tests/test_tiktok_camoufox_source.py:81: note: Use "-> None" if function does not return a value
01 lint + type	UNKNOWN STEP	2026-09-17T11:18:49.2635135Z packages/agents/tests/test_tiktok_camoufox_source.py:90: error: Function is missing a return type annotation  [no-untyped-def]
01 lint + type	UNKNOWN STEP	2026-09-17T11:18:49.2635578Z packages/agents/tests/test_tiktok_camoufox_source.py:90: note: Use "-> None" if function does not return a value
01 lint + type	UNKNOWN STEP	2026-09-17T11:18:49.2636026Z packages/agents/tests/test_tiktok_camoufox_source.py:96: error: Function is missing a return type annotation  [no-untyped-def]
01 lint + type	UNKNOWN STEP	2026-09-17T11:18:49.2636473Z packages/agents/tests/test_tiktok_camoufox_source.py:96: note: Use "-> None" if function does not return a value
01 lint + type	UNKNOWN STEP	2026-09-17T11:18:49.2636923Z packages/agents/tests/test_tiktok_camoufox_source.py:106: error: Function is missing a return type annotation  [no-untyped-def]
01 lint + type	UNKNOWN STEP	2026-09-17T11:18:49.2637370Z packages/agents/tests/test_tiktok_camoufox_source.py:106: note: Use "-> None" if function does not return a value
01 lint + type	UNKNOWN STEP	2026-09-17T11:18:49.2638003Z packages/agents/tests/test_tiktok_camoufox_source.py:119: error: Function is missing a return type annotation  [no-untyped-def]
01 lint + type	UNKNOWN STEP	2026-09-17T11:18:49.2638484Z packages/agents/tests/test_tiktok_camoufox_source.py:132: error: Function is missing a return type annotation  [no-untyped-def]
01 lint + type	UNKNOWN STEP	2026-09-17T11:18:49.2639052Z packages/agents/tests/test_tiktok_camoufox_source.py:148: error: Function is missing a return type annotation  [no-untyped-def]
01 lint + type	UNKNOWN STEP	2026-09-17T11:18:49.2639659Z packages/agents/tests/test_tiktok_camoufox_source.py:163: error: Function is missing a return type annotation  [no-untyped-def]
01 lint + type	UNKNOWN STEP	2026-09-17T11:18:49.2640184Z packages/agents/tests/test_tiktok_camoufox_source.py:163: error: Function is missing a type annotation for one or more parameters  [no-untyped-def]
01 lint + type	UNKNOWN STEP	2026-09-17T11:18:49.2640699Z packages/agents/tests/test_tiktok_camoufox_source.py:177: error: Function is missing a return type annotation  [no-untyped-def]
01 lint + type	UNKNOWN STEP	2026-09-17T11:18:49.2641174Z packages/agents/tests/test_tiktok_camoufox_source.py:189: error: Function is missing a return type annotation  [no-untyped-def]
01 lint + type	UNKNOWN STEP	2026-09-17T11:18:49.2641649Z packages/agents/tests/test_tiktok_camoufox_source.py:208: error: Function is missing a return type annotation  [no-untyped-def]
01 lint + type	UNKNOWN STEP	2026-09-17T11:18:49.2642125Z packages/agents/tests/test_tiktok_camoufox_source.py:228: error: Function is missing a return type annotation  [no-untyped-def]
01 lint + type	UNKNOWN STEP	2026-09-17T11:18:49.2642617Z packages/agents/tests/test_tiktok_camoufox_source.py:244: error: Function is missing a return type annotation  [no-untyped-def]
01 lint + type	UNKNOWN STEP	2026-09-17T11:18:49.2643092Z packages/agents/tests/test_tiktok_camoufox_source.py:261: error: Function is missing a return type annotation  [no-untyped-def]
01 lint + type	UNKNOWN STEP	2026-09-17T11:18:49.2643567Z packages/agents/tests/test_tiktok_camoufox_source.py:283: error: Function is missing a return type annotation  [no-untyped-def]
01 lint + type	UNKNOWN STEP	2026-09-17T11:18:49.2644039Z packages/agents/tests/test_tiktok_camoufox_source.py:307: error: Function is missing a return type annotation  [no-untyped-def]
01 lint + type	UNKNOWN STEP	2026-09-17T11:18:49.2644518Z packages/agents/tests/test_tiktok_camoufox_source.py:328: error: Function is missing a return type annotation  [no-untyped-def]
01 lint + type	UNKNOWN STEP	2026-09-17T11:18:49.2644967Z packages/agents/tests/test_tiktok_camoufox_source.py:328: note: Use "-> None" if function does not return a value
01 lint + type	UNKNOWN STEP	2026-09-17T11:18:49.2664329Z packages/agents/tests/test_threads_trending_source.py:33: error: Function is missing a return type annotation  [no-untyped-def]
01 lint + type	UNKNOWN STEP	2026-09-17T11:18:49.2664836Z packages/agents/tests/test_threads_trending_source.py:40: error: Function is missing a return type annotation  [no-untyped-def]
01 lint + type	UNKNOWN STEP	2026-09-17T11:18:49.2665291Z packages/agents/tests/test_threads_trending_source.py:40: note: Use "-> None" if function does not return a value
01 lint + type	UNKNOWN STEP	2026-09-17T11:18:49.2665749Z packages/agents/tests/test_threads_trending_source.py:62: error: Function is missing a return type annotation  [no-untyped-def]
01 lint + type	UNKNOWN STEP	2026-09-17T11:18:49.2666192Z packages/agents/tests/test_threads_trending_source.py:62: note: Use "-> None" if function does not return a value
01 lint + type	UNKNOWN STEP	2026-09-17T11:18:49.2666650Z packages/agents/tests/test_threads_trending_source.py:69: error: Function is missing a return type annotation  [no-untyped-def]
01 lint + type	UNKNOWN STEP	2026-09-17T11:18:49.2667094Z packages/agents/tests/test_threads_trending_source.py:69: note: Use "-> None" if function does not return a value
01 lint + type	UNKNOWN STEP	2026-09-17T11:18:49.2667543Z packages/agents/tests/test_threads_trending_source.py:75: error: Function is missing a return type annotation  [no-untyped-def]
01 lint + type	UNKNOWN STEP	2026-09-17T11:18:49.2667983Z packages/agents/tests/test_threads_trending_source.py:75: note: Use "-> None" if function does not return a value
01 lint + type	UNKNOWN STEP	2026-09-17T11:18:49.2668440Z packages/agents/tests/test_threads_trending_source.py:110: error: Function is missing a return type annotation  [no-untyped-def]
01 lint + type	UNKNOWN STEP	2026-09-17T11:18:49.2668891Z packages/agents/tests/test_threads_trending_source.py:110: note: Use "-> None" if function does not return a value
01 lint + type	UNKNOWN STEP	2026-09-17T11:18:49.2669433Z packages/agents/tests/test_threads_trending_source.py:120: error: Function is missing a return type annotation  [no-untyped-def]
01 lint + type	UNKNOWN STEP	2026-09-17T11:18:49.2670022Z packages/agents/tests/test_threads_trending_source.py:120: note: Use "-> None" if function does not return a value
01 lint + type	UNKNOWN STEP	2026-09-17T11:18:49.2670554Z packages/agents/tests/test_threads_trending_source.py:129: error: Function is missing a return type annotation  [no-untyped-def]
01 lint + type	UNKNOWN STEP	2026-09-17T11:18:49.2671001Z packages/agents/tests/test_threads_trending_source.py:129: note: Use "-> None" if function does not return a value
01 lint + type	UNKNOWN STEP	2026-09-17T11:18:49.2671447Z packages/agents/tests/test_threads_trending_source.py:168: error: Function is missing a type annotation  [no-untyped-def]
01 lint + type	UNKNOWN STEP	2026-09-17T11:18:49.2671905Z packages/agents/tests/test_threads_trending_source.py:182: error: Function is missing a type annotation  [no-untyped-def]
01 lint + type	UNKNOWN STEP	2026-09-17T11:18:49.2713571Z packages/agents/tests/test_threads_official_api_source.py:28: error: Untyped decorator makes function "_clean_token" untyped  [untyped-decorator]
01 lint + type	UNKNOWN STEP	2026-09-17T11:18:49.2714380Z packages/agents/tests/test_threads_official_api_source.py:29: error: Function is missing a return type annotation  [no-untyped-def]
01 lint + type	UNKNOWN STEP	2026-09-17T11:18:49.2714876Z packages/agents/tests/test_threads_official_api_source.py:38: error: Function is missing a return type annotation  [no-untyped-def]
01 lint + type	UNKNOWN STEP	2026-09-17T11:18:49.2715343Z packages/agents/tests/test_threads_official_api_source.py:38: note: Use "-> None" if function does not return a value
01 lint + type	UNKNOWN STEP	2026-09-17T11:18:49.2715811Z packages/agents/tests/test_threads_official_api_source.py:42: error: Function is missing a return type annotation  [no-untyped-def]
01 lint + type	UNKNOWN STEP	2026-09-17T11:18:49.2716300Z packages/agents/tests/test_threads_official_api_source.py:47: error: Function is missing a return type annotation  [no-untyped-def]
01 lint + type	UNKNOWN STEP	2026-09-17T11:18:49.2716758Z packages/agents/tests/test_threads_official_api_source.py:47: note: Use "-> None" if function does not return a value
01 lint + type	UNKNOWN STEP	2026-09-17T11:18:49.2717226Z packages/agents/tests/test_threads_official_api_source.py:55: error: Function is missing a return type annotation  [no-untyped-def]
01 lint + type	UNKNOWN STEP	2026-09-17T11:18:49.2717713Z packages/agents/tests/test_threads_official_api_source.py:66: error: Function is missing a return type annotation  [no-untyped-def]
01 lint + type	UNKNOWN STEP	2026-09-17T11:18:49.2718197Z packages/agents/tests/test_threads_official_api_source.py:75: error: Function is missing a return type annotation  [no-untyped-def]
01 lint + type	UNKNOWN STEP	2026-09-17T11:18:49.2718681Z packages/agents/tests/test_threads_official_api_source.py:85: error: Function is missing a return type annotation  [no-untyped-def]
01 lint + type	UNKNOWN STEP	2026-09-17T11:18:49.2719167Z packages/agents/tests/test_threads_official_api_source.py:95: error: Missing type arguments for generic type "dict"  [type-arg]
01 lint + type	UNKNOWN STEP	2026-09-17T11:18:49.2719739Z packages/agents/tests/test_threads_official_api_source.py:124: error: Function is missing a return type annotation  [no-untyped-def]
01 lint + type	UNKNOWN STEP	2026-09-17T11:18:49.2720230Z packages/agents/tests/test_threads_official_api_source.py:140: error: Function is missing a return type annotation  [no-untyped-def]
01 lint + type	UNKNOWN STEP	2026-09-17T11:18:49.2720721Z packages/agents/tests/test_threads_official_api_source.py:151: error: Function is missing a return type annotation  [no-untyped-def]
01 lint + type	UNKNOWN STEP	2026-09-17T11:18:49.2721211Z packages/agents/tests/test_threads_official_api_source.py:159: error: Function is missing a return type annotation  [no-untyped-def]
01 lint + type	UNKNOWN STEP	2026-09-17T11:18:49.2721703Z packages/agents/tests/test_threads_official_api_source.py:173: error: Function is missing a return type annotation  [no-untyped-def]
01 lint + type	UNKNOWN STEP	2026-09-17T11:18:49.2722194Z packages/agents/tests/test_threads_official_api_source.py:188: error: Function is missing a return type annotation  [no-untyped-def]
01 lint + type	UNKNOWN STEP	2026-09-17T11:18:49.2722681Z packages/agents/tests/test_threads_official_api_source.py:209: error: Function is missing a return type annotation  [no-untyped-def]
01 lint + type	UNKNOWN STEP	2026-09-17T11:18:49.2723167Z packages/agents/tests/test_threads_official_api_source.py:228: error: Function is missing a return type annotation  [no-untyped-def]
01 lint + type	UNKNOWN STEP	2026-09-17T11:18:49.2723656Z packages/agents/tests/test_threads_official_api_source.py:246: error: Function is missing a return type annotation  [no-untyped-def]
01 lint + type	UNKNOWN STEP	2026-09-17T11:18:49.2774888Z packages/agents/tests/test_threads_camoufox_source.py:32: error: Function is missing a return type annotation  [no-untyped-def]
01 lint + type	UNKNOWN STEP	2026-09-17T11:18:49.2775750Z packages/agents/tests/test_threads_camoufox_source.py:42: error: Function is missing a return type annotation  [no-untyped-def]
01 lint + type	UNKNOWN STEP	2026-09-17T11:18:49.2776211Z packages/agents/tests/test_threads_camoufox_source.py:42: note: Use "-> None" if function does not return a value
01 lint + type	UNKNOWN STEP	2026-09-17T11:18:49.2776676Z packages/agents/tests/test_threads_camoufox_source.py:63: error: Function is missing a return type annotation  [no-untyped-def]
01 lint + type	UNKNOWN STEP	2026-09-17T11:18:49.2777125Z packages/agents/tests/test_threads_camoufox_source.py:63: note: Use "-> None" if function does not return a value
01 lint + type	UNKNOWN STEP	2026-09-17T11:18:49.2777579Z packages/agents/tests/test_threads_camoufox_source.py:72: error: Function is missing a return type annotation  [no-untyped-def]
01 lint + type	UNKNOWN STEP	2026-09-17T11:18:49.2778026Z packages/agents/tests/test_threads_camoufox_source.py:72: note: Use "-> None" if function does not return a value
01 lint + type	UNKNOWN STEP	2026-09-17T11:18:49.2778529Z packages/agents/tests/test_threads_camoufox_source.py:78: error: Function is missing a return type annotation  [no-untyped-def]
01 lint + type	UNKNOWN STEP	2026-09-17T11:18:49.2778982Z packages/agents/tests/test_threads_camoufox_source.py:78: note: Use "-> None" if function does not return a value
01 lint + type	UNKNOWN STEP	2026-09-17T11:18:49.2779525Z packages/agents/tests/test_threads_camoufox_source.py:85: error: Function is missing a return type annotation  [no-untyped-def]
01 lint + type	UNKNOWN STEP	2026-09-17T11:18:49.2779974Z packages/agents/tests/test_threads_camoufox_source.py:85: note: Use "-> None" if function does not return a value
01 lint + type	UNKNOWN STEP	2026-09-17T11:18:49.2780427Z packages/agents/tests/test_threads_camoufox_source.py:100: error: Function is missing a return type annotation  [no-untyped-def]
01 lint + type	UNKNOWN STEP	2026-09-17T11:18:49.2780881Z packages/agents/tests/test_threads_camoufox_source.py:100: note: Use "-> None" if function does not return a value
01 lint + type	UNKNOWN STEP	2026-09-17T11:18:49.2781346Z packages/agents/tests/test_threads_camoufox_source.py:105: error: Function is missing a return type annotation  [no-untyped-def]
01 lint + type	UNKNOWN STEP	2026-09-17T11:18:49.2781804Z packages/agents/tests/test_threads_camoufox_source.py:105: note: Use "-> None" if function does not return a value
01 lint + type	UNKNOWN STEP	2026-09-17T11:18:49.2782264Z packages/agents/tests/test_threads_camoufox_source.py:111: error: Function is missing a return type annotation  [no-untyped-def]
01 lint + type	UNKNOWN STEP	2026-09-17T11:18:49.2782717Z packages/agents/tests/test_threads_camoufox_source.py:111: note: Use "-> None" if function does not return a value
01 lint + type	UNKNOWN STEP	2026-09-17T11:18:49.2783185Z packages/agents/tests/test_threads_camoufox_source.py:120: error: Function is missing a return type annotation  [no-untyped-def]
01 lint + type	UNKNOWN STEP	2026-09-17T11:18:49.2783639Z packages/agents/tests/test_threads_camoufox_source.py:120: note: Use "-> None" if function does not return a value
01 lint + type	UNKNOWN STEP	2026-09-17T11:18:49.2784107Z packages/agents/tests/test_threads_camoufox_source.py:133: error: Function is missing a return type annotation  [no-untyped-def]
01 lint + type	UNKNOWN STEP	2026-09-17T11:18:49.2784571Z packages/agents/tests/test_threads_camoufox_source.py:133: note: Use "-> None" if function does not return a value
01 lint + type	UNKNOWN STEP	2026-09-17T11:18:49.2785031Z packages/agents/tests/test_threads_camoufox_source.py:143: error: Function is missing a type annotation  [no-untyped-def]
01 lint + type	UNKNOWN STEP	2026-09-17T11:18:49.2785513Z packages/agents/tests/test_threads_camoufox_source.py:154: error: Function is missing a return type annotation  [no-untyped-def]
01 lint + type	UNKNOWN STEP	2026-09-17T11:18:49.2785966Z packages/agents/tests/test_threads_camoufox_source.py:154: note: Use "-> None" if function does not return a value
01 lint + type	UNKNOWN STEP	2026-09-17T11:18:49.2786426Z packages/agents/tests/test_threads_camoufox_source.py:169: error: Function is missing a return type annotation  [no-untyped-def]
01 lint + type	UNKNOWN STEP	2026-09-17T11:18:49.2786915Z packages/agents/tests/test_threads_camoufox_source.py:182: error: Function is missing a return type annotation  [no-untyped-def]
01 lint + type	UNKNOWN STEP	2026-09-17T11:18:49.2787403Z packages/agents/tests/test_threads_camoufox_source.py:198: error: Function is missing a return type annotation  [no-untyped-def]
01 lint + type	UNKNOWN STEP	2026-09-17T11:18:49.2787987Z packages/agents/tests/test_threads_camoufox_source.py:216: error: Function is missing a return type annotation  [no-untyped-def]
01 lint + type	UNKNOWN STEP	2026-09-17T11:18:49.2788547Z packages/agents/tests/test_threads_camoufox_source.py:230: error: Function is missing a return type annotation  [no-untyped-def]
01 lint + type	UNKNOWN STEP	2026-09-17T11:18:49.2789031Z packages/agents/tests/test_threads_camoufox_source.py:239: error: Function is missing a return type annotation  [no-untyped-def]
01 lint + type	UNKNOWN STEP	2026-09-17T11:18:49.2789576Z packages/agents/tests/test_threads_camoufox_source.py:243: error: Function is missing a return type annotation  [no-untyped-def]
01 lint + type	UNKNOWN STEP	2026-09-17T11:18:49.2790103Z packages/agents/tests/test_threads_camoufox_source.py:243: error: Function is missing a type annotation for one or more parameters  [no-untyped-def]
01 lint + type	UNKNOWN STEP	2026-09-17T11:18:49.2790623Z packages/agents/tests/test_threads_camoufox_source.py:261: error: Function is missing a return type annotation  [no-untyped-def]
01 lint + type	UNKNOWN STEP	2026-09-17T11:18:49.2791106Z packages/agents/tests/test_threads_camoufox_source.py:280: error: Function is missing a return type annotation  [no-untyped-def]
01 lint + type	UNKNOWN STEP	2026-09-17T11:18:49.2791591Z packages/agents/tests/test_threads_camoufox_source.py:304: error: Function is missing a return type annotation  [no-untyped-def]
01 lint + type	UNKNOWN STEP	2026-09-17T11:18:49.2792067Z packages/agents/tests/test_threads_camoufox_source.py:323: error: Function is missing a return type annotation  [no-untyped-def]
01 lint + type	UNKNOWN STEP	2026-09-17T11:18:49.2792544Z packages/agents/tests/test_threads_camoufox_source.py:343: error: Function is missing a return type annotation  [no-untyped-def]
01 lint + type	UNKNOWN STEP	2026-09-17T11:18:49.2793023Z packages/agents/tests/test_threads_camoufox_source.py:369: error: Function is missing a return type annotation  [no-untyped-def]
01 lint + type	UNKNOWN STEP	2026-09-17T11:18:49.2793515Z packages/agents/tests/test_threads_camoufox_source.py:384: error: Function is missing a return type annotation  [no-untyped-def]
01 lint + type	UNKNOWN STEP	2026-09-17T11:18:49.2793995Z packages/agents/tests/test_threads_camoufox_source.py:396: error: Function is missing a return type annotation  [no-untyped-def]
01 lint + type	UNKNOWN STEP	2026-09-17T11:18:49.2794478Z packages/agents/tests/test_threads_camoufox_source.py:420: error: Function is missing a return type annotation  [no-untyped-def]
01 lint + type	UNKNOWN STEP	2026-09-17T11:18:49.2844961Z packages/agents/tests/test_scraper_selectors.py:218: error: Untyped decorator makes function "test_tim_dau_hieu_chan_khong_chet_vi_dau_vao_la" untyped  [untyped-decorator]
01 lint + type	UNKNOWN STEP	2026-09-17T11:18:49.3266176Z packages/agents/tests/test_ag_copilot_rule_tool.py:19: error: Untyped decorator makes function "_restore_sources" untyped  [untyped-decorator]
01 lint + type	UNKNOWN STEP	2026-09-17T11:18:49.3313235Z packages/agents/tests/test_ag_copilot_market.py:26: error: Untyped decorator makes function "_reset_copilot_sources" untyped  [untyped-decorator]
01 lint + type	UNKNOWN STEP	2026-09-17T11:18:49.3524916Z packages/agents/tests/test_ag_copilot.py:11: error: Untyped decorator makes function "_reset_tool_sources" untyped  [untyped-decorator]
01 lint + type	UNKNOWN STEP	2026-09-17T11:18:49.3525803Z packages/agents/tests/test_ag_copilot.py:289: error: Function is missing a type annotation for one or more parameters  [no-untyped-def]
01 lint + type	UNKNOWN STEP	2026-09-17T11:18:49.3526542Z packages/agents/tests/test_ag_copilot.py:294: error: Function is missing a type annotation  [no-untyped-def]
01 lint + type	UNKNOWN STEP	2026-09-17T11:18:49.3527241Z packages/agents/tests/test_ag_copilot.py:347: error: Function is missing a type annotation for one or more parameters  [no-untyped-def]
01 lint + type	UNKNOWN STEP	2026-09-17T11:18:49.3527734Z packages/agents/tests/test_ag_copilot.py:380: error: Function is missing a type annotation for one or more parameters  [no-untyped-def]
01 lint + type	UNKNOWN STEP	2026-09-17T11:18:49.3528225Z packages/agents/tests/test_ag_copilot.py:446: error: Function is missing a type annotation for one or more parameters  [no-untyped-def]
01 lint + type	UNKNOWN STEP	2026-09-17T11:18:49.3528720Z packages/agents/tests/test_ag_copilot.py:482: error: Function is missing a type annotation for one or more parameters  [no-untyped-def]
01 lint + type	UNKNOWN STEP	2026-09-17T11:18:49.3529212Z packages/agents/tests/test_ag_copilot.py:590: error: Function is missing a type annotation for one or more parameters  [no-untyped-def]
01 lint + type	UNKNOWN STEP	2026-09-17T11:18:49.3530170Z packages/agents/tests/test_ag_copilot.py:618: error: Function is missing a type annotation for one or more parameters  [no-untyped-def]
01 lint + type	UNKNOWN STEP	2026-09-17T11:18:49.3531031Z packages/agents/tests/test_ag_copilot.py:634: error: Function is missing a type annotation for one or more parameters  [no-untyped-def]
01 lint + type	UNKNOWN STEP	2026-09-17T11:18:49.3531800Z packages/agents/tests/test_ag_copilot.py:671: error: Function is missing a type annotation for one or more parameters  [no-untyped-def]
01 lint + type	UNKNOWN STEP	2026-09-17T11:18:49.3532585Z packages/agents/tests/test_ag_copilot.py:687: error: Function is missing a type annotation for one or more parameters  [no-untyped-def]
01 lint + type	UNKNOWN STEP	2026-09-17T11:18:49.3533357Z packages/agents/tests/test_ag_copilot.py:809: error: Function is missing a type annotation for one or more parameters  [no-untyped-def]
01 lint + type	UNKNOWN STEP	2026-09-17T11:18:49.3534063Z packages/agents/tests/test_ag_copilot.py:813: error: Function is missing a type annotation  [no-untyped-def]
01 lint + type	UNKNOWN STEP	2026-09-17T11:18:49.3631227Z packages/agents/tests/test_pricing_math_layer.py:67: error: Unused "type: ignore" comment  [unused-ignore]
01 lint + type	UNKNOWN STEP	2026-09-17T11:18:49.3631923Z packages/agents/tests/test_pricing_math_layer.py:80: error: Unused "type: ignore" comment  [unused-ignore]
01 lint + type	UNKNOWN STEP	2026-09-17T11:18:49.3694882Z packages/agents/tests/test_pricing_config.py:139: error: Untyped decorator makes function "test_thieu_section_bat_buoc_thi_bao_loi" untyped  [untyped-decorator]
01 lint + type	UNKNOWN STEP	2026-09-17T11:18:49.3695894Z packages/agents/tests/test_pricing_config.py:153: error: Untyped decorator makes function "test_thieu_khoa_bat_buoc_thi_bao_loi" untyped  [untyped-decorator]
01 lint + type	UNKNOWN STEP	2026-09-17T11:18:49.3696841Z packages/agents/tests/test_pricing_config.py:201: error: Untyped decorator makes function "test_sai_kieu_thi_bao_loi" untyped  [untyped-decorator]
01 lint + type	UNKNOWN STEP	2026-09-17T11:18:49.4068065Z apps/api/src/ca_api/interfaces/http/pricing_radar.py:215: error: Returning Any from function declared to return "CatchmentSurveyRequest"  [no-any-return]
01 lint + type	UNKNOWN STEP	2026-09-17T11:18:49.4068710Z apps/api/src/ca_api/interfaces/http/pricing_radar.py:306: error: Untyped decorator makes function "create_catchment_survey" untyped  [untyped-decorator]
01 lint + type	UNKNOWN STEP	2026-09-17T11:18:49.4069439Z apps/api/src/ca_api/interfaces/http/pricing_radar.py:371: error: Untyped decorator makes function "get_catchment_survey_status" untyped  [untyped-decorator]
01 lint + type	UNKNOWN STEP	2026-09-17T11:18:49.4070024Z apps/api/src/ca_api/interfaces/http/pricing_radar.py:381: error: Untyped decorator makes function "get_catchment_survey_result" untyped  [untyped-decorator]
01 lint + type	UNKNOWN STEP	2026-09-17T11:18:49.4070592Z apps/api/src/ca_api/interfaces/http/pricing_radar.py:404: error: Untyped decorator makes function "review_catchment_survey" untyped  [untyped-decorator]
01 lint + type	UNKNOWN STEP	2026-09-17T11:18:49.4071166Z apps/api/src/ca_api/interfaces/http/pricing_radar.py:441: error: Untyped decorator makes function "get_catchment_survey_metrics" untyped  [untyped-decorator]
01 lint + type	UNKNOWN STEP	2026-09-17T11:18:49.4071756Z apps/api/src/ca_api/interfaces/http/pricing_radar.py:450: error: Untyped decorator makes function "get_catchment_survey_dashboard" untyped  [untyped-decorator]
01 lint + type	UNKNOWN STEP	2026-09-17T11:18:49.4072329Z apps/api/src/ca_api/interfaces/http/pricing_radar.py:484: error: Untyped decorator makes function "get_serpapi_quota_info" untyped  [untyped-decorator]
01 lint + type	UNKNOWN STEP	2026-09-17T11:18:49.4072910Z apps/api/src/ca_api/interfaces/http/pricing_radar.py:493: error: Untyped decorator makes function "get_system_serpapi_integration" untyped  [untyped-decorator]
01 lint + type	UNKNOWN STEP	2026-09-17T11:18:49.4391450Z packages/agents/src/ca_agents/ag_copilot/voice_session.py:86: error: Returning Any from function declared to return "LiveConnection"  [no-any-return]
01 lint + type	UNKNOWN STEP	2026-09-17T11:18:49.4616120Z apps/api/src/ca_api/interfaces/http/sprint3.py:175: error: Class cannot subclass "BaseModel" (has type "Any")  [misc]
01 lint + type	UNKNOWN STEP	2026-09-17T11:18:49.4616850Z apps/api/src/ca_api/interfaces/http/sprint3.py:180: error: Class cannot subclass "BaseModel" (has type "Any")  [misc]
01 lint + type	UNKNOWN STEP	2026-09-17T11:18:49.4617291Z apps/api/src/ca_api/interfaces/http/sprint3.py:185: error: Class cannot subclass "BaseModel" (has type "Any")  [misc]
01 lint + type	UNKNOWN STEP	2026-09-17T11:18:49.4618111Z apps/api/src/ca_api/interfaces/http/sprint3.py:190: error: Class cannot subclass "BaseModel" (has type "Any")  [misc]
01 lint + type	UNKNOWN STEP	2026-09-17T11:18:49.4618699Z apps/api/src/ca_api/interfaces/http/sprint3.py:194: error: Class cannot subclass "BaseModel" (has type "Any")  [misc]
01 lint + type	UNKNOWN STEP	2026-09-17T11:18:49.4619142Z apps/api/src/ca_api/interfaces/http/sprint3.py:198: error: Class cannot subclass "BaseModel" (has type "Any")  [misc]
01 lint + type	UNKNOWN STEP	2026-09-17T11:18:49.4619702Z apps/api/src/ca_api/interfaces/http/sprint3.py:203: error: Class cannot subclass "BaseModel" (has type "Any")  [misc]
01 lint + type	UNKNOWN STEP	2026-09-17T11:18:49.4620129Z apps/api/src/ca_api/interfaces/http/sprint3.py:212: error: Class cannot subclass "BaseModel" (has type "Any")  [misc]
01 lint + type	UNKNOWN STEP	2026-09-17T11:18:49.4620554Z apps/api/src/ca_api/interfaces/http/sprint3.py:252: error: Class cannot subclass "BaseModel" (has type "Any")  [misc]
01 lint + type	UNKNOWN STEP	2026-09-17T11:18:49.4621023Z apps/api/src/ca_api/interfaces/http/sprint3.py:257: error: Untyped decorator makes function "diem_danh" untyped  [untyped-decorator]
01 lint + type	UNKNOWN STEP	2026-09-17T11:18:49.4621524Z apps/api/src/ca_api/interfaces/http/sprint3.py:277: error: Untyped decorator makes function "phieu_mau" untyped  [untyped-decorator]
01 lint + type	UNKNOWN STEP	2026-09-17T11:18:49.4622022Z apps/api/src/ca_api/interfaces/http/sprint3.py:303: error: Untyped decorator makes function "phieu_start" untyped  [untyped-decorator]
01 lint + type	UNKNOWN STEP	2026-09-17T11:18:49.4622513Z apps/api/src/ca_api/interfaces/http/sprint3.py:337: error: Untyped decorator makes function "phieu_get" untyped  [untyped-decorator]
01 lint + type	UNKNOWN STEP	2026-09-17T11:18:49.4623001Z apps/api/src/ca_api/interfaces/http/sprint3.py:347: error: Untyped decorator makes function "phieu_buoc" untyped  [untyped-decorator]
01 lint + type	UNKNOWN STEP	2026-09-17T11:18:49.4623493Z apps/api/src/ca_api/interfaces/http/sprint3.py:369: error: Untyped decorator makes function "phieu_chung" untyped  [untyped-decorator]
01 lint + type	UNKNOWN STEP	2026-09-17T11:18:49.4624014Z apps/api/src/ca_api/interfaces/http/sprint3.py:395: error: Untyped decorator makes function "phieu_treo" untyped  [untyped-decorator]
01 lint + type	UNKNOWN STEP	2026-09-17T11:18:49.4624503Z apps/api/src/ca_api/interfaces/http/sprint3.py:431: error: Untyped decorator makes function "viec_treo" untyped  [untyped-decorator]
01 lint + type	UNKNOWN STEP	2026-09-17T11:18:49.4624963Z apps/api/src/ca_api/interfaces/http/sprint3.py:437: error: Class cannot subclass "BaseModel" (has type "Any")  [misc]
01 lint + type	UNKNOWN STEP	2026-09-17T11:18:49.4625446Z apps/api/src/ca_api/interfaces/http/sprint3.py:441: error: Untyped decorator makes function "viec_treo_patch" untyped  [untyped-decorator]
01 lint + type	UNKNOWN STEP	2026-09-17T11:18:49.4625952Z apps/api/src/ca_api/interfaces/http/sprint3.py:467: error: Untyped decorator makes function "orc_dispatch" untyped  [untyped-decorator]
01 lint + type	UNKNOWN STEP	2026-09-17T11:18:49.4626412Z apps/api/src/ca_api/interfaces/http/sprint3.py:488: error: Class cannot subclass "BaseModel" (has type "Any")  [misc]
01 lint + type	UNKNOWN STEP	2026-09-17T11:18:49.4626869Z apps/api/src/ca_api/interfaces/http/sprint3.py:493: error: Untyped decorator makes function "inbox" untyped  [untyped-decorator]
01 lint + type	UNKNOWN STEP	2026-09-17T11:18:49.4627346Z apps/api/src/ca_api/interfaces/http/sprint3.py:499: error: Untyped decorator makes function "inbox_add" untyped  [untyped-decorator]
01 lint + type	UNKNOWN STEP	2026-09-17T11:18:49.4627841Z apps/api/src/ca_api/interfaces/http/sprint3.py:521: error: Untyped decorator makes function "msg_classify" untyped  [untyped-decorator]
01 lint + type	UNKNOWN STEP	2026-09-17T11:18:49.4628334Z apps/api/src/ca_api/interfaces/http/sprint3.py:540: error: Untyped decorator makes function "tkb_extract" untyped  [untyped-decorator]
01 lint + type	UNKNOWN STEP	2026-09-17T11:18:49.4628823Z apps/api/src/ca_api/interfaces/http/sprint3.py:549: error: Untyped decorator makes function "tkb_upload" untyped  [untyped-decorator]
01 lint + type	UNKNOWN STEP	2026-09-17T11:18:49.4629370Z apps/api/src/ca_api/interfaces/http/sprint3.py:587: error: Untyped decorator makes function "tkb_confirm" untyped  [untyped-decorator]
01 lint + type	UNKNOWN STEP	2026-09-17T11:18:49.4629861Z apps/api/src/ca_api/interfaces/http/sprint3.py:644: error: Untyped decorator makes function "tkb_mine" untyped  [untyped-decorator]
01 lint + type	UNKNOWN STEP	2026-09-17T11:18:49.4630342Z apps/api/src/ca_api/interfaces/http/sprint3.py:662: error: Untyped decorator makes function "tkb_get" untyped  [untyped-decorator]
01 lint + type	UNKNOWN STEP	2026-09-17T11:18:49.4630910Z apps/api/src/ca_api/interfaces/http/sprint3.py:685: error: Untyped decorator makes function "toi_lich" untyped  [untyped-decorator]
01 lint + type	UNKNOWN STEP	2026-09-17T11:18:49.4631464Z apps/api/src/ca_api/interfaces/http/sprint3.py:739: error: Untyped decorator makes function "ca_nha" untyped  [untyped-decorator]
01 lint + type	UNKNOWN STEP	2026-09-17T11:18:49.4631940Z apps/api/src/ca_api/interfaces/http/sprint3.py:774: error: Untyped decorator makes function "ca_nhan" untyped  [untyped-decorator]
01 lint + type	UNKNOWN STEP	2026-09-17T11:18:49.4632428Z apps/api/src/ca_api/interfaces/http/sprint3.py:809: error: Untyped decorator makes function "ghi_nhan" untyped  [untyped-decorator]
01 lint + type	UNKNOWN STEP	2026-09-17T11:18:49.4632921Z apps/api/src/ca_api/interfaces/http/sprint3.py:841: error: Untyped decorator makes function "import_nv" untyped  [untyped-decorator]
01 lint + type	UNKNOWN STEP	2026-09-17T11:18:49.4839215Z packages/agents/tests/test_serpapi_deep_resilience.py:53: error: Untyped decorator makes function "temp_cache_dir" untyped  [untyped-decorator]
01 lint + type	UNKNOWN STEP	2026-09-17T11:18:49.4840044Z packages/agents/tests/test_serpapi_deep_resilience.py:60: error: Untyped decorator makes function "temp_quota_file" untyped  [untyped-decorator]
01 lint + type	UNKNOWN STEP	2026-09-17T11:18:49.4840633Z packages/agents/tests/test_serpapi_deep_resilience.py:319: error: Untyped decorator makes function "test_parse_rating_boundary_cases" untyped  [untyped-decorator]
01 lint + type	UNKNOWN STEP	2026-09-17T11:18:49.4841255Z packages/agents/tests/test_serpapi_deep_resilience.py:336: error: Untyped decorator makes function "test_parse_review_count_edge_cases" untyped  [untyped-decorator]
01 lint + type	UNKNOWN STEP	2026-09-17T11:18:49.4856098Z packages/agents/tests/test_messaging_inbound.py:12: error: Function is missing a type annotation for one or more parameters  [no-untyped-def]
01 lint + type	UNKNOWN STEP	2026-09-17T11:18:49.4856793Z packages/agents/tests/test_messaging_inbound.py:17: error: Function is missing a type annotation for one or more parameters  [no-untyped-def]
01 lint + type	UNKNOWN STEP	2026-09-17T11:18:49.4976439Z packages/agents/tests/test_cskh_self_improvement.py:110: error: Unsupported right operand type for in ("str | None")  [operator]
01 lint + type	UNKNOWN STEP	2026-09-17T11:18:49.4997621Z packages/agents/tests/test_ag_fbpage_psychology.py:13: error: Function is missing a return type annotation  [no-untyped-def]
01 lint + type	UNKNOWN STEP	2026-09-17T11:18:49.4998285Z packages/agents/tests/test_ag_fbpage_psychology.py:13: note: Use "-> None" if function does not return a value
01 lint + type	UNKNOWN STEP	2026-09-17T11:18:49.4998734Z packages/agents/tests/test_ag_fbpage_psychology.py:46: error: Function is missing a return type annotation  [no-untyped-def]
01 lint + type	UNKNOWN STEP	2026-09-17T11:18:49.4999167Z packages/agents/tests/test_ag_fbpage_psychology.py:46: note: Use "-> None" if function does not return a value
01 lint + type	UNKNOWN STEP	2026-09-17T11:18:49.4999706Z packages/agents/tests/test_ag_fbpage_psychology.py:53: error: Function is missing a return type annotation  [no-untyped-def]
01 lint + type	UNKNOWN STEP	2026-09-17T11:18:49.5000136Z packages/agents/tests/test_ag_fbpage_psychology.py:53: note: Use "-> None" if function does not return a value
01 lint + type	UNKNOWN STEP	2026-09-17T11:18:49.5000574Z packages/agents/tests/test_ag_fbpage_psychology.py:85: error: Function is missing a return type annotation  [no-untyped-def]
01 lint + type	UNKNOWN STEP	2026-09-17T11:18:49.5001008Z packages/agents/tests/test_ag_fbpage_psychology.py:85: note: Use "-> None" if function does not return a value
01 lint + type	UNKNOWN STEP	2026-09-17T11:18:49.5001451Z packages/agents/tests/test_ag_fbpage_psychology.py:101: error: Function is missing a return type annotation  [no-untyped-def]
01 lint + type	UNKNOWN STEP	2026-09-17T11:18:49.5001889Z packages/agents/tests/test_ag_fbpage_psychology.py:101: note: Use "-> None" if function does not return a value
01 lint + type	UNKNOWN STEP	2026-09-17T11:18:49.5002329Z packages/agents/tests/test_ag_fbpage_psychology.py:115: error: Function is missing a return type annotation  [no-untyped-def]
01 lint + type	UNKNOWN STEP	2026-09-17T11:18:49.5002766Z packages/agents/tests/test_ag_fbpage_psychology.py:115: note: Use "-> None" if function does not return a value
01 lint + type	UNKNOWN STEP	2026-09-17T11:18:49.5010482Z packages/agents/tests/test_ag_fbpage_comment.py:35: error: Untyped decorator makes function "test_comment_with_phone_triggers_hide_and_dm" untyped  [untyped-decorator]
01 lint + type	UNKNOWN STEP	2026-09-17T11:18:49.5071519Z packages/agents/tests/test_ag_fbpage.py:14: error: Function is missing a return type annotation  [no-untyped-def]
01 lint + type	UNKNOWN STEP	2026-09-17T11:18:49.5072316Z packages/agents/tests/test_ag_fbpage.py:14: note: Use "-> None" if function does not return a value
01 lint + type	UNKNOWN STEP	2026-09-17T11:18:49.5072814Z packages/agents/tests/test_ag_fbpage.py:40: error: Function is missing a return type annotation  [no-untyped-def]
01 lint + type	UNKNOWN STEP	2026-09-17T11:18:49.5073202Z packages/agents/tests/test_ag_fbpage.py:40: note: Use "-> None" if function does not return a value
01 lint + type	UNKNOWN STEP	2026-09-17T11:18:49.5073596Z packages/agents/tests/test_ag_fbpage.py:49: error: Function is missing a return type annotation  [no-untyped-def]
01 lint + type	UNKNOWN STEP	2026-09-17T11:18:49.5073982Z packages/agents/tests/test_ag_fbpage.py:49: note: Use "-> None" if function does not return a value
01 lint + type	UNKNOWN STEP	2026-09-17T11:18:49.5074378Z packages/agents/tests/test_ag_fbpage.py:72: error: Function is missing a return type annotation  [no-untyped-def]
01 lint + type	UNKNOWN STEP	2026-09-17T11:18:49.5074763Z packages/agents/tests/test_ag_fbpage.py:72: note: Use "-> None" if function does not return a value
01 lint + type	UNKNOWN STEP	2026-09-17T11:18:49.5075172Z packages/agents/tests/test_ag_fbpage.py:103: error: Function is missing a return type annotation  [no-untyped-def]
01 lint + type	UNKNOWN STEP	2026-09-17T11:18:49.5075566Z packages/agents/tests/test_ag_fbpage.py:103: note: Use "-> None" if function does not return a value
01 lint + type	UNKNOWN STEP	2026-09-17T11:18:49.5075967Z packages/agents/tests/test_ag_fbpage.py:117: error: Function is missing a return type annotation  [no-untyped-def]
01 lint + type	UNKNOWN STEP	2026-09-17T11:18:49.5076359Z packages/agents/tests/test_ag_fbpage.py:117: note: Use "-> None" if function does not return a value
01 lint + type	UNKNOWN STEP	2026-09-17T11:18:49.5076746Z packages/agents/tests/test_ag_fbpage.py:129: error: Function is missing a type annotation  [no-untyped-def]
01 lint + type	UNKNOWN STEP	2026-09-17T11:18:49.5077145Z packages/agents/tests/test_ag_fbpage.py:135: error: Function is missing a type annotation  [no-untyped-def]
01 lint + type	UNKNOWN STEP	2026-09-17T11:18:49.5077555Z packages/agents/tests/test_ag_fbpage.py:149: error: Function is missing a return type annotation  [no-untyped-def]
01 lint + type	UNKNOWN STEP	2026-09-17T11:18:49.5077949Z packages/agents/tests/test_ag_fbpage.py:149: note: Use "-> None" if function does not return a value
01 lint + type	UNKNOWN STEP	2026-09-17T11:18:49.5078352Z packages/agents/tests/test_ag_fbpage.py:166: error: Function is missing a return type annotation  [no-untyped-def]
01 lint + type	UNKNOWN STEP	2026-09-17T11:18:49.5078752Z packages/agents/tests/test_ag_fbpage.py:166: note: Use "-> None" if function does not return a value
01 lint + type	UNKNOWN STEP	2026-09-17T11:18:49.5079149Z packages/agents/tests/test_ag_fbpage.py:232: error: Function is missing a return type annotation  [no-untyped-def]
01 lint + type	UNKNOWN STEP	2026-09-17T11:18:49.5079643Z packages/agents/tests/test_ag_fbpage.py:232: note: Use "-> None" if function does not return a value
01 lint + type	UNKNOWN STEP	2026-09-17T11:18:49.5080029Z packages/agents/tests/test_ag_fbpage.py:260: error: Function is missing a type annotation  [no-untyped-def]
01 lint + type	UNKNOWN STEP	2026-09-17T11:18:49.5080509Z packages/agents/tests/test_ag_fbpage.py:268: error: "append" of "list" does not return a value (it only ever returns None)  [func-returns-value]
01 lint + type	UNKNOWN STEP	2026-09-17T11:18:49.5141494Z apps/api/src/ca_api/interfaces/http/copilot_voice.py:166: error: Untyped decorator makes function "copilot_voice_websocket" untyped  [untyped-decorator]
01 lint + type	UNKNOWN STEP	2026-09-17T11:18:49.5858010Z apps/api/src/ca_api/interfaces/http/sprint45.py:181: error: Untyped decorator makes function "lich_notifications" untyped  [untyped-decorator]
01 lint + type	UNKNOWN STEP	2026-09-17T11:18:49.5858722Z apps/api/src/ca_api/interfaces/http/sprint45.py:191: error: Untyped decorator makes function "ack_lich_notification" untyped  [untyped-decorator]
01 lint + type	UNKNOWN STEP	2026-09-17T11:18:49.5859462Z apps/api/src/ca_api/interfaces/http/sprint45.py:252: error: Incompatible types in assignment (expression has type "Any | None", variable has type "tuple[str, str]")  [assignment]
01 lint + type	UNKNOWN STEP	2026-09-17T11:18:49.5860003Z apps/api/src/ca_api/interfaces/http/sprint45.py:561: error: Class cannot subclass "BaseModel" (has type "Any")  [misc]
01 lint + type	UNKNOWN STEP	2026-09-17T11:18:49.5860448Z apps/api/src/ca_api/interfaces/http/sprint45.py:567: error: Class cannot subclass "BaseModel" (has type "Any")  [misc]
01 lint + type	UNKNOWN STEP	2026-09-17T11:18:49.5860881Z apps/api/src/ca_api/interfaces/http/sprint45.py:576: error: Class cannot subclass "BaseModel" (has type "Any")  [misc]
01 lint + type	UNKNOWN STEP	2026-09-17T11:18:49.5861588Z apps/api/src/ca_api/interfaces/http/sprint45.py:581: error: Class cannot subclass "BaseModel" (has type "Any")  [misc]
01 lint + type	UNKNOWN STEP	2026-09-17T11:18:49.5862133Z apps/api/src/ca_api/interfaces/http/sprint45.py:586: error: Class cannot subclass "BaseModel" (has type "Any")  [misc]
01 lint + type	UNKNOWN STEP	2026-09-17T11:18:49.5862565Z apps/api/src/ca_api/interfaces/http/sprint45.py:591: error: Class cannot subclass "BaseModel" (has type "Any")  [misc]
01 lint + type	UNKNOWN STEP	2026-09-17T11:18:49.5862991Z apps/api/src/ca_api/interfaces/http/sprint45.py:597: error: Class cannot subclass "BaseModel" (has type "Any")  [misc]
01 lint + type	UNKNOWN STEP	2026-09-17T11:18:49.5863421Z apps/api/src/ca_api/interfaces/http/sprint45.py:604: error: Class cannot subclass "BaseModel" (has type "Any")  [misc]
01 lint + type	UNKNOWN STEP	2026-09-17T11:18:49.5863848Z apps/api/src/ca_api/interfaces/http/sprint45.py:608: error: Class cannot subclass "BaseModel" (has type "Any")  [misc]
01 lint + type	UNKNOWN STEP	2026-09-17T11:18:49.5864278Z apps/api/src/ca_api/interfaces/http/sprint45.py:617: error: Class cannot subclass "BaseModel" (has type "Any")  [misc]
01 lint + type	UNKNOWN STEP	2026-09-17T11:18:49.5864709Z apps/api/src/ca_api/interfaces/http/sprint45.py:622: error: Class cannot subclass "BaseModel" (has type "Any")  [misc]
01 lint + type	UNKNOWN STEP	2026-09-17T11:18:49.5865180Z apps/api/src/ca_api/interfaces/http/sprint45.py:627: error: Untyped decorator makes function "lich_life" untyped  [untyped-decorator]
01 lint + type	UNKNOWN STEP	2026-09-17T11:18:49.5865690Z apps/api/src/ca_api/interfaces/http/sprint45.py:636: error: Untyped decorator makes function "lich_transition" untyped  [untyped-decorator]
01 lint + type	UNKNOWN STEP	2026-09-17T11:18:49.5866198Z apps/api/src/ca_api/interfaces/http/sprint45.py:707: error: Untyped decorator makes function "resolve_gaps" untyped  [untyped-decorator]
01 lint + type	UNKNOWN STEP	2026-09-17T11:18:49.5866714Z apps/api/src/ca_api/interfaces/http/sprint45.py:790: error: Untyped decorator makes function "create_open_shift" untyped  [untyped-decorator]
01 lint + type	UNKNOWN STEP	2026-09-17T11:18:49.5867217Z apps/api/src/ca_api/interfaces/http/sprint45.py:796: error: Item "None" of "dict[str, str] | None" has no attribute "get"  [union-attr]
01 lint + type	UNKNOWN STEP	2026-09-17T11:18:49.5867722Z apps/api/src/ca_api/interfaces/http/sprint45.py:810: error: Untyped decorator makes function "list_open_shifts" untyped  [untyped-decorator]
01 lint + type	UNKNOWN STEP	2026-09-17T11:18:49.5868224Z apps/api/src/ca_api/interfaces/http/sprint45.py:816: error: Item "None" of "dict[str, str] | None" has no attribute "get"  [union-attr]
01 lint + type	UNKNOWN STEP	2026-09-17T11:18:49.5868726Z apps/api/src/ca_api/interfaces/http/sprint45.py:823: error: Untyped decorator makes function "claim_open_shift" untyped  [untyped-decorator]
01 lint + type	UNKNOWN STEP	2026-09-17T11:18:49.5869224Z apps/api/src/ca_api/interfaces/http/sprint45.py:866: error: Untyped decorator makes function "lich_ics" untyped  [untyped-decorator]
01 lint + type	UNKNOWN STEP	2026-09-17T11:18:49.5869785Z apps/api/src/ca_api/interfaces/http/sprint45.py:912: error: Untyped decorator makes function "lich_xlsx" untyped  [untyped-decorator]
01 lint + type	UNKNOWN STEP	2026-09-17T11:18:49.5870270Z apps/api/src/ca_api/interfaces/http/sprint45.py:952: error: Untyped decorator makes function "lich_pdf" untyped  [untyped-decorator]
01 lint + type	UNKNOWN STEP	2026-09-17T11:18:49.5870772Z apps/api/src/ca_api/interfaces/http/sprint45.py:1020: error: Untyped decorator makes function "audit_get" untyped  [untyped-decorator]
01 lint + type	UNKNOWN STEP	2026-09-17T11:18:49.5871269Z apps/api/src/ca_api/interfaces/http/sprint45.py:1088: error: Untyped decorator makes function "inbox_list" untyped  [untyped-decorator]
01 lint + type	UNKNOWN STEP	2026-09-17T11:18:49.5871768Z apps/api/src/ca_api/interfaces/http/sprint45.py:1117: error: Untyped decorator makes function "inbox_decide" untyped  [untyped-decorator]
01 lint + type	UNKNOWN STEP	2026-09-17T11:18:49.5872289Z apps/api/src/ca_api/interfaces/http/sprint45.py:1290: error: Untyped decorator makes function "get_swap_candidates" untyped  [untyped-decorator]
01 lint + type	UNKNOWN STEP	2026-09-17T11:18:49.5872828Z apps/api/src/ca_api/interfaces/http/sprint45.py:1310: error: Untyped decorator makes function "inbox_smart_approve" untyped  [untyped-decorator]
01 lint + type	UNKNOWN STEP	2026-09-17T11:18:49.5873351Z apps/api/src/ca_api/interfaces/http/sprint45.py:1347: error: Returning Any from function declared to return "dict[str, Any]"  [no-any-return]
01 lint + type	UNKNOWN STEP	2026-09-17T11:18:49.5873939Z apps/api/src/ca_api/interfaces/http/sprint45.py:1350: error: Untyped decorator makes function "cong_bang" untyped  [untyped-decorator]
01 lint + type	UNKNOWN STEP	2026-09-17T11:18:49.5874450Z apps/api/src/ca_api/interfaces/http/sprint45.py:1391: error: Untyped decorator makes function "cong_bang_bao_cao" untyped  [untyped-decorator]
01 lint + type	UNKNOWN STEP	2026-09-17T11:18:49.5875014Z apps/api/src/ca_api/interfaces/http/sprint45.py:1404: error: Class cannot subclass "BaseModel" (has type "Any")  [misc]
01 lint + type	UNKNOWN STEP	2026-09-17T11:18:49.5875453Z apps/api/src/ca_api/interfaces/http/sprint45.py:1410: error: Class cannot subclass "BaseModel" (has type "Any")  [misc]
01 lint + type	UNKNOWN STEP	2026-09-17T11:18:49.5875919Z apps/api/src/ca_api/interfaces/http/sprint45.py:1419: error: Untyped decorator makes function "hom_nay" untyped  [untyped-decorator]
01 lint + type	UNKNOWN STEP	2026-09-17T11:18:49.5876418Z apps/api/src/ca_api/interfaces/http/sprint45.py:1557: error: Untyped decorator makes function "tieu_thu_list" untyped  [untyped-decorator]
01 lint + type	UNKNOWN STEP	2026-09-17T11:18:49.5876927Z apps/api/src/ca_api/interfaces/http/sprint45.py:1569: error: Untyped decorator makes function "tieu_thu_ghi" untyped  [untyped-decorator]
01 lint + type	UNKNOWN STEP	2026-09-17T11:18:49.5877429Z apps/api/src/ca_api/interfaces/http/sprint45.py:1594: error: Untyped decorator makes function "waste_ghi" untyped  [untyped-decorator]
01 lint + type	UNKNOWN STEP	2026-09-17T11:18:49.5877932Z apps/api/src/ca_api/interfaces/http/sprint45.py:1628: error: Untyped decorator makes function "handover_list" untyped  [untyped-decorator]
01 lint + type	UNKNOWN STEP	2026-09-17T11:18:49.5878428Z apps/api/src/ca_api/interfaces/http/sprint45.py:1634: error: Untyped decorator makes function "handover" untyped  [untyped-decorator]
01 lint + type	UNKNOWN STEP	2026-09-17T11:18:49.5878925Z apps/api/src/ca_api/interfaces/http/sprint45.py:1672: error: Untyped decorator makes function "cam_nang_get" untyped  [untyped-decorator]
01 lint + type	UNKNOWN STEP	2026-09-17T11:18:49.5879492Z apps/api/src/ca_api/interfaces/http/sprint45.py:1687: error: Untyped decorator makes function "cam_nang_run" untyped  [untyped-decorator]
01 lint + type	UNKNOWN STEP	2026-09-17T11:18:49.5880003Z apps/api/src/ca_api/interfaces/http/sprint45.py:1774: error: Untyped decorator makes function "cam_nang_duyet" untyped  [untyped-decorator]
01 lint + type	UNKNOWN STEP	2026-09-17T11:18:49.5880476Z apps/api/src/ca_api/interfaces/http/sprint45.py:1795: error: Class cannot subclass "BaseModel" (has type "Any")  [misc]
01 lint + type	UNKNOWN STEP	2026-09-17T11:18:49.5880952Z apps/api/src/ca_api/interfaces/http/sprint45.py:1799: error: Untyped decorator makes function "cam_nang_go" untyped  [untyped-decorator]
01 lint + type	UNKNOWN STEP	2026-09-17T11:18:49.5881440Z apps/api/src/ca_api/interfaces/http/sprint45.py:1817: error: Untyped decorator makes function "sop" untyped  [untyped-decorator]
01 lint + type	UNKNOWN STEP	2026-09-17T11:18:49.5881925Z apps/api/src/ca_api/interfaces/http/sprint45.py:1833: error: Untyped decorator makes function "sop_golden" untyped  [untyped-decorator]
01 lint + type	UNKNOWN STEP	2026-09-17T11:18:49.5882415Z apps/api/src/ca_api/interfaces/http/sprint45.py:1857: error: Untyped decorator makes function "waste" untyped  [untyped-decorator]
01 lint + type	UNKNOWN STEP	2026-09-17T11:18:49.5882901Z apps/api/src/ca_api/interfaces/http/sprint45.py:1870: error: Untyped decorator makes function "qr_issue" untyped  [untyped-decorator]
01 lint + type	UNKNOWN STEP	2026-09-17T11:18:49.5883397Z apps/api/src/ca_api/interfaces/http/sprint45.py:1890: error: Untyped decorator makes function "qr_use" untyped  [untyped-decorator]
01 lint + type	UNKNOWN STEP	2026-09-17T11:18:49.5883887Z apps/api/src/ca_api/interfaces/http/sprint45.py:1934: error: Untyped decorator makes function "swap_open" untyped  [untyped-decorator]
01 lint + type	UNKNOWN STEP	2026-09-17T11:18:49.5884377Z apps/api/src/ca_api/interfaces/http/sprint45.py:1980: error: Untyped decorator makes function "swap_list" untyped  [untyped-decorator]
01 lint + type	UNKNOWN STEP	2026-09-17T11:18:49.5884872Z apps/api/src/ca_api/interfaces/http/sprint45.py:1986: error: Untyped decorator makes function "swap_dong_y" untyped  [untyped-decorator]
01 lint + type	UNKNOWN STEP	2026-09-17T11:18:49.5885373Z apps/api/src/ca_api/interfaces/http/sprint45.py:1987: error: Untyped decorator makes function "swap_dong_y" untyped  [untyped-decorator]
01 lint + type	UNKNOWN STEP	2026-09-17T11:18:49.5885872Z apps/api/src/ca_api/interfaces/http/sprint45.py:2041: error: Untyped decorator makes function "swap_tu_choi" untyped  [untyped-decorator]
01 lint + type	UNKNOWN STEP	2026-09-17T11:18:49.5886456Z apps/api/src/ca_api/interfaces/http/sprint45.py:2042: error: Untyped decorator makes function "swap_tu_choi" untyped  [untyped-decorator]
01 lint + type	UNKNOWN STEP	2026-09-17T11:18:49.5886957Z apps/api/src/ca_api/interfaces/http/sprint45.py:2086: error: Untyped decorator makes function "ops_pickers" untyped  [untyped-decorator]
01 lint + type	UNKNOWN STEP	2026-09-17T11:18:49.5887529Z apps/api/src/ca_api/interfaces/http/sprint45.py:2124: error: Untyped decorator makes function "ab_table" untyped  [untyped-decorator]
01 lint + type	UNKNOWN STEP	2026-09-17T11:18:49.5888040Z apps/api/src/ca_api/interfaces/http/sprint45.py:2136: error: Untyped decorator makes function "conflict_sample" untyped  [untyped-decorator]
01 lint + type	UNKNOWN STEP	2026-09-17T11:18:49.5888558Z apps/api/src/ca_api/interfaces/http/sprint45.py:2137: error: Untyped decorator makes function "conflict_sample" untyped  [untyped-decorator]
01 lint + type	UNKNOWN STEP	2026-09-17T11:18:49.5892436Z apps/api/src/ca_api/interfaces/http/skills.py:23: error: Class cannot subclass "BaseModel" (has type "Any")  [misc]
01 lint + type	UNKNOWN STEP	2026-09-17T11:18:49.5893097Z apps/api/src/ca_api/interfaces/http/skills.py:29: error: Untyped decorator makes function "list_skills" untyped  [untyped-decorator]
01 lint + type	UNKNOWN STEP	2026-09-17T11:18:49.5893593Z apps/api/src/ca_api/interfaces/http/skills.py:35: error: Untyped decorator makes function "get_skill_detail" untyped  [untyped-decorator]
01 lint + type	UNKNOWN STEP	2026-09-17T11:18:49.5894107Z apps/api/src/ca_api/interfaces/http/skills.py:54: error: Untyped decorator makes function "verify_skill_live" untyped  [untyped-decorator]
01 lint + type	UNKNOWN STEP	2026-09-17T11:18:49.5894616Z apps/api/src/ca_api/interfaces/http/skills.py:101: error: Untyped decorator makes function "distill_new_sop" untyped  [untyped-decorator]
01 lint + type	UNKNOWN STEP	2026-09-17T11:18:49.5918768Z apps/api/src/ca_api/interfaces/http/reservations.py:23: error: Class cannot subclass "BaseModel" (has type "Any")  [misc]
01 lint + type	UNKNOWN STEP	2026-09-17T11:18:49.5919610Z apps/api/src/ca_api/interfaces/http/reservations.py:27: error: Untyped decorator makes function "get_reservations" untyped  [untyped-decorator]
01 lint + type	UNKNOWN STEP	2026-09-17T11:18:49.5920130Z apps/api/src/ca_api/interfaces/http/reservations.py:40: error: Untyped decorator makes function "get_tables" untyped  [untyped-decorator]
01 lint + type	UNKNOWN STEP	2026-09-17T11:18:49.5920668Z apps/api/src/ca_api/interfaces/http/reservations.py:50: error: Untyped decorator makes function "get_reservation_detail" untyped  [untyped-decorator]
01 lint + type	UNKNOWN STEP	2026-09-17T11:18:49.5921226Z apps/api/src/ca_api/interfaces/http/reservations.py:63: error: Untyped decorator makes function "check_in_reservation" untyped  [untyped-decorator]
01 lint + type	UNKNOWN STEP	2026-09-17T11:18:49.5921781Z apps/api/src/ca_api/interfaces/http/reservations.py:78: error: Untyped decorator makes function "mark_no_show_reservation" untyped  [untyped-decorator]
01 lint + type	UNKNOWN STEP	2026-09-17T11:18:49.5922334Z apps/api/src/ca_api/interfaces/http/reservations.py:96: error: Untyped decorator makes function "complete_reservation" untyped  [untyped-decorator]
01 lint + type	UNKNOWN STEP	2026-09-17T11:18:49.5922880Z apps/api/src/ca_api/interfaces/http/reservations.py:111: error: Untyped decorator makes function "cancel_reservation" untyped  [untyped-decorator]
01 lint + type	UNKNOWN STEP	2026-09-17T11:18:49.5923435Z apps/api/src/ca_api/interfaces/http/reservations.py:131: error: Untyped decorator makes function "get_my_notifications" untyped  [untyped-decorator]
01 lint + type	UNKNOWN STEP	2026-09-17T11:18:49.5923974Z apps/api/src/ca_api/interfaces/http/reservations.py:142: error: Untyped decorator makes function "ack_notification" untyped  [untyped-decorator]
01 lint + type	UNKNOWN STEP	2026-09-17T11:18:49.5924524Z apps/api/src/ca_api/interfaces/http/reservations.py:153: error: Untyped decorator makes function "get_reservation_metrics" untyped  [untyped-decorator]
01 lint + type	UNKNOWN STEP	2026-09-17T11:18:49.6016612Z apps/api/src/ca_api/interfaces/http/pos.py:66: error: Class cannot subclass "BaseModel" (has type "Any")  [misc]
01 lint + type	UNKNOWN STEP	2026-09-17T11:18:49.6017247Z apps/api/src/ca_api/interfaces/http/pos.py:74: error: Class cannot subclass "BaseModel" (has type "Any")  [misc]
01 lint + type	UNKNOWN STEP	2026-09-17T11:18:49.6017658Z apps/api/src/ca_api/interfaces/http/pos.py:79: error: Class cannot subclass "BaseModel" (has type "Any")  [misc]
01 lint + type	UNKNOWN STEP	2026-09-17T11:18:49.6018062Z apps/api/src/ca_api/interfaces/http/pos.py:84: error: Class cannot subclass "BaseModel" (has type "Any")  [misc]
01 lint + type	UNKNOWN STEP	2026-09-17T11:18:49.6018592Z apps/api/src/ca_api/interfaces/http/pos.py:89: error: Class cannot subclass "BaseModel" (has type "Any")  [misc]
01 lint + type	UNKNOWN STEP	2026-09-17T11:18:49.6018998Z apps/api/src/ca_api/interfaces/http/pos.py:94: error: Class cannot subclass "BaseModel" (has type "Any")  [misc]
01 lint + type	UNKNOWN STEP	2026-09-17T11:18:49.6019623Z apps/api/src/ca_api/interfaces/http/pos.py:210: error: Untyped decorator makes function "menu" untyped  [untyped-decorator]
01 lint + type	UNKNOWN STEP	2026-09-17T11:18:49.6020105Z apps/api/src/ca_api/interfaces/http/pos.py:220: error: Untyped decorator makes function "menu_quan_tri" untyped  [untyped-decorator]
01 lint + type	UNKNOWN STEP	2026-09-17T11:18:49.6020585Z apps/api/src/ca_api/interfaces/http/pos.py:226: error: Untyped decorator makes function "menu_luu" untyped  [untyped-decorator]
01 lint + type	UNKNOWN STEP	2026-09-17T11:18:49.6021059Z apps/api/src/ca_api/interfaces/http/pos.py:245: error: Untyped decorator makes function "nguoi_list" untyped  [untyped-decorator]
01 lint + type	UNKNOWN STEP	2026-09-17T11:18:49.6021547Z apps/api/src/ca_api/interfaces/http/pos.py:251: error: Untyped decorator makes function "nguoi_nang_vai" untyped  [untyped-decorator]
01 lint + type	UNKNOWN STEP	2026-09-17T11:18:49.6022038Z apps/api/src/ca_api/interfaces/http/pos.py:266: error: Untyped decorator makes function "nguoi_ha_vai" untyped  [untyped-decorator]
01 lint + type	UNKNOWN STEP	2026-09-17T11:18:49.6022821Z apps/api/src/ca_api/interfaces/http/pos.py:280: error: Untyped decorator makes function "nguoi_deactivate" untyped  [untyped-decorator]
01 lint + type	UNKNOWN STEP	2026-09-17T11:18:49.6023387Z apps/api/src/ca_api/interfaces/http/pos.py:300: error: Untyped decorator makes function "menu_anh_get" untyped  [untyped-decorator]
01 lint + type	UNKNOWN STEP	2026-09-17T11:18:49.6023876Z apps/api/src/ca_api/interfaces/http/pos.py:309: error: Untyped decorator makes function "menu_anh_upload" untyped  [untyped-decorator]
01 lint + type	UNKNOWN STEP	2026-09-17T11:18:49.6024362Z apps/api/src/ca_api/interfaces/http/pos.py:337: error: Untyped decorator makes function "quay_don_list" untyped  [untyped-decorator]
01 lint + type	UNKNOWN STEP	2026-09-17T11:18:49.6024862Z apps/api/src/ca_api/interfaces/http/pos.py:345: error: Untyped decorator makes function "quay_don_tao" untyped  [untyped-decorator]
01 lint + type	UNKNOWN STEP	2026-09-17T11:18:49.6025354Z apps/api/src/ca_api/interfaces/http/pos.py:365: error: Untyped decorator makes function "quay_don_chuyen" untyped  [untyped-decorator]
01 lint + type	UNKNOWN STEP	2026-09-17T11:18:49.6025850Z apps/api/src/ca_api/interfaces/http/pos.py:389: error: Untyped decorator makes function "quay_don_chinh" untyped  [untyped-decorator]
01 lint + type	UNKNOWN STEP	2026-09-17T11:18:49.6026338Z apps/api/src/ca_api/interfaces/http/pos.py:410: error: Untyped decorator makes function "quay_bao_cao" untyped  [untyped-decorator]
01 lint + type	UNKNOWN STEP	2026-09-17T11:18:49.6220393Z apps/api/src/ca_api/interfaces/http/meeting.py:121: error: Class cannot subclass "BaseModel" (has type "Any")  [misc]
01 lint + type	UNKNOWN STEP	2026-09-17T11:18:49.6220984Z apps/api/src/ca_api/interfaces/http/meeting.py:130: error: Class cannot subclass "BaseModel" (has type "Any")  [misc]
01 lint + type	UNKNOWN STEP	2026-09-17T11:18:49.6221495Z apps/api/src/ca_api/interfaces/http/meeting.py:135: error: Untyped decorator makes function "transcribe_audio_endpoint" untyped  [untyped-decorator]
01 lint + type	UNKNOWN STEP	2026-09-17T11:18:49.6222065Z apps/api/src/ca_api/interfaces/http/meeting.py:167: error: Untyped decorator makes function "analyze_meeting_endpoint" untyped  [untyped-decorator]
01 lint + type	UNKNOWN STEP	2026-09-17T11:18:49.6222609Z apps/api/src/ca_api/interfaces/http/meeting.py:195: error: Untyped decorator makes function "process_audio_upload" untyped  [untyped-decorator]
01 lint + type	UNKNOWN STEP	2026-09-17T11:18:49.6223094Z apps/api/src/ca_api/interfaces/http/meeting.py:265: error: Class cannot subclass "BaseModel" (has type "Any")  [misc]
01 lint + type	UNKNOWN STEP	2026-09-17T11:18:49.6223597Z apps/api/src/ca_api/interfaces/http/meeting.py:270: error: Untyped decorator makes function "clarify_actions_endpoint" untyped  [untyped-decorator]
01 lint + type	UNKNOWN STEP	2026-09-17T11:18:49.6224141Z apps/api/src/ca_api/interfaces/http/meeting.py:288: error: Untyped decorator makes function "apply_meeting_decisions" untyped  [untyped-decorator]
01 lint + type	UNKNOWN STEP	2026-09-17T11:18:49.6224661Z apps/api/src/ca_api/interfaces/http/meeting.py:580: error: Untyped decorator makes function "list_meetings" untyped  [untyped-decorator]
01 lint + type	UNKNOWN STEP	2026-09-17T11:18:49.6225291Z apps/api/src/ca_api/interfaces/http/meeting.py:590: error: Untyped decorator makes function "get_meeting" untyped  [untyped-decorator]
01 lint + type	UNKNOWN STEP	2026-09-17T11:18:49.6225798Z apps/api/src/ca_api/interfaces/http/meeting.py:604: error: Untyped decorator makes function "delete_meeting" untyped  [untyped-decorator]
01 lint + type	UNKNOWN STEP	2026-09-17T11:18:49.6226400Z apps/api/src/ca_api/interfaces/http/meeting.py:628: error: Untyped decorator makes function "list_sop_de_xuat" untyped  [untyped-decorator]
01 lint + type	UNKNOWN STEP	2026-09-17T11:18:49.6226934Z apps/api/src/ca_api/interfaces/http/meeting.py:638: error: Untyped decorator makes function "rollback_meeting_endpoint" untyped  [untyped-decorator]
01 lint + type	UNKNOWN STEP	2026-09-17T11:18:49.6227492Z apps/api/src/ca_api/interfaces/http/meeting.py:735: error: Untyped decorator makes function "update_meeting_draft_endpoint" untyped  [untyped-decorator]
01 lint + type	UNKNOWN STEP	2026-09-17T11:18:49.6272921Z apps/api/src/ca_api/interfaces/http/mail.py:36: error: Class cannot subclass "BaseModel" (has type "Any")  [misc]
01 lint + type	UNKNOWN STEP	2026-09-17T11:18:49.6273560Z apps/api/src/ca_api/interfaces/http/mail.py:40: error: Class cannot subclass "BaseModel" (has type "Any")  [misc]
01 lint + type	UNKNOWN STEP	2026-09-17T11:18:49.6274035Z apps/api/src/ca_api/interfaces/http/mail.py:162: error: Untyped decorator makes function "get_profile" untyped  [untyped-decorator]
01 lint + type	UNKNOWN STEP	2026-09-17T11:18:49.6274531Z apps/api/src/ca_api/interfaces/http/mail.py:173: error: Untyped decorator makes function "patch_email" untyped  [untyped-decorator]
01 lint + type	UNKNOWN STEP	2026-09-17T11:18:49.6275023Z apps/api/src/ca_api/interfaces/http/mail.py:191: error: Untyped decorator makes function "users_emails" untyped  [untyped-decorator]
01 lint + type	UNKNOWN STEP	2026-09-17T11:18:49.6275504Z apps/api/src/ca_api/interfaces/http/mail.py:200: error: Untyped decorator makes function "mail_send" untyped  [untyped-decorator]
01 lint + type	UNKNOWN STEP	2026-09-17T11:18:49.6425604Z apps/api/src/ca_api/interfaces/http/chat.py:85: error: Class cannot subclass "BaseModel" (has type "Any")  [misc]
01 lint + type	UNKNOWN STEP	2026-09-17T11:18:49.6426318Z apps/api/src/ca_api/interfaces/http/chat.py:93: error: Class cannot subclass "BaseModel" (has type "Any")  [misc]
01 lint + type	UNKNOWN STEP	2026-09-17T11:18:49.6427019Z apps/api/src/ca_api/interfaces/http/chat.py:100: error: Class cannot subclass "BaseModel" (has type "Any")  [misc]
01 lint + type	UNKNOWN STEP	2026-09-17T11:18:49.6427703Z apps/api/src/ca_api/interfaces/http/chat.py:104: error: Class cannot subclass "BaseModel" (has type "Any")  [misc]
01 lint + type	UNKNOWN STEP	2026-09-17T11:18:49.6428191Z apps/api/src/ca_api/interfaces/http/chat.py:108: error: Class cannot subclass "BaseModel" (has type "Any")  [misc]
01 lint + type	UNKNOWN STEP	2026-09-17T11:18:49.6428606Z apps/api/src/ca_api/interfaces/http/chat.py:112: error: Class cannot subclass "BaseModel" (has type "Any")  [misc]
01 lint + type	UNKNOWN STEP	2026-09-17T11:18:49.6429018Z apps/api/src/ca_api/interfaces/http/chat.py:116: error: Class cannot subclass "BaseModel" (has type "Any")  [misc]
01 lint + type	UNKNOWN STEP	2026-09-17T11:18:49.6429702Z apps/api/src/ca_api/interfaces/http/chat.py:122: error: Untyped decorator makes function "chat_websocket_endpoint" untyped  [untyped-decorator]
01 lint + type	UNKNOWN STEP	2026-09-17T11:18:49.6430228Z apps/api/src/ca_api/interfaces/http/chat.py:192: error: Untyped decorator makes function "list_conversations" untyped  [untyped-decorator]
01 lint + type	UNKNOWN STEP	2026-09-17T11:18:49.6430743Z apps/api/src/ca_api/interfaces/http/chat.py:203: error: Untyped decorator makes function "create_conversation" untyped  [untyped-decorator]
01 lint + type	UNKNOWN STEP	2026-09-17T11:18:49.6431276Z apps/api/src/ca_api/interfaces/http/chat.py:238: error: Untyped decorator makes function "get_scheduler_conversation" untyped  [untyped-decorator]
01 lint + type	UNKNOWN STEP	2026-09-17T11:18:49.6431798Z apps/api/src/ca_api/interfaces/http/chat.py:250: error: Untyped decorator makes function "get_conversation" untyped  [untyped-decorator]
01 lint + type	UNKNOWN STEP	2026-09-17T11:18:49.6432288Z apps/api/src/ca_api/interfaces/http/chat.py:265: error: Untyped decorator makes function "get_messages" untyped  [untyped-decorator]
01 lint + type	UNKNOWN STEP	2026-09-17T11:18:49.6432782Z apps/api/src/ca_api/interfaces/http/chat.py:300: error: Item "None" of "ActionProposal | None" has no attribute "model_dump"  [union-attr]
01 lint + type	UNKNOWN STEP	2026-09-17T11:18:49.6433271Z apps/api/src/ca_api/interfaces/http/chat.py:317: error: Untyped decorator makes function "send_message" untyped  [untyped-decorator]
01 lint + type	UNKNOWN STEP	2026-09-17T11:18:49.6433979Z apps/api/src/ca_api/interfaces/http/chat.py:388: error: Untyped decorator makes function "confirm_chat_availability" untyped  [untyped-decorator]
01 lint + type	UNKNOWN STEP	2026-09-17T11:18:49.6434510Z apps/api/src/ca_api/interfaces/http/chat.py:412: error: Untyped decorator makes function "correct_chat_availability" untyped  [untyped-decorator]
01 lint + type	UNKNOWN STEP	2026-09-17T11:18:49.6435103Z apps/api/src/ca_api/interfaces/http/chat.py:439: error: Untyped decorator makes function "pin_message" untyped  [untyped-decorator]
01 lint + type	UNKNOWN STEP	2026-09-17T11:18:49.6435587Z apps/api/src/ca_api/interfaces/http/chat.py:456: error: Untyped decorator makes function "edit_message" untyped  [untyped-decorator]
01 lint + type	UNKNOWN STEP	2026-09-17T11:18:49.6436076Z apps/api/src/ca_api/interfaces/http/chat.py:479: error: Untyped decorator makes function "delete_message" untyped  [untyped-decorator]
01 lint + type	UNKNOWN STEP	2026-09-17T11:18:49.6436524Z apps/api/src/ca_api/interfaces/http/chat.py:499: error: Class cannot subclass "BaseModel" (has type "Any")  [misc]
01 lint + type	UNKNOWN STEP	2026-09-17T11:18:49.6437056Z apps/api/src/ca_api/interfaces/http/chat.py:503: error: Untyped decorator makes function "treo_from_chat" untyped  [untyped-decorator]
01 lint + type	UNKNOWN STEP	2026-09-17T11:18:49.6437572Z apps/api/src/ca_api/interfaces/http/chat.py:555: error: Untyped decorator makes function "react_message" untyped  [untyped-decorator]
01 lint + type	UNKNOWN STEP	2026-09-17T11:18:49.6438166Z apps/api/src/ca_api/interfaces/http/chat.py:572: error: Untyped decorator makes function "mark_read" untyped  [untyped-decorator]
01 lint + type	UNKNOWN STEP	2026-09-17T11:18:49.6438654Z apps/api/src/ca_api/interfaces/http/chat.py:591: error: Untyped decorator makes function "mute_conversation" untyped  [untyped-decorator]
01 lint + type	UNKNOWN STEP	2026-09-17T11:18:49.6439153Z apps/api/src/ca_api/interfaces/http/chat.py:602: error: Untyped decorator makes function "search_messages" untyped  [untyped-decorator]
01 lint + type	UNKNOWN STEP	2026-09-17T11:18:49.6439767Z apps/api/src/ca_api/interfaces/http/chat.py:613: error: Untyped decorator makes function "get_online_users" untyped  [untyped-decorator]
01 lint + type	UNKNOWN STEP	2026-09-17T11:18:49.6440267Z apps/api/src/ca_api/interfaces/http/chat.py:657: error: Untyped decorator makes function "upload_chat_media" untyped  [untyped-decorator]
01 lint + type	UNKNOWN STEP	2026-09-17T11:18:49.6440771Z apps/api/src/ca_api/interfaces/http/chat.py:688: error: Untyped decorator makes function "serve_chat_media" untyped  [untyped-decorator]
01 lint + type	UNKNOWN STEP	2026-09-17T11:18:49.6931322Z apps/api/src/ca_api/interfaces/http/channels.py:173: error: Class cannot subclass "BaseModel" (has type "Any")  [misc]
01 lint + type	UNKNOWN STEP	2026-09-17T11:18:49.6932132Z apps/api/src/ca_api/interfaces/http/channels.py:178: error: Untyped decorator makes function "bind_issue" untyped  [untyped-decorator]
01 lint + type	UNKNOWN STEP	2026-09-17T11:18:49.6932897Z apps/api/src/ca_api/interfaces/http/channels.py:192: error: Class cannot subclass "BaseModel" (has type "Any")  [misc]
01 lint + type	UNKNOWN STEP	2026-09-17T11:18:49.6933667Z apps/api/src/ca_api/interfaces/http/channels.py:198: error: Untyped decorator makes function "bind_manual" untyped  [untyped-decorator]
01 lint + type	UNKNOWN STEP	2026-09-17T11:18:49.6934169Z apps/api/src/ca_api/interfaces/http/channels.py:213: error: Untyped decorator makes function "bind_list" untyped  [untyped-decorator]
01 lint + type	UNKNOWN STEP	2026-09-17T11:18:49.6934647Z apps/api/src/ca_api/interfaces/http/channels.py:375: error: Class cannot subclass "BaseModel" (has type "Any")  [misc]
01 lint + type	UNKNOWN STEP	2026-09-17T11:18:49.6935129Z apps/api/src/ca_api/interfaces/http/channels.py:380: error: Untyped decorator makes function "channels_status" untyped  [untyped-decorator]
01 lint + type	UNKNOWN STEP	2026-09-17T11:18:49.6935656Z apps/api/src/ca_api/interfaces/http/channels.py:415: error: Untyped decorator makes function "channels_replay" untyped  [untyped-decorator]
01 lint + type	UNKNOWN STEP	2026-09-17T11:18:49.6936180Z apps/api/src/ca_api/interfaces/http/channels.py:437: error: Untyped decorator makes function "telegram_webhook" untyped  [untyped-decorator]
01 lint + type	UNKNOWN STEP	2026-09-17T11:18:49.6936692Z apps/api/src/ca_api/interfaces/http/channels.py:451: error: Untyped decorator makes function "zalo_webhook" untyped  [untyped-decorator]
01 lint + type	UNKNOWN STEP	2026-09-17T11:18:49.6937199Z apps/api/src/ca_api/interfaces/http/channels.py:511: error: Untyped decorator makes function "page_status" untyped  [untyped-decorator]
01 lint + type	UNKNOWN STEP	2026-09-17T11:18:49.6937842Z apps/api/src/ca_api/interfaces/http/channels.py:536: error: Untyped decorator makes function "page_sync" untyped  [untyped-decorator]
01 lint + type	UNKNOWN STEP	2026-09-17T11:18:49.6938350Z apps/api/src/ca_api/interfaces/http/channels.py:561: error: Untyped decorator makes function "page_sync_multi" untyped  [untyped-decorator]
01 lint + type	UNKNOWN STEP	2026-09-17T11:18:49.6938964Z apps/api/src/ca_api/interfaces/http/channels.py:895: error: Untyped decorator makes function "facebook_webhook" untyped  [untyped-decorator]
01 lint + type	UNKNOWN STEP	2026-09-17T11:18:49.6939574Z apps/api/src/ca_api/interfaces/http/channels.py:1161: error: Untyped decorator makes function "page_threads" untyped  [untyped-decorator]
01 lint + type	UNKNOWN STEP	2026-09-17T11:18:49.6940045Z apps/api/src/ca_api/interfaces/http/channels.py:1174: error: Class cannot subclass "BaseModel" (has type "Any")  [misc]
01 lint + type	UNKNOWN STEP	2026-09-17T11:18:49.6940523Z apps/api/src/ca_api/interfaces/http/channels.py:1179: error: Untyped decorator makes function "page_reply" untyped  [untyped-decorator]
01 lint + type	UNKNOWN STEP	2026-09-17T11:18:49.6940993Z apps/api/src/ca_api/interfaces/http/channels.py:1240: error: Class cannot subclass "BaseModel" (has type "Any")  [misc]
01 lint + type	UNKNOWN STEP	2026-09-17T11:18:49.6941492Z apps/api/src/ca_api/interfaces/http/channels.py:1245: error: Untyped decorator makes function "page_thread_approve" untyped  [untyped-decorator]
01 lint + type	UNKNOWN STEP	2026-09-17T11:18:49.6941980Z apps/api/src/ca_api/interfaces/http/channels.py:1370: error: Class cannot subclass "BaseModel" (has type "Any")  [misc]
01 lint + type	UNKNOWN STEP	2026-09-17T11:18:49.6942461Z apps/api/src/ca_api/interfaces/http/channels.py:1376: error: Untyped decorator makes function "fb_inbox_list" untyped  [untyped-decorator]
01 lint + type	UNKNOWN STEP	2026-09-17T11:18:49.6942977Z apps/api/src/ca_api/interfaces/http/channels.py:1399: error: Untyped decorator makes function "fb_inbox_stats" untyped  [untyped-decorator]
01 lint + type	UNKNOWN STEP	2026-09-17T11:18:49.6943497Z apps/api/src/ca_api/interfaces/http/channels.py:1409: error: Untyped decorator makes function "fb_inbox_detail" untyped  [untyped-decorator]
01 lint + type	UNKNOWN STEP	2026-09-17T11:18:49.6944017Z apps/api/src/ca_api/interfaces/http/channels.py:1422: error: Untyped decorator makes function "fb_inbox_decide" untyped  [untyped-decorator]
01 lint + type	UNKNOWN STEP	2026-09-17T11:18:49.6944496Z apps/api/src/ca_api/interfaces/http/channels.py:1539: error: Class cannot subclass "BaseModel" (has type "Any")  [misc]
01 lint + type	UNKNOWN STEP	2026-09-17T11:18:49.6944984Z apps/api/src/ca_api/interfaces/http/channels.py:1568: error: Untyped decorator makes function "fb_policy_get" untyped  [untyped-decorator]
01 lint + type	UNKNOWN STEP	2026-09-17T11:18:49.6945494Z apps/api/src/ca_api/interfaces/http/channels.py:1577: error: Untyped decorator makes function "fb_policy_set" untyped  [untyped-decorator]
01 lint + type	UNKNOWN STEP	2026-09-17T11:18:49.6945970Z apps/api/src/ca_api/interfaces/http/channels.py:1615: error: Class cannot subclass "BaseModel" (has type "Any")  [misc]
01 lint + type	UNKNOWN STEP	2026-09-17T11:18:49.6946473Z apps/api/src/ca_api/interfaces/http/channels.py:1622: error: Untyped decorator makes function "page_audit_reflection" untyped  [untyped-decorator]
01 lint + type	UNKNOWN STEP	2026-09-17T11:18:49.6947019Z apps/api/src/ca_api/interfaces/http/channels.py:1644: error: Untyped decorator makes function "get_latest_reflection" untyped  [untyped-decorator]
01 lint + type	UNKNOWN STEP	2026-09-17T11:18:49.6947588Z apps/api/src/ca_api/interfaces/http/channels.py:1663: error: Untyped decorator makes function "apply_reflection_proposal" untyped  [untyped-decorator]
01 lint + type	UNKNOWN STEP	2026-09-17T11:18:49.6948120Z apps/api/src/ca_api/interfaces/http/channels.py:1694: error: Untyped decorator makes function "get_profile" untyped  [untyped-decorator]
01 lint + type	UNKNOWN STEP	2026-09-17T11:18:49.6948630Z apps/api/src/ca_api/interfaces/http/channels.py:1699: error: Untyped decorator makes function "update_profile" untyped  [untyped-decorator]
01 lint + type	UNKNOWN STEP	2026-09-17T11:18:49.6949142Z apps/api/src/ca_api/interfaces/http/channels.py:1710: error: Untyped decorator makes function "get_promos" untyped  [untyped-decorator]
01 lint + type	UNKNOWN STEP	2026-09-17T11:18:49.6949707Z apps/api/src/ca_api/interfaces/http/channels.py:1715: error: Untyped decorator makes function "update_promos" untyped  [untyped-decorator]
01 lint + type	UNKNOWN STEP	2026-09-17T11:18:49.6950179Z apps/api/src/ca_api/interfaces/http/channels.py:1726: error: Class cannot subclass "BaseModel" (has type "Any")  [misc]
01 lint + type	UNKNOWN STEP	2026-09-17T11:18:49.6950743Z apps/api/src/ca_api/interfaces/http/channels.py:1730: error: Untyped decorator makes function "page_drafts" untyped  [untyped-decorator]
01 lint + type	UNKNOWN STEP	2026-09-17T11:18:49.6951261Z apps/api/src/ca_api/interfaces/http/channels.py:1738: error: Untyped decorator makes function "page_draft_create" untyped  [untyped-decorator]
01 lint + type	UNKNOWN STEP	2026-09-17T11:18:49.6951817Z apps/api/src/ca_api/interfaces/http/channels.py:1766: error: Class cannot subclass "BaseModel" (has type "Any")  [misc]
01 lint + type	UNKNOWN STEP	2026-09-17T11:18:49.6952316Z apps/api/src/ca_api/interfaces/http/channels.py:1771: error: Untyped decorator makes function "page_draft_ai_generate" untyped  [untyped-decorator]
01 lint + type	UNKNOWN STEP	2026-09-17T11:18:49.6952799Z apps/api/src/ca_api/interfaces/http/channels.py:1837: error: Class cannot subclass "BaseModel" (has type "Any")  [misc]
01 lint + type	UNKNOWN STEP	2026-09-17T11:18:49.6953290Z apps/api/src/ca_api/interfaces/http/channels.py:1841: error: Untyped decorator makes function "page_draft_decide" untyped  [untyped-decorator]
01 lint + type	UNKNOWN STEP	2026-09-17T11:18:49.6953771Z apps/api/src/ca_api/interfaces/http/channels.py:1905: error: Class cannot subclass "BaseModel" (has type "Any")  [misc]
01 lint + type	UNKNOWN STEP	2026-09-17T11:18:49.6954243Z apps/api/src/ca_api/interfaces/http/channels.py:1910: error: Untyped decorator makes function "page_treo" untyped  [untyped-decorator]
01 lint + type	UNKNOWN STEP	2026-09-17T11:18:49.7516790Z apps/api/src/ca_api/interfaces/http/copilot.py:142: error: Class cannot subclass "BaseModel" (has type "Any")  [misc]
01 lint + type	UNKNOWN STEP	2026-09-17T11:18:49.7517597Z apps/api/src/ca_api/interfaces/http/copilot.py:150: error: Class cannot subclass "BaseModel" (has type "Any")  [misc]
01 lint + type	UNKNOWN STEP	2026-09-17T11:18:49.7518325Z apps/api/src/ca_api/interfaces/http/copilot.py:158: error: Class cannot subclass "BaseModel" (has type "Any")  [misc]
01 lint + type	UNKNOWN STEP	2026-09-17T11:18:49.7519041Z apps/api/src/ca_api/interfaces/http/copilot.py:164: error: Class cannot subclass "BaseModel" (has type "Any")  [misc]
01 lint + type	UNKNOWN STEP	2026-09-17T11:18:49.7519638Z apps/api/src/ca_api/interfaces/http/copilot.py:168: error: Class cannot subclass "BaseModel" (has type "Any")  [misc]
01 lint + type	UNKNOWN STEP	2026-09-17T11:18:49.7520108Z apps/api/src/ca_api/interfaces/http/copilot.py:175: error: Class cannot subclass "BaseModel" (has type "Any")  [misc]
01 lint + type	UNKNOWN STEP	2026-09-17T11:18:49.7520551Z apps/api/src/ca_api/interfaces/http/copilot.py:181: error: Class cannot subclass "BaseModel" (has type "Any")  [misc]
01 lint + type	UNKNOWN STEP	2026-09-17T11:18:49.7521001Z apps/api/src/ca_api/interfaces/http/copilot.py:187: error: Class cannot subclass "BaseModel" (has type "Any")  [misc]
01 lint + type	UNKNOWN STEP	2026-09-17T11:18:49.7521436Z apps/api/src/ca_api/interfaces/http/copilot.py:195: error: Class cannot subclass "BaseModel" (has type "Any")  [misc]
01 lint + type	UNKNOWN STEP	2026-09-17T11:18:49.7521874Z apps/api/src/ca_api/interfaces/http/copilot.py:203: error: Class cannot subclass "BaseModel" (has type "Any")  [misc]
01 lint + type	UNKNOWN STEP	2026-09-17T11:18:49.7522311Z apps/api/src/ca_api/interfaces/http/copilot.py:211: error: Class cannot subclass "BaseModel" (has type "Any")  [misc]
01 lint + type	UNKNOWN STEP	2026-09-17T11:18:49.7522747Z apps/api/src/ca_api/interfaces/http/copilot.py:219: error: Class cannot subclass "BaseModel" (has type "Any")  [misc]
01 lint + type	UNKNOWN STEP	2026-09-17T11:18:49.7523186Z apps/api/src/ca_api/interfaces/http/copilot.py:227: error: Class cannot subclass "BaseModel" (has type "Any")  [misc]
01 lint + type	UNKNOWN STEP	2026-09-17T11:18:49.7523624Z apps/api/src/ca_api/interfaces/http/copilot.py:233: error: Class cannot subclass "BaseModel" (has type "Any")  [misc]
01 lint + type	UNKNOWN STEP	2026-09-17T11:18:49.7524065Z apps/api/src/ca_api/interfaces/http/copilot.py:241: error: Class cannot subclass "BaseModel" (has type "Any")  [misc]
01 lint + type	UNKNOWN STEP	2026-09-17T11:18:49.7524557Z apps/api/src/ca_api/interfaces/http/copilot.py:330: error: Returning Any from function declared to return "dict[str, Any]"  [no-any-return]
01 lint + type	UNKNOWN STEP	2026-09-17T11:18:49.7525090Z apps/api/src/ca_api/interfaces/http/copilot.py:371: error: Untyped decorator makes function "copilot_upload" untyped  [untyped-decorator]
01 lint + type	UNKNOWN STEP	2026-09-17T11:18:49.7525625Z apps/api/src/ca_api/interfaces/http/copilot.py:406: error: Untyped decorator makes function "serve_copilot_media" untyped  [untyped-decorator]
01 lint + type	UNKNOWN STEP	2026-09-17T11:18:49.7526156Z apps/api/src/ca_api/interfaces/http/copilot.py:422: error: Untyped decorator makes function "copilot_message" untyped  [untyped-decorator]
01 lint + type	UNKNOWN STEP	2026-09-17T11:18:49.7526860Z apps/api/src/ca_api/interfaces/http/copilot.py:476: error: Untyped decorator makes function "copilot_message_stream" untyped  [untyped-decorator]
01 lint + type	UNKNOWN STEP	2026-09-17T11:18:49.7527519Z apps/api/src/ca_api/interfaces/http/copilot.py:576: error: Untyped decorator makes function "copilot_execute_action" untyped  [untyped-decorator]
01 lint + type	UNKNOWN STEP	2026-09-17T11:18:49.7528068Z apps/api/src/ca_api/interfaces/http/copilot.py:1318: error: Untyped decorator makes function "copilot_amend_action" untyped  [untyped-decorator]
01 lint + type	UNKNOWN STEP	2026-09-17T11:18:49.7528612Z apps/api/src/ca_api/interfaces/http/copilot.py:1408: error: Untyped decorator makes function "copilot_get_action" untyped  [untyped-decorator]
01 lint + type	UNKNOWN STEP	2026-09-17T11:18:49.7529161Z apps/api/src/ca_api/interfaces/http/copilot.py:1430: error: Untyped decorator makes function "copilot_get_audit" untyped  [untyped-decorator]
01 lint + type	UNKNOWN STEP	2026-09-17T11:18:49.7529784Z apps/api/src/ca_api/interfaces/http/copilot.py:1446: error: Untyped decorator makes function "copilot_get_permissions" untyped  [untyped-decorator]
01 lint + type	UNKNOWN STEP	2026-09-17T11:18:49.7530346Z apps/api/src/ca_api/interfaces/http/copilot.py:1471: error: Untyped decorator makes function "copilot_get_capabilities" untyped  [untyped-decorator]
01 lint + type	UNKNOWN STEP	2026-09-17T11:18:49.7530852Z apps/api/src/ca_api/interfaces/http/copilot.py:1499: error: Class cannot subclass "BaseModel" (has type "Any")  [misc]
01 lint + type	UNKNOWN STEP	2026-09-17T11:18:49.7531356Z apps/api/src/ca_api/interfaces/http/copilot.py:1505: error: Untyped decorator makes function "copilot_navigate" untyped  [untyped-decorator]
01 lint + type	UNKNOWN STEP	2026-09-17T11:18:49.7858556Z apps/api/src/ca_api/interfaces/http/main.py:172: error: Untyped decorator makes function "broadcast_successful_mutation" untyped  [untyped-decorator]
01 lint + type	UNKNOWN STEP	2026-09-17T11:18:49.7859588Z apps/api/src/ca_api/interfaces/http/main.py:306: error: Class cannot subclass "BaseModel" (has type "Any")  [misc]
01 lint + type	UNKNOWN STEP	2026-09-17T11:18:49.7860316Z apps/api/src/ca_api/interfaces/http/main.py:311: error: Class cannot subclass "BaseModel" (has type "Any")  [misc]
01 lint + type	UNKNOWN STEP	2026-09-17T11:18:49.7861057Z apps/api/src/ca_api/interfaces/http/main.py:317: error: Class cannot subclass "BaseModel" (has type "Any")  [misc]
01 lint + type	UNKNOWN STEP	2026-09-17T11:18:49.7861539Z apps/api/src/ca_api/interfaces/http/main.py:325: error: Class cannot subclass "BaseModel" (has type "Any")  [misc]
01 lint + type	UNKNOWN STEP	2026-09-17T11:18:49.7861976Z apps/api/src/ca_api/interfaces/http/main.py:333: error: Class cannot subclass "BaseModel" (has type "Any")  [misc]
01 lint + type	UNKNOWN STEP	2026-09-17T11:18:49.7862414Z apps/api/src/ca_api/interfaces/http/main.py:339: error: Class cannot subclass "BaseModel" (has type "Any")  [misc]
01 lint + type	UNKNOWN STEP	2026-09-17T11:18:49.7862890Z apps/api/src/ca_api/interfaces/http/main.py:461: error: Untyped decorator makes function "health" untyped  [untyped-decorator]
01 lint + type	UNKNOWN STEP	2026-09-17T11:18:49.7863397Z apps/api/src/ca_api/interfaces/http/main.py:553: error: Item "None" of "Any | dict[Any, Any] | None" has no attribute "get"  [union-attr]
01 lint + type	UNKNOWN STEP	2026-09-17T11:18:49.7863897Z apps/api/src/ca_api/interfaces/http/main.py:555: error: Item "None" of "Any | dict[Any, Any] | None" has no attribute "get"  [union-attr]
01 lint + type	UNKNOWN STEP	2026-09-17T11:18:49.7864412Z apps/api/src/ca_api/interfaces/http/main.py:674: error: Untyped decorator makes function "get_lich_tuan" untyped  [untyped-decorator]
01 lint + type	UNKNOWN STEP	2026-09-17T11:18:49.7864889Z apps/api/src/ca_api/interfaces/http/main.py:764: error: Class cannot subclass "BaseModel" (has type "Any")  [misc]
01 lint + type	UNKNOWN STEP	2026-09-17T11:18:49.7865322Z apps/api/src/ca_api/interfaces/http/main.py:769: error: Class cannot subclass "BaseModel" (has type "Any")  [misc]
01 lint + type	UNKNOWN STEP	2026-09-17T11:18:49.7865807Z apps/api/src/ca_api/interfaces/http/main.py:786: error: Untyped decorator makes function "patch_khung_gio" untyped  [untyped-decorator]
01 lint + type	UNKNOWN STEP	2026-09-17T11:18:49.7866329Z apps/api/src/ca_api/interfaces/http/main.py:817: error: Untyped decorator makes function "pin_assignment" untyped  [untyped-decorator]
01 lint + type	UNKNOWN STEP	2026-09-17T11:18:49.7866807Z apps/api/src/ca_api/interfaces/http/main.py:902: error: Class cannot subclass "BaseModel" (has type "Any")  [misc]
01 lint + type	UNKNOWN STEP	2026-09-17T11:18:49.7867457Z apps/api/src/ca_api/interfaces/http/main.py:907: error: Untyped decorator makes function "patch_lifecycle" untyped  [untyped-decorator]
01 lint + type	UNKNOWN STEP	2026-09-17T11:18:49.7867980Z apps/api/src/ca_api/interfaces/http/main.py:996: error: Untyped decorator makes function "post_nv_status" untyped  [untyped-decorator]
01 lint + type	UNKNOWN STEP	2026-09-17T11:18:49.7868612Z apps/api/src/ca_api/interfaces/http/main.py:1101: error: Untyped decorator makes function "post_nv_self_confirm" untyped  [untyped-decorator]
01 lint + type	UNKNOWN STEP	2026-09-17T11:18:49.7869138Z apps/api/src/ca_api/interfaces/http/main.py:1134: error: Untyped decorator makes function "register" untyped  [untyped-decorator]
01 lint + type	UNKNOWN STEP	2026-09-17T11:18:49.7869748Z apps/api/src/ca_api/interfaces/http/main.py:1164: error: Returning Any from function declared to return "str"  [no-any-return]
01 lint + type	UNKNOWN STEP	2026-09-17T11:18:49.7870236Z apps/api/src/ca_api/interfaces/http/main.py:1168: error: Untyped decorator makes function "login" untyped  [untyped-decorator]
01 lint + type	UNKNOWN STEP	2026-09-17T11:18:49.7870902Z apps/api/src/ca_api/interfaces/http/main.py:1191: error: Untyped decorator makes function "logout" untyped  [untyped-decorator]
01 lint + type	UNKNOWN STEP	2026-09-17T11:18:49.7871466Z apps/api/src/ca_api/interfaces/http/main.py:1206: error: Untyped decorator makes function "me" untyped  [untyped-decorator]
01 lint + type	UNKNOWN STEP	2026-09-17T11:18:49.7872105Z apps/api/src/ca_api/interfaces/http/main.py:1219: error: Untyped decorator makes function "five_contracts" untyped  [untyped-decorator]
01 lint + type	UNKNOWN STEP	2026-09-17T11:18:49.7872926Z apps/api/src/ca_api/interfaces/http/main.py:1276: error: Untyped decorator makes function "demo_contracts" untyped  [untyped-decorator]
01 lint + type	UNKNOWN STEP	2026-09-17T11:18:49.7873532Z apps/api/src/ca_api/interfaces/http/main.py:1278: error: Returning Any from function declared to return "dict[str, object]"  [no-any-return]
01 lint + type	UNKNOWN STEP	2026-09-17T11:18:49.7988577Z Found 664 errors in 69 files (checked 254 source files)
01 lint + type	UNKNOWN STEP	2026-09-17T11:18:49.8134481Z ##[group]Run if [ -f package.json ]; then npm install && npm run lint && npm run typecheck; else echo "web stub"; fi
01 lint + type	UNKNOWN STEP	2026-09-17T11:18:49.8134897Z [36;1mif [ -f package.json ]; then npm install && npm run lint && npm run typecheck; else echo "web stub"; fi[0m
01 lint + type	UNKNOWN STEP	2026-09-17T11:18:49.8166505Z shell: /usr/bin/bash -e {0}
01 lint + type	UNKNOWN STEP	2026-09-17T11:18:49.8166642Z env:
01 lint + type	UNKNOWN STEP	2026-09-17T11:18:49.8166764Z   CA_AGENT_MODE: replay
01 lint + type	UNKNOWN STEP	2026-09-17T11:18:49.8166927Z   pythonLocation: /opt/hostedtoolcache/Python/3.12.14/x64
01 lint + type	UNKNOWN STEP	2026-09-17T11:18:49.8167160Z   PKG_CONFIG_PATH: /opt/hostedtoolcache/Python/3.12.14/x64/lib/pkgconfig
01 lint + type	UNKNOWN STEP	2026-09-17T11:18:49.8167389Z   Python_ROOT_DIR: /opt/hostedtoolcache/Python/3.12.14/x64
01 lint + type	UNKNOWN STEP	2026-09-17T11:18:49.8167606Z   Python2_ROOT_DIR: /opt/hostedtoolcache/Python/3.12.14/x64
01 lint + type	UNKNOWN STEP	2026-09-17T11:18:49.8167813Z   Python3_ROOT_DIR: /opt/hostedtoolcache/Python/3.12.14/x64
01 lint + type	UNKNOWN STEP	2026-09-17T11:18:49.8168025Z   LD_LIBRARY_PATH: /opt/hostedtoolcache/Python/3.12.14/x64/lib
01 lint + type	UNKNOWN STEP	2026-09-17T11:18:49.8168204Z ##[endgroup]
01 lint + type	UNKNOWN STEP	2026-09-17T11:19:43.6287647Z 
01 lint + type	UNKNOWN STEP	2026-09-17T11:19:43.6288195Z added 176 packages, and audited 177 packages in 54s
01 lint + type	UNKNOWN STEP	2026-09-17T11:19:43.6288379Z 
01 lint + type	UNKNOWN STEP	2026-09-17T11:19:43.6288477Z 32 packages are looking for funding
01 lint + type	UNKNOWN STEP	2026-09-17T11:19:43.6288642Z   run `npm fund` for details
01 lint + type	UNKNOWN STEP	2026-09-17T11:19:43.6515229Z 
01 lint + type	UNKNOWN STEP	2026-09-17T11:19:43.6515849Z 2 vulnerabilities (1 moderate, 1 high)
01 lint + type	UNKNOWN STEP	2026-09-17T11:19:43.6516086Z 
01 lint + type	UNKNOWN STEP	2026-09-17T11:19:43.6516326Z To address all issues (including breaking changes), run:
01 lint + type	UNKNOWN STEP	2026-09-17T11:19:43.6516595Z   npm audit fix --force
01 lint + type	UNKNOWN STEP	2026-09-17T11:19:43.6516679Z 
01 lint + type	UNKNOWN STEP	2026-09-17T11:19:43.6516751Z Run `npm audit` for details.
01 lint + type	UNKNOWN STEP	2026-09-17T11:19:43.7613635Z 
01 lint + type	UNKNOWN STEP	2026-09-17T11:19:43.7614185Z > ca-web@0.1.0 lint
01 lint + type	UNKNOWN STEP	2026-09-17T11:19:43.7614463Z > tsc --noEmit
01 lint + type	UNKNOWN STEP	2026-09-17T11:19:43.7614572Z 
01 lint + type	UNKNOWN STEP	2026-09-17T11:19:48.4421128Z 
01 lint + type	UNKNOWN STEP	2026-09-17T11:19:48.4421674Z > ca-web@0.1.0 typecheck
01 lint + type	UNKNOWN STEP	2026-09-17T11:19:48.4422008Z > tsc --noEmit
01 lint + type	UNKNOWN STEP	2026-09-17T11:19:48.4422129Z 
01 lint + type	UNKNOWN STEP	2026-09-17T11:19:49.8683341Z Node 20 is being deprecated. This workflow is running with Node 24 by default. If you need to temporarily use Node 20, you can set the ACTIONS_ALLOW_USE_UNSECURE_NODE_VERSION=true environment variable. For more information see: https://github.blog/changelog/2025-09-19-deprecation-of-node-20-on-github-actions-runners/
01 lint + type	UNKNOWN STEP	2026-09-17T11:19:49.8683960Z Post job cleanup.
01 lint + type	UNKNOWN STEP	2026-09-17T11:19:49.9475349Z (node:2186) [DEP0040] DeprecationWarning: The `punycode` module is deprecated. Please use a userland alternative instead.
01 lint + type	UNKNOWN STEP	2026-09-17T11:19:49.9476245Z (Use `node --trace-deprecation ...` to show where the warning was created)
01 lint + type	UNKNOWN STEP	2026-09-17T11:19:49.9600368Z Node 20 is being deprecated. This workflow is running with Node 24 by default. If you need to temporarily use Node 20, you can set the ACTIONS_ALLOW_USE_UNSECURE_NODE_VERSION=true environment variable. For more information see: https://github.blog/changelog/2025-09-19-deprecation-of-node-20-on-github-actions-runners/
01 lint + type	UNKNOWN STEP	2026-09-17T11:19:49.9601001Z Post job cleanup.
01 lint + type	UNKNOWN STEP	2026-09-17T11:19:50.0395131Z (node:2194) [DEP0040] DeprecationWarning: The `punycode` module is deprecated. Please use a userland alternative instead.
01 lint + type	UNKNOWN STEP	2026-09-17T11:19:50.0395798Z (Use `node --trace-deprecation ...` to show where the warning was created)
01 lint + type	UNKNOWN STEP	2026-09-17T11:19:50.0544435Z Node 20 is being deprecated. This workflow is running with Node 24 by default. If you need to temporarily use Node 20, you can set the ACTIONS_ALLOW_USE_UNSECURE_NODE_VERSION=true environment variable. For more information see: https://github.blog/changelog/2025-09-19-deprecation-of-node-20-on-github-actions-runners/
01 lint + type	UNKNOWN STEP	2026-09-17T11:19:50.0545458Z Post job cleanup.
01 lint + type	UNKNOWN STEP	2026-09-17T11:19:50.1103608Z [command]/usr/bin/git version
01 lint + type	UNKNOWN STEP	2026-09-17T11:19:50.1136505Z git version 2.55.0
01 lint + type	UNKNOWN STEP	2026-09-17T11:19:50.1160591Z Temporarily overriding HOME='/home/runner/work/_temp/092ba657-c238-4551-889d-cadce0c35f3c' before making global git config changes
01 lint + type	UNKNOWN STEP	2026-09-17T11:19:50.1161336Z Adding repository directory to the temporary git global config as a safe directory
01 lint + type	UNKNOWN STEP	2026-09-17T11:19:50.1164629Z [command]/usr/bin/git config --global --add safe.directory /home/runner/work/Crew-Operations/Crew-Operations
01 lint + type	UNKNOWN STEP	2026-09-17T11:19:50.1196913Z [command]/usr/bin/git config --local --name-only --get-regexp core\.sshCommand
01 lint + type	UNKNOWN STEP	2026-09-17T11:19:50.1225862Z [command]/usr/bin/git submodule foreach --recursive sh -c "git config --local --name-only --get-regexp 'core\.sshCommand' && git config --local --unset-all 'core.sshCommand' || :"
01 lint + type	UNKNOWN STEP	2026-09-17T11:19:50.1421116Z [command]/usr/bin/git config --local --name-only --get-regexp http\.https\:\/\/github\.com\/\.extraheader
01 lint + type	UNKNOWN STEP	2026-09-17T11:19:50.1449890Z http.https://github.com/.extraheader
01 lint + type	UNKNOWN STEP	2026-09-17T11:19:50.1456372Z [command]/usr/bin/git config --local --unset-all http.https://github.com/.extraheader
01 lint + type	UNKNOWN STEP	2026-09-17T11:19:50.1485941Z [command]/usr/bin/git submodule foreach --recursive sh -c "git config --local --name-only --get-regexp 'http\.https\:\/\/github\.com\/\.extraheader' && git config --local --unset-all 'http.https://github.com/.extraheader' || :"
01 lint + type	UNKNOWN STEP	2026-09-17T11:19:50.1686801Z [command]/usr/bin/git config --local --name-only --get-regexp ^includeIf\.gitdir:
01 lint + type	UNKNOWN STEP	2026-09-17T11:19:50.1717432Z [command]/usr/bin/git submodule foreach --recursive git config --local --show-origin --name-only --get-regexp remote.origin.url
01 lint + type	UNKNOWN STEP	2026-09-17T11:19:50.2659960Z Cleaning up orphan processes
01 lint + type	UNKNOWN STEP	2026-09-17T11:19:50.2869054Z ##[warning]Node.js 20 is deprecated. The following actions target Node.js 20 but are being forced to run on Node.js 24: actions/checkout@v4, actions/setup-node@v4, actions/setup-python@v5. For more information see: https://github.blog/changelog/2025-09-19-deprecation-of-node-20-on-github-actions-runners/
